// Jest Snapshot v1, https://goo.gl/fbAQLP

exports[`Ansible Collection details actions should load ansible collection details on success 1`] = `
Array [
  Array [
    Object {
      "type": "ANSIBLE_COLLECTION_DETAILS_REQUEST",
    },
  ],
  Array [
    Object {
      "response": Object {
        "results": Object {
          "checksum": "60bf94a30d3b7015c7cdc2a99f0a440f68f71cb56c934ba3787e52a6061fa2d5",
          "id": 2,
          "name": "collection_demo",
          "namespace": "newswangerd",
          "repositories": Array [
            Object {
              "id": 2,
              "name": "ans_collection",
              "product_id": 2,
              "product_name": "pulp3_products",
            },
          ],
          "version": "1.0.5",
        },
      },
      "type": "ANSIBLE_COLLECTION_DETAILS_SUCCESS",
    },
  ],
]
`;

exports[`Ansible Collection details actions should load ansible collection details on success: API get call 1`] = `
Array [
  Array [
    "/ansible_collections/1",
    Object {},
    Object {
      "organization_id": undefined,
    },
  ],
]
`;

exports[`Ansible Collection details actions should load fail on bad api call 1`] = `
Array [
  Array [
    Object {
      "type": "ANSIBLE_COLLECTION_DETAILS_REQUEST",
    },
  ],
  Array [
    undefined,
  ],
]
`;
