// Jest Snapshot v1, https://goo.gl/fbAQLP

exports[`Module stream detail profiles component rendering renders with profiles 1`] = `
<div>
  <TablePfProvider
    bordered={false}
    className=""
    columns={
      Array [
        Object {
          "cell": Object {
            "formatters": Array [
              [Function],
            ],
          },
          "header": Object {
            "formatters": Array [
              [Function],
            ],
            "label": "Name",
          },
          "property": "name",
        },
        Object {
          "cell": Object {
            "formatters": Array [
              [Function],
            ],
          },
          "header": Object {
            "formatters": Array [
              [Function],
            ],
            "label": "RPMs",
          },
          "property": "rpms",
        },
      ]
    }
    components={Object {}}
    condensed={false}
    dataTable={false}
    hover={false}
    inlineEdit={false}
    striped={false}
  >
    <Header />
    <Body
      onRow={[Function]}
      rowKey="id"
      rows={
        Array [
          Object {
            "id": 37,
            "name": "default",
            "rpms": Array [
              Object {
                "id": 108,
                "name": "perl",
              },
              Object {
                "id": 110,
                "name": "foo",
              },
              Object {
                "id": 111,
                "name": "rpm_0",
              },
              Object {
                "id": 112,
                "name": "rpm_1",
              },
              Object {
                "id": 113,
                "name": "rpm_2",
              },
              Object {
                "id": 114,
                "name": "rpm_3",
              },
              Object {
                "id": 115,
                "name": "rpm_4",
              },
              Object {
                "id": 116,
                "name": "rpm_5",
              },
              Object {
                "id": 117,
                "name": "rpm_6",
              },
              Object {
                "id": 118,
                "name": "rpm_7",
              },
              Object {
                "id": 119,
                "name": "rpm_8",
              },
              Object {
                "id": 120,
                "name": "rpm_9",
              },
              Object {
                "id": 121,
                "name": "rpm_10",
              },
            ],
          },
          Object {
            "id": 38,
            "name": "minimal",
            "rpms": Array [
              Object {
                "id": 84,
                "name": "python2-avocado",
              },
            ],
          },
        ]
      }
    />
  </TablePfProvider>
</div>
`;
