// Jest Snapshot v1, https://goo.gl/fbAQLP

exports[`ProfileRpmCellFormatter should render and expand on click 1`] = `
<td>
  <Icon
    className="expand-profile-rpms"
    name="angle-right"
    onClick={[Function]}
    type="fa"
  />
  perl, foo, rpm_0, rpm_1, rpm_2, rpm_3, rpm_4, rpm_5, rpm_6, rpm_7
  , ...
</td>
`;
