--- 
http_interactions: 
- request: 
    method: post
    uri: https://localhost/pulp/api/v2/users/
    body: 
      encoding: US-ASCII
      string: "{\"login\":\"batman\",\"name\":\"batman\",\"password\":\"LQRVPOHN43Ch0mjV\"}"
    headers: 
      Accept: 
      - application/json
      Accept-Encoding: 
      - gzip, deflate
      Content-Type: 
      - application/json
      Authorization: 
      - OAuth oauth_body_hash="2jmj7l5rSw0yVb%2FvlWAYkK%2FYBwk%3D", oauth_consumer_key="katello", oauth_nonce="AcN290viR2Y1OTQaDLZsfxom6weSOK9cKt0QnOio90s", oauth_signature="8SF4y3pRHzTcoT1vP0Lgqj2vLec%3D", oauth_signature_method="HMAC-SHA1", oauth_timestamp="1372885174", oauth_version="1.0"
      Pulp-User: 
      - admin
      Content-Length: 
      - "64"
      User-Agent: 
      - Ruby
  response: 
    status: 
      code: 201
      message: Created
    headers: 
      Date: 
      - Wed, 03 Jul 2013 20:59:34 GMT
      Server: 
      - Apache/2.4.4 (Fedora) OpenSSL/1.0.1e-fips mod_wsgi/3.4 Python/2.7.3
      Location: 
      - batman
      Content-Length: 
      - "184"
      Content-Type: 
      - application/json
    body: 
      encoding: US-ASCII
      string: "{\"_id\": {\"$oid\": \"51d490b7196cbe5b68087114\"}, \"name\": \"batman\", \"roles\": [], \"_ns\": \"users\", \"login\": \"batman\", \"id\": \"51d490b7196cbe5b68087114\", \"_href\": \"/pulp/api/v2/users/batman/\"}"
    http_version: 
  recorded_at: Wed, 03 Jul 2013 20:59:35 GMT
- request: 
    method: post
    uri: https://localhost/pulp/api/v2/roles/super-users/users/
    body: 
      encoding: US-ASCII
      string: "{\"login\":\"batman\"}"
    headers: 
      Accept: 
      - application/json
      Accept-Encoding: 
      - gzip, deflate
      Content-Type: 
      - application/json
      Authorization: 
      - OAuth oauth_body_hash="2jmj7l5rSw0yVb%2FvlWAYkK%2FYBwk%3D", oauth_consumer_key="katello", oauth_nonce="DgUQqk5nrtYmJu1oylzUH1zrpAHsC6OH6pf3wJGadI8", oauth_signature="Fb%2BnBsRA%2Frxlovfqs6QCkmJZ3G8%3D", oauth_signature_method="HMAC-SHA1", oauth_timestamp="1372885177", oauth_version="1.0"
      Pulp-User: 
      - admin
      Content-Length: 
      - "18"
      User-Agent: 
      - Ruby
  response: 
    status: 
      code: 200
      message: OK
    headers: 
      Date: 
      - Wed, 03 Jul 2013 20:59:37 GMT
      Server: 
      - Apache/2.4.4 (Fedora) OpenSSL/1.0.1e-fips mod_wsgi/3.4 Python/2.7.3
      Content-Length: 
      - "4"
      Content-Type: 
      - application/json
    body: 
      encoding: US-ASCII
      string: "null"
    http_version: 
  recorded_at: Wed, 03 Jul 2013 20:59:37 GMT
- request: 
    method: delete
    uri: https://localhost/pulp/api/v2/roles/super-users/users/batman/
    body: 
      encoding: US-ASCII
      string: ""
    headers: 
      Accept: 
      - application/json
      Accept-Encoding: 
      - gzip, deflate
      Content-Type: 
      - application/json
      Authorization: 
      - OAuth oauth_consumer_key="katello", oauth_nonce="yhdGm5V0XdZTTvyVlaYDvsM9N57OxMMnl7wjEva8", oauth_signature="8RQYWKxIv%2B9jQGa%2F76LRhW%2FL88U%3D", oauth_signature_method="HMAC-SHA1", oauth_timestamp="1372885177", oauth_version="1.0"
      Pulp-User: 
      - admin
      User-Agent: 
      - Ruby
  response: 
    status: 
      code: 200
      message: OK
    headers: 
      Date: 
      - Wed, 03 Jul 2013 20:59:37 GMT
      Server: 
      - Apache/2.4.4 (Fedora) OpenSSL/1.0.1e-fips mod_wsgi/3.4 Python/2.7.3
      Content-Length: 
      - "4"
      Content-Type: 
      - application/json
    body: 
      encoding: US-ASCII
      string: "null"
    http_version: 
  recorded_at: Wed, 03 Jul 2013 20:59:37 GMT
- request: 
    method: delete
    uri: https://localhost/pulp/api/v2/users/batman/
    body: 
      encoding: US-ASCII
      string: ""
    headers: 
      Accept: 
      - application/json
      Accept-Encoding: 
      - gzip, deflate
      Content-Type: 
      - application/json
      Authorization: 
      - OAuth oauth_consumer_key="katello", oauth_nonce="ZUKgl9IXpJ5AafAujp5zfrs7RPE8Cs3tEV56GBVj0", oauth_signature="Z%2F4Ndm%2FTwSIyaESr7oRaLVoGH1w%3D", oauth_signature_method="HMAC-SHA1", oauth_timestamp="1372885179", oauth_version="1.0"
      Pulp-User: 
      - admin
      User-Agent: 
      - Ruby
  response: 
    status: 
      code: 200
      message: OK
    headers: 
      Date: 
      - Wed, 03 Jul 2013 20:59:39 GMT
      Server: 
      - Apache/2.4.4 (Fedora) OpenSSL/1.0.1e-fips mod_wsgi/3.4 Python/2.7.3
      Content-Length: 
      - "4"
      Content-Type: 
      - application/json
    body: 
      encoding: US-ASCII
      string: "null"
    http_version: 
  recorded_at: Wed, 03 Jul 2013 20:59:39 GMT
recorded_with: VCR 2.5.0
