--- 
http_interactions: 
- request: 
    method: post
    uri: https://kafka.usersys.redhat.com/pulp/api/v2/content/units/erratum/search/
    body: 
      string: "{\"criteria\":{\"filters\":{\"_id\":{\"$in\":[\"c8f2e8fa-9c83-472a-93e3-78261f0e7833\"]}}}}"
    headers: 
      Accept: 
      - application/json
      Pulp-User: 
      - admin
      Authorization: 
      - OAuth oauth_body_hash="2jmj7l5rSw0yVb%2FvlWAYkK%2FYBwk%3D", oauth_consumer_key="katello", oauth_nonce="aIdl2pcisuTIsGNPtY99Ntbhy5bGAW2Fgg3ncRdDk", oauth_signature="2faE8S2h5JhbzWwBa%2BQjTp7fSL4%3D", oauth_signature_method="HMAC-SHA1", oauth_timestamp="1358179668", oauth_version="1.0"
      Accept-Encoding: 
      - gzip, deflate
      Content-Length: 
      - "81"
      Content-Type: 
      - application/json
  response: 
    status: 
      code: 200
      message: OK
    headers: 
      Server: 
      - Apache/2.2.22 (Fedora)
      Date: 
      - Mon, 14 Jan 2013 16:07:48 GMT
      Content-Length: 
      - "801"
      Content-Type: 
      - application/json
    body: 
      string: "[{\"issued\": \"2010-01-01 01:01:01\", \"references\": [], \"_content_type_id\": \"erratum\", \"id\": \"RHEA-2010:0002\", \"severity\": \"\", \"title\": \"One package errata\", \"version\": \"1\", \"reboot_suggested\": false, \"type\": \"security\", \"pkglist\": [{\"packages\": [{\"src\": \"http://www.fedoraproject.org\", \"name\": \"elephant\", \"filename\": \"elephant-0.3-0.8.noarch.rpm\", \"epoch\": null, \"version\": \"0.3\", \"release\": \"0.8\", \"arch\": \"noarch\"}], \"name\": \"1\", \"short\": \"\"}], \"status\": \"stable\", \"updated\": \"\", \"description\": \"One package errata\", \"pushcount\": 1, \"from_str\": \"lzap+pub@redhat.com\", \"_storage_path\": null, \"rights\": \"\", \"solution\": \"\", \"summary\": \"\", \"release\": \"1\", \"_id\": \"c8f2e8fa-9c83-472a-93e3-78261f0e7833\", \"_href\": \"/pulp/api/v2/content/units/erratum/c8f2e8fa-9c83-472a-93e3-78261f0e7833/\", \"children\": {}}]"
    http_version: 
  recorded_at: Mon, 14 Jan 2013 16:07:48 GMT
- request: 
    method: post
    uri: https://kafka.usersys.redhat.com/pulp/api/v2/content/units/erratum/search/
    body: 
      string: "{\"criteria\":{\"filters\":{\"_id\":{\"$in\":[\"c8f2e8fa-9c83-472a-93e3-78261f0e7833\"]}}}}"
    headers: 
      Accept: 
      - application/json
      Pulp-User: 
      - admin
      Authorization: 
      - OAuth oauth_body_hash="2jmj7l5rSw0yVb%2FvlWAYkK%2FYBwk%3D", oauth_consumer_key="katello", oauth_nonce="HPMs9cvmoT0A4T8Oz48JcAU2ZdNNO6l6at5L8uSpXc", oauth_signature="TaxLtN4dUCHnLLF40P3BolhdIcI%3D", oauth_signature_method="HMAC-SHA1", oauth_timestamp="1358179668", oauth_version="1.0"
      Accept-Encoding: 
      - gzip, deflate
      Content-Length: 
      - "81"
      Content-Type: 
      - application/json
  response: 
    status: 
      code: 200
      message: OK
    headers: 
      Server: 
      - Apache/2.2.22 (Fedora)
      Date: 
      - Mon, 14 Jan 2013 16:07:48 GMT
      Content-Length: 
      - "801"
      Content-Type: 
      - application/json
    body: 
      string: "[{\"issued\": \"2010-01-01 01:01:01\", \"references\": [], \"_content_type_id\": \"erratum\", \"id\": \"RHEA-2010:0002\", \"severity\": \"\", \"title\": \"One package errata\", \"version\": \"1\", \"reboot_suggested\": false, \"type\": \"security\", \"pkglist\": [{\"packages\": [{\"src\": \"http://www.fedoraproject.org\", \"name\": \"elephant\", \"filename\": \"elephant-0.3-0.8.noarch.rpm\", \"epoch\": null, \"version\": \"0.3\", \"release\": \"0.8\", \"arch\": \"noarch\"}], \"name\": \"1\", \"short\": \"\"}], \"status\": \"stable\", \"updated\": \"\", \"description\": \"One package errata\", \"pushcount\": 1, \"from_str\": \"lzap+pub@redhat.com\", \"_storage_path\": null, \"rights\": \"\", \"solution\": \"\", \"summary\": \"\", \"release\": \"1\", \"_id\": \"c8f2e8fa-9c83-472a-93e3-78261f0e7833\", \"_href\": \"/pulp/api/v2/content/units/erratum/c8f2e8fa-9c83-472a-93e3-78261f0e7833/\", \"children\": {}}]"
    http_version: 
  recorded_at: Mon, 14 Jan 2013 16:07:48 GMT
- request: 
    method: post
    uri: https://kafka.usersys.redhat.com/pulp/api/v2/content/units/erratum/search/
    body: 
      string: "{\"criteria\":{\"filters\":{\"_id\":{\"$in\":[\"c8f2e8fa-9c83-472a-93e3-78261f0e7833\"]}}}}"
    headers: 
      Accept: 
      - application/json
      Pulp-User: 
      - admin
      Authorization: 
      - OAuth oauth_body_hash="2jmj7l5rSw0yVb%2FvlWAYkK%2FYBwk%3D", oauth_consumer_key="katello", oauth_nonce="MGupEpttO40MJVFTTawDhxQuPDv89bJPAaB7TQluIE", oauth_signature="CjA%2B9z6Zr4ORJ7sm6ren9Ib%2BMVk%3D", oauth_signature_method="HMAC-SHA1", oauth_timestamp="1358179668", oauth_version="1.0"
      Accept-Encoding: 
      - gzip, deflate
      Content-Length: 
      - "81"
      Content-Type: 
      - application/json
  response: 
    status: 
      code: 200
      message: OK
    headers: 
      Server: 
      - Apache/2.2.22 (Fedora)
      Date: 
      - Mon, 14 Jan 2013 16:07:48 GMT
      Content-Length: 
      - "801"
      Content-Type: 
      - application/json
    body: 
      string: "[{\"issued\": \"2010-01-01 01:01:01\", \"references\": [], \"_content_type_id\": \"erratum\", \"id\": \"RHEA-2010:0002\", \"severity\": \"\", \"title\": \"One package errata\", \"version\": \"1\", \"reboot_suggested\": false, \"type\": \"security\", \"pkglist\": [{\"packages\": [{\"src\": \"http://www.fedoraproject.org\", \"name\": \"elephant\", \"filename\": \"elephant-0.3-0.8.noarch.rpm\", \"epoch\": null, \"version\": \"0.3\", \"release\": \"0.8\", \"arch\": \"noarch\"}], \"name\": \"1\", \"short\": \"\"}], \"status\": \"stable\", \"updated\": \"\", \"description\": \"One package errata\", \"pushcount\": 1, \"from_str\": \"lzap+pub@redhat.com\", \"_storage_path\": null, \"rights\": \"\", \"solution\": \"\", \"summary\": \"\", \"release\": \"1\", \"_id\": \"c8f2e8fa-9c83-472a-93e3-78261f0e7833\", \"_href\": \"/pulp/api/v2/content/units/erratum/c8f2e8fa-9c83-472a-93e3-78261f0e7833/\", \"children\": {}}]"
    http_version: 
  recorded_at: Mon, 14 Jan 2013 16:07:48 GMT
- request: 
    method: post
    uri: https://kafka.usersys.redhat.com/pulp/api/v2/repositories/1/search/units/
    body: 
      string: "{\"criteria\":{\"type_ids\":[\"erratum\"]}}"
    headers: 
      Accept: 
      - application/json
      Pulp-User: 
      - admin
      Authorization: 
      - OAuth oauth_body_hash="2jmj7l5rSw0yVb%2FvlWAYkK%2FYBwk%3D", oauth_consumer_key="katello", oauth_nonce="Y4ovU7Q7Wutx23FjxIbnCMZ0vHjV2YnMOQrnL4fIEE", oauth_signature="4hS6pMiM3dRT1QHDAn%2FbZaTOQM0%3D", oauth_signature_method="HMAC-SHA1", oauth_timestamp="1358179672", oauth_version="1.0"
      Accept-Encoding: 
      - gzip, deflate
      Content-Length: 
      - "37"
      Content-Type: 
      - application/json
  response: 
    status: 
      code: 200
      message: OK
    headers: 
      Server: 
      - Apache/2.2.22 (Fedora)
      Date: 
      - Mon, 14 Jan 2013 16:07:52 GMT
      Content-Length: 
      - "1903"
      Content-Type: 
      - application/json
    body: 
      string: "[{\"updated\": \"2013-01-14T21:07:50Z\", \"repo_id\": \"1\", \"created\": \"2013-01-14T21:07:50Z\", \"_ns\": \"repo_content_units\", \"unit_id\": \"03fa2519-b8fe-4a95-9b34-9f5ee056a75a\", \"unit_type_id\": \"erratum\", \"owner_type\": \"importer\", \"_id\": {\"$oid\": \"50f42d56196cbe47d7001639\"}, \"id\": \"50f42d56196cbe47d7001639\", \"owner_id\": \"yum_importer\", \"metadata\": {\"issued\": \"2010-01-01 01:01:01\", \"references\": [], \"_content_type_id\": \"erratum\", \"id\": \"RHEA-2010:0001\", \"severity\": \"\", \"title\": \"Empty errata\", \"_ns\": \"units_erratum\", \"version\": \"1\", \"reboot_suggested\": false, \"type\": \"security\", \"pkglist\": [], \"status\": \"stable\", \"updated\": \"\", \"description\": \"Empty errata\", \"pushcount\": 1, \"from_str\": \"lzap+pub@redhat.com\", \"_storage_path\": null, \"rights\": \"\", \"solution\": \"\", \"summary\": \"\", \"release\": \"1\", \"_id\": \"03fa2519-b8fe-4a95-9b34-9f5ee056a75a\"}}, {\"updated\": \"2013-01-14T21:07:50Z\", \"repo_id\": \"1\", \"created\": \"2013-01-14T21:07:50Z\", \"_ns\": \"repo_content_units\", \"unit_id\": \"c8f2e8fa-9c83-472a-93e3-78261f0e7833\", \"unit_type_id\": \"erratum\", \"owner_type\": \"importer\", \"_id\": {\"$oid\": \"50f42d56196cbe47d700163b\"}, \"id\": \"50f42d56196cbe47d700163b\", \"owner_id\": \"yum_importer\", \"metadata\": {\"issued\": \"2010-01-01 01:01:01\", \"references\": [], \"_content_type_id\": \"erratum\", \"id\": \"RHEA-2010:0002\", \"severity\": \"\", \"title\": \"One package errata\", \"_ns\": \"units_erratum\", \"version\": \"1\", \"reboot_suggested\": false, \"type\": \"security\", \"pkglist\": [{\"packages\": [{\"src\": \"http://www.fedoraproject.org\", \"name\": \"elephant\", \"filename\": \"elephant-0.3-0.8.noarch.rpm\", \"epoch\": null, \"version\": \"0.3\", \"release\": \"0.8\", \"arch\": \"noarch\"}], \"name\": \"1\", \"short\": \"\"}], \"status\": \"stable\", \"updated\": \"\", \"description\": \"One package errata\", \"pushcount\": 1, \"from_str\": \"lzap+pub@redhat.com\", \"_storage_path\": null, \"rights\": \"\", \"solution\": \"\", \"summary\": \"\", \"release\": \"1\", \"_id\": \"c8f2e8fa-9c83-472a-93e3-78261f0e7833\"}}]"
    http_version: 
  recorded_at: Mon, 14 Jan 2013 16:07:52 GMT
- request: 
    method: post
    uri: https://kafka.usersys.redhat.com/pulp/api/v2/content/units/erratum/search/
    body: 
      string: "{\"criteria\":{\"filters\":{\"_id\":{\"$in\":[\"03fa2519-b8fe-4a95-9b34-9f5ee056a75a\",\"c8f2e8fa-9c83-472a-93e3-78261f0e7833\"]}}}}"
    headers: 
      Accept: 
      - application/json
      Pulp-User: 
      - admin
      Authorization: 
      - OAuth oauth_body_hash="2jmj7l5rSw0yVb%2FvlWAYkK%2FYBwk%3D", oauth_consumer_key="katello", oauth_nonce="JywgnisJjEGObnxXQ3eEDCFByxWJ5gtGSde4xtEUY", oauth_signature="hy5APnwRnDlr03dR8wYisQyaCfQ%3D", oauth_signature_method="HMAC-SHA1", oauth_timestamp="1358179672", oauth_version="1.0"
      Accept-Encoding: 
      - gzip, deflate
      Content-Length: 
      - "120"
      Content-Type: 
      - application/json
  response: 
    status: 
      code: 200
      message: OK
    headers: 
      Server: 
      - Apache/2.2.22 (Fedora)
      Date: 
      - Mon, 14 Jan 2013 16:07:52 GMT
      Content-Length: 
      - "1377"
      Content-Type: 
      - application/json
    body: 
      string: "[{\"issued\": \"2010-01-01 01:01:01\", \"references\": [], \"_content_type_id\": \"erratum\", \"id\": \"RHEA-2010:0001\", \"severity\": \"\", \"title\": \"Empty errata\", \"version\": \"1\", \"reboot_suggested\": false, \"type\": \"security\", \"pkglist\": [], \"status\": \"stable\", \"updated\": \"\", \"description\": \"Empty errata\", \"pushcount\": 1, \"from_str\": \"lzap+pub@redhat.com\", \"_storage_path\": null, \"rights\": \"\", \"solution\": \"\", \"summary\": \"\", \"release\": \"1\", \"_id\": \"03fa2519-b8fe-4a95-9b34-9f5ee056a75a\", \"_href\": \"/pulp/api/v2/content/units/erratum/03fa2519-b8fe-4a95-9b34-9f5ee056a75a/\", \"children\": {}}, {\"issued\": \"2010-01-01 01:01:01\", \"references\": [], \"_content_type_id\": \"erratum\", \"id\": \"RHEA-2010:0002\", \"severity\": \"\", \"title\": \"One package errata\", \"version\": \"1\", \"reboot_suggested\": false, \"type\": \"security\", \"pkglist\": [{\"packages\": [{\"src\": \"http://www.fedoraproject.org\", \"name\": \"elephant\", \"filename\": \"elephant-0.3-0.8.noarch.rpm\", \"epoch\": null, \"version\": \"0.3\", \"release\": \"0.8\", \"arch\": \"noarch\"}], \"name\": \"1\", \"short\": \"\"}], \"status\": \"stable\", \"updated\": \"\", \"description\": \"One package errata\", \"pushcount\": 1, \"from_str\": \"lzap+pub@redhat.com\", \"_storage_path\": null, \"rights\": \"\", \"solution\": \"\", \"summary\": \"\", \"release\": \"1\", \"_id\": \"c8f2e8fa-9c83-472a-93e3-78261f0e7833\", \"_href\": \"/pulp/api/v2/content/units/erratum/c8f2e8fa-9c83-472a-93e3-78261f0e7833/\", \"children\": {}}]"
    http_version: 
  recorded_at: Mon, 14 Jan 2013 16:07:52 GMT
recorded_with: VCR 2.4.0
