--- 
http_interactions: 
- request: 
    method: post
    uri: https://localhost/pulp/api/v2/content/units/rpm/search/
    body: 
      encoding: US-ASCII
      string: "{\"criteria\":{\"filters\":{\"_id\":{\"$in\":[\"089b6ec6-3206-4231-8e4d-c2d8a5c5c88b\"]}}},\"include_repos\":true}"
    headers: 
      Accept: 
      - application/json
      Accept-Encoding: 
      - gzip, deflate
      Content-Type: 
      - application/json
      Authorization: 
      - OAuth oauth_body_hash="2jmj7l5rSw0yVb%2FvlWAYkK%2FYBwk%3D", oauth_consumer_key="katello", oauth_nonce="DRGF3WMEpIjClCYwXi33Dz3PtfVwgPtb8Wag3IaGVM", oauth_signature="c9NhyQqOYZmcme%2BAO%2FBQVaJeIok%3D", oauth_signature_method="HMAC-SHA1", oauth_timestamp="1376480546", oauth_version="1.0"
      Pulp-User: 
      - admin
      Content-Length: 
      - "102"
      User-Agent: 
      - Ruby
  response: 
    status: 
      code: 200
      message: OK
    headers: 
      Date: 
      - Wed, 14 Aug 2013 11:42:27 GMT
      Server: 
      - Apache/2.4.4 (Fedora) OpenSSL/1.0.1e-fips mod_wsgi/3.4 Python/2.7.3
      Content-Length: 
      - "2981"
      Content-Type: 
      - application/json
    body: 
      encoding: US-ASCII
      string: "[{\"build_time\": 1308257472, \"buildhost\": \"dhcp-26-118.brq.redhat.com\", \"_content_type_id\": \"rpm\", \"vendor\": null, \"size\": 2232, \"group\": \"Internet/Applications\", \"relative_url_path\": null, \"filename\": \"cheetah-0.3-0.8.noarch.rpm\", \"epoch\": \"0\", \"version\": \"0.3\", \"version_sort_index\": \"01-0.01-3\", \"provides\": [{\"release\": \"0.8\", \"epoch\": \"0\", \"version\": \"0.3\", \"flags\": \"EQ\", \"name\": \"cheetah\"}], \"files\": {\"file\": [\"//cheetah.txt\"], \"dir\": []}, \"repodata\": {\"filelists\": \"<package arch=\\\"noarch\\\" name=\\\"cheetah\\\" pkgid=\\\"422d0baa0cd9d7713ae796e886a23e17f578f924f74880debdbb7d65fb368dae\\\">\\n    <version epoch=\\\"0\\\" rel=\\\"0.8\\\" ver=\\\"0.3\\\" />\\n\\n    <file>//cheetah.txt</file>\\n</package>\\n\\n\", \"other\": \"<package arch=\\\"noarch\\\" name=\\\"cheetah\\\" pkgid=\\\"422d0baa0cd9d7713ae796e886a23e17f578f924f74880debdbb7d65fb368dae\\\">\\n    <version epoch=\\\"0\\\" rel=\\\"0.8\\\" ver=\\\"0.3\\\" />\\n\\n</package>\\n\\n\", \"primary\": \"<package type=\\\"rpm\\\">\\n  <name>cheetah</name>\\n  <arch>noarch</arch>\\n  <version epoch=\\\"0\\\" rel=\\\"0.8\\\" ver=\\\"0.3\\\" />\\n  <checksum pkgid=\\\"YES\\\" type=\\\"sha256\\\">422d0baa0cd9d7713ae796e886a23e17f578f924f74880debdbb7d65fb368dae</checksum>\\n  <summary>A dummy package of cheetah</summary>\\n  <description>A dummy package of cheetah</description>\\n  <packager />\\n  <url>http://tstrachota.fedorapeople.org</url>\\n  <time build=\\\"1308257472\\\" file=\\\"1321891028\\\" />\\n  <size archive=\\\"292\\\" installed=\\\"42\\\" package=\\\"2232\\\" />\\n<location href=\\\"cheetah-0.3-0.8.noarch.rpm\\\" />\\n  <format>\\n    <rpm:license>GPLv2</rpm:license>\\n    <rpm:vendor />\\n    <rpm:group>Internet/Applications</rpm:group>\\n    <rpm:buildhost>dhcp-26-118.brq.redhat.com</rpm:buildhost>\\n    <rpm:sourcerpm>cheetah-0.3-0.8.src.rpm</rpm:sourcerpm>\\n    <rpm:header-range end=\\\"2016\\\" start=\\\"280\\\" />\\n    <rpm:provides>\\n      <rpm:entry epoch=\\\"0\\\" flags=\\\"EQ\\\" name=\\\"cheetah\\\" rel=\\\"0.8\\\" ver=\\\"0.3\\\" />\\n    </rpm:provides>\\n    <rpm:requires>\\n      <rpm:entry name=\\\"/bin/sh\\\" pre=\\\"1\\\" />\\n    </rpm:requires>\\n  </format>\\n</package>\\n\"}, \"description\": \"A dummy package of cheetah\", \"time\": 1321891028, \"header_range\": {\"start\": 280, \"end\": 2016}, \"release_sort_index\": \"01-0.01-8\", \"arch\": \"noarch\", \"name\": \"cheetah\", \"_storage_path\": \"/var/lib/pulp/content/rpm/cheetah/0.3/0.8/noarch/422d0baa0cd9d7713ae796e886a23e17f578f924f74880debdbb7d65fb368dae/cheetah-0.3-0.8.noarch.rpm\", \"sourcerpm\": \"cheetah-0.3-0.8.src.rpm\", \"checksumtype\": \"sha256\", \"license\": \"GPLv2\", \"changelog\": [], \"url\": \"http://tstrachota.fedorapeople.org\", \"checksum\": \"422d0baa0cd9d7713ae796e886a23e17f578f924f74880debdbb7d65fb368dae\", \"summary\": \"A dummy package of cheetah\", \"relativepath\": \"cheetah-0.3-0.8.noarch.rpm\", \"release\": \"0.8\", \"_id\": \"089b6ec6-3206-4231-8e4d-c2d8a5c5c88b\", \"requires\": [{\"release\": null, \"epoch\": null, \"version\": null, \"flags\": null, \"name\": \"/bin/sh\"}], \"_href\": \"/pulp/api/v2/content/units/rpm/089b6ec6-3206-4231-8e4d-c2d8a5c5c88b/\", \"children\": {}, \"repository_memberships\": [\"1\"]}]"
    http_version: 
  recorded_at: Wed, 14 Aug 2013 11:42:27 GMT
- request: 
    method: post
    uri: https://localhost/pulp/api/v2/content/units/rpm/search/
    body: 
      encoding: US-ASCII
      string: "{\"criteria\":{\"filters\":{\"_id\":{\"$in\":[\"089b6ec6-3206-4231-8e4d-c2d8a5c5c88b\"]}}},\"include_repos\":true}"
    headers: 
      Accept: 
      - application/json
      Accept-Encoding: 
      - gzip, deflate
      Content-Type: 
      - application/json
      Authorization: 
      - OAuth oauth_body_hash="2jmj7l5rSw0yVb%2FvlWAYkK%2FYBwk%3D", oauth_consumer_key="katello", oauth_nonce="kp1suHq4f8xxoM4AddbIm6M2BRgNPJfOzrQoTGBseg", oauth_signature="QNC7WyXgmVgzYpcCJdSE%2FbyoDSc%3D", oauth_signature_method="HMAC-SHA1", oauth_timestamp="1376480547", oauth_version="1.0"
      Pulp-User: 
      - admin
      Content-Length: 
      - "102"
      User-Agent: 
      - Ruby
  response: 
    status: 
      code: 200
      message: OK
    headers: 
      Date: 
      - Wed, 14 Aug 2013 11:42:27 GMT
      Server: 
      - Apache/2.4.4 (Fedora) OpenSSL/1.0.1e-fips mod_wsgi/3.4 Python/2.7.3
      Content-Length: 
      - "2981"
      Content-Type: 
      - application/json
    body: 
      encoding: US-ASCII
      string: "[{\"build_time\": 1308257472, \"buildhost\": \"dhcp-26-118.brq.redhat.com\", \"_content_type_id\": \"rpm\", \"vendor\": null, \"size\": 2232, \"group\": \"Internet/Applications\", \"relative_url_path\": null, \"filename\": \"cheetah-0.3-0.8.noarch.rpm\", \"epoch\": \"0\", \"version\": \"0.3\", \"version_sort_index\": \"01-0.01-3\", \"provides\": [{\"release\": \"0.8\", \"epoch\": \"0\", \"version\": \"0.3\", \"flags\": \"EQ\", \"name\": \"cheetah\"}], \"files\": {\"file\": [\"//cheetah.txt\"], \"dir\": []}, \"repodata\": {\"filelists\": \"<package arch=\\\"noarch\\\" name=\\\"cheetah\\\" pkgid=\\\"422d0baa0cd9d7713ae796e886a23e17f578f924f74880debdbb7d65fb368dae\\\">\\n    <version epoch=\\\"0\\\" rel=\\\"0.8\\\" ver=\\\"0.3\\\" />\\n\\n    <file>//cheetah.txt</file>\\n</package>\\n\\n\", \"other\": \"<package arch=\\\"noarch\\\" name=\\\"cheetah\\\" pkgid=\\\"422d0baa0cd9d7713ae796e886a23e17f578f924f74880debdbb7d65fb368dae\\\">\\n    <version epoch=\\\"0\\\" rel=\\\"0.8\\\" ver=\\\"0.3\\\" />\\n\\n</package>\\n\\n\", \"primary\": \"<package type=\\\"rpm\\\">\\n  <name>cheetah</name>\\n  <arch>noarch</arch>\\n  <version epoch=\\\"0\\\" rel=\\\"0.8\\\" ver=\\\"0.3\\\" />\\n  <checksum pkgid=\\\"YES\\\" type=\\\"sha256\\\">422d0baa0cd9d7713ae796e886a23e17f578f924f74880debdbb7d65fb368dae</checksum>\\n  <summary>A dummy package of cheetah</summary>\\n  <description>A dummy package of cheetah</description>\\n  <packager />\\n  <url>http://tstrachota.fedorapeople.org</url>\\n  <time build=\\\"1308257472\\\" file=\\\"1321891028\\\" />\\n  <size archive=\\\"292\\\" installed=\\\"42\\\" package=\\\"2232\\\" />\\n<location href=\\\"cheetah-0.3-0.8.noarch.rpm\\\" />\\n  <format>\\n    <rpm:license>GPLv2</rpm:license>\\n    <rpm:vendor />\\n    <rpm:group>Internet/Applications</rpm:group>\\n    <rpm:buildhost>dhcp-26-118.brq.redhat.com</rpm:buildhost>\\n    <rpm:sourcerpm>cheetah-0.3-0.8.src.rpm</rpm:sourcerpm>\\n    <rpm:header-range end=\\\"2016\\\" start=\\\"280\\\" />\\n    <rpm:provides>\\n      <rpm:entry epoch=\\\"0\\\" flags=\\\"EQ\\\" name=\\\"cheetah\\\" rel=\\\"0.8\\\" ver=\\\"0.3\\\" />\\n    </rpm:provides>\\n    <rpm:requires>\\n      <rpm:entry name=\\\"/bin/sh\\\" pre=\\\"1\\\" />\\n    </rpm:requires>\\n  </format>\\n</package>\\n\"}, \"description\": \"A dummy package of cheetah\", \"time\": 1321891028, \"header_range\": {\"start\": 280, \"end\": 2016}, \"release_sort_index\": \"01-0.01-8\", \"arch\": \"noarch\", \"name\": \"cheetah\", \"_storage_path\": \"/var/lib/pulp/content/rpm/cheetah/0.3/0.8/noarch/422d0baa0cd9d7713ae796e886a23e17f578f924f74880debdbb7d65fb368dae/cheetah-0.3-0.8.noarch.rpm\", \"sourcerpm\": \"cheetah-0.3-0.8.src.rpm\", \"checksumtype\": \"sha256\", \"license\": \"GPLv2\", \"changelog\": [], \"url\": \"http://tstrachota.fedorapeople.org\", \"checksum\": \"422d0baa0cd9d7713ae796e886a23e17f578f924f74880debdbb7d65fb368dae\", \"summary\": \"A dummy package of cheetah\", \"relativepath\": \"cheetah-0.3-0.8.noarch.rpm\", \"release\": \"0.8\", \"_id\": \"089b6ec6-3206-4231-8e4d-c2d8a5c5c88b\", \"requires\": [{\"release\": null, \"epoch\": null, \"version\": null, \"flags\": null, \"name\": \"/bin/sh\"}], \"_href\": \"/pulp/api/v2/content/units/rpm/089b6ec6-3206-4231-8e4d-c2d8a5c5c88b/\", \"children\": {}, \"repository_memberships\": [\"1\"]}]"
    http_version: 
  recorded_at: Wed, 14 Aug 2013 11:42:27 GMT
- request: 
    method: post
    uri: https://localhost/pulp/api/v2/repositories/1/search/units/
    body: 
      encoding: US-ASCII
      string: "{\"criteria\":{\"type_ids\":[\"rpm\"],\"fields\":{\"unit\":[],\"association\":[\"unit_id\"]}}}"
    headers: 
      Accept: 
      - application/json
      Accept-Encoding: 
      - gzip, deflate
      Content-Type: 
      - application/json
      Authorization: 
      - OAuth oauth_body_hash="2jmj7l5rSw0yVb%2FvlWAYkK%2FYBwk%3D", oauth_consumer_key="katello", oauth_nonce="T4k0Jf13IPEXn4gMvxO7LIbdattQQAsUmdqvyEIWeg", oauth_signature="sxQlRjqO1LZ9VQbP591lwpLHpqQ%3D", oauth_signature_method="HMAC-SHA1", oauth_timestamp="1376480549", oauth_version="1.0"
      Pulp-User: 
      - admin
      Content-Length: 
      - "80"
      User-Agent: 
      - Ruby
  response: 
    status: 
      code: 200
      message: OK
    headers: 
      Date: 
      - Wed, 14 Aug 2013 11:42:29 GMT
      Server: 
      - Apache/2.4.4 (Fedora) OpenSSL/1.0.1e-fips mod_wsgi/3.4 Python/2.7.3
      Content-Length: 
      - "1456"
      Content-Type: 
      - application/json
    body: 
      encoding: US-ASCII
      string: "[{\"_id\": {\"$oid\": \"520b6d24d60ea3084673f751\"}, \"unit_id\": \"089b6ec6-3206-4231-8e4d-c2d8a5c5c88b\", \"unit_type_id\": \"rpm\", \"metadata\": {\"_id\": \"089b6ec6-3206-4231-8e4d-c2d8a5c5c88b\"}}, {\"_id\": {\"$oid\": \"520b6d24d60ea3084673f752\"}, \"unit_id\": \"2a8ba210-4a04-4e51-ac25-35749cb345d3\", \"unit_type_id\": \"rpm\", \"metadata\": {\"_id\": \"2a8ba210-4a04-4e51-ac25-35749cb345d3\"}}, {\"_id\": {\"$oid\": \"520b6d24d60ea3084673f754\"}, \"unit_id\": \"4311e60d-2055-4fd5-a5bf-bfa651d869f5\", \"unit_type_id\": \"rpm\", \"metadata\": {\"_id\": \"4311e60d-2055-4fd5-a5bf-bfa651d869f5\"}}, {\"_id\": {\"$oid\": \"520b6d24d60ea3084673f753\"}, \"unit_id\": \"8ad597d5-3e32-43ea-811b-ff52b62bcb32\", \"unit_type_id\": \"rpm\", \"metadata\": {\"_id\": \"8ad597d5-3e32-43ea-811b-ff52b62bcb32\"}}, {\"_id\": {\"$oid\": \"520b6d24d60ea3084673f74d\"}, \"unit_id\": \"79227357-b29e-40a5-a2d2-6def0e2879bc\", \"unit_type_id\": \"rpm\", \"metadata\": {\"_id\": \"79227357-b29e-40a5-a2d2-6def0e2879bc\"}}, {\"_id\": {\"$oid\": \"520b6d24d60ea3084673f74f\"}, \"unit_id\": \"fb0d2faf-2131-40fb-be0a-71306441b92b\", \"unit_type_id\": \"rpm\", \"metadata\": {\"_id\": \"fb0d2faf-2131-40fb-be0a-71306441b92b\"}}, {\"_id\": {\"$oid\": \"520b6d24d60ea3084673f750\"}, \"unit_id\": \"44a902fc-2dd9-4ac2-a610-25100f682741\", \"unit_type_id\": \"rpm\", \"metadata\": {\"_id\": \"44a902fc-2dd9-4ac2-a610-25100f682741\"}}, {\"_id\": {\"$oid\": \"520b6d24d60ea3084673f74e\"}, \"unit_id\": \"e1630794-12e7-4495-b533-375ed7ed2077\", \"unit_type_id\": \"rpm\", \"metadata\": {\"_id\": \"e1630794-12e7-4495-b533-375ed7ed2077\"}}]"
    http_version: 
  recorded_at: Wed, 14 Aug 2013 11:42:30 GMT
- request: 
    method: post
    uri: https://localhost/pulp/api/v2/content/units/rpm/search/
    body: 
      encoding: US-ASCII
      string: "{\"criteria\":{\"filters\":{\"_id\":{\"$in\":[\"089b6ec6-3206-4231-8e4d-c2d8a5c5c88b\",\"2a8ba210-4a04-4e51-ac25-35749cb345d3\",\"4311e60d-2055-4fd5-a5bf-bfa651d869f5\",\"8ad597d5-3e32-43ea-811b-ff52b62bcb32\",\"79227357-b29e-40a5-a2d2-6def0e2879bc\",\"fb0d2faf-2131-40fb-be0a-71306441b92b\",\"44a902fc-2dd9-4ac2-a610-25100f682741\",\"e1630794-12e7-4495-b533-375ed7ed2077\"]}},\"fields\":[\"name\",\"version\",\"release\",\"arch\",\"suffix\",\"epoch\",\"download_url\",\"checksum\",\"checksumtype\",\"license\",\"group\",\"children\",\"vendor\",\"filename\",\"relativepath\",\"description\",\"size\",\"buildhost\",\"_id\",\"_content_type_id\",\"_href\",\"_storage_path\",\"_type\"]},\"include_repos\":true}"
    headers: 
      Accept: 
      - application/json
      Accept-Encoding: 
      - gzip, deflate
      Content-Type: 
      - application/json
      Authorization: 
      - OAuth oauth_body_hash="2jmj7l5rSw0yVb%2FvlWAYkK%2FYBwk%3D", oauth_consumer_key="katello", oauth_nonce="TuqjQXTyVUzupTDGkkU87Udu16UcwLH4DxEWONZJXE", oauth_signature="1%2B5N4Mhu2gEfkwA5Lro%2BpsIs5ms%3D", oauth_signature_method="HMAC-SHA1", oauth_timestamp="1376480550", oauth_version="1.0"
      Pulp-User: 
      - admin
      Content-Length: 
      - "632"
      User-Agent: 
      - Ruby
  response: 
    status: 
      code: 200
      message: OK
    headers: 
      Date: 
      - Wed, 14 Aug 2013 11:42:30 GMT
      Server: 
      - Apache/2.4.4 (Fedora) OpenSSL/1.0.1e-fips mod_wsgi/3.4 Python/2.7.3
      Content-Length: 
      - "6542"
      Content-Type: 
      - application/json
    body: 
      encoding: US-ASCII
      string: "[{\"size\": 2232, \"_storage_path\": \"/var/lib/pulp/content/rpm/cheetah/0.3/0.8/noarch/422d0baa0cd9d7713ae796e886a23e17f578f924f74880debdbb7d65fb368dae/cheetah-0.3-0.8.noarch.rpm\", \"group\": \"Internet/Applications\", \"checksumtype\": \"sha256\", \"license\": \"GPLv2\", \"checksum\": \"422d0baa0cd9d7713ae796e886a23e17f578f924f74880debdbb7d65fb368dae\", \"filename\": \"cheetah-0.3-0.8.noarch.rpm\", \"buildhost\": \"dhcp-26-118.brq.redhat.com\", \"epoch\": \"0\", \"version\": \"0.3\", \"relativepath\": \"cheetah-0.3-0.8.noarch.rpm\", \"_content_type_id\": \"rpm\", \"release\": \"0.8\", \"vendor\": null, \"_id\": \"089b6ec6-3206-4231-8e4d-c2d8a5c5c88b\", \"arch\": \"noarch\", \"name\": \"cheetah\", \"description\": \"A dummy package of cheetah\", \"_href\": \"/pulp/api/v2/content/units/rpm/089b6ec6-3206-4231-8e4d-c2d8a5c5c88b/\", \"children\": {}, \"repository_memberships\": [\"1\"]}, {\"size\": 2244, \"_storage_path\": \"/var/lib/pulp/content/rpm/elephant/0.3/0.8/noarch/3e1c70cd1b421328acaf6397cb3d16145306bb95f65d1b095fc31372a0a701f3/elephant-0.3-0.8.noarch.rpm\", \"group\": \"Internet/Applications\", \"checksumtype\": \"sha256\", \"license\": \"GPLv2\", \"checksum\": \"3e1c70cd1b421328acaf6397cb3d16145306bb95f65d1b095fc31372a0a701f3\", \"filename\": \"elephant-0.3-0.8.noarch.rpm\", \"buildhost\": \"dhcp-26-118.brq.redhat.com\", \"epoch\": \"0\", \"version\": \"0.3\", \"relativepath\": \"elephant-0.3-0.8.noarch.rpm\", \"_content_type_id\": \"rpm\", \"release\": \"0.8\", \"vendor\": null, \"_id\": \"2a8ba210-4a04-4e51-ac25-35749cb345d3\", \"arch\": \"noarch\", \"name\": \"elephant\", \"description\": \"A dummy package of elephant\", \"_href\": \"/pulp/api/v2/content/units/rpm/2a8ba210-4a04-4e51-ac25-35749cb345d3/\", \"children\": {}, \"repository_memberships\": [\"1\"]}, {\"size\": 2236, \"_storage_path\": \"/var/lib/pulp/content/rpm/giraffe/0.3/0.8/noarch/f25d67d1d9da04f12e57ca323247b43891ac46533e355b82de6d1922009f9f14/giraffe-0.3-0.8.noarch.rpm\", \"group\": \"Internet/Applications\", \"checksumtype\": \"sha256\", \"license\": \"GPLv2\", \"checksum\": \"f25d67d1d9da04f12e57ca323247b43891ac46533e355b82de6d1922009f9f14\", \"filename\": \"giraffe-0.3-0.8.noarch.rpm\", \"buildhost\": \"dhcp-26-118.brq.redhat.com\", \"epoch\": \"0\", \"version\": \"0.3\", \"relativepath\": \"giraffe-0.3-0.8.noarch.rpm\", \"_content_type_id\": \"rpm\", \"release\": \"0.8\", \"vendor\": null, \"_id\": \"4311e60d-2055-4fd5-a5bf-bfa651d869f5\", \"arch\": \"noarch\", \"name\": \"giraffe\", \"description\": \"A dummy package of giraffe\", \"_href\": \"/pulp/api/v2/content/units/rpm/4311e60d-2055-4fd5-a5bf-bfa651d869f5/\", \"children\": {}, \"repository_memberships\": [\"1\"]}, {\"size\": 2248, \"_storage_path\": \"/var/lib/pulp/content/rpm/squirrel/0.3/0.8/noarch/251768bdd15f13d78487c27638aa6aecd01551e253756093cde1c0ae878a17d2/squirrel-0.3-0.8.noarch.rpm\", \"group\": \"Internet/Applications\", \"checksumtype\": \"sha256\", \"license\": \"GPLv2\", \"checksum\": \"251768bdd15f13d78487c27638aa6aecd01551e253756093cde1c0ae878a17d2\", \"filename\": \"squirrel-0.3-0.8.noarch.rpm\", \"buildhost\": \"dhcp-26-118.brq.redhat.com\", \"epoch\": \"0\", \"version\": \"0.3\", \"relativepath\": \"squirrel-0.3-0.8.noarch.rpm\", \"_content_type_id\": \"rpm\", \"release\": \"0.8\", \"vendor\": null, \"_id\": \"44a902fc-2dd9-4ac2-a610-25100f682741\", \"arch\": \"noarch\", \"name\": \"squirrel\", \"description\": \"A dummy package of squirrel\", \"_href\": \"/pulp/api/v2/content/units/rpm/44a902fc-2dd9-4ac2-a610-25100f682741/\", \"children\": {}, \"repository_memberships\": [\"1\"]}, {\"size\": 2232, \"_storage_path\": \"/var/lib/pulp/content/rpm/monkey/0.3/0.8/noarch/0e8fa50d0128fbabc7ccc5632e3fa25d39b0280169f6166cb8e2c84de8501db1/monkey-0.3-0.8.noarch.rpm\", \"group\": \"Internet/Applications\", \"checksumtype\": \"sha256\", \"license\": \"GPLv2\", \"checksum\": \"0e8fa50d0128fbabc7ccc5632e3fa25d39b0280169f6166cb8e2c84de8501db1\", \"filename\": \"monkey-0.3-0.8.noarch.rpm\", \"buildhost\": \"dhcp-26-118.brq.redhat.com\", \"epoch\": \"0\", \"version\": \"0.3\", \"relativepath\": \"monkey-0.3-0.8.noarch.rpm\", \"_content_type_id\": \"rpm\", \"release\": \"0.8\", \"vendor\": null, \"_id\": \"79227357-b29e-40a5-a2d2-6def0e2879bc\", \"arch\": \"noarch\", \"name\": \"monkey\", \"description\": \"A dummy package of monkey\", \"_href\": \"/pulp/api/v2/content/units/rpm/79227357-b29e-40a5-a2d2-6def0e2879bc/\", \"children\": {}, \"repository_memberships\": [\"1\"]}, {\"size\": 2212, \"_storage_path\": \"/var/lib/pulp/content/rpm/lion/0.3/0.8/noarch/12400dc95c23a4c160725a908716cd3fcdd7a8981585437ab64cd62efa3e4ae4/lion-0.3-0.8.noarch.rpm\", \"group\": \"Internet/Applications\", \"checksumtype\": \"sha256\", \"license\": \"GPLv2\", \"checksum\": \"12400dc95c23a4c160725a908716cd3fcdd7a8981585437ab64cd62efa3e4ae4\", \"filename\": \"lion-0.3-0.8.noarch.rpm\", \"buildhost\": \"dhcp-26-118.brq.redhat.com\", \"epoch\": \"0\", \"version\": \"0.3\", \"relativepath\": \"lion-0.3-0.8.noarch.rpm\", \"_content_type_id\": \"rpm\", \"release\": \"0.8\", \"vendor\": null, \"_id\": \"8ad597d5-3e32-43ea-811b-ff52b62bcb32\", \"arch\": \"noarch\", \"name\": \"lion\", \"description\": \"A dummy package of lion\", \"_href\": \"/pulp/api/v2/content/units/rpm/8ad597d5-3e32-43ea-811b-ff52b62bcb32/\", \"children\": {}, \"repository_memberships\": [\"1\"]}, {\"size\": 2236, \"_storage_path\": \"/var/lib/pulp/content/rpm/walrus/0.3/0.8/noarch/6e8d6dc057e3e2c9819f0dc7e6c7b7f86bf2e8571bba414adec7fb621a461dfd/walrus-0.3-0.8.noarch.rpm\", \"group\": \"Internet/Applications\", \"checksumtype\": \"sha256\", \"license\": \"GPLv2\", \"checksum\": \"6e8d6dc057e3e2c9819f0dc7e6c7b7f86bf2e8571bba414adec7fb621a461dfd\", \"filename\": \"walrus-0.3-0.8.noarch.rpm\", \"buildhost\": \"dhcp-26-118.brq.redhat.com\", \"epoch\": \"0\", \"version\": \"0.3\", \"relativepath\": \"walrus-0.3-0.8.noarch.rpm\", \"_content_type_id\": \"rpm\", \"release\": \"0.8\", \"vendor\": null, \"_id\": \"e1630794-12e7-4495-b533-375ed7ed2077\", \"arch\": \"noarch\", \"name\": \"walrus\", \"description\": \"A dummy package of walrus\", \"_href\": \"/pulp/api/v2/content/units/rpm/e1630794-12e7-4495-b533-375ed7ed2077/\", \"children\": {}, \"repository_memberships\": [\"1\"]}, {\"size\": 2232, \"_storage_path\": \"/var/lib/pulp/content/rpm/penguin/0.3/0.8/noarch/3fcb2c927de9e13bf68469032a28b139d3e5ad2e58564fc210fd6e48635be694/penguin-0.3-0.8.noarch.rpm\", \"group\": \"Internet/Applications\", \"checksumtype\": \"sha256\", \"license\": \"GPLv2\", \"checksum\": \"3fcb2c927de9e13bf68469032a28b139d3e5ad2e58564fc210fd6e48635be694\", \"filename\": \"penguin-0.3-0.8.noarch.rpm\", \"buildhost\": \"dhcp-26-118.brq.redhat.com\", \"epoch\": \"0\", \"version\": \"0.3\", \"relativepath\": \"penguin-0.3-0.8.noarch.rpm\", \"_content_type_id\": \"rpm\", \"release\": \"0.8\", \"vendor\": null, \"_id\": \"fb0d2faf-2131-40fb-be0a-71306441b92b\", \"arch\": \"noarch\", \"name\": \"penguin\", \"description\": \"A dummy package of penguin\", \"_href\": \"/pulp/api/v2/content/units/rpm/fb0d2faf-2131-40fb-be0a-71306441b92b/\", \"children\": {}, \"repository_memberships\": [\"1\"]}]"
    http_version: 
  recorded_at: Wed, 14 Aug 2013 11:42:30 GMT
recorded_with: VCR 2.5.0
