--- 
http_interactions: 
- request: 
    method: post
    uri: https://katello-f18-rails32/pulp/api/v2/repositories/acme_corporation_label-staging_label-org_default_label-fedora_label-fedora_17_x86_64_label/actions/unassociate/
    body: 
      encoding: US-ASCII
      string: "{\"criteria\":{\"type_ids\":[\"rpm\"],\"filters\":{\"association\":{\"unit_id\":{\"$in\":[null]}}}}}"
    headers: 
      Accept: 
      - application/json
      Accept-Encoding: 
      - gzip, deflate
      Content-Type: 
      - application/json
      Authorization: 
      - OAuth oauth_body_hash="2jmj7l5rSw0yVb%2FvlWAYkK%2FYBwk%3D", oauth_consumer_key="katello", oauth_nonce="TcnH74Vn3uTPxDcYQUPyLEPAutNtWyTYd3xwlNBU83A", oauth_signature="BrY%2FojyP%2B6TLZF3w1Nu%2B3wBcaO0%3D", oauth_signature_method="HMAC-SHA1", oauth_timestamp="1368572137", oauth_version="1.0"
      Pulp-User: 
      - admin
      Content-Length: 
      - "86"
      User-Agent: 
      - Ruby
  response: 
    status: 
      code: 202
      message: Accepted
    headers: 
      Date: 
      - Tue, 14 May 2013 22:55:37 GMT
      Server: 
      - Apache/2.4.4 (Fedora) OpenSSL/1.0.1c-fips mod_wsgi/3.4 Python/2.7.3
      Content-Encoding: 
      - utf-8
      Content-Length: 
      - "786"
      Content-Type: 
      - application/json
    body: 
      encoding: US-ASCII
      string: "{\"task_group_id\": null, \"exception\": null, \"traceback\": null, \"_href\": \"/pulp/api/v2/tasks/5f32a040-edf1-4676-9424-605123e36f1e/\", \"task_id\": \"5f32a040-edf1-4676-9424-605123e36f1e\", \"call_request_tags\": [\"pulp:repository:acme_corporation_label-staging_label-org_default_label-fedora_label-fedora_17_x86_64_label\", \"pulp:action:unassociate\"], \"reasons\": [], \"start_time\": null, \"tags\": [\"pulp:repository:acme_corporation_label-staging_label-org_default_label-fedora_label-fedora_17_x86_64_label\", \"pulp:action:unassociate\"], \"state\": \"waiting\", \"finish_time\": null, \"dependency_failures\": {}, \"schedule_id\": null, \"progress\": {}, \"call_request_group_id\": null, \"call_request_id\": \"5f32a040-edf1-4676-9424-605123e36f1e\", \"principal_login\": \"admin\", \"response\": \"accepted\", \"result\": null}"
    http_version: 
  recorded_at: Tue, 14 May 2013 22:55:37 GMT
- request: 
    method: post
    uri: https://katello-f18-rails32/pulp/api/v2/repositories/acme_corporation_label-staging_label-org_default_label-fedora_label-fedora_17_x86_64_label/actions/associate/
    body: 
      encoding: US-ASCII
      string: "{\"source_repo_id\":\"1\",\"criteria\":{\"type_ids\":[\"rpm\"],\"filters\":{},\"fields\":{\"unit\":[\"name\",\"epoch\",\"version\",\"release\",\"arch\",\"checksumtype\",\"checksum\"]}}}"
    headers: 
      Accept: 
      - application/json
      Accept-Encoding: 
      - gzip, deflate
      Content-Type: 
      - application/json
      Authorization: 
      - OAuth oauth_body_hash="2jmj7l5rSw0yVb%2FvlWAYkK%2FYBwk%3D", oauth_consumer_key="katello", oauth_nonce="Fn4NhXmPX728naHj34Id2WBzmoDoreBfivjgc6FZNk", oauth_signature="gIbAd16dOgzRL06aDX8%2F4cXcSqE%3D", oauth_signature_method="HMAC-SHA1", oauth_timestamp="1368572142", oauth_version="1.0"
      Pulp-User: 
      - admin
      Content-Length: 
      - "155"
      User-Agent: 
      - Ruby
  response: 
    status: 
      code: 202
      message: Accepted
    headers: 
      Date: 
      - Tue, 14 May 2013 22:55:42 GMT
      Server: 
      - Apache/2.4.4 (Fedora) OpenSSL/1.0.1c-fips mod_wsgi/3.4 Python/2.7.3
      Content-Encoding: 
      - utf-8
      Content-Length: 
      - "824"
      Content-Type: 
      - application/json
    body: 
      encoding: US-ASCII
      string: "{\"task_group_id\": null, \"exception\": null, \"traceback\": null, \"_href\": \"/pulp/api/v2/tasks/c0a707be-6d29-4ec7-b24a-03f4bb3f371c/\", \"task_id\": \"c0a707be-6d29-4ec7-b24a-03f4bb3f371c\", \"call_request_tags\": [\"pulp:repository:acme_corporation_label-staging_label-org_default_label-fedora_label-fedora_17_x86_64_label\", \"pulp:repository:1\", \"pulp:action:associate\"], \"reasons\": [], \"start_time\": null, \"tags\": [\"pulp:repository:acme_corporation_label-staging_label-org_default_label-fedora_label-fedora_17_x86_64_label\", \"pulp:repository:1\", \"pulp:action:associate\"], \"state\": \"waiting\", \"finish_time\": null, \"dependency_failures\": {}, \"schedule_id\": null, \"progress\": {}, \"call_request_group_id\": null, \"call_request_id\": \"c0a707be-6d29-4ec7-b24a-03f4bb3f371c\", \"principal_login\": \"admin\", \"response\": \"accepted\", \"result\": null}"
    http_version: 
  recorded_at: Tue, 14 May 2013 22:55:42 GMT
- request: 
    method: post
    uri: https://katello-f18-rails32/pulp/api/v2/repositories/acme_corporation_label-staging_label-org_default_label-fedora_label-fedora_17_x86_64_label/actions/associate/
    body: 
      encoding: US-ASCII
      string: "{\"source_repo_id\":\"1\",\"criteria\":{\"type_ids\":[\"distribution\"],\"filters\":{}}}"
    headers: 
      Accept: 
      - application/json
      Accept-Encoding: 
      - gzip, deflate
      Content-Type: 
      - application/json
      Authorization: 
      - OAuth oauth_body_hash="2jmj7l5rSw0yVb%2FvlWAYkK%2FYBwk%3D", oauth_consumer_key="katello", oauth_nonce="fjAmZLD2A84NpcRYqbaJzaUzplVXDYnAAksQYRWxSX4", oauth_signature="uEQzTyk%2B0PkrX2G3AzbsIUlrOgA%3D", oauth_signature_method="HMAC-SHA1", oauth_timestamp="1368572142", oauth_version="1.0"
      Pulp-User: 
      - admin
      Content-Length: 
      - "76"
      User-Agent: 
      - Ruby
  response: 
    status: 
      code: 202
      message: Accepted
    headers: 
      Date: 
      - Tue, 14 May 2013 22:55:42 GMT
      Server: 
      - Apache/2.4.4 (Fedora) OpenSSL/1.0.1c-fips mod_wsgi/3.4 Python/2.7.3
      Content-Encoding: 
      - utf-8
      Content-Length: 
      - "988"
      Content-Type: 
      - application/json
    body: 
      encoding: US-ASCII
      string: "{\"task_group_id\": null, \"exception\": null, \"traceback\": null, \"_href\": \"/pulp/api/v2/tasks/1fc0a203-e28d-409b-8f34-fa5f339028b9/\", \"task_id\": \"1fc0a203-e28d-409b-8f34-fa5f339028b9\", \"call_request_tags\": [\"pulp:repository:acme_corporation_label-staging_label-org_default_label-fedora_label-fedora_17_x86_64_label\", \"pulp:repository:1\", \"pulp:action:associate\"], \"reasons\": [{\"operation\": \"update\", \"resource_type\": \"repository\", \"resource_id\": \"acme_corporation_label-staging_label-org_default_label-fedora_label-fedora_17_x86_64_label\"}], \"start_time\": null, \"tags\": [\"pulp:repository:acme_corporation_label-staging_label-org_default_label-fedora_label-fedora_17_x86_64_label\", \"pulp:repository:1\", \"pulp:action:associate\"], \"state\": \"waiting\", \"finish_time\": null, \"dependency_failures\": {}, \"schedule_id\": null, \"progress\": {}, \"call_request_group_id\": null, \"call_request_id\": \"1fc0a203-e28d-409b-8f34-fa5f339028b9\", \"principal_login\": \"admin\", \"response\": \"postponed\", \"result\": null}"
    http_version: 
  recorded_at: Tue, 14 May 2013 22:55:42 GMT
- request: 
    method: post
    uri: https://katello-f18-rails32/pulp/api/v2/repositories/acme_corporation_label-staging_label-org_default_label-fedora_label-fedora_17_x86_64_label/actions/associate/
    body: 
      encoding: US-ASCII
      string: "{\"source_repo_id\":\"1\",\"criteria\":{\"type_ids\":[\"erratum\"],\"filters\":{}},\"override_config\":{\"copy_children\":false}}"
    headers: 
      Accept: 
      - application/json
      Accept-Encoding: 
      - gzip, deflate
      Content-Type: 
      - application/json
      Authorization: 
      - OAuth oauth_body_hash="2jmj7l5rSw0yVb%2FvlWAYkK%2FYBwk%3D", oauth_consumer_key="katello", oauth_nonce="Dbpsf9pyWZHrX9mZgHlSdjhPJKgFy7olEBbtmovd0", oauth_signature="qQYWtjWgvXACjaRTo%2FZNyXoSCvs%3D", oauth_signature_method="HMAC-SHA1", oauth_timestamp="1368572142", oauth_version="1.0"
      Pulp-User: 
      - admin
      Content-Length: 
      - "113"
      User-Agent: 
      - Ruby
  response: 
    status: 
      code: 202
      message: Accepted
    headers: 
      Date: 
      - Tue, 14 May 2013 22:55:42 GMT
      Server: 
      - Apache/2.4.4 (Fedora) OpenSSL/1.0.1c-fips mod_wsgi/3.4 Python/2.7.3
      Content-Encoding: 
      - utf-8
      Content-Length: 
      - "824"
      Content-Type: 
      - application/json
    body: 
      encoding: US-ASCII
      string: "{\"task_group_id\": null, \"exception\": null, \"traceback\": null, \"_href\": \"/pulp/api/v2/tasks/50fef449-f5cc-4452-82f4-52f4fdca4bdf/\", \"task_id\": \"50fef449-f5cc-4452-82f4-52f4fdca4bdf\", \"call_request_tags\": [\"pulp:repository:acme_corporation_label-staging_label-org_default_label-fedora_label-fedora_17_x86_64_label\", \"pulp:repository:1\", \"pulp:action:associate\"], \"reasons\": [], \"start_time\": null, \"tags\": [\"pulp:repository:acme_corporation_label-staging_label-org_default_label-fedora_label-fedora_17_x86_64_label\", \"pulp:repository:1\", \"pulp:action:associate\"], \"state\": \"waiting\", \"finish_time\": null, \"dependency_failures\": {}, \"schedule_id\": null, \"progress\": {}, \"call_request_group_id\": null, \"call_request_id\": \"50fef449-f5cc-4452-82f4-52f4fdca4bdf\", \"principal_login\": \"admin\", \"response\": \"accepted\", \"result\": null}"
    http_version: 
  recorded_at: Tue, 14 May 2013 22:55:42 GMT
- request: 
    method: post
    uri: https://katello-f18-rails32/pulp/api/v2/repositories/acme_corporation_label-staging_label-org_default_label-fedora_label-fedora_17_x86_64_label/actions/associate/
    body: 
      encoding: US-ASCII
      string: "{\"source_repo_id\":\"1\",\"criteria\":{\"type_ids\":[\"package_group\"],\"filters\":{}},\"override_config\":{\"copy_children\":false}}"
    headers: 
      Accept: 
      - application/json
      Accept-Encoding: 
      - gzip, deflate
      Content-Type: 
      - application/json
      Authorization: 
      - OAuth oauth_body_hash="2jmj7l5rSw0yVb%2FvlWAYkK%2FYBwk%3D", oauth_consumer_key="katello", oauth_nonce="vXIWxv81EpEmSJLovxMjtuofuW9f5rX9QovU6gJWc", oauth_signature="eSIs%2B4HxUUz3cHKn6bPm65qi23s%3D", oauth_signature_method="HMAC-SHA1", oauth_timestamp="1368572142", oauth_version="1.0"
      Pulp-User: 
      - admin
      Content-Length: 
      - "119"
      User-Agent: 
      - Ruby
  response: 
    status: 
      code: 202
      message: Accepted
    headers: 
      Date: 
      - Tue, 14 May 2013 22:55:42 GMT
      Server: 
      - Apache/2.4.4 (Fedora) OpenSSL/1.0.1c-fips mod_wsgi/3.4 Python/2.7.3
      Content-Encoding: 
      - utf-8
      Content-Length: 
      - "824"
      Content-Type: 
      - application/json
    body: 
      encoding: US-ASCII
      string: "{\"task_group_id\": null, \"exception\": null, \"traceback\": null, \"_href\": \"/pulp/api/v2/tasks/b3d13dc6-b654-4def-8119-b2d03a7ce830/\", \"task_id\": \"b3d13dc6-b654-4def-8119-b2d03a7ce830\", \"call_request_tags\": [\"pulp:repository:acme_corporation_label-staging_label-org_default_label-fedora_label-fedora_17_x86_64_label\", \"pulp:repository:1\", \"pulp:action:associate\"], \"reasons\": [], \"start_time\": null, \"tags\": [\"pulp:repository:acme_corporation_label-staging_label-org_default_label-fedora_label-fedora_17_x86_64_label\", \"pulp:repository:1\", \"pulp:action:associate\"], \"state\": \"waiting\", \"finish_time\": null, \"dependency_failures\": {}, \"schedule_id\": null, \"progress\": {}, \"call_request_group_id\": null, \"call_request_id\": \"b3d13dc6-b654-4def-8119-b2d03a7ce830\", \"principal_login\": \"admin\", \"response\": \"accepted\", \"result\": null}"
    http_version: 
  recorded_at: Tue, 14 May 2013 22:55:42 GMT
- request: 
    method: post
    uri: https://katello-f18-rails32/pulp/api/v2/repositories/1/actions/publish/
    body: 
      encoding: US-ASCII
      string: "{\"id\":\"1\"}"
    headers: 
      Accept: 
      - application/json
      Accept-Encoding: 
      - gzip, deflate
      Content-Type: 
      - application/json
      Authorization: 
      - OAuth oauth_body_hash="2jmj7l5rSw0yVb%2FvlWAYkK%2FYBwk%3D", oauth_consumer_key="katello", oauth_nonce="U4c0m1W4fYhikgeV19Jg9QCllJHt8K89V5kj9Hk0BwY", oauth_signature="vXJaV2RnSqRGwkp%2B82JHhPku3fY%3D", oauth_signature_method="HMAC-SHA1", oauth_timestamp="1368572145", oauth_version="1.0"
      Pulp-User: 
      - admin
      Content-Length: 
      - "10"
      User-Agent: 
      - Ruby
  response: 
    status: 
      code: 202
      message: Accepted
    headers: 
      Date: 
      - Tue, 14 May 2013 22:55:45 GMT
      Server: 
      - Apache/2.4.4 (Fedora) OpenSSL/1.0.1c-fips mod_wsgi/3.4 Python/2.7.3
      Content-Encoding: 
      - utf-8
      Content-Length: 
      - "600"
      Content-Type: 
      - application/json
    body: 
      encoding: US-ASCII
      string: "{\"task_group_id\": null, \"exception\": null, \"traceback\": null, \"_href\": \"/pulp/api/v2/tasks/d29e6d2a-8693-4fc0-b656-917b87b2cfbb/\", \"task_id\": \"d29e6d2a-8693-4fc0-b656-917b87b2cfbb\", \"call_request_tags\": [\"pulp:repository:1\", \"pulp:action:publish\"], \"reasons\": [], \"start_time\": null, \"tags\": [\"pulp:repository:1\", \"pulp:action:publish\"], \"state\": \"waiting\", \"finish_time\": null, \"dependency_failures\": {}, \"schedule_id\": null, \"progress\": {}, \"call_request_group_id\": null, \"call_request_id\": \"d29e6d2a-8693-4fc0-b656-917b87b2cfbb\", \"principal_login\": \"admin\", \"response\": \"accepted\", \"result\": null}"
    http_version: 
  recorded_at: Tue, 14 May 2013 22:55:45 GMT
- request: 
    method: post
    uri: https://katello-f18-rails32/pulp/api/v2/repositories/2/actions/associate/
    body: 
      encoding: US-ASCII
      string: "{\"source_repo_id\":\"1\",\"criteria\":{\"type_ids\":[\"rpm\"],\"filters\":{},\"fields\":{\"unit\":[\"name\",\"epoch\",\"version\",\"release\",\"arch\",\"checksumtype\",\"checksum\"]}}}"
    headers: 
      Accept: 
      - application/json
      Accept-Encoding: 
      - gzip, deflate
      Content-Type: 
      - application/json
      Authorization: 
      - OAuth oauth_body_hash="2jmj7l5rSw0yVb%2FvlWAYkK%2FYBwk%3D", oauth_consumer_key="katello", oauth_nonce="EstpAl7lnyygO91sIKaMScfIZTyR03tGwJIwJOz6Q", oauth_signature="X3Q%2BUM4NwC0TJ4n%2FfewIpHVI0NA%3D", oauth_signature_method="HMAC-SHA1", oauth_timestamp="1368572148", oauth_version="1.0"
      Pulp-User: 
      - admin
      Content-Length: 
      - "155"
      User-Agent: 
      - Ruby
  response: 
    status: 
      code: 202
      message: Accepted
    headers: 
      Date: 
      - Tue, 14 May 2013 22:55:48 GMT
      Server: 
      - Apache/2.4.4 (Fedora) OpenSSL/1.0.1c-fips mod_wsgi/3.4 Python/2.7.3
      Content-Encoding: 
      - utf-8
      Content-Length: 
      - "646"
      Content-Type: 
      - application/json
    body: 
      encoding: US-ASCII
      string: "{\"task_group_id\": null, \"exception\": null, \"traceback\": null, \"_href\": \"/pulp/api/v2/tasks/e56bae62-dfa3-4b4f-84f6-e3c6f8ee41e5/\", \"task_id\": \"e56bae62-dfa3-4b4f-84f6-e3c6f8ee41e5\", \"call_request_tags\": [\"pulp:repository:2\", \"pulp:repository:1\", \"pulp:action:associate\"], \"reasons\": [], \"start_time\": null, \"tags\": [\"pulp:repository:2\", \"pulp:repository:1\", \"pulp:action:associate\"], \"state\": \"waiting\", \"finish_time\": null, \"dependency_failures\": {}, \"schedule_id\": null, \"progress\": {}, \"call_request_group_id\": null, \"call_request_id\": \"e56bae62-dfa3-4b4f-84f6-e3c6f8ee41e5\", \"principal_login\": \"admin\", \"response\": \"accepted\", \"result\": null}"
    http_version: 
  recorded_at: Tue, 14 May 2013 22:55:48 GMT
- request: 
    method: post
    uri: https://katello-f18-rails32/pulp/api/v2/repositories/2/actions/associate/
    body: 
      encoding: US-ASCII
      string: "{\"source_repo_id\":\"1\",\"criteria\":{\"type_ids\":[\"distribution\"],\"filters\":{}}}"
    headers: 
      Accept: 
      - application/json
      Accept-Encoding: 
      - gzip, deflate
      Content-Type: 
      - application/json
      Authorization: 
      - OAuth oauth_body_hash="2jmj7l5rSw0yVb%2FvlWAYkK%2FYBwk%3D", oauth_consumer_key="katello", oauth_nonce="k2Nr4VrLrb96Shs1pceF0mlrS6MVgWpfyJaliV5Id94", oauth_signature="YLh9mT917k%2BjQX7qKA673qljEB4%3D", oauth_signature_method="HMAC-SHA1", oauth_timestamp="1368572148", oauth_version="1.0"
      Pulp-User: 
      - admin
      Content-Length: 
      - "76"
      User-Agent: 
      - Ruby
  response: 
    status: 
      code: 202
      message: Accepted
    headers: 
      Date: 
      - Tue, 14 May 2013 22:55:48 GMT
      Server: 
      - Apache/2.4.4 (Fedora) OpenSSL/1.0.1c-fips mod_wsgi/3.4 Python/2.7.3
      Content-Encoding: 
      - utf-8
      Content-Length: 
      - "721"
      Content-Type: 
      - application/json
    body: 
      encoding: US-ASCII
      string: "{\"task_group_id\": null, \"exception\": null, \"traceback\": null, \"_href\": \"/pulp/api/v2/tasks/1c774940-3c2f-4593-a7a3-3946dc47e436/\", \"task_id\": \"1c774940-3c2f-4593-a7a3-3946dc47e436\", \"call_request_tags\": [\"pulp:repository:2\", \"pulp:repository:1\", \"pulp:action:associate\"], \"reasons\": [{\"operation\": \"update\", \"resource_type\": \"repository\", \"resource_id\": \"2\"}], \"start_time\": null, \"tags\": [\"pulp:repository:2\", \"pulp:repository:1\", \"pulp:action:associate\"], \"state\": \"waiting\", \"finish_time\": null, \"dependency_failures\": {}, \"schedule_id\": null, \"progress\": {}, \"call_request_group_id\": null, \"call_request_id\": \"1c774940-3c2f-4593-a7a3-3946dc47e436\", \"principal_login\": \"admin\", \"response\": \"postponed\", \"result\": null}"
    http_version: 
  recorded_at: Tue, 14 May 2013 22:55:48 GMT
- request: 
    method: post
    uri: https://katello-f18-rails32/pulp/api/v2/repositories/2/actions/associate/
    body: 
      encoding: US-ASCII
      string: "{\"source_repo_id\":\"1\",\"criteria\":{\"type_ids\":[\"erratum\"],\"filters\":{}},\"override_config\":{\"copy_children\":false}}"
    headers: 
      Accept: 
      - application/json
      Accept-Encoding: 
      - gzip, deflate
      Content-Type: 
      - application/json
      Authorization: 
      - OAuth oauth_body_hash="2jmj7l5rSw0yVb%2FvlWAYkK%2FYBwk%3D", oauth_consumer_key="katello", oauth_nonce="u3VpojSbkzwo8YghXaM0AXgNibFoMlb9H2fIAnMJ8", oauth_signature="ls84zpurvq38lpDdk8ozyVIg8Ew%3D", oauth_signature_method="HMAC-SHA1", oauth_timestamp="1368572148", oauth_version="1.0"
      Pulp-User: 
      - admin
      Content-Length: 
      - "113"
      User-Agent: 
      - Ruby
  response: 
    status: 
      code: 202
      message: Accepted
    headers: 
      Date: 
      - Tue, 14 May 2013 22:55:48 GMT
      Server: 
      - Apache/2.4.4 (Fedora) OpenSSL/1.0.1c-fips mod_wsgi/3.4 Python/2.7.3
      Content-Encoding: 
      - utf-8
      Content-Length: 
      - "721"
      Content-Type: 
      - application/json
    body: 
      encoding: US-ASCII
      string: "{\"task_group_id\": null, \"exception\": null, \"traceback\": null, \"_href\": \"/pulp/api/v2/tasks/725bdc97-ace1-40fb-a621-19e0abb92941/\", \"task_id\": \"725bdc97-ace1-40fb-a621-19e0abb92941\", \"call_request_tags\": [\"pulp:repository:2\", \"pulp:repository:1\", \"pulp:action:associate\"], \"reasons\": [{\"operation\": \"update\", \"resource_type\": \"repository\", \"resource_id\": \"2\"}], \"start_time\": null, \"tags\": [\"pulp:repository:2\", \"pulp:repository:1\", \"pulp:action:associate\"], \"state\": \"waiting\", \"finish_time\": null, \"dependency_failures\": {}, \"schedule_id\": null, \"progress\": {}, \"call_request_group_id\": null, \"call_request_id\": \"725bdc97-ace1-40fb-a621-19e0abb92941\", \"principal_login\": \"admin\", \"response\": \"postponed\", \"result\": null}"
    http_version: 
  recorded_at: Tue, 14 May 2013 22:55:48 GMT
- request: 
    method: post
    uri: https://katello-f18-rails32/pulp/api/v2/repositories/2/actions/associate/
    body: 
      encoding: US-ASCII
      string: "{\"source_repo_id\":\"1\",\"criteria\":{\"type_ids\":[\"package_group\"],\"filters\":{}},\"override_config\":{\"copy_children\":false}}"
    headers: 
      Accept: 
      - application/json
      Accept-Encoding: 
      - gzip, deflate
      Content-Type: 
      - application/json
      Authorization: 
      - OAuth oauth_body_hash="2jmj7l5rSw0yVb%2FvlWAYkK%2FYBwk%3D", oauth_consumer_key="katello", oauth_nonce="VaDXPLGNURoBZ7qArt7SfCnOFov0QqSIVzrQNdfenk", oauth_signature="kSxrK53uBgfUi64jGTmIPXBXCH8%3D", oauth_signature_method="HMAC-SHA1", oauth_timestamp="1368572148", oauth_version="1.0"
      Pulp-User: 
      - admin
      Content-Length: 
      - "119"
      User-Agent: 
      - Ruby
  response: 
    status: 
      code: 202
      message: Accepted
    headers: 
      Date: 
      - Tue, 14 May 2013 22:55:48 GMT
      Server: 
      - Apache/2.4.4 (Fedora) OpenSSL/1.0.1c-fips mod_wsgi/3.4 Python/2.7.3
      Content-Encoding: 
      - utf-8
      Content-Length: 
      - "646"
      Content-Type: 
      - application/json
    body: 
      encoding: US-ASCII
      string: "{\"task_group_id\": null, \"exception\": null, \"traceback\": null, \"_href\": \"/pulp/api/v2/tasks/e6cf3f13-b4ad-4a51-9187-e3b5a35ed2f1/\", \"task_id\": \"e6cf3f13-b4ad-4a51-9187-e3b5a35ed2f1\", \"call_request_tags\": [\"pulp:repository:2\", \"pulp:repository:1\", \"pulp:action:associate\"], \"reasons\": [], \"start_time\": null, \"tags\": [\"pulp:repository:2\", \"pulp:repository:1\", \"pulp:action:associate\"], \"state\": \"waiting\", \"finish_time\": null, \"dependency_failures\": {}, \"schedule_id\": null, \"progress\": {}, \"call_request_group_id\": null, \"call_request_id\": \"e6cf3f13-b4ad-4a51-9187-e3b5a35ed2f1\", \"principal_login\": \"admin\", \"response\": \"accepted\", \"result\": null}"
    http_version: 
  recorded_at: Tue, 14 May 2013 22:55:48 GMT
- request: 
    method: delete
    uri: https://katello-f18-rails32/pulp/api/v2/repositories/2/
    body: 
      encoding: US-ASCII
      string: ""
    headers: 
      Accept: 
      - application/json
      Accept-Encoding: 
      - gzip, deflate
      Content-Type: 
      - application/json
      Authorization: 
      - OAuth oauth_consumer_key="katello", oauth_nonce="MAJv9Ck0KtuOLpWFAIWEXedpVgiF4ZPGDkvh1KvhkU", oauth_signature="619XJcdyx%2BZJfeZfaHpDvVlNFd8%3D", oauth_signature_method="HMAC-SHA1", oauth_timestamp="1368572151", oauth_version="1.0"
      Pulp-User: 
      - admin
      User-Agent: 
      - Ruby
  response: 
    status: 
      code: 202
      message: Accepted
    headers: 
      Date: 
      - Tue, 14 May 2013 22:55:51 GMT
      Server: 
      - Apache/2.4.4 (Fedora) OpenSSL/1.0.1c-fips mod_wsgi/3.4 Python/2.7.3
      Content-Encoding: 
      - utf-8
      Content-Length: 
      - "674"
      Content-Type: 
      - application/json
    body: 
      encoding: US-ASCII
      string: "[{\"task_group_id\": \"b4da07ad-0635-4c2e-9aa5-d0a4ad4862ea\", \"exception\": null, \"traceback\": null, \"_href\": \"/pulp/api/v2/task_groups/b4da07ad-0635-4c2e-9aa5-d0a4ad4862ea/\", \"task_id\": \"52520267-8701-4140-974b-9ce79db2da91\", \"call_request_tags\": [\"pulp:repository:2\", \"pulp:action:delete\"], \"reasons\": [], \"start_time\": null, \"tags\": [\"pulp:repository:2\", \"pulp:action:delete\"], \"state\": \"waiting\", \"finish_time\": null, \"dependency_failures\": {}, \"schedule_id\": null, \"progress\": {}, \"call_request_group_id\": \"b4da07ad-0635-4c2e-9aa5-d0a4ad4862ea\", \"call_request_id\": \"52520267-8701-4140-974b-9ce79db2da91\", \"principal_login\": \"admin\", \"response\": \"accepted\", \"result\": null}]"
    http_version: 
  recorded_at: Tue, 14 May 2013 22:55:51 GMT
- request: 
    method: get
    uri: https://katello-f18-rails32/pulp/api/v2/repositories/1/?details=true
    body: 
      encoding: US-ASCII
      string: ""
    headers: 
      Accept: 
      - application/json
      Accept-Encoding: 
      - gzip, deflate
      Content-Type: 
      - application/json
      Authorization: 
      - OAuth oauth_consumer_key="katello", oauth_nonce="h7OXUQ7P3fzLCeC8JhvTHMzEgvRjcvOFJ1m1wuaJ8", oauth_signature="vnQd44UJPy33zvbhJ7yMnz4pxFE%3D", oauth_signature_method="HMAC-SHA1", oauth_timestamp="1368572151", oauth_version="1.0"
      Pulp-User: 
      - admin
      User-Agent: 
      - Ruby
  response: 
    status: 
      code: 200
      message: OK
    headers: 
      Date: 
      - Tue, 14 May 2013 22:55:51 GMT
      Server: 
      - Apache/2.4.4 (Fedora) OpenSSL/1.0.1c-fips mod_wsgi/3.4 Python/2.7.3
      Content-Length: 
      - "1012"
      Content-Type: 
      - application/json
    body: 
      encoding: US-ASCII
      string: "{\"scratchpad\": {\"checksum_type\": \"sha256\", \"repodata\": {}}, \"display_name\": \"Fedora 17 x86_64\", \"description\": null, \"_ns\": \"repos\", \"notes\": {}, \"content_unit_counts\": {\"package_group\": 2, \"distribution\": 1, \"package_category\": 1, \"rpm\": 8, \"erratum\": 2}, \"_id\": {\"$oid\": \"5192c0eaf45cbb6f3e8a4f65\"}, \"id\": \"1\", \"_href\": \"/pulp/api/v2/repositories/1/\", \"importers\": [{\"repo_id\": \"1\", \"_ns\": \"repo_importers\", \"importer_type_id\": \"yum_importer\", \"last_sync\": \"2013-05-14T18:55:40-04:00\", \"scheduled_syncs\": [], \"_id\": {\"$oid\": \"5192c0eaf45cbb6f3e8a4f66\"}, \"config\": {\"feed_url\": \"file:///home/ehelms/workspace/katello/test/fixtures/zoo5\"}, \"id\": \"yum_importer\"}], \"distributors\": [{\"repo_id\": \"1\", \"_ns\": \"repo_distributors\", \"last_publish\": \"2013-05-14T18:55:48-04:00\", \"auto_publish\": false, \"scheduled_publishes\": [], \"distributor_type_id\": \"yum_distributor\", \"_id\": {\"$oid\": \"5192c0eaf45cbb6f3e8a4f67\"}, \"config\": {\"protected\": true, \"http\": false, \"relative_url\": \"/test_path/\", \"https\": true}, \"id\": \"1\"}]}"
    http_version: 
  recorded_at: Tue, 14 May 2013 22:55:51 GMT
- request: 
    method: delete
    uri: https://katello-f18-rails32/pulp/api/v2/repositories/acme_corporation_label-staging_label-org_default_label-fedora_label-fedora_17_x86_64_label/
    body: 
      encoding: US-ASCII
      string: ""
    headers: 
      Accept: 
      - application/json
      Accept-Encoding: 
      - gzip, deflate
      Content-Type: 
      - application/json
      Authorization: 
      - OAuth oauth_consumer_key="katello", oauth_nonce="fdqMoLaYUgGIOMGYCjPWbtUbfsbDGTwdVzOAEbI", oauth_signature="bkgx4P15wB3ED4WEEzMklxlFZMM%3D", oauth_signature_method="HMAC-SHA1", oauth_timestamp="1368572151", oauth_version="1.0"
      Pulp-User: 
      - admin
      User-Agent: 
      - Ruby
  response: 
    status: 
      code: 202
      message: Accepted
    headers: 
      Date: 
      - Tue, 14 May 2013 22:55:51 GMT
      Server: 
      - Apache/2.4.4 (Fedora) OpenSSL/1.0.1c-fips mod_wsgi/3.4 Python/2.7.3
      Content-Encoding: 
      - utf-8
      Content-Length: 
      - "852"
      Content-Type: 
      - application/json
    body: 
      encoding: US-ASCII
      string: "[{\"task_group_id\": \"07accd7e-3b88-4393-ae14-93c902461125\", \"exception\": null, \"traceback\": null, \"_href\": \"/pulp/api/v2/task_groups/07accd7e-3b88-4393-ae14-93c902461125/\", \"task_id\": \"2a69abd3-04f9-4866-b80e-69fa04720e5f\", \"call_request_tags\": [\"pulp:repository:acme_corporation_label-staging_label-org_default_label-fedora_label-fedora_17_x86_64_label\", \"pulp:action:delete\"], \"reasons\": [], \"start_time\": null, \"tags\": [\"pulp:repository:acme_corporation_label-staging_label-org_default_label-fedora_label-fedora_17_x86_64_label\", \"pulp:action:delete\"], \"state\": \"waiting\", \"finish_time\": null, \"dependency_failures\": {}, \"schedule_id\": null, \"progress\": {}, \"call_request_group_id\": \"07accd7e-3b88-4393-ae14-93c902461125\", \"call_request_id\": \"2a69abd3-04f9-4866-b80e-69fa04720e5f\", \"principal_login\": \"admin\", \"response\": \"accepted\", \"result\": null}]"
    http_version: 
  recorded_at: Tue, 14 May 2013 22:55:51 GMT
- request: 
    method: post
    uri: https://katello-f18-rails32/pulp/api/v2/repositories/1/search/units/
    body: 
      encoding: US-ASCII
      string: "{\"criteria\":{\"type_ids\":[\"rpm\"],\"filters\":{\"unit\":{\"$and\":[{\"name\":\"elephant\"},{\"version\":\"0.3\"},{\"release\":\"0.8\"},{\"epoch\":\"0\"}]}},\"sort\":{\"unit\":[[\"name\",\"ascending\"],[\"version\",\"descending\"]]}}}"
    headers: 
      Accept: 
      - application/json
      Accept-Encoding: 
      - gzip, deflate
      Content-Type: 
      - application/json
      Authorization: 
      - OAuth oauth_body_hash="2jmj7l5rSw0yVb%2FvlWAYkK%2FYBwk%3D", oauth_consumer_key="katello", oauth_nonce="1sLPadSvlECvnQFu6oNvaWKRuaRcRDqtBNVwbKhPnyo", oauth_signature="2ZJjw4ZqUgK5VHak%2B%2BW4fugAMHI%3D", oauth_signature_method="HMAC-SHA1", oauth_timestamp="1368572152", oauth_version="1.0"
      Pulp-User: 
      - admin
      Content-Length: 
      - "197"
      User-Agent: 
      - Ruby
  response: 
    status: 
      code: 200
      message: OK
    headers: 
      Date: 
      - Tue, 14 May 2013 22:55:52 GMT
      Server: 
      - Apache/2.4.4 (Fedora) OpenSSL/1.0.1c-fips mod_wsgi/3.4 Python/2.7.3
      Content-Length: 
      - "2791"
      Content-Type: 
      - application/json
    body: 
      encoding: US-ASCII
      string: "[{\"updated\": \"2013-05-15T02:55:39Z\", \"repo_id\": \"1\", \"created\": \"2013-05-15T02:55:39Z\", \"_ns\": \"repo_content_units\", \"unit_id\": \"455f1b08-5cca-490e-ac0d-3d34f3fa7b14\", \"unit_type_id\": \"rpm\", \"owner_type\": \"importer\", \"_id\": {\"$oid\": \"5192c0ebf45cbb6f3e8a4f7b\"}, \"id\": \"5192c0ebf45cbb6f3e8a4f7b\", \"owner_id\": \"yum_importer\", \"metadata\": {\"buildhost\": \"dhcp-26-118.brq.redhat.com\", \"_content_type_id\": \"rpm\", \"vendor\": \"\", \"_ns\": \"units_rpm\", \"filename\": \"elephant-0.3-0.8.noarch.rpm\", \"epoch\": \"0\", \"version\": \"0.3\", \"provides\": [[\"elephant\", \"EQ\", [\"0\", \"0.3\", \"0.8\"]]], \"files\": {\"file\": [\"//elephant.txt\"]}, \"repodata\": {\"filelists\": \"\\n<package pkgid=\\\"3e1c70cd1b421328acaf6397cb3d16145306bb95f65d1b095fc31372a0a701f3\\\" name=\\\"elephant\\\" arch=\\\"noarch\\\">\\n    <version epoch=\\\"0\\\" ver=\\\"0.3\\\" rel=\\\"0.8\\\"/>\\n\\n    <file>//elephant.txt</file>\\n</package>\\n\", \"other\": \"\\n<package pkgid=\\\"3e1c70cd1b421328acaf6397cb3d16145306bb95f65d1b095fc31372a0a701f3\\\" name=\\\"elephant\\\" arch=\\\"noarch\\\">\\n    <version epoch=\\\"0\\\" ver=\\\"0.3\\\" rel=\\\"0.8\\\"/>\\n\\n</package>\\n\", \"primary\": \"\\n<package type=\\\"rpm\\\">\\n  <name>elephant</name>\\n  <arch>noarch</arch>\\n  <version epoch=\\\"0\\\" ver=\\\"0.3\\\" rel=\\\"0.8\\\"/>\\n  <checksum type=\\\"sha256\\\" pkgid=\\\"YES\\\">3e1c70cd1b421328acaf6397cb3d16145306bb95f65d1b095fc31372a0a701f3</checksum>\\n  <summary>A dummy package of elephant</summary>\\n  <description>A dummy package of elephant</description>\\n  <packager></packager>\\n  <url>http://tstrachota.fedorapeople.org</url>\\n  <time file=\\\"1321891027\\\" build=\\\"1308257466\\\"/>\\n  <size package=\\\"2244\\\" installed=\\\"42\\\" archive=\\\"296\\\"/>\\n<location href=\\\"elephant-0.3-0.8.noarch.rpm\\\"/>\\n  <format>\\n    <rpm:license>GPLv2</rpm:license>\\n    <rpm:vendor/>\\n    <rpm:group>Internet/Applications</rpm:group>\\n    <rpm:buildhost>dhcp-26-118.brq.redhat.com</rpm:buildhost>\\n    <rpm:sourcerpm>elephant-0.3-0.8.src.rpm</rpm:sourcerpm>\\n    <rpm:header-range start=\\\"280\\\" end=\\\"2028\\\"/>\\n    <rpm:provides>\\n      <rpm:entry name=\\\"elephant\\\" flags=\\\"EQ\\\" epoch=\\\"0\\\" ver=\\\"0.3\\\" rel=\\\"0.8\\\"/>\\n    </rpm:provides>\\n    <rpm:requires>\\n      <rpm:entry name=\\\"/bin/sh\\\" pre=\\\"1\\\"/>\\n    </rpm:requires>\\n  </format>\\n</package>\"}, \"description\": \"A dummy package of elephant\", \"arch\": \"noarch\", \"name\": \"elephant\", \"_storage_path\": \"/var/lib/pulp/content/rpm/.//elephant/0.3/0.8/noarch/3e1c70cd1b421328acaf6397cb3d16145306bb95f65d1b095fc31372a0a701f3/elephant-0.3-0.8.noarch.rpm\", \"checksumtype\": \"sha256\", \"license\": \"GPLv2\", \"changelog\": [], \"checksum\": \"3e1c70cd1b421328acaf6397cb3d16145306bb95f65d1b095fc31372a0a701f3\", \"filelist\": [\"//elephant.txt\"], \"relativepath\": \"elephant-0.3-0.8.noarch.rpm\", \"release\": \"0.8\", \"_id\": \"455f1b08-5cca-490e-ac0d-3d34f3fa7b14\", \"requires\": [[\"/bin/sh\", null, [null, null, null]]]}}]"
    http_version: 
  recorded_at: Tue, 14 May 2013 22:55:52 GMT
- request: 
    method: get
    uri: https://katello-f18-rails32/pulp/api/v2/tasks/?tag=pulp:action:sync
    body: 
      encoding: US-ASCII
      string: ""
    headers: 
      Accept: 
      - application/json
      Accept-Encoding: 
      - gzip, deflate
      Content-Type: 
      - application/json
      Authorization: 
      - OAuth oauth_consumer_key="katello", oauth_nonce="zS2iI1FUNMsP8Uyw4Jy62MuSoomYJ2OjQALizevxVL0", oauth_signature="yIlEBObi5FAsOdpFWJcdH9i7f2s%3D", oauth_signature_method="HMAC-SHA1", oauth_timestamp="1368572152", oauth_version="1.0"
      Pulp-User: 
      - admin
      User-Agent: 
      - Ruby
  response: 
    status: 
      code: 200
      message: OK
    headers: 
      Date: 
      - Tue, 14 May 2013 22:55:52 GMT
      Server: 
      - Apache/2.4.4 (Fedora) OpenSSL/1.0.1c-fips mod_wsgi/3.4 Python/2.7.3
      Content-Length: 
      - "6842"
      Content-Type: 
      - application/json
    body: 
      encoding: US-ASCII
      string: "[{\"task_group_id\": \"77c50f9e-0ac1-4d6a-b3c5-f1f5c36bb59c\", \"exception\": null, \"traceback\": null, \"task_id\": \"3a3d6a22-5a46-4dd6-823a-01391ea09751\", \"call_request_tags\": [\"pulp:repository:1\", \"pulp:action:sync\"], \"reasons\": [], \"start_time\": \"2013-05-14T22:55:31Z\", \"tags\": [\"pulp:repository:1\", \"pulp:action:sync\"], \"state\": \"finished\", \"finish_time\": \"2013-05-14T22:55:33Z\", \"dependency_failures\": {}, \"schedule_id\": null, \"progress\": {\"yum_importer\": {\"content\": {\"num_success\": 11, \"size_total\": 17872, \"items_left\": 0, \"items_total\": 11, \"state\": \"FINISHED\", \"size_left\": 0, \"details\": {\"tree_file\": {\"num_success\": 3, \"size_total\": 0, \"items_left\": 0, \"items_total\": 3, \"size_left\": 0, \"num_error\": 0}, \"rpm\": {\"num_success\": 8, \"size_total\": 17872, \"items_left\": 0, \"items_total\": 8, \"size_left\": 0, \"num_error\": 0}, \"delta_rpm\": {\"num_success\": 0, \"size_total\": 0, \"items_left\": 0, \"items_total\": 0, \"size_left\": 0, \"num_error\": 0}, \"file\": {\"num_success\": 0, \"size_total\": 0, \"items_left\": 0, \"items_total\": 0, \"size_left\": 0, \"num_error\": 0}}, \"error_details\": [], \"num_error\": 0}, \"comps\": {\"state\": \"FINISHED\"}, \"errata\": {\"state\": \"FINISHED\", \"num_errata\": 2}, \"metadata\": {\"state\": \"FINISHED\"}}}, \"call_request_group_id\": \"77c50f9e-0ac1-4d6a-b3c5-f1f5c36bb59c\", \"call_request_id\": \"3a3d6a22-5a46-4dd6-823a-01391ea09751\", \"principal_login\": \"admin\", \"response\": \"accepted\", \"result\": {\"importer_id\": \"yum_importer\", \"exception\": null, \"repo_id\": \"1\", \"traceback\": null, \"started\": \"2013-05-14T18:55:31-04:00\", \"_ns\": \"repo_sync_results\", \"completed\": \"2013-05-14T18:55:33-04:00\", \"importer_type_id\": \"yum_importer\", \"error_message\": null, \"summary\": {\"comps\": {\"time_total_sec\": 0.026777029037475586, \"num_orphaned_groups\": 0, \"num_available_groups\": 2, \"num_new_groups\": 2, \"num_new_categories\": 1, \"num_orphaned_categories\": 0, \"num_available_categories\": 1}, \"packages\": {\"num_synced_new_rpms\": 8, \"num_resynced_distribution_files\": 0, \"num_not_synced_srpms\": 0, \"num_synced_new_distributions_files\": 3, \"num_rpms\": 8, \"num_not_synced_drpms\": 0, \"time_total_sec\": 1.3338539600372314, \"num_orphaned_distributions\": 0, \"num_orphaned_rpms\": 0, \"num_synced_new_srpms\": 0, \"num_synced_new_drpms\": 0, \"num_resynced_distributions\": 0, \"num_orphaned_srpms\": 0, \"num_resynced_rpms\": 0, \"num_synced_new_distributions\": 1, \"num_orphaned_drpms\": 0, \"num_resynced_srpms\": 0, \"num_resynced_drpms\": 0, \"removal_errors\": [], \"num_not_synced_rpms\": 0}, \"errata\": {\"errata_time_total_sec\": 0.03138303756713867, \"num_existing_errata\": 0, \"num_orphaned_errata\": 0, \"num_new_errata\": 0}}, \"added_count\": 0, \"result\": \"success\", \"updated_count\": 14, \"details\": {\"comps\": {}, \"packages\": {\"time_download_sec\": 0.5403389930725098, \"not_synced\": [], \"time_metadata_sec\": 0.41040706634521484, \"size_total\": 17872, \"sync_report\": {\"errors\": 0, \"size_total\": 17872, \"successes\": 11, \"downloads\": 0, \"items_left\": 0, \"items_total\": 11, \"error_details\": [], \"details\": {\"tree_file\": {\"num_success\": 3, \"total_count\": 3, \"items_left\": 0, \"size_left\": 0, \"total_size_bytes\": 0, \"num_error\": 0}, \"rpm\": {\"num_success\": 8, \"total_count\": 8, \"items_left\": 0, \"size_left\": 0, \"total_size_bytes\": 17872, \"num_error\": 0}}, \"size_left\": 0}}, \"errata\": {\"num_bugfix_errata\": 0, \"link_report\": {\"missing_rpms\": [], \"linked_units\": []}, \"num_security_errata\": 0, \"num_enhancement_errata\": 0}}, \"id\": \"5192c0e5f45cbb6f3e8a4edf\", \"removed_count\": 0}}, {\"task_group_id\": \"be6cf7b1-82d1-495e-8bf9-33e6e496ab07\", \"exception\": null, \"traceback\": null, \"task_id\": \"4d30b39f-4d1a-420a-8cba-16732d4e426d\", \"call_request_tags\": [\"pulp:repository:1\", \"pulp:action:sync\"], \"reasons\": [], \"start_time\": \"2013-05-14T22:55:38Z\", \"tags\": [\"pulp:repository:1\", \"pulp:action:sync\"], \"state\": \"finished\", \"finish_time\": \"2013-05-14T22:55:40Z\", \"dependency_failures\": {}, \"schedule_id\": null, \"progress\": {\"yum_importer\": {\"content\": {\"num_success\": 11, \"size_total\": 17872, \"items_left\": 0, \"items_total\": 11, \"state\": \"FINISHED\", \"size_left\": 0, \"details\": {\"tree_file\": {\"num_success\": 3, \"size_total\": 0, \"items_left\": 0, \"items_total\": 3, \"size_left\": 0, \"num_error\": 0}, \"rpm\": {\"num_success\": 8, \"size_total\": 17872, \"items_left\": 0, \"items_total\": 8, \"size_left\": 0, \"num_error\": 0}, \"delta_rpm\": {\"num_success\": 0, \"size_total\": 0, \"items_left\": 0, \"items_total\": 0, \"size_left\": 0, \"num_error\": 0}, \"file\": {\"num_success\": 0, \"size_total\": 0, \"items_left\": 0, \"items_total\": 0, \"size_left\": 0, \"num_error\": 0}}, \"error_details\": [], \"num_error\": 0}, \"comps\": {\"state\": \"FINISHED\"}, \"errata\": {\"state\": \"FINISHED\", \"num_errata\": 2}, \"metadata\": {\"state\": \"FINISHED\"}}}, \"call_request_group_id\": \"be6cf7b1-82d1-495e-8bf9-33e6e496ab07\", \"call_request_id\": \"4d30b39f-4d1a-420a-8cba-16732d4e426d\", \"principal_login\": \"admin\", \"response\": \"accepted\", \"result\": {\"importer_id\": \"yum_importer\", \"exception\": null, \"repo_id\": \"1\", \"traceback\": null, \"started\": \"2013-05-14T18:55:38-04:00\", \"_ns\": \"repo_sync_results\", \"completed\": \"2013-05-14T18:55:40-04:00\", \"importer_type_id\": \"yum_importer\", \"error_message\": null, \"summary\": {\"comps\": {\"time_total_sec\": 0.03656196594238281, \"num_orphaned_groups\": 0, \"num_available_groups\": 2, \"num_new_groups\": 2, \"num_new_categories\": 1, \"num_orphaned_categories\": 0, \"num_available_categories\": 1}, \"packages\": {\"num_synced_new_rpms\": 8, \"num_resynced_distribution_files\": 0, \"num_not_synced_srpms\": 0, \"num_synced_new_distributions_files\": 3, \"num_rpms\": 8, \"num_not_synced_drpms\": 0, \"time_total_sec\": 1.4296820163726807, \"num_orphaned_distributions\": 0, \"num_orphaned_rpms\": 0, \"num_synced_new_srpms\": 0, \"num_synced_new_drpms\": 0, \"num_resynced_distributions\": 0, \"num_orphaned_srpms\": 0, \"num_resynced_rpms\": 0, \"num_synced_new_distributions\": 1, \"num_orphaned_drpms\": 0, \"num_resynced_srpms\": 0, \"num_resynced_drpms\": 0, \"removal_errors\": [], \"num_not_synced_rpms\": 0}, \"errata\": {\"errata_time_total_sec\": 0.03122997283935547, \"num_existing_errata\": 0, \"num_orphaned_errata\": 0, \"num_new_errata\": 0}}, \"added_count\": 0, \"result\": \"success\", \"updated_count\": 14, \"details\": {\"comps\": {}, \"packages\": {\"time_download_sec\": 0.5387179851531982, \"not_synced\": [], \"time_metadata_sec\": 0.4617321491241455, \"size_total\": 17872, \"sync_report\": {\"errors\": 0, \"size_total\": 17872, \"successes\": 11, \"downloads\": 0, \"items_left\": 0, \"items_total\": 11, \"error_details\": [], \"details\": {\"tree_file\": {\"num_success\": 3, \"total_count\": 3, \"items_left\": 0, \"size_left\": 0, \"total_size_bytes\": 0, \"num_error\": 0}, \"rpm\": {\"num_success\": 8, \"total_count\": 8, \"items_left\": 0, \"size_left\": 0, \"total_size_bytes\": 17872, \"num_error\": 0}}, \"size_left\": 0}}, \"errata\": {\"num_bugfix_errata\": 0, \"link_report\": {\"missing_rpms\": [], \"linked_units\": []}, \"num_security_errata\": 0, \"num_enhancement_errata\": 0}}, \"id\": \"5192c0ecf45cbb6f3e8a4f8c\", \"removed_count\": 0}}]"
    http_version: 
  recorded_at: Tue, 14 May 2013 22:55:52 GMT
- request: 
    method: post
    uri: https://katello-f18-rails32/pulp/api/v2/repositories/1/actions/sync/
    body: 
      encoding: US-ASCII
      string: "{\"override_config\":{\"num_threads\":4}}"
    headers: 
      Accept: 
      - application/json
      Accept-Encoding: 
      - gzip, deflate
      Content-Type: 
      - application/json
      Authorization: 
      - OAuth oauth_body_hash="2jmj7l5rSw0yVb%2FvlWAYkK%2FYBwk%3D", oauth_consumer_key="katello", oauth_nonce="kCv73VzuyRczrtNuRe7FAZb3CQWwWREpDkZdd7qq4", oauth_signature="GaQYfYEkKZ4TV43wAz6DmDjTgoc%3D", oauth_signature_method="HMAC-SHA1", oauth_timestamp="1368572153", oauth_version="1.0"
      Pulp-User: 
      - admin
      Content-Length: 
      - "37"
      User-Agent: 
      - Ruby
  response: 
    status: 
      code: 202
      message: Accepted
    headers: 
      Date: 
      - Tue, 14 May 2013 22:55:53 GMT
      Server: 
      - Apache/2.4.4 (Fedora) OpenSSL/1.0.1c-fips mod_wsgi/3.4 Python/2.7.3
      Content-Encoding: 
      - utf-8
      Content-Length: 
      - "670"
      Content-Type: 
      - application/json
    body: 
      encoding: US-ASCII
      string: "[{\"task_group_id\": \"e811f3c9-a593-4688-a9bf-f6bea1d87bc1\", \"exception\": null, \"traceback\": null, \"_href\": \"/pulp/api/v2/task_groups/e811f3c9-a593-4688-a9bf-f6bea1d87bc1/\", \"task_id\": \"358f98ec-f06d-48f1-a78b-85bc5a650559\", \"call_request_tags\": [\"pulp:repository:1\", \"pulp:action:sync\"], \"reasons\": [], \"start_time\": null, \"tags\": [\"pulp:repository:1\", \"pulp:action:sync\"], \"state\": \"waiting\", \"finish_time\": null, \"dependency_failures\": {}, \"schedule_id\": null, \"progress\": {}, \"call_request_group_id\": \"e811f3c9-a593-4688-a9bf-f6bea1d87bc1\", \"call_request_id\": \"358f98ec-f06d-48f1-a78b-85bc5a650559\", \"principal_login\": \"admin\", \"response\": \"accepted\", \"result\": null}]"
    http_version: 
  recorded_at: Tue, 14 May 2013 22:55:53 GMT
- request: 
    method: post
    uri: https://katello-f18-rails32/pulp/api/v2/repositories/
    body: 
      encoding: US-ASCII
      string: "{\"id\":\"1\",\"display_name\":\"Fedora 17 x86_64\",\"importer_type_id\":\"yum_importer\",\"importer_config\":{\"ssl_ca_cert\":null,\"ssl_client_cert\":null,\"ssl_client_key\":null,\"feed_url\":\"file:///home/ehelms/workspace/katello/test/fixtures/zoo5\"},\"distributors\":[{\"distributor_type\":\"yum_distributor\",\"distributor_config\":{\"relative_url\":\"/test_path/\",\"http\":false,\"https\":true,\"protected\":true},\"auto_publish\":false,\"distributor_id\":\"1\"}]}"
    headers: 
      Accept: 
      - application/json
      Accept-Encoding: 
      - gzip, deflate
      Content-Type: 
      - application/json
      Authorization: 
      - OAuth oauth_body_hash="2jmj7l5rSw0yVb%2FvlWAYkK%2FYBwk%3D", oauth_consumer_key="katello", oauth_nonce="E4zT8LvsfqXjCGn7mNsIMhOWCAE8VEgE9D9mdSa1LBM", oauth_signature="0Jb5ZO%2BN8SkohHfGu6%2F%2FKTV95nQ%3D", oauth_signature_method="HMAC-SHA1", oauth_timestamp="1368572158", oauth_version="1.0"
      Pulp-User: 
      - admin
      Content-Length: 
      - "425"
      User-Agent: 
      - Ruby
  response: 
    status: 
      code: 201
      message: Created
    headers: 
      Date: 
      - Tue, 14 May 2013 22:55:58 GMT
      Server: 
      - Apache/2.4.4 (Fedora) OpenSSL/1.0.1c-fips mod_wsgi/3.4 Python/2.7.3
      Location: 
      - "1"
      Content-Length: 
      - "228"
      Content-Type: 
      - application/json
    body: 
      encoding: US-ASCII
      string: "{\"scratchpad\": {}, \"display_name\": \"Fedora 17 x86_64\", \"description\": null, \"_ns\": \"repos\", \"notes\": {}, \"content_unit_counts\": {}, \"_id\": {\"$oid\": \"5192c0fef45cbb6f3e8a50e4\"}, \"id\": \"1\", \"_href\": \"/pulp/api/v2/repositories/1/\"}"
    http_version: 
  recorded_at: Tue, 14 May 2013 22:55:58 GMT
- request: 
    method: delete
    uri: https://katello-f18-rails32/pulp/api/v2/repositories/1/
    body: 
      encoding: US-ASCII
      string: ""
    headers: 
      Accept: 
      - application/json
      Accept-Encoding: 
      - gzip, deflate
      Content-Type: 
      - application/json
      Authorization: 
      - OAuth oauth_consumer_key="katello", oauth_nonce="gsF9JuEHsXAgxVCh2KpRdfY2qSOfY4vHzHW6meaEIqg", oauth_signature="lM0%2BErAeFaWK1ddSJ0EESV1zhCw%3D", oauth_signature_method="HMAC-SHA1", oauth_timestamp="1368572158", oauth_version="1.0"
      Pulp-User: 
      - admin
      User-Agent: 
      - Ruby
  response: 
    status: 
      code: 202
      message: Accepted
    headers: 
      Date: 
      - Tue, 14 May 2013 22:55:58 GMT
      Server: 
      - Apache/2.4.4 (Fedora) OpenSSL/1.0.1c-fips mod_wsgi/3.4 Python/2.7.3
      Content-Encoding: 
      - utf-8
      Content-Length: 
      - "674"
      Content-Type: 
      - application/json
    body: 
      encoding: US-ASCII
      string: "[{\"task_group_id\": \"ff921ac7-82b4-45e1-ab28-bc954a2a0419\", \"exception\": null, \"traceback\": null, \"_href\": \"/pulp/api/v2/task_groups/ff921ac7-82b4-45e1-ab28-bc954a2a0419/\", \"task_id\": \"aa2b2890-b1f6-4093-910e-53f88666aa02\", \"call_request_tags\": [\"pulp:repository:1\", \"pulp:action:delete\"], \"reasons\": [], \"start_time\": null, \"tags\": [\"pulp:repository:1\", \"pulp:action:delete\"], \"state\": \"waiting\", \"finish_time\": null, \"dependency_failures\": {}, \"schedule_id\": null, \"progress\": {}, \"call_request_group_id\": \"ff921ac7-82b4-45e1-ab28-bc954a2a0419\", \"call_request_id\": \"aa2b2890-b1f6-4093-910e-53f88666aa02\", \"principal_login\": \"admin\", \"response\": \"accepted\", \"result\": null}]"
    http_version: 
  recorded_at: Tue, 14 May 2013 22:55:58 GMT
recorded_with: VCR 2.4.0
