--- 
http_interactions: 
- request: 
    method: post
    uri: https://knifeparty.localdomain/pulp/api/v2/content/units/rpm/search/
    body: 
      string: "{\"criteria\":{\"filters\":{\"_id\":{\"$in\":[\"10029406-f6a5-4ffc-897b-3489a0b1ad5b\"]}}}}"
    headers: 
      Accept: 
      - application/json
      Authorization: 
      - OAuth oauth_body_hash="2jmj7l5rSw0yVb%2FvlWAYkK%2FYBwk%3D", oauth_consumer_key="katello", oauth_nonce="F8ME6KNK6rXK10khx2ggJqwJ2ekkX6Nsqu7qYP5Yqbk", oauth_signature="qJCgaqMgSzxRlbM1S8kYhVtMxIo%3D", oauth_signature_method="HMAC-SHA1", oauth_timestamp="1357780489", oauth_version="1.0"
      Pulp-User: 
      - admin
      Content-Type: 
      - application/json
      Content-Length: 
      - "81"
      Accept-Encoding: 
      - gzip, deflate
  response: 
    status: 
      code: 200
      message: OK
    headers: 
      Connection: 
      - close
      Server: 
      - Apache/2.2.22 (Fedora)
      Content-Type: 
      - application/json
      Content-Length: 
      - "2430"
      Date: 
      - Thu, 10 Jan 2013 01:14:49 GMT
    body: 
      string: "[{\"requires\": [[\"/bin/sh\", null, [null, null, null]]], \"_storage_path\": \"/var/lib/pulp/content/rpm/.//cheetah/0.3/0.8/noarch/422d0baa0cd9d7713ae796e886a23e17f578f924f74880debdbb7d65fb368dae/cheetah-0.3-0.8.noarch.rpm\", \"repodata\": {\"filelists\": \"\\n<package pkgid=\\\"422d0baa0cd9d7713ae796e886a23e17f578f924f74880debdbb7d65fb368dae\\\" name=\\\"cheetah\\\" arch=\\\"noarch\\\">\\n    <version epoch=\\\"0\\\" ver=\\\"0.3\\\" rel=\\\"0.8\\\"/>\\n\\n    <file>//cheetah.txt</file>\\n</package>\\n\", \"other\": \"\\n<package pkgid=\\\"422d0baa0cd9d7713ae796e886a23e17f578f924f74880debdbb7d65fb368dae\\\" name=\\\"cheetah\\\" arch=\\\"noarch\\\">\\n    <version epoch=\\\"0\\\" ver=\\\"0.3\\\" rel=\\\"0.8\\\"/>\\n\\n</package>\\n\", \"primary\": \"\\n<package type=\\\"rpm\\\">\\n  <name>cheetah</name>\\n  <arch>noarch</arch>\\n  <version epoch=\\\"0\\\" ver=\\\"0.3\\\" rel=\\\"0.8\\\"/>\\n  <checksum type=\\\"sha256\\\" pkgid=\\\"YES\\\">422d0baa0cd9d7713ae796e886a23e17f578f924f74880debdbb7d65fb368dae</checksum>\\n  <summary>A dummy package of cheetah</summary>\\n  <description>A dummy package of cheetah</description>\\n  <packager></packager>\\n  <url>http://tstrachota.fedorapeople.org</url>\\n  <time file=\\\"1321891028\\\" build=\\\"1308257472\\\"/>\\n  <size package=\\\"2232\\\" installed=\\\"2232\\\" archive=\\\"292\\\"/>\\n<location href=\\\"cheetah-0.3-0.8.noarch.rpm\\\"/>\\n  <format>\\n    <rpm:license>GPLv2</rpm:license>\\n    <rpm:vendor/>\\n    <rpm:group>Internet/Applications</rpm:group>\\n    <rpm:buildhost>dhcp-26-118.brq.redhat.com</rpm:buildhost>\\n    <rpm:sourcerpm>cheetah-0.3-0.8.src.rpm</rpm:sourcerpm>\\n    <rpm:header-range start=\\\"280\\\" end=\\\"2016\\\"/>\\n    <rpm:provides>\\n      <rpm:entry name=\\\"cheetah\\\" flags=\\\"EQ\\\" epoch=\\\"0\\\" ver=\\\"0.3\\\" rel=\\\"0.8\\\"/>\\n    </rpm:provides>\\n    <rpm:requires>\\n      <rpm:entry name=\\\"/bin/sh\\\" pre=\\\"1\\\"/>\\n    </rpm:requires>\\n  </format>\\n</package>\"}, \"checksumtype\": \"sha256\", \"license\": \"GPLv2\", \"checksum\": \"422d0baa0cd9d7713ae796e886a23e17f578f924f74880debdbb7d65fb368dae\", \"filename\": \"cheetah-0.3-0.8.noarch.rpm\", \"buildhost\": \"dhcp-26-118.brq.redhat.com\", \"epoch\": \"0\", \"version\": \"0.3\", \"relativepath\": \"cheetah-0.3-0.8.noarch.rpm\", \"provides\": [[\"cheetah\", \"EQ\", [\"0\", \"0.3\", \"0.8\"]]], \"_content_type_id\": \"rpm\", \"release\": \"0.8\", \"vendor\": \"\", \"_id\": \"10029406-f6a5-4ffc-897b-3489a0b1ad5b\", \"arch\": \"noarch\", \"name\": \"cheetah\", \"description\": \"A dummy package of cheetah\", \"_href\": \"/pulp/api/v2/content/units/rpm/10029406-f6a5-4ffc-897b-3489a0b1ad5b/\", \"children\": {}}]"
    http_version: 
  recorded_at: Thu, 10 Jan 2013 01:14:49 GMT
- request: 
    method: post
    uri: https://knifeparty.localdomain/pulp/api/v2/content/units/rpm/search/
    body: 
      string: "{\"criteria\":{\"filters\":{\"_id\":{\"$in\":[\"10029406-f6a5-4ffc-897b-3489a0b1ad5b\"]}}}}"
    headers: 
      Accept: 
      - application/json
      Authorization: 
      - OAuth oauth_body_hash="2jmj7l5rSw0yVb%2FvlWAYkK%2FYBwk%3D", oauth_consumer_key="katello", oauth_nonce="3kS6SQ9q29NdHJT1L1OtcLmDZytLEwbfVlX37MpI", oauth_signature="8CLpirUb7u2hUQemEQHRj7%2Bm5ZM%3D", oauth_signature_method="HMAC-SHA1", oauth_timestamp="1357780489", oauth_version="1.0"
      Pulp-User: 
      - admin
      Content-Type: 
      - application/json
      Content-Length: 
      - "81"
      Accept-Encoding: 
      - gzip, deflate
  response: 
    status: 
      code: 200
      message: OK
    headers: 
      Connection: 
      - close
      Server: 
      - Apache/2.2.22 (Fedora)
      Content-Type: 
      - application/json
      Content-Length: 
      - "2430"
      Date: 
      - Thu, 10 Jan 2013 01:14:49 GMT
    body: 
      string: "[{\"requires\": [[\"/bin/sh\", null, [null, null, null]]], \"_storage_path\": \"/var/lib/pulp/content/rpm/.//cheetah/0.3/0.8/noarch/422d0baa0cd9d7713ae796e886a23e17f578f924f74880debdbb7d65fb368dae/cheetah-0.3-0.8.noarch.rpm\", \"repodata\": {\"filelists\": \"\\n<package pkgid=\\\"422d0baa0cd9d7713ae796e886a23e17f578f924f74880debdbb7d65fb368dae\\\" name=\\\"cheetah\\\" arch=\\\"noarch\\\">\\n    <version epoch=\\\"0\\\" ver=\\\"0.3\\\" rel=\\\"0.8\\\"/>\\n\\n    <file>//cheetah.txt</file>\\n</package>\\n\", \"other\": \"\\n<package pkgid=\\\"422d0baa0cd9d7713ae796e886a23e17f578f924f74880debdbb7d65fb368dae\\\" name=\\\"cheetah\\\" arch=\\\"noarch\\\">\\n    <version epoch=\\\"0\\\" ver=\\\"0.3\\\" rel=\\\"0.8\\\"/>\\n\\n</package>\\n\", \"primary\": \"\\n<package type=\\\"rpm\\\">\\n  <name>cheetah</name>\\n  <arch>noarch</arch>\\n  <version epoch=\\\"0\\\" ver=\\\"0.3\\\" rel=\\\"0.8\\\"/>\\n  <checksum type=\\\"sha256\\\" pkgid=\\\"YES\\\">422d0baa0cd9d7713ae796e886a23e17f578f924f74880debdbb7d65fb368dae</checksum>\\n  <summary>A dummy package of cheetah</summary>\\n  <description>A dummy package of cheetah</description>\\n  <packager></packager>\\n  <url>http://tstrachota.fedorapeople.org</url>\\n  <time file=\\\"1321891028\\\" build=\\\"1308257472\\\"/>\\n  <size package=\\\"2232\\\" installed=\\\"2232\\\" archive=\\\"292\\\"/>\\n<location href=\\\"cheetah-0.3-0.8.noarch.rpm\\\"/>\\n  <format>\\n    <rpm:license>GPLv2</rpm:license>\\n    <rpm:vendor/>\\n    <rpm:group>Internet/Applications</rpm:group>\\n    <rpm:buildhost>dhcp-26-118.brq.redhat.com</rpm:buildhost>\\n    <rpm:sourcerpm>cheetah-0.3-0.8.src.rpm</rpm:sourcerpm>\\n    <rpm:header-range start=\\\"280\\\" end=\\\"2016\\\"/>\\n    <rpm:provides>\\n      <rpm:entry name=\\\"cheetah\\\" flags=\\\"EQ\\\" epoch=\\\"0\\\" ver=\\\"0.3\\\" rel=\\\"0.8\\\"/>\\n    </rpm:provides>\\n    <rpm:requires>\\n      <rpm:entry name=\\\"/bin/sh\\\" pre=\\\"1\\\"/>\\n    </rpm:requires>\\n  </format>\\n</package>\"}, \"checksumtype\": \"sha256\", \"license\": \"GPLv2\", \"checksum\": \"422d0baa0cd9d7713ae796e886a23e17f578f924f74880debdbb7d65fb368dae\", \"filename\": \"cheetah-0.3-0.8.noarch.rpm\", \"buildhost\": \"dhcp-26-118.brq.redhat.com\", \"epoch\": \"0\", \"version\": \"0.3\", \"relativepath\": \"cheetah-0.3-0.8.noarch.rpm\", \"provides\": [[\"cheetah\", \"EQ\", [\"0\", \"0.3\", \"0.8\"]]], \"_content_type_id\": \"rpm\", \"release\": \"0.8\", \"vendor\": \"\", \"_id\": \"10029406-f6a5-4ffc-897b-3489a0b1ad5b\", \"arch\": \"noarch\", \"name\": \"cheetah\", \"description\": \"A dummy package of cheetah\", \"_href\": \"/pulp/api/v2/content/units/rpm/10029406-f6a5-4ffc-897b-3489a0b1ad5b/\", \"children\": {}}]"
    http_version: 
  recorded_at: Thu, 10 Jan 2013 01:14:49 GMT
- request: 
    method: post
    uri: https://knifeparty.localdomain/pulp/api/v2/repositories/1/search/units/
    body: 
      string: "{\"criteria\":{\"type_ids\":[\"rpm\"]}}"
    headers: 
      Accept: 
      - application/json
      Authorization: 
      - OAuth oauth_body_hash="2jmj7l5rSw0yVb%2FvlWAYkK%2FYBwk%3D", oauth_consumer_key="katello", oauth_nonce="m5qj7ZdNwHuHwX3mmjmxUxWUAlektUJC9RSZQ7nz0", oauth_signature="%2Bb07WIa4MWbRwWL4l2egYd%2BWSV4%3D", oauth_signature_method="HMAC-SHA1", oauth_timestamp="1357780493", oauth_version="1.0"
      Pulp-User: 
      - admin
      Content-Type: 
      - application/json
      Content-Length: 
      - "33"
      Accept-Encoding: 
      - gzip, deflate
  response: 
    status: 
      code: 200
      message: OK
    headers: 
      Connection: 
      - close
      Server: 
      - Apache/2.2.22 (Fedora)
      Content-Type: 
      - application/json
      Content-Length: 
      - "21464"
      Date: 
      - Thu, 10 Jan 2013 01:14:53 GMT
    body: 
      string: "[{\"updated\": \"2013-01-10T06:14:51Z\", \"repo_id\": \"1\", \"created\": \"2013-01-10T06:14:51Z\", \"_ns\": \"repo_content_units\", \"unit_id\": \"10029406-f6a5-4ffc-897b-3489a0b1ad5b\", \"unit_type_id\": \"rpm\", \"owner_type\": \"importer\", \"_id\": {\"$oid\": \"50ee160bdc792129cb0026c8\"}, \"id\": \"50ee160bdc792129cb0026c8\", \"owner_id\": \"yum_importer\", \"metadata\": {\"requires\": [[\"/bin/sh\", null, [null, null, null]]], \"_storage_path\": \"/var/lib/pulp/content/rpm/.//cheetah/0.3/0.8/noarch/422d0baa0cd9d7713ae796e886a23e17f578f924f74880debdbb7d65fb368dae/cheetah-0.3-0.8.noarch.rpm\", \"repodata\": {\"filelists\": \"\\n<package pkgid=\\\"422d0baa0cd9d7713ae796e886a23e17f578f924f74880debdbb7d65fb368dae\\\" name=\\\"cheetah\\\" arch=\\\"noarch\\\">\\n    <version epoch=\\\"0\\\" ver=\\\"0.3\\\" rel=\\\"0.8\\\"/>\\n\\n    <file>//cheetah.txt</file>\\n</package>\\n\", \"other\": \"\\n<package pkgid=\\\"422d0baa0cd9d7713ae796e886a23e17f578f924f74880debdbb7d65fb368dae\\\" name=\\\"cheetah\\\" arch=\\\"noarch\\\">\\n    <version epoch=\\\"0\\\" ver=\\\"0.3\\\" rel=\\\"0.8\\\"/>\\n\\n</package>\\n\", \"primary\": \"\\n<package type=\\\"rpm\\\">\\n  <name>cheetah</name>\\n  <arch>noarch</arch>\\n  <version epoch=\\\"0\\\" ver=\\\"0.3\\\" rel=\\\"0.8\\\"/>\\n  <checksum type=\\\"sha256\\\" pkgid=\\\"YES\\\">422d0baa0cd9d7713ae796e886a23e17f578f924f74880debdbb7d65fb368dae</checksum>\\n  <summary>A dummy package of cheetah</summary>\\n  <description>A dummy package of cheetah</description>\\n  <packager></packager>\\n  <url>http://tstrachota.fedorapeople.org</url>\\n  <time file=\\\"1321891028\\\" build=\\\"1308257472\\\"/>\\n  <size package=\\\"2232\\\" installed=\\\"2232\\\" archive=\\\"292\\\"/>\\n<location href=\\\"cheetah-0.3-0.8.noarch.rpm\\\"/>\\n  <format>\\n    <rpm:license>GPLv2</rpm:license>\\n    <rpm:vendor/>\\n    <rpm:group>Internet/Applications</rpm:group>\\n    <rpm:buildhost>dhcp-26-118.brq.redhat.com</rpm:buildhost>\\n    <rpm:sourcerpm>cheetah-0.3-0.8.src.rpm</rpm:sourcerpm>\\n    <rpm:header-range start=\\\"280\\\" end=\\\"2016\\\"/>\\n    <rpm:provides>\\n      <rpm:entry name=\\\"cheetah\\\" flags=\\\"EQ\\\" epoch=\\\"0\\\" ver=\\\"0.3\\\" rel=\\\"0.8\\\"/>\\n    </rpm:provides>\\n    <rpm:requires>\\n      <rpm:entry name=\\\"/bin/sh\\\" pre=\\\"1\\\"/>\\n    </rpm:requires>\\n  </format>\\n</package>\"}, \"checksumtype\": \"sha256\", \"license\": \"GPLv2\", \"_ns\": \"units_rpm\", \"checksum\": \"422d0baa0cd9d7713ae796e886a23e17f578f924f74880debdbb7d65fb368dae\", \"filename\": \"cheetah-0.3-0.8.noarch.rpm\", \"buildhost\": \"dhcp-26-118.brq.redhat.com\", \"epoch\": \"0\", \"version\": \"0.3\", \"relativepath\": \"cheetah-0.3-0.8.noarch.rpm\", \"provides\": [[\"cheetah\", \"EQ\", [\"0\", \"0.3\", \"0.8\"]]], \"_content_type_id\": \"rpm\", \"release\": \"0.8\", \"vendor\": \"\", \"_id\": \"10029406-f6a5-4ffc-897b-3489a0b1ad5b\", \"arch\": \"noarch\", \"name\": \"cheetah\", \"description\": \"A dummy package of cheetah\"}}, {\"updated\": \"2013-01-10T06:14:51Z\", \"repo_id\": \"1\", \"created\": \"2013-01-10T06:14:51Z\", \"_ns\": \"repo_content_units\", \"unit_id\": \"51044984-19c0-40f8-9d5e-1e465c5b602a\", \"unit_type_id\": \"rpm\", \"owner_type\": \"importer\", \"_id\": {\"$oid\": \"50ee160bdc792129cb0026c4\"}, \"id\": \"50ee160bdc792129cb0026c4\", \"owner_id\": \"yum_importer\", \"metadata\": {\"requires\": [[\"/bin/sh\", null, [null, null, null]]], \"_storage_path\": \"/var/lib/pulp/content/rpm/.//elephant/0.3/0.8/noarch/3e1c70cd1b421328acaf6397cb3d16145306bb95f65d1b095fc31372a0a701f3/elephant-0.3-0.8.noarch.rpm\", \"repodata\": {\"filelists\": \"\\n<package pkgid=\\\"3e1c70cd1b421328acaf6397cb3d16145306bb95f65d1b095fc31372a0a701f3\\\" name=\\\"elephant\\\" arch=\\\"noarch\\\">\\n    <version epoch=\\\"0\\\" ver=\\\"0.3\\\" rel=\\\"0.8\\\"/>\\n\\n    <file>//elephant.txt</file>\\n</package>\\n\", \"other\": \"\\n<package pkgid=\\\"3e1c70cd1b421328acaf6397cb3d16145306bb95f65d1b095fc31372a0a701f3\\\" name=\\\"elephant\\\" arch=\\\"noarch\\\">\\n    <version epoch=\\\"0\\\" ver=\\\"0.3\\\" rel=\\\"0.8\\\"/>\\n\\n</package>\\n\", \"primary\": \"\\n<package type=\\\"rpm\\\">\\n  <name>elephant</name>\\n  <arch>noarch</arch>\\n  <version epoch=\\\"0\\\" ver=\\\"0.3\\\" rel=\\\"0.8\\\"/>\\n  <checksum type=\\\"sha256\\\" pkgid=\\\"YES\\\">3e1c70cd1b421328acaf6397cb3d16145306bb95f65d1b095fc31372a0a701f3</checksum>\\n  <summary>A dummy package of elephant</summary>\\n  <description>A dummy package of elephant</description>\\n  <packager></packager>\\n  <url>http://tstrachota.fedorapeople.org</url>\\n  <time file=\\\"1321891027\\\" build=\\\"1308257466\\\"/>\\n  <size package=\\\"2244\\\" installed=\\\"2244\\\" archive=\\\"296\\\"/>\\n<location href=\\\"elephant-0.3-0.8.noarch.rpm\\\"/>\\n  <format>\\n    <rpm:license>GPLv2</rpm:license>\\n    <rpm:vendor/>\\n    <rpm:group>Internet/Applications</rpm:group>\\n    <rpm:buildhost>dhcp-26-118.brq.redhat.com</rpm:buildhost>\\n    <rpm:sourcerpm>elephant-0.3-0.8.src.rpm</rpm:sourcerpm>\\n    <rpm:header-range start=\\\"280\\\" end=\\\"2028\\\"/>\\n    <rpm:provides>\\n      <rpm:entry name=\\\"elephant\\\" flags=\\\"EQ\\\" epoch=\\\"0\\\" ver=\\\"0.3\\\" rel=\\\"0.8\\\"/>\\n    </rpm:provides>\\n    <rpm:requires>\\n      <rpm:entry name=\\\"/bin/sh\\\" pre=\\\"1\\\"/>\\n    </rpm:requires>\\n  </format>\\n</package>\"}, \"checksumtype\": \"sha256\", \"license\": \"GPLv2\", \"_ns\": \"units_rpm\", \"checksum\": \"3e1c70cd1b421328acaf6397cb3d16145306bb95f65d1b095fc31372a0a701f3\", \"filename\": \"elephant-0.3-0.8.noarch.rpm\", \"buildhost\": \"dhcp-26-118.brq.redhat.com\", \"epoch\": \"0\", \"version\": \"0.3\", \"relativepath\": \"elephant-0.3-0.8.noarch.rpm\", \"provides\": [[\"elephant\", \"EQ\", [\"0\", \"0.3\", \"0.8\"]]], \"_content_type_id\": \"rpm\", \"release\": \"0.8\", \"vendor\": \"\", \"_id\": \"51044984-19c0-40f8-9d5e-1e465c5b602a\", \"arch\": \"noarch\", \"name\": \"elephant\", \"description\": \"A dummy package of elephant\"}}, {\"updated\": \"2013-01-10T06:14:51Z\", \"repo_id\": \"1\", \"created\": \"2013-01-10T06:14:51Z\", \"_ns\": \"repo_content_units\", \"unit_id\": \"73f2147a-9fab-4413-b01a-181710c4e567\", \"unit_type_id\": \"rpm\", \"owner_type\": \"importer\", \"_id\": {\"$oid\": \"50ee160bdc792129cb0026c3\"}, \"id\": \"50ee160bdc792129cb0026c3\", \"owner_id\": \"yum_importer\", \"metadata\": {\"requires\": [[\"/bin/sh\", null, [null, null, null]]], \"_storage_path\": \"/var/lib/pulp/content/rpm/.//giraffe/0.3/0.8/noarch/f25d67d1d9da04f12e57ca323247b43891ac46533e355b82de6d1922009f9f14/giraffe-0.3-0.8.noarch.rpm\", \"repodata\": {\"filelists\": \"\\n<package pkgid=\\\"f25d67d1d9da04f12e57ca323247b43891ac46533e355b82de6d1922009f9f14\\\" name=\\\"giraffe\\\" arch=\\\"noarch\\\">\\n    <version epoch=\\\"0\\\" ver=\\\"0.3\\\" rel=\\\"0.8\\\"/>\\n\\n    <file>//giraffe.txt</file>\\n</package>\\n\", \"other\": \"\\n<package pkgid=\\\"f25d67d1d9da04f12e57ca323247b43891ac46533e355b82de6d1922009f9f14\\\" name=\\\"giraffe\\\" arch=\\\"noarch\\\">\\n    <version epoch=\\\"0\\\" ver=\\\"0.3\\\" rel=\\\"0.8\\\"/>\\n\\n</package>\\n\", \"primary\": \"\\n<package type=\\\"rpm\\\">\\n  <name>giraffe</name>\\n  <arch>noarch</arch>\\n  <version epoch=\\\"0\\\" ver=\\\"0.3\\\" rel=\\\"0.8\\\"/>\\n  <checksum type=\\\"sha256\\\" pkgid=\\\"YES\\\">f25d67d1d9da04f12e57ca323247b43891ac46533e355b82de6d1922009f9f14</checksum>\\n  <summary>A dummy package of giraffe</summary>\\n  <description>A dummy package of giraffe</description>\\n  <packager></packager>\\n  <url>http://tstrachota.fedorapeople.org</url>\\n  <time file=\\\"1321891027\\\" build=\\\"1308257414\\\"/>\\n  <size package=\\\"2236\\\" installed=\\\"2236\\\" archive=\\\"292\\\"/>\\n<location href=\\\"giraffe-0.3-0.8.noarch.rpm\\\"/>\\n  <format>\\n    <rpm:license>GPLv2</rpm:license>\\n    <rpm:vendor/>\\n    <rpm:group>Internet/Applications</rpm:group>\\n    <rpm:buildhost>dhcp-26-118.brq.redhat.com</rpm:buildhost>\\n    <rpm:sourcerpm>giraffe-0.3-0.8.src.rpm</rpm:sourcerpm>\\n    <rpm:header-range start=\\\"280\\\" end=\\\"2016\\\"/>\\n    <rpm:provides>\\n      <rpm:entry name=\\\"giraffe\\\" flags=\\\"EQ\\\" epoch=\\\"0\\\" ver=\\\"0.3\\\" rel=\\\"0.8\\\"/>\\n    </rpm:provides>\\n    <rpm:requires>\\n      <rpm:entry name=\\\"/bin/sh\\\" pre=\\\"1\\\"/>\\n    </rpm:requires>\\n  </format>\\n</package>\"}, \"checksumtype\": \"sha256\", \"license\": \"GPLv2\", \"_ns\": \"units_rpm\", \"checksum\": \"f25d67d1d9da04f12e57ca323247b43891ac46533e355b82de6d1922009f9f14\", \"filename\": \"giraffe-0.3-0.8.noarch.rpm\", \"buildhost\": \"dhcp-26-118.brq.redhat.com\", \"epoch\": \"0\", \"version\": \"0.3\", \"relativepath\": \"giraffe-0.3-0.8.noarch.rpm\", \"provides\": [[\"giraffe\", \"EQ\", [\"0\", \"0.3\", \"0.8\"]]], \"_content_type_id\": \"rpm\", \"release\": \"0.8\", \"vendor\": \"\", \"_id\": \"73f2147a-9fab-4413-b01a-181710c4e567\", \"arch\": \"noarch\", \"name\": \"giraffe\", \"description\": \"A dummy package of giraffe\"}}, {\"updated\": \"2013-01-10T06:14:51Z\", \"repo_id\": \"1\", \"created\": \"2013-01-10T06:14:51Z\", \"_ns\": \"repo_content_units\", \"unit_id\": \"6e16e024-798c-4719-b54f-0bd3a36915d6\", \"unit_type_id\": \"rpm\", \"owner_type\": \"importer\", \"_id\": {\"$oid\": \"50ee160bdc792129cb0026c5\"}, \"id\": \"50ee160bdc792129cb0026c5\", \"owner_id\": \"yum_importer\", \"metadata\": {\"requires\": [[\"/bin/sh\", null, [null, null, null]]], \"_storage_path\": \"/var/lib/pulp/content/rpm/.//lion/0.3/0.8/noarch/12400dc95c23a4c160725a908716cd3fcdd7a8981585437ab64cd62efa3e4ae4/lion-0.3-0.8.noarch.rpm\", \"repodata\": {\"filelists\": \"\\n<package pkgid=\\\"12400dc95c23a4c160725a908716cd3fcdd7a8981585437ab64cd62efa3e4ae4\\\" name=\\\"lion\\\" arch=\\\"noarch\\\">\\n    <version epoch=\\\"0\\\" ver=\\\"0.3\\\" rel=\\\"0.8\\\"/>\\n\\n    <file>//lion.txt</file>\\n</package>\\n\", \"other\": \"\\n<package pkgid=\\\"12400dc95c23a4c160725a908716cd3fcdd7a8981585437ab64cd62efa3e4ae4\\\" name=\\\"lion\\\" arch=\\\"noarch\\\">\\n    <version epoch=\\\"0\\\" ver=\\\"0.3\\\" rel=\\\"0.8\\\"/>\\n\\n</package>\\n\", \"primary\": \"\\n<package type=\\\"rpm\\\">\\n  <name>lion</name>\\n  <arch>noarch</arch>\\n  <version epoch=\\\"0\\\" ver=\\\"0.3\\\" rel=\\\"0.8\\\"/>\\n  <checksum type=\\\"sha256\\\" pkgid=\\\"YES\\\">12400dc95c23a4c160725a908716cd3fcdd7a8981585437ab64cd62efa3e4ae4</checksum>\\n  <summary>A dummy package of lion</summary>\\n  <description>A dummy package of lion</description>\\n  <packager></packager>\\n  <url>http://tstrachota.fedorapeople.org</url>\\n  <time file=\\\"1321891028\\\" build=\\\"1308257455\\\"/>\\n  <size package=\\\"2212\\\" installed=\\\"2212\\\" archive=\\\"292\\\"/>\\n<location href=\\\"lion-0.3-0.8.noarch.rpm\\\"/>\\n  <format>\\n    <rpm:license>GPLv2</rpm:license>\\n    <rpm:vendor/>\\n    <rpm:group>Internet/Applications</rpm:group>\\n    <rpm:buildhost>dhcp-26-118.brq.redhat.com</rpm:buildhost>\\n    <rpm:sourcerpm>lion-0.3-0.8.src.rpm</rpm:sourcerpm>\\n    <rpm:header-range start=\\\"280\\\" end=\\\"2000\\\"/>\\n    <rpm:provides>\\n      <rpm:entry name=\\\"lion\\\" flags=\\\"EQ\\\" epoch=\\\"0\\\" ver=\\\"0.3\\\" rel=\\\"0.8\\\"/>\\n    </rpm:provides>\\n    <rpm:requires>\\n      <rpm:entry name=\\\"/bin/sh\\\" pre=\\\"1\\\"/>\\n    </rpm:requires>\\n  </format>\\n</package>\"}, \"checksumtype\": \"sha256\", \"license\": \"GPLv2\", \"_ns\": \"units_rpm\", \"checksum\": \"12400dc95c23a4c160725a908716cd3fcdd7a8981585437ab64cd62efa3e4ae4\", \"filename\": \"lion-0.3-0.8.noarch.rpm\", \"buildhost\": \"dhcp-26-118.brq.redhat.com\", \"epoch\": \"0\", \"version\": \"0.3\", \"relativepath\": \"lion-0.3-0.8.noarch.rpm\", \"provides\": [[\"lion\", \"EQ\", [\"0\", \"0.3\", \"0.8\"]]], \"_content_type_id\": \"rpm\", \"release\": \"0.8\", \"vendor\": \"\", \"_id\": \"6e16e024-798c-4719-b54f-0bd3a36915d6\", \"arch\": \"noarch\", \"name\": \"lion\", \"description\": \"A dummy package of lion\"}}, {\"updated\": \"2013-01-10T06:14:51Z\", \"repo_id\": \"1\", \"created\": \"2013-01-10T06:14:51Z\", \"_ns\": \"repo_content_units\", \"unit_id\": \"63807174-414e-46d4-ada3-f66b4b150d76\", \"unit_type_id\": \"rpm\", \"owner_type\": \"importer\", \"_id\": {\"$oid\": \"50ee160bdc792129cb0026c6\"}, \"id\": \"50ee160bdc792129cb0026c6\", \"owner_id\": \"yum_importer\", \"metadata\": {\"requires\": [[\"/bin/sh\", null, [null, null, null]]], \"_storage_path\": \"/var/lib/pulp/content/rpm/.//monkey/0.3/0.8/noarch/0e8fa50d0128fbabc7ccc5632e3fa25d39b0280169f6166cb8e2c84de8501db1/monkey-0.3-0.8.noarch.rpm\", \"repodata\": {\"filelists\": \"\\n<package pkgid=\\\"0e8fa50d0128fbabc7ccc5632e3fa25d39b0280169f6166cb8e2c84de8501db1\\\" name=\\\"monkey\\\" arch=\\\"noarch\\\">\\n    <version epoch=\\\"0\\\" ver=\\\"0.3\\\" rel=\\\"0.8\\\"/>\\n\\n    <file>//monkey.txt</file>\\n</package>\\n\", \"other\": \"\\n<package pkgid=\\\"0e8fa50d0128fbabc7ccc5632e3fa25d39b0280169f6166cb8e2c84de8501db1\\\" name=\\\"monkey\\\" arch=\\\"noarch\\\">\\n    <version epoch=\\\"0\\\" ver=\\\"0.3\\\" rel=\\\"0.8\\\"/>\\n\\n</package>\\n\", \"primary\": \"\\n<package type=\\\"rpm\\\">\\n  <name>monkey</name>\\n  <arch>noarch</arch>\\n  <version epoch=\\\"0\\\" ver=\\\"0.3\\\" rel=\\\"0.8\\\"/>\\n  <checksum type=\\\"sha256\\\" pkgid=\\\"YES\\\">0e8fa50d0128fbabc7ccc5632e3fa25d39b0280169f6166cb8e2c84de8501db1</checksum>\\n  <summary>A dummy package of monkey</summary>\\n  <description>A dummy package of monkey</description>\\n  <packager></packager>\\n  <url>http://tstrachota.fedorapeople.org</url>\\n  <time file=\\\"1321891029\\\" build=\\\"1308257260\\\"/>\\n  <size package=\\\"2232\\\" installed=\\\"2232\\\" archive=\\\"292\\\"/>\\n<location href=\\\"monkey-0.3-0.8.noarch.rpm\\\"/>\\n  <format>\\n    <rpm:license>GPLv2</rpm:license>\\n    <rpm:vendor/>\\n    <rpm:group>Internet/Applications</rpm:group>\\n    <rpm:buildhost>dhcp-26-118.brq.redhat.com</rpm:buildhost>\\n    <rpm:sourcerpm>monkey-0.3-0.8.src.rpm</rpm:sourcerpm>\\n    <rpm:header-range start=\\\"280\\\" end=\\\"2016\\\"/>\\n    <rpm:provides>\\n      <rpm:entry name=\\\"monkey\\\" flags=\\\"EQ\\\" epoch=\\\"0\\\" ver=\\\"0.3\\\" rel=\\\"0.8\\\"/>\\n    </rpm:provides>\\n    <rpm:requires>\\n      <rpm:entry name=\\\"/bin/sh\\\" pre=\\\"1\\\"/>\\n    </rpm:requires>\\n  </format>\\n</package>\"}, \"checksumtype\": \"sha256\", \"license\": \"GPLv2\", \"_ns\": \"units_rpm\", \"checksum\": \"0e8fa50d0128fbabc7ccc5632e3fa25d39b0280169f6166cb8e2c84de8501db1\", \"filename\": \"monkey-0.3-0.8.noarch.rpm\", \"buildhost\": \"dhcp-26-118.brq.redhat.com\", \"epoch\": \"0\", \"version\": \"0.3\", \"relativepath\": \"monkey-0.3-0.8.noarch.rpm\", \"provides\": [[\"monkey\", \"EQ\", [\"0\", \"0.3\", \"0.8\"]]], \"_content_type_id\": \"rpm\", \"release\": \"0.8\", \"vendor\": \"\", \"_id\": \"63807174-414e-46d4-ada3-f66b4b150d76\", \"arch\": \"noarch\", \"name\": \"monkey\", \"description\": \"A dummy package of monkey\"}}, {\"updated\": \"2013-01-10T06:14:51Z\", \"repo_id\": \"1\", \"created\": \"2013-01-10T06:14:51Z\", \"_ns\": \"repo_content_units\", \"unit_id\": \"255411cf-2420-45ff-be30-d514e92c649f\", \"unit_type_id\": \"rpm\", \"owner_type\": \"importer\", \"_id\": {\"$oid\": \"50ee160bdc792129cb0026c7\"}, \"id\": \"50ee160bdc792129cb0026c7\", \"owner_id\": \"yum_importer\", \"metadata\": {\"requires\": [[\"/bin/sh\", null, [null, null, null]]], \"_storage_path\": \"/var/lib/pulp/content/rpm/.//penguin/0.3/0.8/noarch/3fcb2c927de9e13bf68469032a28b139d3e5ad2e58564fc210fd6e48635be694/penguin-0.3-0.8.noarch.rpm\", \"repodata\": {\"filelists\": \"\\n<package pkgid=\\\"3fcb2c927de9e13bf68469032a28b139d3e5ad2e58564fc210fd6e48635be694\\\" name=\\\"penguin\\\" arch=\\\"noarch\\\">\\n    <version epoch=\\\"0\\\" ver=\\\"0.3\\\" rel=\\\"0.8\\\"/>\\n\\n    <file>//penguin.txt</file>\\n</package>\\n\", \"other\": \"\\n<package pkgid=\\\"3fcb2c927de9e13bf68469032a28b139d3e5ad2e58564fc210fd6e48635be694\\\" name=\\\"penguin\\\" arch=\\\"noarch\\\">\\n    <version epoch=\\\"0\\\" ver=\\\"0.3\\\" rel=\\\"0.8\\\"/>\\n\\n</package>\\n\", \"primary\": \"\\n<package type=\\\"rpm\\\">\\n  <name>penguin</name>\\n  <arch>noarch</arch>\\n  <version epoch=\\\"0\\\" ver=\\\"0.3\\\" rel=\\\"0.8\\\"/>\\n  <checksum type=\\\"sha256\\\" pkgid=\\\"YES\\\">3fcb2c927de9e13bf68469032a28b139d3e5ad2e58564fc210fd6e48635be694</checksum>\\n  <summary>A dummy package of penguin</summary>\\n  <description>A dummy package of penguin</description>\\n  <packager></packager>\\n  <url>http://tstrachota.fedorapeople.org</url>\\n  <time file=\\\"1321891029\\\" build=\\\"1308257460\\\"/>\\n  <size package=\\\"2232\\\" installed=\\\"2232\\\" archive=\\\"292\\\"/>\\n<location href=\\\"penguin-0.3-0.8.noarch.rpm\\\"/>\\n  <format>\\n    <rpm:license>GPLv2</rpm:license>\\n    <rpm:vendor/>\\n    <rpm:group>Internet/Applications</rpm:group>\\n    <rpm:buildhost>dhcp-26-118.brq.redhat.com</rpm:buildhost>\\n    <rpm:sourcerpm>penguin-0.3-0.8.src.rpm</rpm:sourcerpm>\\n    <rpm:header-range start=\\\"280\\\" end=\\\"2016\\\"/>\\n    <rpm:provides>\\n      <rpm:entry name=\\\"penguin\\\" flags=\\\"EQ\\\" epoch=\\\"0\\\" ver=\\\"0.3\\\" rel=\\\"0.8\\\"/>\\n    </rpm:provides>\\n    <rpm:requires>\\n      <rpm:entry name=\\\"/bin/sh\\\" pre=\\\"1\\\"/>\\n    </rpm:requires>\\n  </format>\\n</package>\"}, \"checksumtype\": \"sha256\", \"license\": \"GPLv2\", \"_ns\": \"units_rpm\", \"checksum\": \"3fcb2c927de9e13bf68469032a28b139d3e5ad2e58564fc210fd6e48635be694\", \"filename\": \"penguin-0.3-0.8.noarch.rpm\", \"buildhost\": \"dhcp-26-118.brq.redhat.com\", \"epoch\": \"0\", \"version\": \"0.3\", \"relativepath\": \"penguin-0.3-0.8.noarch.rpm\", \"provides\": [[\"penguin\", \"EQ\", [\"0\", \"0.3\", \"0.8\"]]], \"_content_type_id\": \"rpm\", \"release\": \"0.8\", \"vendor\": \"\", \"_id\": \"255411cf-2420-45ff-be30-d514e92c649f\", \"arch\": \"noarch\", \"name\": \"penguin\", \"description\": \"A dummy package of penguin\"}}, {\"updated\": \"2013-01-10T06:14:51Z\", \"repo_id\": \"1\", \"created\": \"2013-01-10T06:14:51Z\", \"_ns\": \"repo_content_units\", \"unit_id\": \"55c5d908-d289-46a8-8881-0332fcb5b68b\", \"unit_type_id\": \"rpm\", \"owner_type\": \"importer\", \"_id\": {\"$oid\": \"50ee160bdc792129cb0026ca\"}, \"id\": \"50ee160bdc792129cb0026ca\", \"owner_id\": \"yum_importer\", \"metadata\": {\"requires\": [[\"/bin/sh\", null, [null, null, null]]], \"_storage_path\": \"/var/lib/pulp/content/rpm/.//squirrel/0.3/0.8/noarch/251768bdd15f13d78487c27638aa6aecd01551e253756093cde1c0ae878a17d2/squirrel-0.3-0.8.noarch.rpm\", \"repodata\": {\"filelists\": \"\\n<package pkgid=\\\"251768bdd15f13d78487c27638aa6aecd01551e253756093cde1c0ae878a17d2\\\" name=\\\"squirrel\\\" arch=\\\"noarch\\\">\\n    <version epoch=\\\"0\\\" ver=\\\"0.3\\\" rel=\\\"0.8\\\"/>\\n\\n    <file>//squirrel.txt</file>\\n</package>\\n\", \"other\": \"\\n<package pkgid=\\\"251768bdd15f13d78487c27638aa6aecd01551e253756093cde1c0ae878a17d2\\\" name=\\\"squirrel\\\" arch=\\\"noarch\\\">\\n    <version epoch=\\\"0\\\" ver=\\\"0.3\\\" rel=\\\"0.8\\\"/>\\n\\n</package>\\n\", \"primary\": \"\\n<package type=\\\"rpm\\\">\\n  <name>squirrel</name>\\n  <arch>noarch</arch>\\n  <version epoch=\\\"0\\\" ver=\\\"0.3\\\" rel=\\\"0.8\\\"/>\\n  <checksum type=\\\"sha256\\\" pkgid=\\\"YES\\\">251768bdd15f13d78487c27638aa6aecd01551e253756093cde1c0ae878a17d2</checksum>\\n  <summary>A dummy package of squirrel</summary>\\n  <description>A dummy package of squirrel</description>\\n  <packager></packager>\\n  <url>http://tstrachota.fedorapeople.org</url>\\n  <time file=\\\"1321891029\\\" build=\\\"1308257502\\\"/>\\n  <size package=\\\"2248\\\" installed=\\\"2248\\\" archive=\\\"296\\\"/>\\n<location href=\\\"squirrel-0.3-0.8.noarch.rpm\\\"/>\\n  <format>\\n    <rpm:license>GPLv2</rpm:license>\\n    <rpm:vendor/>\\n    <rpm:group>Internet/Applications</rpm:group>\\n    <rpm:buildhost>dhcp-26-118.brq.redhat.com</rpm:buildhost>\\n    <rpm:sourcerpm>squirrel-0.3-0.8.src.rpm</rpm:sourcerpm>\\n    <rpm:header-range start=\\\"280\\\" end=\\\"2028\\\"/>\\n    <rpm:provides>\\n      <rpm:entry name=\\\"squirrel\\\" flags=\\\"EQ\\\" epoch=\\\"0\\\" ver=\\\"0.3\\\" rel=\\\"0.8\\\"/>\\n    </rpm:provides>\\n    <rpm:requires>\\n      <rpm:entry name=\\\"/bin/sh\\\" pre=\\\"1\\\"/>\\n    </rpm:requires>\\n  </format>\\n</package>\"}, \"checksumtype\": \"sha256\", \"license\": \"GPLv2\", \"_ns\": \"units_rpm\", \"checksum\": \"251768bdd15f13d78487c27638aa6aecd01551e253756093cde1c0ae878a17d2\", \"filename\": \"squirrel-0.3-0.8.noarch.rpm\", \"buildhost\": \"dhcp-26-118.brq.redhat.com\", \"epoch\": \"0\", \"version\": \"0.3\", \"relativepath\": \"squirrel-0.3-0.8.noarch.rpm\", \"provides\": [[\"squirrel\", \"EQ\", [\"0\", \"0.3\", \"0.8\"]]], \"_content_type_id\": \"rpm\", \"release\": \"0.8\", \"vendor\": \"\", \"_id\": \"55c5d908-d289-46a8-8881-0332fcb5b68b\", \"arch\": \"noarch\", \"name\": \"squirrel\", \"description\": \"A dummy package of squirrel\"}}, {\"updated\": \"2013-01-10T06:14:51Z\", \"repo_id\": \"1\", \"created\": \"2013-01-10T06:14:51Z\", \"_ns\": \"repo_content_units\", \"unit_id\": \"83809ba6-9ac5-4183-99b4-5c40e090731f\", \"unit_type_id\": \"rpm\", \"owner_type\": \"importer\", \"_id\": {\"$oid\": \"50ee160bdc792129cb0026c9\"}, \"id\": \"50ee160bdc792129cb0026c9\", \"owner_id\": \"yum_importer\", \"metadata\": {\"requires\": [[\"/bin/sh\", null, [null, null, null]]], \"_storage_path\": \"/var/lib/pulp/content/rpm/.//walrus/0.3/0.8/noarch/6e8d6dc057e3e2c9819f0dc7e6c7b7f86bf2e8571bba414adec7fb621a461dfd/walrus-0.3-0.8.noarch.rpm\", \"repodata\": {\"filelists\": \"\\n<package pkgid=\\\"6e8d6dc057e3e2c9819f0dc7e6c7b7f86bf2e8571bba414adec7fb621a461dfd\\\" name=\\\"walrus\\\" arch=\\\"noarch\\\">\\n    <version epoch=\\\"0\\\" ver=\\\"0.3\\\" rel=\\\"0.8\\\"/>\\n\\n    <file>//walrus.txt</file>\\n</package>\\n\", \"other\": \"\\n<package pkgid=\\\"6e8d6dc057e3e2c9819f0dc7e6c7b7f86bf2e8571bba414adec7fb621a461dfd\\\" name=\\\"walrus\\\" arch=\\\"noarch\\\">\\n    <version epoch=\\\"0\\\" ver=\\\"0.3\\\" rel=\\\"0.8\\\"/>\\n\\n</package>\\n\", \"primary\": \"\\n<package type=\\\"rpm\\\">\\n  <name>walrus</name>\\n  <arch>noarch</arch>\\n  <version epoch=\\\"0\\\" ver=\\\"0.3\\\" rel=\\\"0.8\\\"/>\\n  <checksum type=\\\"sha256\\\" pkgid=\\\"YES\\\">6e8d6dc057e3e2c9819f0dc7e6c7b7f86bf2e8571bba414adec7fb621a461dfd</checksum>\\n  <summary>A dummy package of walrus</summary>\\n  <description>A dummy package of walrus</description>\\n  <packager></packager>\\n  <url>http://tstrachota.fedorapeople.org</url>\\n  <time file=\\\"1321891030\\\" build=\\\"1308257449\\\"/>\\n  <size package=\\\"2236\\\" installed=\\\"2236\\\" archive=\\\"292\\\"/>\\n<location href=\\\"walrus-0.3-0.8.noarch.rpm\\\"/>\\n  <format>\\n    <rpm:license>GPLv2</rpm:license>\\n    <rpm:vendor/>\\n    <rpm:group>Internet/Applications</rpm:group>\\n    <rpm:buildhost>dhcp-26-118.brq.redhat.com</rpm:buildhost>\\n    <rpm:sourcerpm>walrus-0.3-0.8.src.rpm</rpm:sourcerpm>\\n    <rpm:header-range start=\\\"280\\\" end=\\\"2016\\\"/>\\n    <rpm:provides>\\n      <rpm:entry name=\\\"walrus\\\" flags=\\\"EQ\\\" epoch=\\\"0\\\" ver=\\\"0.3\\\" rel=\\\"0.8\\\"/>\\n    </rpm:provides>\\n    <rpm:requires>\\n      <rpm:entry name=\\\"/bin/sh\\\" pre=\\\"1\\\"/>\\n    </rpm:requires>\\n  </format>\\n</package>\"}, \"checksumtype\": \"sha256\", \"license\": \"GPLv2\", \"_ns\": \"units_rpm\", \"checksum\": \"6e8d6dc057e3e2c9819f0dc7e6c7b7f86bf2e8571bba414adec7fb621a461dfd\", \"filename\": \"walrus-0.3-0.8.noarch.rpm\", \"buildhost\": \"dhcp-26-118.brq.redhat.com\", \"epoch\": \"0\", \"version\": \"0.3\", \"relativepath\": \"walrus-0.3-0.8.noarch.rpm\", \"provides\": [[\"walrus\", \"EQ\", [\"0\", \"0.3\", \"0.8\"]]], \"_content_type_id\": \"rpm\", \"release\": \"0.8\", \"vendor\": \"\", \"_id\": \"83809ba6-9ac5-4183-99b4-5c40e090731f\", \"arch\": \"noarch\", \"name\": \"walrus\", \"description\": \"A dummy package of walrus\"}}]"
    http_version: 
  recorded_at: Thu, 10 Jan 2013 01:14:53 GMT
- request: 
    method: post
    uri: https://knifeparty.localdomain/pulp/api/v2/content/units/rpm/search/
    body: 
      string: "{\"criteria\":{\"filters\":{\"_id\":{\"$in\":[\"10029406-f6a5-4ffc-897b-3489a0b1ad5b\",\"51044984-19c0-40f8-9d5e-1e465c5b602a\",\"73f2147a-9fab-4413-b01a-181710c4e567\",\"6e16e024-798c-4719-b54f-0bd3a36915d6\",\"63807174-414e-46d4-ada3-f66b4b150d76\",\"255411cf-2420-45ff-be30-d514e92c649f\",\"55c5d908-d289-46a8-8881-0332fcb5b68b\",\"83809ba6-9ac5-4183-99b4-5c40e090731f\"]}}}}"
    headers: 
      Accept: 
      - application/json
      Authorization: 
      - OAuth oauth_body_hash="2jmj7l5rSw0yVb%2FvlWAYkK%2FYBwk%3D", oauth_consumer_key="katello", oauth_nonce="2fO8wTA2LsiO9OF6kmpSxKWs3nBAs7ydqOpcivpq3Gc", oauth_signature="8nEDbTur9FsspBGOp0C%2FIq%2Fjx6o%3D", oauth_signature_method="HMAC-SHA1", oauth_timestamp="1357780493", oauth_version="1.0"
      Pulp-User: 
      - admin
      Content-Type: 
      - application/json
      Content-Length: 
      - "354"
      Accept-Encoding: 
      - gzip, deflate
  response: 
    status: 
      code: 200
      message: OK
    headers: 
      Connection: 
      - close
      Server: 
      - Apache/2.2.22 (Fedora)
      Content-Type: 
      - application/json
      Content-Length: 
      - "19392"
      Date: 
      - Thu, 10 Jan 2013 01:14:53 GMT
    body: 
      string: "[{\"requires\": [[\"/bin/sh\", null, [null, null, null]]], \"_storage_path\": \"/var/lib/pulp/content/rpm/.//cheetah/0.3/0.8/noarch/422d0baa0cd9d7713ae796e886a23e17f578f924f74880debdbb7d65fb368dae/cheetah-0.3-0.8.noarch.rpm\", \"repodata\": {\"filelists\": \"\\n<package pkgid=\\\"422d0baa0cd9d7713ae796e886a23e17f578f924f74880debdbb7d65fb368dae\\\" name=\\\"cheetah\\\" arch=\\\"noarch\\\">\\n    <version epoch=\\\"0\\\" ver=\\\"0.3\\\" rel=\\\"0.8\\\"/>\\n\\n    <file>//cheetah.txt</file>\\n</package>\\n\", \"other\": \"\\n<package pkgid=\\\"422d0baa0cd9d7713ae796e886a23e17f578f924f74880debdbb7d65fb368dae\\\" name=\\\"cheetah\\\" arch=\\\"noarch\\\">\\n    <version epoch=\\\"0\\\" ver=\\\"0.3\\\" rel=\\\"0.8\\\"/>\\n\\n</package>\\n\", \"primary\": \"\\n<package type=\\\"rpm\\\">\\n  <name>cheetah</name>\\n  <arch>noarch</arch>\\n  <version epoch=\\\"0\\\" ver=\\\"0.3\\\" rel=\\\"0.8\\\"/>\\n  <checksum type=\\\"sha256\\\" pkgid=\\\"YES\\\">422d0baa0cd9d7713ae796e886a23e17f578f924f74880debdbb7d65fb368dae</checksum>\\n  <summary>A dummy package of cheetah</summary>\\n  <description>A dummy package of cheetah</description>\\n  <packager></packager>\\n  <url>http://tstrachota.fedorapeople.org</url>\\n  <time file=\\\"1321891028\\\" build=\\\"1308257472\\\"/>\\n  <size package=\\\"2232\\\" installed=\\\"2232\\\" archive=\\\"292\\\"/>\\n<location href=\\\"cheetah-0.3-0.8.noarch.rpm\\\"/>\\n  <format>\\n    <rpm:license>GPLv2</rpm:license>\\n    <rpm:vendor/>\\n    <rpm:group>Internet/Applications</rpm:group>\\n    <rpm:buildhost>dhcp-26-118.brq.redhat.com</rpm:buildhost>\\n    <rpm:sourcerpm>cheetah-0.3-0.8.src.rpm</rpm:sourcerpm>\\n    <rpm:header-range start=\\\"280\\\" end=\\\"2016\\\"/>\\n    <rpm:provides>\\n      <rpm:entry name=\\\"cheetah\\\" flags=\\\"EQ\\\" epoch=\\\"0\\\" ver=\\\"0.3\\\" rel=\\\"0.8\\\"/>\\n    </rpm:provides>\\n    <rpm:requires>\\n      <rpm:entry name=\\\"/bin/sh\\\" pre=\\\"1\\\"/>\\n    </rpm:requires>\\n  </format>\\n</package>\"}, \"checksumtype\": \"sha256\", \"license\": \"GPLv2\", \"checksum\": \"422d0baa0cd9d7713ae796e886a23e17f578f924f74880debdbb7d65fb368dae\", \"filename\": \"cheetah-0.3-0.8.noarch.rpm\", \"buildhost\": \"dhcp-26-118.brq.redhat.com\", \"epoch\": \"0\", \"version\": \"0.3\", \"relativepath\": \"cheetah-0.3-0.8.noarch.rpm\", \"provides\": [[\"cheetah\", \"EQ\", [\"0\", \"0.3\", \"0.8\"]]], \"_content_type_id\": \"rpm\", \"release\": \"0.8\", \"vendor\": \"\", \"_id\": \"10029406-f6a5-4ffc-897b-3489a0b1ad5b\", \"arch\": \"noarch\", \"name\": \"cheetah\", \"description\": \"A dummy package of cheetah\", \"_href\": \"/pulp/api/v2/content/units/rpm/10029406-f6a5-4ffc-897b-3489a0b1ad5b/\", \"children\": {}}, {\"requires\": [[\"/bin/sh\", null, [null, null, null]]], \"_storage_path\": \"/var/lib/pulp/content/rpm/.//penguin/0.3/0.8/noarch/3fcb2c927de9e13bf68469032a28b139d3e5ad2e58564fc210fd6e48635be694/penguin-0.3-0.8.noarch.rpm\", \"repodata\": {\"filelists\": \"\\n<package pkgid=\\\"3fcb2c927de9e13bf68469032a28b139d3e5ad2e58564fc210fd6e48635be694\\\" name=\\\"penguin\\\" arch=\\\"noarch\\\">\\n    <version epoch=\\\"0\\\" ver=\\\"0.3\\\" rel=\\\"0.8\\\"/>\\n\\n    <file>//penguin.txt</file>\\n</package>\\n\", \"other\": \"\\n<package pkgid=\\\"3fcb2c927de9e13bf68469032a28b139d3e5ad2e58564fc210fd6e48635be694\\\" name=\\\"penguin\\\" arch=\\\"noarch\\\">\\n    <version epoch=\\\"0\\\" ver=\\\"0.3\\\" rel=\\\"0.8\\\"/>\\n\\n</package>\\n\", \"primary\": \"\\n<package type=\\\"rpm\\\">\\n  <name>penguin</name>\\n  <arch>noarch</arch>\\n  <version epoch=\\\"0\\\" ver=\\\"0.3\\\" rel=\\\"0.8\\\"/>\\n  <checksum type=\\\"sha256\\\" pkgid=\\\"YES\\\">3fcb2c927de9e13bf68469032a28b139d3e5ad2e58564fc210fd6e48635be694</checksum>\\n  <summary>A dummy package of penguin</summary>\\n  <description>A dummy package of penguin</description>\\n  <packager></packager>\\n  <url>http://tstrachota.fedorapeople.org</url>\\n  <time file=\\\"1321891029\\\" build=\\\"1308257460\\\"/>\\n  <size package=\\\"2232\\\" installed=\\\"2232\\\" archive=\\\"292\\\"/>\\n<location href=\\\"penguin-0.3-0.8.noarch.rpm\\\"/>\\n  <format>\\n    <rpm:license>GPLv2</rpm:license>\\n    <rpm:vendor/>\\n    <rpm:group>Internet/Applications</rpm:group>\\n    <rpm:buildhost>dhcp-26-118.brq.redhat.com</rpm:buildhost>\\n    <rpm:sourcerpm>penguin-0.3-0.8.src.rpm</rpm:sourcerpm>\\n    <rpm:header-range start=\\\"280\\\" end=\\\"2016\\\"/>\\n    <rpm:provides>\\n      <rpm:entry name=\\\"penguin\\\" flags=\\\"EQ\\\" epoch=\\\"0\\\" ver=\\\"0.3\\\" rel=\\\"0.8\\\"/>\\n    </rpm:provides>\\n    <rpm:requires>\\n      <rpm:entry name=\\\"/bin/sh\\\" pre=\\\"1\\\"/>\\n    </rpm:requires>\\n  </format>\\n</package>\"}, \"checksumtype\": \"sha256\", \"license\": \"GPLv2\", \"checksum\": \"3fcb2c927de9e13bf68469032a28b139d3e5ad2e58564fc210fd6e48635be694\", \"filename\": \"penguin-0.3-0.8.noarch.rpm\", \"buildhost\": \"dhcp-26-118.brq.redhat.com\", \"epoch\": \"0\", \"version\": \"0.3\", \"relativepath\": \"penguin-0.3-0.8.noarch.rpm\", \"provides\": [[\"penguin\", \"EQ\", [\"0\", \"0.3\", \"0.8\"]]], \"_content_type_id\": \"rpm\", \"release\": \"0.8\", \"vendor\": \"\", \"_id\": \"255411cf-2420-45ff-be30-d514e92c649f\", \"arch\": \"noarch\", \"name\": \"penguin\", \"description\": \"A dummy package of penguin\", \"_href\": \"/pulp/api/v2/content/units/rpm/255411cf-2420-45ff-be30-d514e92c649f/\", \"children\": {}}, {\"requires\": [[\"/bin/sh\", null, [null, null, null]]], \"_storage_path\": \"/var/lib/pulp/content/rpm/.//elephant/0.3/0.8/noarch/3e1c70cd1b421328acaf6397cb3d16145306bb95f65d1b095fc31372a0a701f3/elephant-0.3-0.8.noarch.rpm\", \"repodata\": {\"filelists\": \"\\n<package pkgid=\\\"3e1c70cd1b421328acaf6397cb3d16145306bb95f65d1b095fc31372a0a701f3\\\" name=\\\"elephant\\\" arch=\\\"noarch\\\">\\n    <version epoch=\\\"0\\\" ver=\\\"0.3\\\" rel=\\\"0.8\\\"/>\\n\\n    <file>//elephant.txt</file>\\n</package>\\n\", \"other\": \"\\n<package pkgid=\\\"3e1c70cd1b421328acaf6397cb3d16145306bb95f65d1b095fc31372a0a701f3\\\" name=\\\"elephant\\\" arch=\\\"noarch\\\">\\n    <version epoch=\\\"0\\\" ver=\\\"0.3\\\" rel=\\\"0.8\\\"/>\\n\\n</package>\\n\", \"primary\": \"\\n<package type=\\\"rpm\\\">\\n  <name>elephant</name>\\n  <arch>noarch</arch>\\n  <version epoch=\\\"0\\\" ver=\\\"0.3\\\" rel=\\\"0.8\\\"/>\\n  <checksum type=\\\"sha256\\\" pkgid=\\\"YES\\\">3e1c70cd1b421328acaf6397cb3d16145306bb95f65d1b095fc31372a0a701f3</checksum>\\n  <summary>A dummy package of elephant</summary>\\n  <description>A dummy package of elephant</description>\\n  <packager></packager>\\n  <url>http://tstrachota.fedorapeople.org</url>\\n  <time file=\\\"1321891027\\\" build=\\\"1308257466\\\"/>\\n  <size package=\\\"2244\\\" installed=\\\"2244\\\" archive=\\\"296\\\"/>\\n<location href=\\\"elephant-0.3-0.8.noarch.rpm\\\"/>\\n  <format>\\n    <rpm:license>GPLv2</rpm:license>\\n    <rpm:vendor/>\\n    <rpm:group>Internet/Applications</rpm:group>\\n    <rpm:buildhost>dhcp-26-118.brq.redhat.com</rpm:buildhost>\\n    <rpm:sourcerpm>elephant-0.3-0.8.src.rpm</rpm:sourcerpm>\\n    <rpm:header-range start=\\\"280\\\" end=\\\"2028\\\"/>\\n    <rpm:provides>\\n      <rpm:entry name=\\\"elephant\\\" flags=\\\"EQ\\\" epoch=\\\"0\\\" ver=\\\"0.3\\\" rel=\\\"0.8\\\"/>\\n    </rpm:provides>\\n    <rpm:requires>\\n      <rpm:entry name=\\\"/bin/sh\\\" pre=\\\"1\\\"/>\\n    </rpm:requires>\\n  </format>\\n</package>\"}, \"checksumtype\": \"sha256\", \"license\": \"GPLv2\", \"checksum\": \"3e1c70cd1b421328acaf6397cb3d16145306bb95f65d1b095fc31372a0a701f3\", \"filename\": \"elephant-0.3-0.8.noarch.rpm\", \"buildhost\": \"dhcp-26-118.brq.redhat.com\", \"epoch\": \"0\", \"version\": \"0.3\", \"relativepath\": \"elephant-0.3-0.8.noarch.rpm\", \"provides\": [[\"elephant\", \"EQ\", [\"0\", \"0.3\", \"0.8\"]]], \"_content_type_id\": \"rpm\", \"release\": \"0.8\", \"vendor\": \"\", \"_id\": \"51044984-19c0-40f8-9d5e-1e465c5b602a\", \"arch\": \"noarch\", \"name\": \"elephant\", \"description\": \"A dummy package of elephant\", \"_href\": \"/pulp/api/v2/content/units/rpm/51044984-19c0-40f8-9d5e-1e465c5b602a/\", \"children\": {}}, {\"requires\": [[\"/bin/sh\", null, [null, null, null]]], \"_storage_path\": \"/var/lib/pulp/content/rpm/.//squirrel/0.3/0.8/noarch/251768bdd15f13d78487c27638aa6aecd01551e253756093cde1c0ae878a17d2/squirrel-0.3-0.8.noarch.rpm\", \"repodata\": {\"filelists\": \"\\n<package pkgid=\\\"251768bdd15f13d78487c27638aa6aecd01551e253756093cde1c0ae878a17d2\\\" name=\\\"squirrel\\\" arch=\\\"noarch\\\">\\n    <version epoch=\\\"0\\\" ver=\\\"0.3\\\" rel=\\\"0.8\\\"/>\\n\\n    <file>//squirrel.txt</file>\\n</package>\\n\", \"other\": \"\\n<package pkgid=\\\"251768bdd15f13d78487c27638aa6aecd01551e253756093cde1c0ae878a17d2\\\" name=\\\"squirrel\\\" arch=\\\"noarch\\\">\\n    <version epoch=\\\"0\\\" ver=\\\"0.3\\\" rel=\\\"0.8\\\"/>\\n\\n</package>\\n\", \"primary\": \"\\n<package type=\\\"rpm\\\">\\n  <name>squirrel</name>\\n  <arch>noarch</arch>\\n  <version epoch=\\\"0\\\" ver=\\\"0.3\\\" rel=\\\"0.8\\\"/>\\n  <checksum type=\\\"sha256\\\" pkgid=\\\"YES\\\">251768bdd15f13d78487c27638aa6aecd01551e253756093cde1c0ae878a17d2</checksum>\\n  <summary>A dummy package of squirrel</summary>\\n  <description>A dummy package of squirrel</description>\\n  <packager></packager>\\n  <url>http://tstrachota.fedorapeople.org</url>\\n  <time file=\\\"1321891029\\\" build=\\\"1308257502\\\"/>\\n  <size package=\\\"2248\\\" installed=\\\"2248\\\" archive=\\\"296\\\"/>\\n<location href=\\\"squirrel-0.3-0.8.noarch.rpm\\\"/>\\n  <format>\\n    <rpm:license>GPLv2</rpm:license>\\n    <rpm:vendor/>\\n    <rpm:group>Internet/Applications</rpm:group>\\n    <rpm:buildhost>dhcp-26-118.brq.redhat.com</rpm:buildhost>\\n    <rpm:sourcerpm>squirrel-0.3-0.8.src.rpm</rpm:sourcerpm>\\n    <rpm:header-range start=\\\"280\\\" end=\\\"2028\\\"/>\\n    <rpm:provides>\\n      <rpm:entry name=\\\"squirrel\\\" flags=\\\"EQ\\\" epoch=\\\"0\\\" ver=\\\"0.3\\\" rel=\\\"0.8\\\"/>\\n    </rpm:provides>\\n    <rpm:requires>\\n      <rpm:entry name=\\\"/bin/sh\\\" pre=\\\"1\\\"/>\\n    </rpm:requires>\\n  </format>\\n</package>\"}, \"checksumtype\": \"sha256\", \"license\": \"GPLv2\", \"checksum\": \"251768bdd15f13d78487c27638aa6aecd01551e253756093cde1c0ae878a17d2\", \"filename\": \"squirrel-0.3-0.8.noarch.rpm\", \"buildhost\": \"dhcp-26-118.brq.redhat.com\", \"epoch\": \"0\", \"version\": \"0.3\", \"relativepath\": \"squirrel-0.3-0.8.noarch.rpm\", \"provides\": [[\"squirrel\", \"EQ\", [\"0\", \"0.3\", \"0.8\"]]], \"_content_type_id\": \"rpm\", \"release\": \"0.8\", \"vendor\": \"\", \"_id\": \"55c5d908-d289-46a8-8881-0332fcb5b68b\", \"arch\": \"noarch\", \"name\": \"squirrel\", \"description\": \"A dummy package of squirrel\", \"_href\": \"/pulp/api/v2/content/units/rpm/55c5d908-d289-46a8-8881-0332fcb5b68b/\", \"children\": {}}, {\"requires\": [[\"/bin/sh\", null, [null, null, null]]], \"_storage_path\": \"/var/lib/pulp/content/rpm/.//monkey/0.3/0.8/noarch/0e8fa50d0128fbabc7ccc5632e3fa25d39b0280169f6166cb8e2c84de8501db1/monkey-0.3-0.8.noarch.rpm\", \"repodata\": {\"filelists\": \"\\n<package pkgid=\\\"0e8fa50d0128fbabc7ccc5632e3fa25d39b0280169f6166cb8e2c84de8501db1\\\" name=\\\"monkey\\\" arch=\\\"noarch\\\">\\n    <version epoch=\\\"0\\\" ver=\\\"0.3\\\" rel=\\\"0.8\\\"/>\\n\\n    <file>//monkey.txt</file>\\n</package>\\n\", \"other\": \"\\n<package pkgid=\\\"0e8fa50d0128fbabc7ccc5632e3fa25d39b0280169f6166cb8e2c84de8501db1\\\" name=\\\"monkey\\\" arch=\\\"noarch\\\">\\n    <version epoch=\\\"0\\\" ver=\\\"0.3\\\" rel=\\\"0.8\\\"/>\\n\\n</package>\\n\", \"primary\": \"\\n<package type=\\\"rpm\\\">\\n  <name>monkey</name>\\n  <arch>noarch</arch>\\n  <version epoch=\\\"0\\\" ver=\\\"0.3\\\" rel=\\\"0.8\\\"/>\\n  <checksum type=\\\"sha256\\\" pkgid=\\\"YES\\\">0e8fa50d0128fbabc7ccc5632e3fa25d39b0280169f6166cb8e2c84de8501db1</checksum>\\n  <summary>A dummy package of monkey</summary>\\n  <description>A dummy package of monkey</description>\\n  <packager></packager>\\n  <url>http://tstrachota.fedorapeople.org</url>\\n  <time file=\\\"1321891029\\\" build=\\\"1308257260\\\"/>\\n  <size package=\\\"2232\\\" installed=\\\"2232\\\" archive=\\\"292\\\"/>\\n<location href=\\\"monkey-0.3-0.8.noarch.rpm\\\"/>\\n  <format>\\n    <rpm:license>GPLv2</rpm:license>\\n    <rpm:vendor/>\\n    <rpm:group>Internet/Applications</rpm:group>\\n    <rpm:buildhost>dhcp-26-118.brq.redhat.com</rpm:buildhost>\\n    <rpm:sourcerpm>monkey-0.3-0.8.src.rpm</rpm:sourcerpm>\\n    <rpm:header-range start=\\\"280\\\" end=\\\"2016\\\"/>\\n    <rpm:provides>\\n      <rpm:entry name=\\\"monkey\\\" flags=\\\"EQ\\\" epoch=\\\"0\\\" ver=\\\"0.3\\\" rel=\\\"0.8\\\"/>\\n    </rpm:provides>\\n    <rpm:requires>\\n      <rpm:entry name=\\\"/bin/sh\\\" pre=\\\"1\\\"/>\\n    </rpm:requires>\\n  </format>\\n</package>\"}, \"checksumtype\": \"sha256\", \"license\": \"GPLv2\", \"checksum\": \"0e8fa50d0128fbabc7ccc5632e3fa25d39b0280169f6166cb8e2c84de8501db1\", \"filename\": \"monkey-0.3-0.8.noarch.rpm\", \"buildhost\": \"dhcp-26-118.brq.redhat.com\", \"epoch\": \"0\", \"version\": \"0.3\", \"relativepath\": \"monkey-0.3-0.8.noarch.rpm\", \"provides\": [[\"monkey\", \"EQ\", [\"0\", \"0.3\", \"0.8\"]]], \"_content_type_id\": \"rpm\", \"release\": \"0.8\", \"vendor\": \"\", \"_id\": \"63807174-414e-46d4-ada3-f66b4b150d76\", \"arch\": \"noarch\", \"name\": \"monkey\", \"description\": \"A dummy package of monkey\", \"_href\": \"/pulp/api/v2/content/units/rpm/63807174-414e-46d4-ada3-f66b4b150d76/\", \"children\": {}}, {\"requires\": [[\"/bin/sh\", null, [null, null, null]]], \"_storage_path\": \"/var/lib/pulp/content/rpm/.//lion/0.3/0.8/noarch/12400dc95c23a4c160725a908716cd3fcdd7a8981585437ab64cd62efa3e4ae4/lion-0.3-0.8.noarch.rpm\", \"repodata\": {\"filelists\": \"\\n<package pkgid=\\\"12400dc95c23a4c160725a908716cd3fcdd7a8981585437ab64cd62efa3e4ae4\\\" name=\\\"lion\\\" arch=\\\"noarch\\\">\\n    <version epoch=\\\"0\\\" ver=\\\"0.3\\\" rel=\\\"0.8\\\"/>\\n\\n    <file>//lion.txt</file>\\n</package>\\n\", \"other\": \"\\n<package pkgid=\\\"12400dc95c23a4c160725a908716cd3fcdd7a8981585437ab64cd62efa3e4ae4\\\" name=\\\"lion\\\" arch=\\\"noarch\\\">\\n    <version epoch=\\\"0\\\" ver=\\\"0.3\\\" rel=\\\"0.8\\\"/>\\n\\n</package>\\n\", \"primary\": \"\\n<package type=\\\"rpm\\\">\\n  <name>lion</name>\\n  <arch>noarch</arch>\\n  <version epoch=\\\"0\\\" ver=\\\"0.3\\\" rel=\\\"0.8\\\"/>\\n  <checksum type=\\\"sha256\\\" pkgid=\\\"YES\\\">12400dc95c23a4c160725a908716cd3fcdd7a8981585437ab64cd62efa3e4ae4</checksum>\\n  <summary>A dummy package of lion</summary>\\n  <description>A dummy package of lion</description>\\n  <packager></packager>\\n  <url>http://tstrachota.fedorapeople.org</url>\\n  <time file=\\\"1321891028\\\" build=\\\"1308257455\\\"/>\\n  <size package=\\\"2212\\\" installed=\\\"2212\\\" archive=\\\"292\\\"/>\\n<location href=\\\"lion-0.3-0.8.noarch.rpm\\\"/>\\n  <format>\\n    <rpm:license>GPLv2</rpm:license>\\n    <rpm:vendor/>\\n    <rpm:group>Internet/Applications</rpm:group>\\n    <rpm:buildhost>dhcp-26-118.brq.redhat.com</rpm:buildhost>\\n    <rpm:sourcerpm>lion-0.3-0.8.src.rpm</rpm:sourcerpm>\\n    <rpm:header-range start=\\\"280\\\" end=\\\"2000\\\"/>\\n    <rpm:provides>\\n      <rpm:entry name=\\\"lion\\\" flags=\\\"EQ\\\" epoch=\\\"0\\\" ver=\\\"0.3\\\" rel=\\\"0.8\\\"/>\\n    </rpm:provides>\\n    <rpm:requires>\\n      <rpm:entry name=\\\"/bin/sh\\\" pre=\\\"1\\\"/>\\n    </rpm:requires>\\n  </format>\\n</package>\"}, \"checksumtype\": \"sha256\", \"license\": \"GPLv2\", \"checksum\": \"12400dc95c23a4c160725a908716cd3fcdd7a8981585437ab64cd62efa3e4ae4\", \"filename\": \"lion-0.3-0.8.noarch.rpm\", \"buildhost\": \"dhcp-26-118.brq.redhat.com\", \"epoch\": \"0\", \"version\": \"0.3\", \"relativepath\": \"lion-0.3-0.8.noarch.rpm\", \"provides\": [[\"lion\", \"EQ\", [\"0\", \"0.3\", \"0.8\"]]], \"_content_type_id\": \"rpm\", \"release\": \"0.8\", \"vendor\": \"\", \"_id\": \"6e16e024-798c-4719-b54f-0bd3a36915d6\", \"arch\": \"noarch\", \"name\": \"lion\", \"description\": \"A dummy package of lion\", \"_href\": \"/pulp/api/v2/content/units/rpm/6e16e024-798c-4719-b54f-0bd3a36915d6/\", \"children\": {}}, {\"requires\": [[\"/bin/sh\", null, [null, null, null]]], \"_storage_path\": \"/var/lib/pulp/content/rpm/.//giraffe/0.3/0.8/noarch/f25d67d1d9da04f12e57ca323247b43891ac46533e355b82de6d1922009f9f14/giraffe-0.3-0.8.noarch.rpm\", \"repodata\": {\"filelists\": \"\\n<package pkgid=\\\"f25d67d1d9da04f12e57ca323247b43891ac46533e355b82de6d1922009f9f14\\\" name=\\\"giraffe\\\" arch=\\\"noarch\\\">\\n    <version epoch=\\\"0\\\" ver=\\\"0.3\\\" rel=\\\"0.8\\\"/>\\n\\n    <file>//giraffe.txt</file>\\n</package>\\n\", \"other\": \"\\n<package pkgid=\\\"f25d67d1d9da04f12e57ca323247b43891ac46533e355b82de6d1922009f9f14\\\" name=\\\"giraffe\\\" arch=\\\"noarch\\\">\\n    <version epoch=\\\"0\\\" ver=\\\"0.3\\\" rel=\\\"0.8\\\"/>\\n\\n</package>\\n\", \"primary\": \"\\n<package type=\\\"rpm\\\">\\n  <name>giraffe</name>\\n  <arch>noarch</arch>\\n  <version epoch=\\\"0\\\" ver=\\\"0.3\\\" rel=\\\"0.8\\\"/>\\n  <checksum type=\\\"sha256\\\" pkgid=\\\"YES\\\">f25d67d1d9da04f12e57ca323247b43891ac46533e355b82de6d1922009f9f14</checksum>\\n  <summary>A dummy package of giraffe</summary>\\n  <description>A dummy package of giraffe</description>\\n  <packager></packager>\\n  <url>http://tstrachota.fedorapeople.org</url>\\n  <time file=\\\"1321891027\\\" build=\\\"1308257414\\\"/>\\n  <size package=\\\"2236\\\" installed=\\\"2236\\\" archive=\\\"292\\\"/>\\n<location href=\\\"giraffe-0.3-0.8.noarch.rpm\\\"/>\\n  <format>\\n    <rpm:license>GPLv2</rpm:license>\\n    <rpm:vendor/>\\n    <rpm:group>Internet/Applications</rpm:group>\\n    <rpm:buildhost>dhcp-26-118.brq.redhat.com</rpm:buildhost>\\n    <rpm:sourcerpm>giraffe-0.3-0.8.src.rpm</rpm:sourcerpm>\\n    <rpm:header-range start=\\\"280\\\" end=\\\"2016\\\"/>\\n    <rpm:provides>\\n      <rpm:entry name=\\\"giraffe\\\" flags=\\\"EQ\\\" epoch=\\\"0\\\" ver=\\\"0.3\\\" rel=\\\"0.8\\\"/>\\n    </rpm:provides>\\n    <rpm:requires>\\n      <rpm:entry name=\\\"/bin/sh\\\" pre=\\\"1\\\"/>\\n    </rpm:requires>\\n  </format>\\n</package>\"}, \"checksumtype\": \"sha256\", \"license\": \"GPLv2\", \"checksum\": \"f25d67d1d9da04f12e57ca323247b43891ac46533e355b82de6d1922009f9f14\", \"filename\": \"giraffe-0.3-0.8.noarch.rpm\", \"buildhost\": \"dhcp-26-118.brq.redhat.com\", \"epoch\": \"0\", \"version\": \"0.3\", \"relativepath\": \"giraffe-0.3-0.8.noarch.rpm\", \"provides\": [[\"giraffe\", \"EQ\", [\"0\", \"0.3\", \"0.8\"]]], \"_content_type_id\": \"rpm\", \"release\": \"0.8\", \"vendor\": \"\", \"_id\": \"73f2147a-9fab-4413-b01a-181710c4e567\", \"arch\": \"noarch\", \"name\": \"giraffe\", \"description\": \"A dummy package of giraffe\", \"_href\": \"/pulp/api/v2/content/units/rpm/73f2147a-9fab-4413-b01a-181710c4e567/\", \"children\": {}}, {\"requires\": [[\"/bin/sh\", null, [null, null, null]]], \"_storage_path\": \"/var/lib/pulp/content/rpm/.//walrus/0.3/0.8/noarch/6e8d6dc057e3e2c9819f0dc7e6c7b7f86bf2e8571bba414adec7fb621a461dfd/walrus-0.3-0.8.noarch.rpm\", \"repodata\": {\"filelists\": \"\\n<package pkgid=\\\"6e8d6dc057e3e2c9819f0dc7e6c7b7f86bf2e8571bba414adec7fb621a461dfd\\\" name=\\\"walrus\\\" arch=\\\"noarch\\\">\\n    <version epoch=\\\"0\\\" ver=\\\"0.3\\\" rel=\\\"0.8\\\"/>\\n\\n    <file>//walrus.txt</file>\\n</package>\\n\", \"other\": \"\\n<package pkgid=\\\"6e8d6dc057e3e2c9819f0dc7e6c7b7f86bf2e8571bba414adec7fb621a461dfd\\\" name=\\\"walrus\\\" arch=\\\"noarch\\\">\\n    <version epoch=\\\"0\\\" ver=\\\"0.3\\\" rel=\\\"0.8\\\"/>\\n\\n</package>\\n\", \"primary\": \"\\n<package type=\\\"rpm\\\">\\n  <name>walrus</name>\\n  <arch>noarch</arch>\\n  <version epoch=\\\"0\\\" ver=\\\"0.3\\\" rel=\\\"0.8\\\"/>\\n  <checksum type=\\\"sha256\\\" pkgid=\\\"YES\\\">6e8d6dc057e3e2c9819f0dc7e6c7b7f86bf2e8571bba414adec7fb621a461dfd</checksum>\\n  <summary>A dummy package of walrus</summary>\\n  <description>A dummy package of walrus</description>\\n  <packager></packager>\\n  <url>http://tstrachota.fedorapeople.org</url>\\n  <time file=\\\"1321891030\\\" build=\\\"1308257449\\\"/>\\n  <size package=\\\"2236\\\" installed=\\\"2236\\\" archive=\\\"292\\\"/>\\n<location href=\\\"walrus-0.3-0.8.noarch.rpm\\\"/>\\n  <format>\\n    <rpm:license>GPLv2</rpm:license>\\n    <rpm:vendor/>\\n    <rpm:group>Internet/Applications</rpm:group>\\n    <rpm:buildhost>dhcp-26-118.brq.redhat.com</rpm:buildhost>\\n    <rpm:sourcerpm>walrus-0.3-0.8.src.rpm</rpm:sourcerpm>\\n    <rpm:header-range start=\\\"280\\\" end=\\\"2016\\\"/>\\n    <rpm:provides>\\n      <rpm:entry name=\\\"walrus\\\" flags=\\\"EQ\\\" epoch=\\\"0\\\" ver=\\\"0.3\\\" rel=\\\"0.8\\\"/>\\n    </rpm:provides>\\n    <rpm:requires>\\n      <rpm:entry name=\\\"/bin/sh\\\" pre=\\\"1\\\"/>\\n    </rpm:requires>\\n  </format>\\n</package>\"}, \"checksumtype\": \"sha256\", \"license\": \"GPLv2\", \"checksum\": \"6e8d6dc057e3e2c9819f0dc7e6c7b7f86bf2e8571bba414adec7fb621a461dfd\", \"filename\": \"walrus-0.3-0.8.noarch.rpm\", \"buildhost\": \"dhcp-26-118.brq.redhat.com\", \"epoch\": \"0\", \"version\": \"0.3\", \"relativepath\": \"walrus-0.3-0.8.noarch.rpm\", \"provides\": [[\"walrus\", \"EQ\", [\"0\", \"0.3\", \"0.8\"]]], \"_content_type_id\": \"rpm\", \"release\": \"0.8\", \"vendor\": \"\", \"_id\": \"83809ba6-9ac5-4183-99b4-5c40e090731f\", \"arch\": \"noarch\", \"name\": \"walrus\", \"description\": \"A dummy package of walrus\", \"_href\": \"/pulp/api/v2/content/units/rpm/83809ba6-9ac5-4183-99b4-5c40e090731f/\", \"children\": {}}]"
    http_version: 
  recorded_at: Thu, 10 Jan 2013 01:14:53 GMT
recorded_with: VCR 2.4.0
