--- 
http_interactions: 
- request: 
    method: post
    uri: https://abed.usersys.redhat.com/pulp/api/v2/content/units/rpm/search/
    body: 
      encoding: US-ASCII
      string: "{\"criteria\":{\"filters\":{\"_id\":{\"$in\":[\"042651f7-73fc-4e9f-b077-ad0736885b06\"]}}},\"include_repos\":true}"
    headers: 
      Accept: 
      - application/json
      Accept-Encoding: 
      - gzip, deflate
      Content-Type: 
      - application/json
      Authorization: 
      - OAuth oauth_body_hash="2jmj7l5rSw0yVb%2FvlWAYkK%2FYBwk%3D", oauth_consumer_key="katello", oauth_nonce="SfSe1PSgvxpDRC0gpLBQ74HDhGsw0mS6u5ubAU", oauth_signature="4X6aQLvK3ViHTzg8yA2MZ3mDPxA%3D", oauth_signature_method="HMAC-SHA1", oauth_timestamp="1375362370", oauth_version="1.0"
      Pulp-User: 
      - admin
      Content-Length: 
      - "102"
      User-Agent: 
      - Ruby
  response: 
    status: 
      code: 200
      message: OK
    headers: 
      Date: 
      - Thu, 01 Aug 2013 13:06:10 GMT
      Server: 
      - Apache/2.2.15 (Red Hat)
      Content-Length: 
      - "2987"
      Content-Type: 
      - application/json
    body: 
      encoding: US-ASCII
      string: "[{\"build_time\": 1308257460, \"buildhost\": \"dhcp-26-118.brq.redhat.com\", \"_content_type_id\": \"rpm\", \"vendor\": null, \"size\": 2232, \"group\": \"Internet/Applications\", \"relative_url_path\": null, \"filename\": \"penguin-0.3-0.8.noarch.rpm\", \"epoch\": \"0\", \"version\": \"0.3\", \"version_sort_index\": \"01-0.01-3\", \"provides\": [{\"release\": \"0.8\", \"epoch\": \"0\", \"version\": \"0.3\", \"flags\": \"EQ\", \"name\": \"penguin\"}], \"files\": {\"file\": [\"//penguin.txt\"], \"dir\": []}, \"repodata\": {\"filelists\": \"<package arch=\\\"noarch\\\" name=\\\"penguin\\\" pkgid=\\\"3fcb2c927de9e13bf68469032a28b139d3e5ad2e58564fc210fd6e48635be694\\\">\\n    <version epoch=\\\"0\\\" rel=\\\"0.8\\\" ver=\\\"0.3\\\" />\\n\\n    <file>//penguin.txt</file>\\n</package>\\n\\n\", \"other\": \"<package arch=\\\"noarch\\\" name=\\\"penguin\\\" pkgid=\\\"3fcb2c927de9e13bf68469032a28b139d3e5ad2e58564fc210fd6e48635be694\\\">\\n    <version epoch=\\\"0\\\" rel=\\\"0.8\\\" ver=\\\"0.3\\\" />\\n\\n</package>\\n\\n\", \"primary\": \"<package type=\\\"rpm\\\">\\n  <name>penguin</name>\\n  <arch>noarch</arch>\\n  <version epoch=\\\"0\\\" rel=\\\"0.8\\\" ver=\\\"0.3\\\" />\\n  <checksum pkgid=\\\"YES\\\" type=\\\"sha256\\\">3fcb2c927de9e13bf68469032a28b139d3e5ad2e58564fc210fd6e48635be694</checksum>\\n  <summary>A dummy package of penguin</summary>\\n  <description>A dummy package of penguin</description>\\n  <packager />\\n  <url>http://tstrachota.fedorapeople.org</url>\\n  <time build=\\\"1308257460\\\" file=\\\"1321891029\\\" />\\n  <size archive=\\\"292\\\" installed=\\\"42\\\" package=\\\"2232\\\" />\\n<location href=\\\"penguin-0.3-0.8.noarch.rpm\\\" />\\n  <format>\\n    <rpm:license >GPLv2</rpm:license>\\n    <rpm:vendor />\\n    <rpm:group >Internet/Applications</rpm:group>\\n    <rpm:buildhost >dhcp-26-118.brq.redhat.com</rpm:buildhost>\\n    <rpm:sourcerpm >penguin-0.3-0.8.src.rpm</rpm:sourcerpm>\\n    <rpm:header-range end=\\\"2016\\\" start=\\\"280\\\" />\\n    <rpm:provides >\\n      <rpm:entry epoch=\\\"0\\\" flags=\\\"EQ\\\" name=\\\"penguin\\\" rel=\\\"0.8\\\" ver=\\\"0.3\\\" />\\n    </rpm:provides>\\n    <rpm:requires >\\n      <rpm:entry name=\\\"/bin/sh\\\" pre=\\\"1\\\" />\\n    </rpm:requires>\\n  </format>\\n</package>\\n\"}, \"description\": \"A dummy package of penguin\", \"time\": 1321891029, \"header_range\": {\"start\": 280, \"end\": 2016}, \"release_sort_index\": \"01-0.01-8\", \"arch\": \"noarch\", \"name\": \"penguin\", \"_storage_path\": \"/var/lib/pulp/content/rpm/penguin/0.3/0.8/noarch/3fcb2c927de9e13bf68469032a28b139d3e5ad2e58564fc210fd6e48635be694/penguin-0.3-0.8.noarch.rpm\", \"sourcerpm\": \"penguin-0.3-0.8.src.rpm\", \"checksumtype\": \"sha256\", \"license\": \"GPLv2\", \"changelog\": [], \"url\": \"http://tstrachota.fedorapeople.org\", \"checksum\": \"3fcb2c927de9e13bf68469032a28b139d3e5ad2e58564fc210fd6e48635be694\", \"summary\": \"A dummy package of penguin\", \"relativepath\": \"penguin-0.3-0.8.noarch.rpm\", \"release\": \"0.8\", \"_id\": \"042651f7-73fc-4e9f-b077-ad0736885b06\", \"requires\": [{\"release\": null, \"epoch\": null, \"version\": null, \"flags\": null, \"name\": \"/bin/sh\"}], \"_href\": \"/pulp/api/v2/content/units/rpm/042651f7-73fc-4e9f-b077-ad0736885b06/\", \"children\": {}, \"repository_memberships\": [\"1\"]}]"
    http_version: 
  recorded_at: Thu, 01 Aug 2013 13:06:10 GMT
- request: 
    method: post
    uri: https://abed.usersys.redhat.com/pulp/api/v2/content/units/rpm/search/
    body: 
      encoding: US-ASCII
      string: "{\"criteria\":{\"filters\":{\"_id\":{\"$in\":[\"042651f7-73fc-4e9f-b077-ad0736885b06\"]}}},\"include_repos\":true}"
    headers: 
      Accept: 
      - application/json
      Accept-Encoding: 
      - gzip, deflate
      Content-Type: 
      - application/json
      Authorization: 
      - OAuth oauth_body_hash="2jmj7l5rSw0yVb%2FvlWAYkK%2FYBwk%3D", oauth_consumer_key="katello", oauth_nonce="gVxuw941EbBZENzYR3ypKFoltbsgxQ2KVJCWC44", oauth_signature="tOFcUYoGjIcRt8JQKZZf0U2pn5Q%3D", oauth_signature_method="HMAC-SHA1", oauth_timestamp="1375362370", oauth_version="1.0"
      Pulp-User: 
      - admin
      Content-Length: 
      - "102"
      User-Agent: 
      - Ruby
  response: 
    status: 
      code: 200
      message: OK
    headers: 
      Date: 
      - Thu, 01 Aug 2013 13:06:10 GMT
      Server: 
      - Apache/2.2.15 (Red Hat)
      Content-Length: 
      - "2987"
      Content-Type: 
      - application/json
    body: 
      encoding: US-ASCII
      string: "[{\"build_time\": 1308257460, \"buildhost\": \"dhcp-26-118.brq.redhat.com\", \"_content_type_id\": \"rpm\", \"vendor\": null, \"size\": 2232, \"group\": \"Internet/Applications\", \"relative_url_path\": null, \"filename\": \"penguin-0.3-0.8.noarch.rpm\", \"epoch\": \"0\", \"version\": \"0.3\", \"version_sort_index\": \"01-0.01-3\", \"provides\": [{\"release\": \"0.8\", \"epoch\": \"0\", \"version\": \"0.3\", \"flags\": \"EQ\", \"name\": \"penguin\"}], \"files\": {\"file\": [\"//penguin.txt\"], \"dir\": []}, \"repodata\": {\"filelists\": \"<package arch=\\\"noarch\\\" name=\\\"penguin\\\" pkgid=\\\"3fcb2c927de9e13bf68469032a28b139d3e5ad2e58564fc210fd6e48635be694\\\">\\n    <version epoch=\\\"0\\\" rel=\\\"0.8\\\" ver=\\\"0.3\\\" />\\n\\n    <file>//penguin.txt</file>\\n</package>\\n\\n\", \"other\": \"<package arch=\\\"noarch\\\" name=\\\"penguin\\\" pkgid=\\\"3fcb2c927de9e13bf68469032a28b139d3e5ad2e58564fc210fd6e48635be694\\\">\\n    <version epoch=\\\"0\\\" rel=\\\"0.8\\\" ver=\\\"0.3\\\" />\\n\\n</package>\\n\\n\", \"primary\": \"<package type=\\\"rpm\\\">\\n  <name>penguin</name>\\n  <arch>noarch</arch>\\n  <version epoch=\\\"0\\\" rel=\\\"0.8\\\" ver=\\\"0.3\\\" />\\n  <checksum pkgid=\\\"YES\\\" type=\\\"sha256\\\">3fcb2c927de9e13bf68469032a28b139d3e5ad2e58564fc210fd6e48635be694</checksum>\\n  <summary>A dummy package of penguin</summary>\\n  <description>A dummy package of penguin</description>\\n  <packager />\\n  <url>http://tstrachota.fedorapeople.org</url>\\n  <time build=\\\"1308257460\\\" file=\\\"1321891029\\\" />\\n  <size archive=\\\"292\\\" installed=\\\"42\\\" package=\\\"2232\\\" />\\n<location href=\\\"penguin-0.3-0.8.noarch.rpm\\\" />\\n  <format>\\n    <rpm:license >GPLv2</rpm:license>\\n    <rpm:vendor />\\n    <rpm:group >Internet/Applications</rpm:group>\\n    <rpm:buildhost >dhcp-26-118.brq.redhat.com</rpm:buildhost>\\n    <rpm:sourcerpm >penguin-0.3-0.8.src.rpm</rpm:sourcerpm>\\n    <rpm:header-range end=\\\"2016\\\" start=\\\"280\\\" />\\n    <rpm:provides >\\n      <rpm:entry epoch=\\\"0\\\" flags=\\\"EQ\\\" name=\\\"penguin\\\" rel=\\\"0.8\\\" ver=\\\"0.3\\\" />\\n    </rpm:provides>\\n    <rpm:requires >\\n      <rpm:entry name=\\\"/bin/sh\\\" pre=\\\"1\\\" />\\n    </rpm:requires>\\n  </format>\\n</package>\\n\"}, \"description\": \"A dummy package of penguin\", \"time\": 1321891029, \"header_range\": {\"start\": 280, \"end\": 2016}, \"release_sort_index\": \"01-0.01-8\", \"arch\": \"noarch\", \"name\": \"penguin\", \"_storage_path\": \"/var/lib/pulp/content/rpm/penguin/0.3/0.8/noarch/3fcb2c927de9e13bf68469032a28b139d3e5ad2e58564fc210fd6e48635be694/penguin-0.3-0.8.noarch.rpm\", \"sourcerpm\": \"penguin-0.3-0.8.src.rpm\", \"checksumtype\": \"sha256\", \"license\": \"GPLv2\", \"changelog\": [], \"url\": \"http://tstrachota.fedorapeople.org\", \"checksum\": \"3fcb2c927de9e13bf68469032a28b139d3e5ad2e58564fc210fd6e48635be694\", \"summary\": \"A dummy package of penguin\", \"relativepath\": \"penguin-0.3-0.8.noarch.rpm\", \"release\": \"0.8\", \"_id\": \"042651f7-73fc-4e9f-b077-ad0736885b06\", \"requires\": [{\"release\": null, \"epoch\": null, \"version\": null, \"flags\": null, \"name\": \"/bin/sh\"}], \"_href\": \"/pulp/api/v2/content/units/rpm/042651f7-73fc-4e9f-b077-ad0736885b06/\", \"children\": {}, \"repository_memberships\": [\"1\"]}]"
    http_version: 
  recorded_at: Thu, 01 Aug 2013 13:06:10 GMT
- request: 
    method: post
    uri: https://abed.usersys.redhat.com/pulp/api/v2/repositories/1/search/units/
    body: 
      encoding: US-ASCII
      string: "{\"criteria\":{\"type_ids\":[\"rpm\"],\"fields\":{\"unit\":[],\"association\":[\"unit_id\"]}}}"
    headers: 
      Accept: 
      - application/json
      Accept-Encoding: 
      - gzip, deflate
      Content-Type: 
      - application/json
      Authorization: 
      - OAuth oauth_body_hash="2jmj7l5rSw0yVb%2FvlWAYkK%2FYBwk%3D", oauth_consumer_key="katello", oauth_nonce="LlAke6XEDsnU8H9xlYnmd0wu4jvbyOerokGDJtFk", oauth_signature="mv3ip8mmnxurkP6vxqrIiOtpkT8%3D", oauth_signature_method="HMAC-SHA1", oauth_timestamp="1375362373", oauth_version="1.0"
      Pulp-User: 
      - admin
      Content-Length: 
      - "80"
      User-Agent: 
      - Ruby
  response: 
    status: 
      code: 200
      message: OK
    headers: 
      Date: 
      - Thu, 01 Aug 2013 13:06:13 GMT
      Server: 
      - Apache/2.2.15 (Red Hat)
      Content-Length: 
      - "1456"
      Content-Type: 
      - application/json
    body: 
      encoding: US-ASCII
      string: "[{\"_id\": {\"$oid\": \"51fa5d435ca013687ad58c97\"}, \"unit_id\": \"e80a9b95-626f-4d8d-83e8-53d49bc88c0d\", \"unit_type_id\": \"rpm\", \"metadata\": {\"_id\": \"e80a9b95-626f-4d8d-83e8-53d49bc88c0d\"}}, {\"_id\": {\"$oid\": \"51fa5d435ca013687ad58c98\"}, \"unit_id\": \"aae86f30-023a-4d4c-a0b0-ed7cf840b843\", \"unit_type_id\": \"rpm\", \"metadata\": {\"_id\": \"aae86f30-023a-4d4c-a0b0-ed7cf840b843\"}}, {\"_id\": {\"$oid\": \"51fa5d435ca013687ad58c9a\"}, \"unit_id\": \"c4227539-5f5c-4f71-bfbf-3f88eea83238\", \"unit_type_id\": \"rpm\", \"metadata\": {\"_id\": \"c4227539-5f5c-4f71-bfbf-3f88eea83238\"}}, {\"_id\": {\"$oid\": \"51fa5d435ca013687ad58c99\"}, \"unit_id\": \"b962fd4c-be85-4853-be0c-e41243ce5886\", \"unit_type_id\": \"rpm\", \"metadata\": {\"_id\": \"b962fd4c-be85-4853-be0c-e41243ce5886\"}}, {\"_id\": {\"$oid\": \"51fa5d435ca013687ad58c93\"}, \"unit_id\": \"e720c703-3e26-4a2f-af8d-169cb5a1efd8\", \"unit_type_id\": \"rpm\", \"metadata\": {\"_id\": \"e720c703-3e26-4a2f-af8d-169cb5a1efd8\"}}, {\"_id\": {\"$oid\": \"51fa5d435ca013687ad58c95\"}, \"unit_id\": \"042651f7-73fc-4e9f-b077-ad0736885b06\", \"unit_type_id\": \"rpm\", \"metadata\": {\"_id\": \"042651f7-73fc-4e9f-b077-ad0736885b06\"}}, {\"_id\": {\"$oid\": \"51fa5d435ca013687ad58c96\"}, \"unit_id\": \"cb1a3f9d-0f6e-4f89-a39e-9b5d13d83398\", \"unit_type_id\": \"rpm\", \"metadata\": {\"_id\": \"cb1a3f9d-0f6e-4f89-a39e-9b5d13d83398\"}}, {\"_id\": {\"$oid\": \"51fa5d435ca013687ad58c94\"}, \"unit_id\": \"d8b39557-43f6-49ec-835e-d1dd33f66ea1\", \"unit_type_id\": \"rpm\", \"metadata\": {\"_id\": \"d8b39557-43f6-49ec-835e-d1dd33f66ea1\"}}]"
    http_version: 
  recorded_at: Thu, 01 Aug 2013 13:06:13 GMT
- request: 
    method: post
    uri: https://abed.usersys.redhat.com/pulp/api/v2/content/units/rpm/search/
    body: 
      encoding: US-ASCII
      string: "{\"criteria\":{\"filters\":{\"_id\":{\"$in\":[\"e80a9b95-626f-4d8d-83e8-53d49bc88c0d\",\"aae86f30-023a-4d4c-a0b0-ed7cf840b843\",\"c4227539-5f5c-4f71-bfbf-3f88eea83238\",\"b962fd4c-be85-4853-be0c-e41243ce5886\",\"e720c703-3e26-4a2f-af8d-169cb5a1efd8\",\"042651f7-73fc-4e9f-b077-ad0736885b06\",\"cb1a3f9d-0f6e-4f89-a39e-9b5d13d83398\",\"d8b39557-43f6-49ec-835e-d1dd33f66ea1\"]}},\"fields\":[\"name\",\"version\",\"release\",\"arch\",\"suffix\",\"epoch\",\"download_url\",\"checksum\",\"checksumtype\",\"license\",\"group\",\"children\",\"vendor\",\"filename\",\"relativepath\",\"description\",\"size\",\"buildhost\",\"_id\",\"_content_type_id\",\"_href\",\"_storage_path\",\"_type\"]},\"include_repos\":true}"
    headers: 
      Accept: 
      - application/json
      Accept-Encoding: 
      - gzip, deflate
      Content-Type: 
      - application/json
      Authorization: 
      - OAuth oauth_body_hash="2jmj7l5rSw0yVb%2FvlWAYkK%2FYBwk%3D", oauth_consumer_key="katello", oauth_nonce="NlQbJqa4Wsk5WGacLt4OT5Z5Xt4TwdDkDH9mDXc9A0k", oauth_signature="L2ODqWN981X%2FXzNNQm5KnGay5xc%3D", oauth_signature_method="HMAC-SHA1", oauth_timestamp="1375362373", oauth_version="1.0"
      Pulp-User: 
      - admin
      Content-Length: 
      - "632"
      User-Agent: 
      - Ruby
  response: 
    status: 
      code: 200
      message: OK
    headers: 
      Date: 
      - Thu, 01 Aug 2013 13:06:13 GMT
      Server: 
      - Apache/2.2.15 (Red Hat)
      Content-Length: 
      - "6542"
      Content-Type: 
      - application/json
    body: 
      encoding: US-ASCII
      string: "[{\"size\": 2232, \"_storage_path\": \"/var/lib/pulp/content/rpm/penguin/0.3/0.8/noarch/3fcb2c927de9e13bf68469032a28b139d3e5ad2e58564fc210fd6e48635be694/penguin-0.3-0.8.noarch.rpm\", \"group\": \"Internet/Applications\", \"checksumtype\": \"sha256\", \"license\": \"GPLv2\", \"checksum\": \"3fcb2c927de9e13bf68469032a28b139d3e5ad2e58564fc210fd6e48635be694\", \"filename\": \"penguin-0.3-0.8.noarch.rpm\", \"buildhost\": \"dhcp-26-118.brq.redhat.com\", \"epoch\": \"0\", \"version\": \"0.3\", \"relativepath\": \"penguin-0.3-0.8.noarch.rpm\", \"_content_type_id\": \"rpm\", \"release\": \"0.8\", \"vendor\": null, \"_id\": \"042651f7-73fc-4e9f-b077-ad0736885b06\", \"arch\": \"noarch\", \"name\": \"penguin\", \"description\": \"A dummy package of penguin\", \"_href\": \"/pulp/api/v2/content/units/rpm/042651f7-73fc-4e9f-b077-ad0736885b06/\", \"children\": {}, \"repository_memberships\": [\"1\"]}, {\"size\": 2244, \"_storage_path\": \"/var/lib/pulp/content/rpm/elephant/0.3/0.8/noarch/3e1c70cd1b421328acaf6397cb3d16145306bb95f65d1b095fc31372a0a701f3/elephant-0.3-0.8.noarch.rpm\", \"group\": \"Internet/Applications\", \"checksumtype\": \"sha256\", \"license\": \"GPLv2\", \"checksum\": \"3e1c70cd1b421328acaf6397cb3d16145306bb95f65d1b095fc31372a0a701f3\", \"filename\": \"elephant-0.3-0.8.noarch.rpm\", \"buildhost\": \"dhcp-26-118.brq.redhat.com\", \"epoch\": \"0\", \"version\": \"0.3\", \"relativepath\": \"elephant-0.3-0.8.noarch.rpm\", \"_content_type_id\": \"rpm\", \"release\": \"0.8\", \"vendor\": null, \"_id\": \"aae86f30-023a-4d4c-a0b0-ed7cf840b843\", \"arch\": \"noarch\", \"name\": \"elephant\", \"description\": \"A dummy package of elephant\", \"_href\": \"/pulp/api/v2/content/units/rpm/aae86f30-023a-4d4c-a0b0-ed7cf840b843/\", \"children\": {}, \"repository_memberships\": [\"1\"]}, {\"size\": 2212, \"_storage_path\": \"/var/lib/pulp/content/rpm/lion/0.3/0.8/noarch/12400dc95c23a4c160725a908716cd3fcdd7a8981585437ab64cd62efa3e4ae4/lion-0.3-0.8.noarch.rpm\", \"group\": \"Internet/Applications\", \"checksumtype\": \"sha256\", \"license\": \"GPLv2\", \"checksum\": \"12400dc95c23a4c160725a908716cd3fcdd7a8981585437ab64cd62efa3e4ae4\", \"filename\": \"lion-0.3-0.8.noarch.rpm\", \"buildhost\": \"dhcp-26-118.brq.redhat.com\", \"epoch\": \"0\", \"version\": \"0.3\", \"relativepath\": \"lion-0.3-0.8.noarch.rpm\", \"_content_type_id\": \"rpm\", \"release\": \"0.8\", \"vendor\": null, \"_id\": \"b962fd4c-be85-4853-be0c-e41243ce5886\", \"arch\": \"noarch\", \"name\": \"lion\", \"description\": \"A dummy package of lion\", \"_href\": \"/pulp/api/v2/content/units/rpm/b962fd4c-be85-4853-be0c-e41243ce5886/\", \"children\": {}, \"repository_memberships\": [\"1\"]}, {\"size\": 2236, \"_storage_path\": \"/var/lib/pulp/content/rpm/giraffe/0.3/0.8/noarch/f25d67d1d9da04f12e57ca323247b43891ac46533e355b82de6d1922009f9f14/giraffe-0.3-0.8.noarch.rpm\", \"group\": \"Internet/Applications\", \"checksumtype\": \"sha256\", \"license\": \"GPLv2\", \"checksum\": \"f25d67d1d9da04f12e57ca323247b43891ac46533e355b82de6d1922009f9f14\", \"filename\": \"giraffe-0.3-0.8.noarch.rpm\", \"buildhost\": \"dhcp-26-118.brq.redhat.com\", \"epoch\": \"0\", \"version\": \"0.3\", \"relativepath\": \"giraffe-0.3-0.8.noarch.rpm\", \"_content_type_id\": \"rpm\", \"release\": \"0.8\", \"vendor\": null, \"_id\": \"c4227539-5f5c-4f71-bfbf-3f88eea83238\", \"arch\": \"noarch\", \"name\": \"giraffe\", \"description\": \"A dummy package of giraffe\", \"_href\": \"/pulp/api/v2/content/units/rpm/c4227539-5f5c-4f71-bfbf-3f88eea83238/\", \"children\": {}, \"repository_memberships\": [\"1\"]}, {\"size\": 2248, \"_storage_path\": \"/var/lib/pulp/content/rpm/squirrel/0.3/0.8/noarch/251768bdd15f13d78487c27638aa6aecd01551e253756093cde1c0ae878a17d2/squirrel-0.3-0.8.noarch.rpm\", \"group\": \"Internet/Applications\", \"checksumtype\": \"sha256\", \"license\": \"GPLv2\", \"checksum\": \"251768bdd15f13d78487c27638aa6aecd01551e253756093cde1c0ae878a17d2\", \"filename\": \"squirrel-0.3-0.8.noarch.rpm\", \"buildhost\": \"dhcp-26-118.brq.redhat.com\", \"epoch\": \"0\", \"version\": \"0.3\", \"relativepath\": \"squirrel-0.3-0.8.noarch.rpm\", \"_content_type_id\": \"rpm\", \"release\": \"0.8\", \"vendor\": null, \"_id\": \"cb1a3f9d-0f6e-4f89-a39e-9b5d13d83398\", \"arch\": \"noarch\", \"name\": \"squirrel\", \"description\": \"A dummy package of squirrel\", \"_href\": \"/pulp/api/v2/content/units/rpm/cb1a3f9d-0f6e-4f89-a39e-9b5d13d83398/\", \"children\": {}, \"repository_memberships\": [\"1\"]}, {\"size\": 2236, \"_storage_path\": \"/var/lib/pulp/content/rpm/walrus/0.3/0.8/noarch/6e8d6dc057e3e2c9819f0dc7e6c7b7f86bf2e8571bba414adec7fb621a461dfd/walrus-0.3-0.8.noarch.rpm\", \"group\": \"Internet/Applications\", \"checksumtype\": \"sha256\", \"license\": \"GPLv2\", \"checksum\": \"6e8d6dc057e3e2c9819f0dc7e6c7b7f86bf2e8571bba414adec7fb621a461dfd\", \"filename\": \"walrus-0.3-0.8.noarch.rpm\", \"buildhost\": \"dhcp-26-118.brq.redhat.com\", \"epoch\": \"0\", \"version\": \"0.3\", \"relativepath\": \"walrus-0.3-0.8.noarch.rpm\", \"_content_type_id\": \"rpm\", \"release\": \"0.8\", \"vendor\": null, \"_id\": \"d8b39557-43f6-49ec-835e-d1dd33f66ea1\", \"arch\": \"noarch\", \"name\": \"walrus\", \"description\": \"A dummy package of walrus\", \"_href\": \"/pulp/api/v2/content/units/rpm/d8b39557-43f6-49ec-835e-d1dd33f66ea1/\", \"children\": {}, \"repository_memberships\": [\"1\"]}, {\"size\": 2232, \"_storage_path\": \"/var/lib/pulp/content/rpm/monkey/0.3/0.8/noarch/0e8fa50d0128fbabc7ccc5632e3fa25d39b0280169f6166cb8e2c84de8501db1/monkey-0.3-0.8.noarch.rpm\", \"group\": \"Internet/Applications\", \"checksumtype\": \"sha256\", \"license\": \"GPLv2\", \"checksum\": \"0e8fa50d0128fbabc7ccc5632e3fa25d39b0280169f6166cb8e2c84de8501db1\", \"filename\": \"monkey-0.3-0.8.noarch.rpm\", \"buildhost\": \"dhcp-26-118.brq.redhat.com\", \"epoch\": \"0\", \"version\": \"0.3\", \"relativepath\": \"monkey-0.3-0.8.noarch.rpm\", \"_content_type_id\": \"rpm\", \"release\": \"0.8\", \"vendor\": null, \"_id\": \"e720c703-3e26-4a2f-af8d-169cb5a1efd8\", \"arch\": \"noarch\", \"name\": \"monkey\", \"description\": \"A dummy package of monkey\", \"_href\": \"/pulp/api/v2/content/units/rpm/e720c703-3e26-4a2f-af8d-169cb5a1efd8/\", \"children\": {}, \"repository_memberships\": [\"1\"]}, {\"size\": 2232, \"_storage_path\": \"/var/lib/pulp/content/rpm/cheetah/0.3/0.8/noarch/422d0baa0cd9d7713ae796e886a23e17f578f924f74880debdbb7d65fb368dae/cheetah-0.3-0.8.noarch.rpm\", \"group\": \"Internet/Applications\", \"checksumtype\": \"sha256\", \"license\": \"GPLv2\", \"checksum\": \"422d0baa0cd9d7713ae796e886a23e17f578f924f74880debdbb7d65fb368dae\", \"filename\": \"cheetah-0.3-0.8.noarch.rpm\", \"buildhost\": \"dhcp-26-118.brq.redhat.com\", \"epoch\": \"0\", \"version\": \"0.3\", \"relativepath\": \"cheetah-0.3-0.8.noarch.rpm\", \"_content_type_id\": \"rpm\", \"release\": \"0.8\", \"vendor\": null, \"_id\": \"e80a9b95-626f-4d8d-83e8-53d49bc88c0d\", \"arch\": \"noarch\", \"name\": \"cheetah\", \"description\": \"A dummy package of cheetah\", \"_href\": \"/pulp/api/v2/content/units/rpm/e80a9b95-626f-4d8d-83e8-53d49bc88c0d/\", \"children\": {}, \"repository_memberships\": [\"1\"]}]"
    http_version: 
  recorded_at: Thu, 01 Aug 2013 13:06:13 GMT
recorded_with: VCR 2.5.0
