--- 
http_interactions: 
- request: 
    method: get
    uri: https://kafka.usersys.redhat.com/pulp/api/v2/tasks/2dfc5899-9aa0-4835-815d-e6cd6e0ccb05/
    body: 
      string: ""
    headers: 
      Accept: 
      - application/json
      Accept-Encoding: 
      - gzip, deflate
      Authorization: 
      - OAuth oauth_consumer_key="katello", oauth_nonce="B0zH1xw6qZNOYUsJV3tJ2mzhE4raAUx1iQJRCRXdwc", oauth_signature="u4oSYxWV%2FIjzOQ5NLvT11JeTYgA%3D", oauth_signature_method="HMAC-SHA1", oauth_timestamp="1357950290", oauth_version="1.0"
      Content-Type: 
      - application/json
      Pulp-User: 
      - admin
  response: 
    status: 
      code: 200
      message: OK
    headers: 
      Date: 
      - Sat, 12 Jan 2013 00:24:50 GMT
      Server: 
      - Apache/2.2.22 (Fedora)
      Content-Type: 
      - application/json
      Content-Length: 
      - "853"
    body: 
      string: "{\"task_group_id\": null, \"exception\": null, \"traceback\": null, \"_href\": \"/pulp/api/v2/tasks/2dfc5899-9aa0-4835-815d-e6cd6e0ccb05/\", \"task_id\": \"2dfc5899-9aa0-4835-815d-e6cd6e0ccb05\", \"call_request_tags\": [\"pulp:repository:acme_corporation_label-staging_label-staging_label-fedora_label-fedora_17_x86_64_label\", \"pulp:repository:1\", \"pulp:action:associate\"], \"reasons\": [], \"start_time\": \"2013-01-12T00:24:49Z\", \"tags\": [\"pulp:repository:acme_corporation_label-staging_label-staging_label-fedora_label-fedora_17_x86_64_label\", \"pulp:repository:1\", \"pulp:action:associate\"], \"state\": \"finished\", \"finish_time\": \"2013-01-12T00:24:49Z\", \"dependency_failures\": {}, \"schedule_id\": null, \"progress\": {}, \"call_request_group_id\": null, \"call_request_id\": \"2dfc5899-9aa0-4835-815d-e6cd6e0ccb05\", \"principal_login\": \"admin\", \"response\": \"accepted\", \"result\": null}"
    http_version: 
  recorded_at: Sat, 12 Jan 2013 00:24:50 GMT
- request: 
    method: get
    uri: https://kafka.usersys.redhat.com/pulp/api/v2/tasks/4953c736-1d5d-48da-9f81-3628c0af8363/
    body: 
      string: ""
    headers: 
      Accept: 
      - application/json
      Accept-Encoding: 
      - gzip, deflate
      Authorization: 
      - OAuth oauth_consumer_key="katello", oauth_nonce="1Y2tdsizSuZXktjdUzzY0Nw1dA72uVQCKRnAFJOR3Y", oauth_signature="n4b%2BKxSrgY6WWtDUR6NEmg4DnfA%3D", oauth_signature_method="HMAC-SHA1", oauth_timestamp="1357950290", oauth_version="1.0"
      Content-Type: 
      - application/json
      Pulp-User: 
      - admin
  response: 
    status: 
      code: 200
      message: OK
    headers: 
      Date: 
      - Sat, 12 Jan 2013 00:24:50 GMT
      Server: 
      - Apache/2.2.22 (Fedora)
      Content-Type: 
      - application/json
      Content-Length: 
      - "853"
    body: 
      string: "{\"task_group_id\": null, \"exception\": null, \"traceback\": null, \"_href\": \"/pulp/api/v2/tasks/4953c736-1d5d-48da-9f81-3628c0af8363/\", \"task_id\": \"4953c736-1d5d-48da-9f81-3628c0af8363\", \"call_request_tags\": [\"pulp:repository:acme_corporation_label-staging_label-staging_label-fedora_label-fedora_17_x86_64_label\", \"pulp:repository:1\", \"pulp:action:associate\"], \"reasons\": [], \"start_time\": \"2013-01-12T00:24:49Z\", \"tags\": [\"pulp:repository:acme_corporation_label-staging_label-staging_label-fedora_label-fedora_17_x86_64_label\", \"pulp:repository:1\", \"pulp:action:associate\"], \"state\": \"finished\", \"finish_time\": \"2013-01-12T00:24:49Z\", \"dependency_failures\": {}, \"schedule_id\": null, \"progress\": {}, \"call_request_group_id\": null, \"call_request_id\": \"4953c736-1d5d-48da-9f81-3628c0af8363\", \"principal_login\": \"admin\", \"response\": \"accepted\", \"result\": null}"
    http_version: 
  recorded_at: Sat, 12 Jan 2013 00:24:50 GMT
- request: 
    method: get
    uri: https://kafka.usersys.redhat.com/pulp/api/v2/tasks/1ddf55ba-4bbd-4b18-95a9-f90db7087fbb/
    body: 
      string: ""
    headers: 
      Accept: 
      - application/json
      Accept-Encoding: 
      - gzip, deflate
      Authorization: 
      - OAuth oauth_consumer_key="katello", oauth_nonce="pDbBaW3Tolsf1CZeWZxoaZLja3bfni4Mk3dJqtcUDM", oauth_signature="mqP1dMtP4Z6Ju3fSvyLPQDaZ3qQ%3D", oauth_signature_method="HMAC-SHA1", oauth_timestamp="1357950291", oauth_version="1.0"
      Content-Type: 
      - application/json
      Pulp-User: 
      - admin
  response: 
    status: 
      code: 200
      message: OK
    headers: 
      Date: 
      - Sat, 12 Jan 2013 00:24:51 GMT
      Server: 
      - Apache/2.2.22 (Fedora)
      Content-Type: 
      - application/json
      Content-Length: 
      - "853"
    body: 
      string: "{\"task_group_id\": null, \"exception\": null, \"traceback\": null, \"_href\": \"/pulp/api/v2/tasks/1ddf55ba-4bbd-4b18-95a9-f90db7087fbb/\", \"task_id\": \"1ddf55ba-4bbd-4b18-95a9-f90db7087fbb\", \"call_request_tags\": [\"pulp:repository:acme_corporation_label-staging_label-staging_label-fedora_label-fedora_17_x86_64_label\", \"pulp:repository:1\", \"pulp:action:associate\"], \"reasons\": [], \"start_time\": \"2013-01-12T00:24:49Z\", \"tags\": [\"pulp:repository:acme_corporation_label-staging_label-staging_label-fedora_label-fedora_17_x86_64_label\", \"pulp:repository:1\", \"pulp:action:associate\"], \"state\": \"finished\", \"finish_time\": \"2013-01-12T00:24:49Z\", \"dependency_failures\": {}, \"schedule_id\": null, \"progress\": {}, \"call_request_group_id\": null, \"call_request_id\": \"1ddf55ba-4bbd-4b18-95a9-f90db7087fbb\", \"principal_login\": \"admin\", \"response\": \"accepted\", \"result\": null}"
    http_version: 
  recorded_at: Sat, 12 Jan 2013 00:24:51 GMT
- request: 
    method: get
    uri: https://kafka.usersys.redhat.com/pulp/api/v2/tasks/ccb8ad3a-f424-4d79-9e1d-6f038598d272/
    body: 
      string: ""
    headers: 
      Accept: 
      - application/json
      Accept-Encoding: 
      - gzip, deflate
      Authorization: 
      - OAuth oauth_consumer_key="katello", oauth_nonce="fU3mDYhUAhc1q66uiB04FbeTUjmiRnXl5wYL2q3aXg", oauth_signature="Jz4pf7VcmbhA1LzDM1w53E31v7s%3D", oauth_signature_method="HMAC-SHA1", oauth_timestamp="1357950291", oauth_version="1.0"
      Content-Type: 
      - application/json
      Pulp-User: 
      - admin
  response: 
    status: 
      code: 200
      message: OK
    headers: 
      Date: 
      - Sat, 12 Jan 2013 00:24:52 GMT
      Server: 
      - Apache/2.2.22 (Fedora)
      Content-Type: 
      - application/json
      Content-Length: 
      - "853"
    body: 
      string: "{\"task_group_id\": null, \"exception\": null, \"traceback\": null, \"_href\": \"/pulp/api/v2/tasks/ccb8ad3a-f424-4d79-9e1d-6f038598d272/\", \"task_id\": \"ccb8ad3a-f424-4d79-9e1d-6f038598d272\", \"call_request_tags\": [\"pulp:repository:acme_corporation_label-staging_label-staging_label-fedora_label-fedora_17_x86_64_label\", \"pulp:repository:1\", \"pulp:action:associate\"], \"reasons\": [], \"start_time\": \"2013-01-12T00:24:50Z\", \"tags\": [\"pulp:repository:acme_corporation_label-staging_label-staging_label-fedora_label-fedora_17_x86_64_label\", \"pulp:repository:1\", \"pulp:action:associate\"], \"state\": \"finished\", \"finish_time\": \"2013-01-12T00:24:50Z\", \"dependency_failures\": {}, \"schedule_id\": null, \"progress\": {}, \"call_request_group_id\": null, \"call_request_id\": \"ccb8ad3a-f424-4d79-9e1d-6f038598d272\", \"principal_login\": \"admin\", \"response\": \"accepted\", \"result\": null}"
    http_version: 
  recorded_at: Sat, 12 Jan 2013 00:24:52 GMT
- request: 
    method: get
    uri: https://kafka.usersys.redhat.com/pulp/api/v2/tasks/561245f8-d3c2-4a5b-bfc1-263d91bef5a0/
    body: 
      string: ""
    headers: 
      Accept: 
      - application/json
      Accept-Encoding: 
      - gzip, deflate
      Authorization: 
      - OAuth oauth_consumer_key="katello", oauth_nonce="Wnb7y8HurjUE6FtFsJNSIXg3u1XdgfC3Mc3GEcVAA", oauth_signature="OrJG1f9OofagtccLkac0RECYEOM%3D", oauth_signature_method="HMAC-SHA1", oauth_timestamp="1357950293", oauth_version="1.0"
      Content-Type: 
      - application/json
      Pulp-User: 
      - admin
  response: 
    status: 
      code: 200
      message: OK
    headers: 
      Date: 
      - Sat, 12 Jan 2013 00:24:53 GMT
      Server: 
      - Apache/2.2.22 (Fedora)
      Content-Type: 
      - application/json
      Content-Length: 
      - "842"
    body: 
      string: "{\"task_group_id\": \"8822db96-64f9-4d64-a701-208308cb8909\", \"exception\": null, \"traceback\": null, \"_href\": \"/pulp/api/v2/tasks/561245f8-d3c2-4a5b-bfc1-263d91bef5a0/\", \"task_id\": \"561245f8-d3c2-4a5b-bfc1-263d91bef5a0\", \"call_request_tags\": [\"pulp:repository:1\", \"pulp:action:sync\"], \"reasons\": [], \"start_time\": \"2013-01-12T00:24:52Z\", \"tags\": [\"pulp:repository:1\", \"pulp:action:sync\"], \"state\": \"running\", \"finish_time\": null, \"dependency_failures\": {}, \"schedule_id\": null, \"progress\": {\"yum_importer\": {\"content\": {\"state\": \"NOT_STARTED\"}, \"comps\": {\"state\": \"NOT_STARTED\"}, \"errata\": {\"state\": \"NOT_STARTED\"}, \"metadata\": {\"state\": \"IN_PROGRESS\"}}}, \"call_request_group_id\": \"8822db96-64f9-4d64-a701-208308cb8909\", \"call_request_id\": \"561245f8-d3c2-4a5b-bfc1-263d91bef5a0\", \"principal_login\": \"admin\", \"response\": \"accepted\", \"result\": null}"
    http_version: 
  recorded_at: Sat, 12 Jan 2013 00:24:53 GMT
- request: 
    method: get
    uri: https://kafka.usersys.redhat.com/pulp/api/v2/tasks/561245f8-d3c2-4a5b-bfc1-263d91bef5a0/
    body: 
      string: ""
    headers: 
      Accept: 
      - application/json
      Accept-Encoding: 
      - gzip, deflate
      Authorization: 
      - OAuth oauth_consumer_key="katello", oauth_nonce="z1QuW3bXmkSmUreJgzhC4QPma9XKZiBqPAE6mc4gHLk", oauth_signature="lWje5Ae9V%2F79F8IGBe3ayLMyiYM%3D", oauth_signature_method="HMAC-SHA1", oauth_timestamp="1357950293", oauth_version="1.0"
      Content-Type: 
      - application/json
      Pulp-User: 
      - admin
  response: 
    status: 
      code: 200
      message: OK
    headers: 
      Date: 
      - Sat, 12 Jan 2013 00:24:53 GMT
      Server: 
      - Apache/2.2.22 (Fedora)
      Content-Type: 
      - application/json
      Content-Length: 
      - "1442"
    body: 
      string: "{\"task_group_id\": \"8822db96-64f9-4d64-a701-208308cb8909\", \"exception\": null, \"traceback\": null, \"_href\": \"/pulp/api/v2/tasks/561245f8-d3c2-4a5b-bfc1-263d91bef5a0/\", \"task_id\": \"561245f8-d3c2-4a5b-bfc1-263d91bef5a0\", \"call_request_tags\": [\"pulp:repository:1\", \"pulp:action:sync\"], \"reasons\": [], \"start_time\": \"2013-01-12T00:24:52Z\", \"tags\": [\"pulp:repository:1\", \"pulp:action:sync\"], \"state\": \"running\", \"finish_time\": null, \"dependency_failures\": {}, \"schedule_id\": null, \"progress\": {\"yum_importer\": {\"content\": {\"num_success\": 11, \"size_total\": 17872, \"items_left\": 0, \"items_total\": 11, \"state\": \"IN_PROGRESS\", \"size_left\": 0, \"details\": {\"tree_file\": {\"num_success\": 3, \"size_total\": 0, \"items_left\": 0, \"items_total\": 3, \"size_left\": 0, \"num_error\": 0}, \"rpm\": {\"num_success\": 8, \"size_total\": 17872, \"items_left\": 0, \"items_total\": 8, \"size_left\": 0, \"num_error\": 0}, \"delta_rpm\": {\"num_success\": 0, \"size_total\": 0, \"items_left\": 0, \"items_total\": 0, \"size_left\": 0, \"num_error\": 0}, \"file\": {\"num_success\": 0, \"size_total\": 0, \"items_left\": 0, \"items_total\": 0, \"size_left\": 0, \"num_error\": 0}}, \"error_details\": [], \"num_error\": 0}, \"comps\": {\"state\": \"NOT_STARTED\"}, \"errata\": {\"state\": \"NOT_STARTED\"}, \"metadata\": {\"state\": \"FINISHED\"}}}, \"call_request_group_id\": \"8822db96-64f9-4d64-a701-208308cb8909\", \"call_request_id\": \"561245f8-d3c2-4a5b-bfc1-263d91bef5a0\", \"principal_login\": \"admin\", \"response\": \"accepted\", \"result\": null}"
    http_version: 
  recorded_at: Sat, 12 Jan 2013 00:24:53 GMT
- request: 
    method: get
    uri: https://kafka.usersys.redhat.com/pulp/api/v2/tasks/561245f8-d3c2-4a5b-bfc1-263d91bef5a0/
    body: 
      string: ""
    headers: 
      Accept: 
      - application/json
      Accept-Encoding: 
      - gzip, deflate
      Authorization: 
      - OAuth oauth_consumer_key="katello", oauth_nonce="2onG7NJVNMGOfsnT9z2mJbDdiRjFLMtFHYSjHYhtMs", oauth_signature="EDG1F4y6%2F5ogiTyQUbJZ6w%2FK7yI%3D", oauth_signature_method="HMAC-SHA1", oauth_timestamp="1357950294", oauth_version="1.0"
      Content-Type: 
      - application/json
      Pulp-User: 
      - admin
  response: 
    status: 
      code: 200
      message: OK
    headers: 
      Date: 
      - Sat, 12 Jan 2013 00:24:54 GMT
      Server: 
      - Apache/2.2.22 (Fedora)
      Content-Type: 
      - application/json
      Content-Length: 
      - "1469"
    body: 
      string: "{\"task_group_id\": \"8822db96-64f9-4d64-a701-208308cb8909\", \"exception\": null, \"traceback\": null, \"_href\": \"/pulp/api/v2/tasks/561245f8-d3c2-4a5b-bfc1-263d91bef5a0/\", \"task_id\": \"561245f8-d3c2-4a5b-bfc1-263d91bef5a0\", \"call_request_tags\": [\"pulp:repository:1\", \"pulp:action:sync\"], \"reasons\": [], \"start_time\": \"2013-01-12T00:24:52Z\", \"tags\": [\"pulp:repository:1\", \"pulp:action:sync\"], \"state\": \"finished\", \"finish_time\": \"2013-01-12T00:24:54Z\", \"dependency_failures\": {}, \"schedule_id\": null, \"progress\": {\"yum_importer\": {\"content\": {\"num_success\": 11, \"size_total\": 17872, \"items_left\": 0, \"items_total\": 11, \"state\": \"FINISHED\", \"size_left\": 0, \"details\": {\"tree_file\": {\"num_success\": 3, \"size_total\": 0, \"items_left\": 0, \"items_total\": 3, \"size_left\": 0, \"num_error\": 0}, \"rpm\": {\"num_success\": 8, \"size_total\": 17872, \"items_left\": 0, \"items_total\": 8, \"size_left\": 0, \"num_error\": 0}, \"delta_rpm\": {\"num_success\": 0, \"size_total\": 0, \"items_left\": 0, \"items_total\": 0, \"size_left\": 0, \"num_error\": 0}, \"file\": {\"num_success\": 0, \"size_total\": 0, \"items_left\": 0, \"items_total\": 0, \"size_left\": 0, \"num_error\": 0}}, \"error_details\": [], \"num_error\": 0}, \"comps\": {\"state\": \"FINISHED\"}, \"errata\": {\"state\": \"FINISHED\", \"num_errata\": 2}, \"metadata\": {\"state\": \"FINISHED\"}}}, \"call_request_group_id\": \"8822db96-64f9-4d64-a701-208308cb8909\", \"call_request_id\": \"561245f8-d3c2-4a5b-bfc1-263d91bef5a0\", \"principal_login\": \"admin\", \"response\": \"accepted\", \"result\": null}"
    http_version: 
  recorded_at: Sat, 12 Jan 2013 00:24:54 GMT
- request: 
    method: get
    uri: https://kafka.usersys.redhat.com/pulp/api/v2/tasks/120a455c-5312-4136-a8c8-a5d20a160654/
    body: 
      string: ""
    headers: 
      Accept: 
      - application/json
      Accept-Encoding: 
      - gzip, deflate
      Authorization: 
      - OAuth oauth_consumer_key="katello", oauth_nonce="goATPRzL4dxqErlywXMSaX18805y533Z5lP7QzMo7So", oauth_signature="YYUVFpk3CV%2Fosm%2BoHr05aRwPUvY%3D", oauth_signature_method="HMAC-SHA1", oauth_timestamp="1357950296", oauth_version="1.0"
      Content-Type: 
      - application/json
      Pulp-User: 
      - admin
  response: 
    status: 
      code: 200
      message: OK
    headers: 
      Date: 
      - Sat, 12 Jan 2013 00:24:56 GMT
      Server: 
      - Apache/2.2.22 (Fedora)
      Content-Type: 
      - application/json
      Content-Length: 
      - "842"
    body: 
      string: "{\"task_group_id\": \"d25eba09-d3cd-482f-acc0-63260becfa09\", \"exception\": null, \"traceback\": null, \"_href\": \"/pulp/api/v2/tasks/120a455c-5312-4136-a8c8-a5d20a160654/\", \"task_id\": \"120a455c-5312-4136-a8c8-a5d20a160654\", \"call_request_tags\": [\"pulp:repository:1\", \"pulp:action:sync\"], \"reasons\": [], \"start_time\": \"2013-01-12T00:24:56Z\", \"tags\": [\"pulp:repository:1\", \"pulp:action:sync\"], \"state\": \"running\", \"finish_time\": null, \"dependency_failures\": {}, \"schedule_id\": null, \"progress\": {\"yum_importer\": {\"content\": {\"state\": \"NOT_STARTED\"}, \"comps\": {\"state\": \"NOT_STARTED\"}, \"errata\": {\"state\": \"NOT_STARTED\"}, \"metadata\": {\"state\": \"IN_PROGRESS\"}}}, \"call_request_group_id\": \"d25eba09-d3cd-482f-acc0-63260becfa09\", \"call_request_id\": \"120a455c-5312-4136-a8c8-a5d20a160654\", \"principal_login\": \"admin\", \"response\": \"accepted\", \"result\": null}"
    http_version: 
  recorded_at: Sat, 12 Jan 2013 00:24:56 GMT
- request: 
    method: get
    uri: https://kafka.usersys.redhat.com/pulp/api/v2/tasks/120a455c-5312-4136-a8c8-a5d20a160654/
    body: 
      string: ""
    headers: 
      Accept: 
      - application/json
      Accept-Encoding: 
      - gzip, deflate
      Authorization: 
      - OAuth oauth_consumer_key="katello", oauth_nonce="Ak4DYh49RSYc7A58pkCpdJV3NOgrRNurZa10RfBM1fg", oauth_signature="vRJuvlv%2FIX6WfvYqsOTszOeZPOA%3D", oauth_signature_method="HMAC-SHA1", oauth_timestamp="1357950297", oauth_version="1.0"
      Content-Type: 
      - application/json
      Pulp-User: 
      - admin
  response: 
    status: 
      code: 200
      message: OK
    headers: 
      Date: 
      - Sat, 12 Jan 2013 00:24:57 GMT
      Server: 
      - Apache/2.2.22 (Fedora)
      Content-Type: 
      - application/json
      Content-Length: 
      - "1442"
    body: 
      string: "{\"task_group_id\": \"d25eba09-d3cd-482f-acc0-63260becfa09\", \"exception\": null, \"traceback\": null, \"_href\": \"/pulp/api/v2/tasks/120a455c-5312-4136-a8c8-a5d20a160654/\", \"task_id\": \"120a455c-5312-4136-a8c8-a5d20a160654\", \"call_request_tags\": [\"pulp:repository:1\", \"pulp:action:sync\"], \"reasons\": [], \"start_time\": \"2013-01-12T00:24:56Z\", \"tags\": [\"pulp:repository:1\", \"pulp:action:sync\"], \"state\": \"running\", \"finish_time\": null, \"dependency_failures\": {}, \"schedule_id\": null, \"progress\": {\"yum_importer\": {\"content\": {\"num_success\": 11, \"size_total\": 17872, \"items_left\": 0, \"items_total\": 11, \"state\": \"IN_PROGRESS\", \"size_left\": 0, \"details\": {\"tree_file\": {\"num_success\": 3, \"size_total\": 0, \"items_left\": 0, \"items_total\": 3, \"size_left\": 0, \"num_error\": 0}, \"rpm\": {\"num_success\": 8, \"size_total\": 17872, \"items_left\": 0, \"items_total\": 8, \"size_left\": 0, \"num_error\": 0}, \"delta_rpm\": {\"num_success\": 0, \"size_total\": 0, \"items_left\": 0, \"items_total\": 0, \"size_left\": 0, \"num_error\": 0}, \"file\": {\"num_success\": 0, \"size_total\": 0, \"items_left\": 0, \"items_total\": 0, \"size_left\": 0, \"num_error\": 0}}, \"error_details\": [], \"num_error\": 0}, \"comps\": {\"state\": \"NOT_STARTED\"}, \"errata\": {\"state\": \"NOT_STARTED\"}, \"metadata\": {\"state\": \"FINISHED\"}}}, \"call_request_group_id\": \"d25eba09-d3cd-482f-acc0-63260becfa09\", \"call_request_id\": \"120a455c-5312-4136-a8c8-a5d20a160654\", \"principal_login\": \"admin\", \"response\": \"accepted\", \"result\": null}"
    http_version: 
  recorded_at: Sat, 12 Jan 2013 00:24:57 GMT
- request: 
    method: get
    uri: https://kafka.usersys.redhat.com/pulp/api/v2/tasks/120a455c-5312-4136-a8c8-a5d20a160654/
    body: 
      string: ""
    headers: 
      Accept: 
      - application/json
      Accept-Encoding: 
      - gzip, deflate
      Authorization: 
      - OAuth oauth_consumer_key="katello", oauth_nonce="5DwbzO5U8YJlyDdJU2zIlJgOh5xOLHPlTtPXKX91UA", oauth_signature="CL7TsQ5w5ErZzaO%2B4FFEK1d3lCQ%3D", oauth_signature_method="HMAC-SHA1", oauth_timestamp="1357950297", oauth_version="1.0"
      Content-Type: 
      - application/json
      Pulp-User: 
      - admin
  response: 
    status: 
      code: 200
      message: OK
    headers: 
      Date: 
      - Sat, 12 Jan 2013 00:24:57 GMT
      Server: 
      - Apache/2.2.22 (Fedora)
      Content-Type: 
      - application/json
      Content-Length: 
      - "1469"
    body: 
      string: "{\"task_group_id\": \"d25eba09-d3cd-482f-acc0-63260becfa09\", \"exception\": null, \"traceback\": null, \"_href\": \"/pulp/api/v2/tasks/120a455c-5312-4136-a8c8-a5d20a160654/\", \"task_id\": \"120a455c-5312-4136-a8c8-a5d20a160654\", \"call_request_tags\": [\"pulp:repository:1\", \"pulp:action:sync\"], \"reasons\": [], \"start_time\": \"2013-01-12T00:24:56Z\", \"tags\": [\"pulp:repository:1\", \"pulp:action:sync\"], \"state\": \"finished\", \"finish_time\": \"2013-01-12T00:24:57Z\", \"dependency_failures\": {}, \"schedule_id\": null, \"progress\": {\"yum_importer\": {\"content\": {\"num_success\": 11, \"size_total\": 17872, \"items_left\": 0, \"items_total\": 11, \"state\": \"FINISHED\", \"size_left\": 0, \"details\": {\"tree_file\": {\"num_success\": 3, \"size_total\": 0, \"items_left\": 0, \"items_total\": 3, \"size_left\": 0, \"num_error\": 0}, \"rpm\": {\"num_success\": 8, \"size_total\": 17872, \"items_left\": 0, \"items_total\": 8, \"size_left\": 0, \"num_error\": 0}, \"delta_rpm\": {\"num_success\": 0, \"size_total\": 0, \"items_left\": 0, \"items_total\": 0, \"size_left\": 0, \"num_error\": 0}, \"file\": {\"num_success\": 0, \"size_total\": 0, \"items_left\": 0, \"items_total\": 0, \"size_left\": 0, \"num_error\": 0}}, \"error_details\": [], \"num_error\": 0}, \"comps\": {\"state\": \"FINISHED\"}, \"errata\": {\"state\": \"FINISHED\", \"num_errata\": 2}, \"metadata\": {\"state\": \"FINISHED\"}}}, \"call_request_group_id\": \"d25eba09-d3cd-482f-acc0-63260becfa09\", \"call_request_id\": \"120a455c-5312-4136-a8c8-a5d20a160654\", \"principal_login\": \"admin\", \"response\": \"accepted\", \"result\": null}"
    http_version: 
  recorded_at: Sat, 12 Jan 2013 00:24:58 GMT
- request: 
    method: get
    uri: https://kafka.usersys.redhat.com/pulp/api/v2/tasks/44953e26-842a-47d1-b044-9da37a396792/
    body: 
      string: ""
    headers: 
      Accept: 
      - application/json
      Accept-Encoding: 
      - gzip, deflate
      Authorization: 
      - OAuth oauth_consumer_key="katello", oauth_nonce="ZoafEoA4MKItb8Zi8xTkfMJ374R6kcwkA5gGgXSfjA", oauth_signature="pugKMU7aszCPo5kxkp6anchy7gM%3D", oauth_signature_method="HMAC-SHA1", oauth_timestamp="1357950299", oauth_version="1.0"
      Content-Type: 
      - application/json
      Pulp-User: 
      - admin
  response: 
    status: 
      code: 200
      message: OK
    headers: 
      Date: 
      - Sat, 12 Jan 2013 00:24:59 GMT
      Server: 
      - Apache/2.2.22 (Fedora)
      Content-Type: 
      - application/json
      Content-Length: 
      - "853"
    body: 
      string: "{\"task_group_id\": null, \"exception\": null, \"traceback\": null, \"_href\": \"/pulp/api/v2/tasks/44953e26-842a-47d1-b044-9da37a396792/\", \"task_id\": \"44953e26-842a-47d1-b044-9da37a396792\", \"call_request_tags\": [\"pulp:repository:acme_corporation_label-staging_label-staging_label-fedora_label-fedora_17_x86_64_label\", \"pulp:repository:1\", \"pulp:action:associate\"], \"reasons\": [], \"start_time\": \"2013-01-12T00:24:59Z\", \"tags\": [\"pulp:repository:acme_corporation_label-staging_label-staging_label-fedora_label-fedora_17_x86_64_label\", \"pulp:repository:1\", \"pulp:action:associate\"], \"state\": \"finished\", \"finish_time\": \"2013-01-12T00:24:59Z\", \"dependency_failures\": {}, \"schedule_id\": null, \"progress\": {}, \"call_request_group_id\": null, \"call_request_id\": \"44953e26-842a-47d1-b044-9da37a396792\", \"principal_login\": \"admin\", \"response\": \"accepted\", \"result\": null}"
    http_version: 
  recorded_at: Sat, 12 Jan 2013 00:24:59 GMT
- request: 
    method: get
    uri: https://kafka.usersys.redhat.com/pulp/api/v2/tasks/6d18a63b-fd2f-41fe-81c2-23eda65db1b4/
    body: 
      string: ""
    headers: 
      Accept: 
      - application/json
      Accept-Encoding: 
      - gzip, deflate
      Authorization: 
      - OAuth oauth_consumer_key="katello", oauth_nonce="MyJO28EZzergy8NKG24VyU2FqkHYIUX7vVXcQEvfYE0", oauth_signature="zHbeKUwGfOD4bwzMbimkBOPdQdo%3D", oauth_signature_method="HMAC-SHA1", oauth_timestamp="1357950300", oauth_version="1.0"
      Content-Type: 
      - application/json
      Pulp-User: 
      - admin
  response: 
    status: 
      code: 200
      message: OK
    headers: 
      Date: 
      - Sat, 12 Jan 2013 00:25:00 GMT
      Server: 
      - Apache/2.2.22 (Fedora)
      Content-Type: 
      - application/json
      Content-Length: 
      - "853"
    body: 
      string: "{\"task_group_id\": null, \"exception\": null, \"traceback\": null, \"_href\": \"/pulp/api/v2/tasks/6d18a63b-fd2f-41fe-81c2-23eda65db1b4/\", \"task_id\": \"6d18a63b-fd2f-41fe-81c2-23eda65db1b4\", \"call_request_tags\": [\"pulp:repository:acme_corporation_label-staging_label-staging_label-fedora_label-fedora_17_x86_64_label\", \"pulp:repository:1\", \"pulp:action:associate\"], \"reasons\": [], \"start_time\": \"2013-01-12T00:24:59Z\", \"tags\": [\"pulp:repository:acme_corporation_label-staging_label-staging_label-fedora_label-fedora_17_x86_64_label\", \"pulp:repository:1\", \"pulp:action:associate\"], \"state\": \"finished\", \"finish_time\": \"2013-01-12T00:24:59Z\", \"dependency_failures\": {}, \"schedule_id\": null, \"progress\": {}, \"call_request_group_id\": null, \"call_request_id\": \"6d18a63b-fd2f-41fe-81c2-23eda65db1b4\", \"principal_login\": \"admin\", \"response\": \"accepted\", \"result\": null}"
    http_version: 
  recorded_at: Sat, 12 Jan 2013 00:25:00 GMT
- request: 
    method: get
    uri: https://kafka.usersys.redhat.com/pulp/api/v2/tasks/c973ba10-959a-493f-ae21-3468f99ec6ab/
    body: 
      string: ""
    headers: 
      Accept: 
      - application/json
      Accept-Encoding: 
      - gzip, deflate
      Authorization: 
      - OAuth oauth_consumer_key="katello", oauth_nonce="oZUxC23BQFBp290xV1ndciPpmJVTuozGjY9bW3Qf4", oauth_signature="5d54GqNktb4XjVq852DLy2%2FZRM4%3D", oauth_signature_method="HMAC-SHA1", oauth_timestamp="1357950301", oauth_version="1.0"
      Content-Type: 
      - application/json
      Pulp-User: 
      - admin
  response: 
    status: 
      code: 200
      message: OK
    headers: 
      Date: 
      - Sat, 12 Jan 2013 00:25:01 GMT
      Server: 
      - Apache/2.2.22 (Fedora)
      Content-Type: 
      - application/json
      Content-Length: 
      - "853"
    body: 
      string: "{\"task_group_id\": null, \"exception\": null, \"traceback\": null, \"_href\": \"/pulp/api/v2/tasks/c973ba10-959a-493f-ae21-3468f99ec6ab/\", \"task_id\": \"c973ba10-959a-493f-ae21-3468f99ec6ab\", \"call_request_tags\": [\"pulp:repository:acme_corporation_label-staging_label-staging_label-fedora_label-fedora_17_x86_64_label\", \"pulp:repository:1\", \"pulp:action:associate\"], \"reasons\": [], \"start_time\": \"2013-01-12T00:24:59Z\", \"tags\": [\"pulp:repository:acme_corporation_label-staging_label-staging_label-fedora_label-fedora_17_x86_64_label\", \"pulp:repository:1\", \"pulp:action:associate\"], \"state\": \"finished\", \"finish_time\": \"2013-01-12T00:24:59Z\", \"dependency_failures\": {}, \"schedule_id\": null, \"progress\": {}, \"call_request_group_id\": null, \"call_request_id\": \"c973ba10-959a-493f-ae21-3468f99ec6ab\", \"principal_login\": \"admin\", \"response\": \"accepted\", \"result\": null}"
    http_version: 
  recorded_at: Sat, 12 Jan 2013 00:25:01 GMT
- request: 
    method: get
    uri: https://kafka.usersys.redhat.com/pulp/api/v2/tasks/17a236ca-7097-4c5c-89bf-763aeeb7159f/
    body: 
      string: ""
    headers: 
      Accept: 
      - application/json
      Accept-Encoding: 
      - gzip, deflate
      Authorization: 
      - OAuth oauth_consumer_key="katello", oauth_nonce="wNiuE1jj3rmsW1Vz4hktxLhm672GhoghsAeGuz7L8U", oauth_signature="H4c%2Bsl%2BqTEp29J%2BM8P9xQntFtj0%3D", oauth_signature_method="HMAC-SHA1", oauth_timestamp="1357950301", oauth_version="1.0"
      Content-Type: 
      - application/json
      Pulp-User: 
      - admin
  response: 
    status: 
      code: 200
      message: OK
    headers: 
      Date: 
      - Sat, 12 Jan 2013 00:25:01 GMT
      Server: 
      - Apache/2.2.22 (Fedora)
      Content-Type: 
      - application/json
      Content-Length: 
      - "853"
    body: 
      string: "{\"task_group_id\": null, \"exception\": null, \"traceback\": null, \"_href\": \"/pulp/api/v2/tasks/17a236ca-7097-4c5c-89bf-763aeeb7159f/\", \"task_id\": \"17a236ca-7097-4c5c-89bf-763aeeb7159f\", \"call_request_tags\": [\"pulp:repository:acme_corporation_label-staging_label-staging_label-fedora_label-fedora_17_x86_64_label\", \"pulp:repository:1\", \"pulp:action:associate\"], \"reasons\": [], \"start_time\": \"2013-01-12T00:24:59Z\", \"tags\": [\"pulp:repository:acme_corporation_label-staging_label-staging_label-fedora_label-fedora_17_x86_64_label\", \"pulp:repository:1\", \"pulp:action:associate\"], \"state\": \"finished\", \"finish_time\": \"2013-01-12T00:24:59Z\", \"dependency_failures\": {}, \"schedule_id\": null, \"progress\": {}, \"call_request_group_id\": null, \"call_request_id\": \"17a236ca-7097-4c5c-89bf-763aeeb7159f\", \"principal_login\": \"admin\", \"response\": \"accepted\", \"result\": null}"
    http_version: 
  recorded_at: Sat, 12 Jan 2013 00:25:01 GMT
- request: 
    method: get
    uri: https://kafka.usersys.redhat.com/pulp/api/v2/tasks/e4dfc0a9-9bb2-41d8-bf10-8a52baefde28/
    body: 
      string: ""
    headers: 
      Accept: 
      - application/json
      Accept-Encoding: 
      - gzip, deflate
      Authorization: 
      - OAuth oauth_consumer_key="katello", oauth_nonce="7cQkMzByNAlztWbocm0F67aPSEyJimQBQWdAqiOZFY", oauth_signature="k8tpz49IyNr1hF9HUdnLPoUFgRs%3D", oauth_signature_method="HMAC-SHA1", oauth_timestamp="1357950304", oauth_version="1.0"
      Content-Type: 
      - application/json
      Pulp-User: 
      - admin
  response: 
    status: 
      code: 200
      message: OK
    headers: 
      Date: 
      - Sat, 12 Jan 2013 00:25:04 GMT
      Server: 
      - Apache/2.2.22 (Fedora)
      Content-Type: 
      - application/json
      Content-Length: 
      - "842"
    body: 
      string: "{\"task_group_id\": \"b92c5f9e-a889-47f0-a8f6-faf92c55ec52\", \"exception\": null, \"traceback\": null, \"_href\": \"/pulp/api/v2/tasks/e4dfc0a9-9bb2-41d8-bf10-8a52baefde28/\", \"task_id\": \"e4dfc0a9-9bb2-41d8-bf10-8a52baefde28\", \"call_request_tags\": [\"pulp:repository:1\", \"pulp:action:sync\"], \"reasons\": [], \"start_time\": \"2013-01-12T00:25:04Z\", \"tags\": [\"pulp:repository:1\", \"pulp:action:sync\"], \"state\": \"running\", \"finish_time\": null, \"dependency_failures\": {}, \"schedule_id\": null, \"progress\": {\"yum_importer\": {\"content\": {\"state\": \"NOT_STARTED\"}, \"comps\": {\"state\": \"NOT_STARTED\"}, \"errata\": {\"state\": \"NOT_STARTED\"}, \"metadata\": {\"state\": \"IN_PROGRESS\"}}}, \"call_request_group_id\": \"b92c5f9e-a889-47f0-a8f6-faf92c55ec52\", \"call_request_id\": \"e4dfc0a9-9bb2-41d8-bf10-8a52baefde28\", \"principal_login\": \"admin\", \"response\": \"accepted\", \"result\": null}"
    http_version: 
  recorded_at: Sat, 12 Jan 2013 00:25:04 GMT
- request: 
    method: get
    uri: https://kafka.usersys.redhat.com/pulp/api/v2/tasks/e4dfc0a9-9bb2-41d8-bf10-8a52baefde28/
    body: 
      string: ""
    headers: 
      Accept: 
      - application/json
      Accept-Encoding: 
      - gzip, deflate
      Authorization: 
      - OAuth oauth_consumer_key="katello", oauth_nonce="aTPQCVS74Tt2pyBPyqnkkrQmmmROTAH8xn09DoAqT4", oauth_signature="8JAxg2MY%2B%2FJ%2FUaGs7tIcaJ3Wy1o%3D", oauth_signature_method="HMAC-SHA1", oauth_timestamp="1357950305", oauth_version="1.0"
      Content-Type: 
      - application/json
      Pulp-User: 
      - admin
  response: 
    status: 
      code: 200
      message: OK
    headers: 
      Date: 
      - Sat, 12 Jan 2013 00:25:05 GMT
      Server: 
      - Apache/2.2.22 (Fedora)
      Content-Type: 
      - application/json
      Content-Length: 
      - "1442"
    body: 
      string: "{\"task_group_id\": \"b92c5f9e-a889-47f0-a8f6-faf92c55ec52\", \"exception\": null, \"traceback\": null, \"_href\": \"/pulp/api/v2/tasks/e4dfc0a9-9bb2-41d8-bf10-8a52baefde28/\", \"task_id\": \"e4dfc0a9-9bb2-41d8-bf10-8a52baefde28\", \"call_request_tags\": [\"pulp:repository:1\", \"pulp:action:sync\"], \"reasons\": [], \"start_time\": \"2013-01-12T00:25:04Z\", \"tags\": [\"pulp:repository:1\", \"pulp:action:sync\"], \"state\": \"running\", \"finish_time\": null, \"dependency_failures\": {}, \"schedule_id\": null, \"progress\": {\"yum_importer\": {\"content\": {\"num_success\": 11, \"size_total\": 17872, \"items_left\": 0, \"items_total\": 11, \"state\": \"IN_PROGRESS\", \"size_left\": 0, \"details\": {\"tree_file\": {\"num_success\": 3, \"size_total\": 0, \"items_left\": 0, \"items_total\": 3, \"size_left\": 0, \"num_error\": 0}, \"rpm\": {\"num_success\": 8, \"size_total\": 17872, \"items_left\": 0, \"items_total\": 8, \"size_left\": 0, \"num_error\": 0}, \"delta_rpm\": {\"num_success\": 0, \"size_total\": 0, \"items_left\": 0, \"items_total\": 0, \"size_left\": 0, \"num_error\": 0}, \"file\": {\"num_success\": 0, \"size_total\": 0, \"items_left\": 0, \"items_total\": 0, \"size_left\": 0, \"num_error\": 0}}, \"error_details\": [], \"num_error\": 0}, \"comps\": {\"state\": \"NOT_STARTED\"}, \"errata\": {\"state\": \"NOT_STARTED\"}, \"metadata\": {\"state\": \"FINISHED\"}}}, \"call_request_group_id\": \"b92c5f9e-a889-47f0-a8f6-faf92c55ec52\", \"call_request_id\": \"e4dfc0a9-9bb2-41d8-bf10-8a52baefde28\", \"principal_login\": \"admin\", \"response\": \"accepted\", \"result\": null}"
    http_version: 
  recorded_at: Sat, 12 Jan 2013 00:25:05 GMT
- request: 
    method: get
    uri: https://kafka.usersys.redhat.com/pulp/api/v2/tasks/e4dfc0a9-9bb2-41d8-bf10-8a52baefde28/
    body: 
      string: ""
    headers: 
      Accept: 
      - application/json
      Accept-Encoding: 
      - gzip, deflate
      Authorization: 
      - OAuth oauth_consumer_key="katello", oauth_nonce="EX53ilDNyBYwZ9qy8V3zaD0VFXQ2qY2sd2ZUrJGE", oauth_signature="ziL224PSPpqumCPTH0eWh1wetcg%3D", oauth_signature_method="HMAC-SHA1", oauth_timestamp="1357950305", oauth_version="1.0"
      Content-Type: 
      - application/json
      Pulp-User: 
      - admin
  response: 
    status: 
      code: 200
      message: OK
    headers: 
      Date: 
      - Sat, 12 Jan 2013 00:25:05 GMT
      Server: 
      - Apache/2.2.22 (Fedora)
      Content-Type: 
      - application/json
      Content-Length: 
      - "1469"
    body: 
      string: "{\"task_group_id\": \"b92c5f9e-a889-47f0-a8f6-faf92c55ec52\", \"exception\": null, \"traceback\": null, \"_href\": \"/pulp/api/v2/tasks/e4dfc0a9-9bb2-41d8-bf10-8a52baefde28/\", \"task_id\": \"e4dfc0a9-9bb2-41d8-bf10-8a52baefde28\", \"call_request_tags\": [\"pulp:repository:1\", \"pulp:action:sync\"], \"reasons\": [], \"start_time\": \"2013-01-12T00:25:04Z\", \"tags\": [\"pulp:repository:1\", \"pulp:action:sync\"], \"state\": \"finished\", \"finish_time\": \"2013-01-12T00:25:05Z\", \"dependency_failures\": {}, \"schedule_id\": null, \"progress\": {\"yum_importer\": {\"content\": {\"num_success\": 11, \"size_total\": 17872, \"items_left\": 0, \"items_total\": 11, \"state\": \"FINISHED\", \"size_left\": 0, \"details\": {\"tree_file\": {\"num_success\": 3, \"size_total\": 0, \"items_left\": 0, \"items_total\": 3, \"size_left\": 0, \"num_error\": 0}, \"rpm\": {\"num_success\": 8, \"size_total\": 17872, \"items_left\": 0, \"items_total\": 8, \"size_left\": 0, \"num_error\": 0}, \"delta_rpm\": {\"num_success\": 0, \"size_total\": 0, \"items_left\": 0, \"items_total\": 0, \"size_left\": 0, \"num_error\": 0}, \"file\": {\"num_success\": 0, \"size_total\": 0, \"items_left\": 0, \"items_total\": 0, \"size_left\": 0, \"num_error\": 0}}, \"error_details\": [], \"num_error\": 0}, \"comps\": {\"state\": \"FINISHED\"}, \"errata\": {\"state\": \"FINISHED\", \"num_errata\": 2}, \"metadata\": {\"state\": \"FINISHED\"}}}, \"call_request_group_id\": \"b92c5f9e-a889-47f0-a8f6-faf92c55ec52\", \"call_request_id\": \"e4dfc0a9-9bb2-41d8-bf10-8a52baefde28\", \"principal_login\": \"admin\", \"response\": \"accepted\", \"result\": null}"
    http_version: 
  recorded_at: Sat, 12 Jan 2013 00:25:05 GMT
- request: 
    method: get
    uri: https://kafka.usersys.redhat.com/pulp/api/v2/tasks/ffc7558c-be56-4330-bfff-fd508afd7745/
    body: 
      string: ""
    headers: 
      Accept: 
      - application/json
      Accept-Encoding: 
      - gzip, deflate
      Authorization: 
      - OAuth oauth_consumer_key="katello", oauth_nonce="iSeC05OozIUd98V2aTaEp3n38Ow5A059hF6GsNYDho", oauth_signature="kL9%2F93x5D3ZzWqfW1F3OZpsMn50%3D", oauth_signature_method="HMAC-SHA1", oauth_timestamp="1357950310", oauth_version="1.0"
      Content-Type: 
      - application/json
      Pulp-User: 
      - admin
  response: 
    status: 
      code: 200
      message: OK
    headers: 
      Date: 
      - Sat, 12 Jan 2013 00:25:10 GMT
      Server: 
      - Apache/2.2.22 (Fedora)
      Content-Type: 
      - application/json
      Content-Length: 
      - "853"
    body: 
      string: "{\"task_group_id\": null, \"exception\": null, \"traceback\": null, \"_href\": \"/pulp/api/v2/tasks/ffc7558c-be56-4330-bfff-fd508afd7745/\", \"task_id\": \"ffc7558c-be56-4330-bfff-fd508afd7745\", \"call_request_tags\": [\"pulp:repository:acme_corporation_label-staging_label-staging_label-fedora_label-fedora_17_x86_64_label\", \"pulp:repository:1\", \"pulp:action:associate\"], \"reasons\": [], \"start_time\": \"2013-01-12T00:25:09Z\", \"tags\": [\"pulp:repository:acme_corporation_label-staging_label-staging_label-fedora_label-fedora_17_x86_64_label\", \"pulp:repository:1\", \"pulp:action:associate\"], \"state\": \"finished\", \"finish_time\": \"2013-01-12T00:25:10Z\", \"dependency_failures\": {}, \"schedule_id\": null, \"progress\": {}, \"call_request_group_id\": null, \"call_request_id\": \"ffc7558c-be56-4330-bfff-fd508afd7745\", \"principal_login\": \"admin\", \"response\": \"accepted\", \"result\": null}"
    http_version: 
  recorded_at: Sat, 12 Jan 2013 00:25:10 GMT
- request: 
    method: get
    uri: https://kafka.usersys.redhat.com/pulp/api/v2/tasks/7fb6262f-3523-4ebb-8f82-a755f6f1c94e/
    body: 
      string: ""
    headers: 
      Accept: 
      - application/json
      Accept-Encoding: 
      - gzip, deflate
      Authorization: 
      - OAuth oauth_consumer_key="katello", oauth_nonce="oahR1h5Ch5VF1SyNZl9B2zDejIvo9HQp60FW3UB70", oauth_signature="hmM6JlvB14tuO4BkyqRqGSCuB48%3D", oauth_signature_method="HMAC-SHA1", oauth_timestamp="1357950311", oauth_version="1.0"
      Content-Type: 
      - application/json
      Pulp-User: 
      - admin
  response: 
    status: 
      code: 200
      message: OK
    headers: 
      Date: 
      - Sat, 12 Jan 2013 00:25:11 GMT
      Server: 
      - Apache/2.2.22 (Fedora)
      Content-Type: 
      - application/json
      Content-Length: 
      - "853"
    body: 
      string: "{\"task_group_id\": null, \"exception\": null, \"traceback\": null, \"_href\": \"/pulp/api/v2/tasks/7fb6262f-3523-4ebb-8f82-a755f6f1c94e/\", \"task_id\": \"7fb6262f-3523-4ebb-8f82-a755f6f1c94e\", \"call_request_tags\": [\"pulp:repository:acme_corporation_label-staging_label-staging_label-fedora_label-fedora_17_x86_64_label\", \"pulp:repository:1\", \"pulp:action:associate\"], \"reasons\": [], \"start_time\": \"2013-01-12T00:25:10Z\", \"tags\": [\"pulp:repository:acme_corporation_label-staging_label-staging_label-fedora_label-fedora_17_x86_64_label\", \"pulp:repository:1\", \"pulp:action:associate\"], \"state\": \"finished\", \"finish_time\": \"2013-01-12T00:25:10Z\", \"dependency_failures\": {}, \"schedule_id\": null, \"progress\": {}, \"call_request_group_id\": null, \"call_request_id\": \"7fb6262f-3523-4ebb-8f82-a755f6f1c94e\", \"principal_login\": \"admin\", \"response\": \"accepted\", \"result\": null}"
    http_version: 
  recorded_at: Sat, 12 Jan 2013 00:25:11 GMT
- request: 
    method: get
    uri: https://kafka.usersys.redhat.com/pulp/api/v2/tasks/11e79892-baf5-4ff1-a4ca-d4221953d193/
    body: 
      string: ""
    headers: 
      Accept: 
      - application/json
      Accept-Encoding: 
      - gzip, deflate
      Authorization: 
      - OAuth oauth_consumer_key="katello", oauth_nonce="QoQGdSVpS2QmtmAEGA9tFYqkCxK9hBjze677pLfQF8", oauth_signature="u2ZiQQMrS5%2F42d0DNk%2Fj7JfdYE0%3D", oauth_signature_method="HMAC-SHA1", oauth_timestamp="1357950311", oauth_version="1.0"
      Content-Type: 
      - application/json
      Pulp-User: 
      - admin
  response: 
    status: 
      code: 200
      message: OK
    headers: 
      Date: 
      - Sat, 12 Jan 2013 00:25:11 GMT
      Server: 
      - Apache/2.2.22 (Fedora)
      Content-Type: 
      - application/json
      Content-Length: 
      - "853"
    body: 
      string: "{\"task_group_id\": null, \"exception\": null, \"traceback\": null, \"_href\": \"/pulp/api/v2/tasks/11e79892-baf5-4ff1-a4ca-d4221953d193/\", \"task_id\": \"11e79892-baf5-4ff1-a4ca-d4221953d193\", \"call_request_tags\": [\"pulp:repository:acme_corporation_label-staging_label-staging_label-fedora_label-fedora_17_x86_64_label\", \"pulp:repository:1\", \"pulp:action:associate\"], \"reasons\": [], \"start_time\": \"2013-01-12T00:25:10Z\", \"tags\": [\"pulp:repository:acme_corporation_label-staging_label-staging_label-fedora_label-fedora_17_x86_64_label\", \"pulp:repository:1\", \"pulp:action:associate\"], \"state\": \"finished\", \"finish_time\": \"2013-01-12T00:25:10Z\", \"dependency_failures\": {}, \"schedule_id\": null, \"progress\": {}, \"call_request_group_id\": null, \"call_request_id\": \"11e79892-baf5-4ff1-a4ca-d4221953d193\", \"principal_login\": \"admin\", \"response\": \"accepted\", \"result\": null}"
    http_version: 
  recorded_at: Sat, 12 Jan 2013 00:25:11 GMT
- request: 
    method: get
    uri: https://kafka.usersys.redhat.com/pulp/api/v2/tasks/6af8fe31-3cdd-493a-a858-f015f822a41e/
    body: 
      string: ""
    headers: 
      Accept: 
      - application/json
      Accept-Encoding: 
      - gzip, deflate
      Authorization: 
      - OAuth oauth_consumer_key="katello", oauth_nonce="jb3PqpbIrAecBRIyc9EYSiXlwn2PepPjMWF2MG2k7tk", oauth_signature="PBddU4rgxqClYeOUD2O%2BI69JINo%3D", oauth_signature_method="HMAC-SHA1", oauth_timestamp="1357950312", oauth_version="1.0"
      Content-Type: 
      - application/json
      Pulp-User: 
      - admin
  response: 
    status: 
      code: 200
      message: OK
    headers: 
      Date: 
      - Sat, 12 Jan 2013 00:25:12 GMT
      Server: 
      - Apache/2.2.22 (Fedora)
      Content-Type: 
      - application/json
      Content-Length: 
      - "853"
    body: 
      string: "{\"task_group_id\": null, \"exception\": null, \"traceback\": null, \"_href\": \"/pulp/api/v2/tasks/6af8fe31-3cdd-493a-a858-f015f822a41e/\", \"task_id\": \"6af8fe31-3cdd-493a-a858-f015f822a41e\", \"call_request_tags\": [\"pulp:repository:acme_corporation_label-staging_label-staging_label-fedora_label-fedora_17_x86_64_label\", \"pulp:repository:1\", \"pulp:action:associate\"], \"reasons\": [], \"start_time\": \"2013-01-12T00:25:10Z\", \"tags\": [\"pulp:repository:acme_corporation_label-staging_label-staging_label-fedora_label-fedora_17_x86_64_label\", \"pulp:repository:1\", \"pulp:action:associate\"], \"state\": \"finished\", \"finish_time\": \"2013-01-12T00:25:10Z\", \"dependency_failures\": {}, \"schedule_id\": null, \"progress\": {}, \"call_request_group_id\": null, \"call_request_id\": \"6af8fe31-3cdd-493a-a858-f015f822a41e\", \"principal_login\": \"admin\", \"response\": \"accepted\", \"result\": null}"
    http_version: 
  recorded_at: Sat, 12 Jan 2013 00:25:12 GMT
- request: 
    method: get
    uri: https://kafka.usersys.redhat.com/pulp/api/v2/tasks/e8aeed6f-a238-459d-977d-68bdf9fdcad6/
    body: 
      string: ""
    headers: 
      Accept: 
      - application/json
      Accept-Encoding: 
      - gzip, deflate
      Authorization: 
      - OAuth oauth_consumer_key="katello", oauth_nonce="kCqUyH0TpbTjZw8E4mR4Kdo9p5nCGcDa5GhaJ1YN8", oauth_signature="V9U%2BvdMuciBnso9o%2FMYKlk0FFZo%3D", oauth_signature_method="HMAC-SHA1", oauth_timestamp="1357950314", oauth_version="1.0"
      Content-Type: 
      - application/json
      Pulp-User: 
      - admin
  response: 
    status: 
      code: 200
      message: OK
    headers: 
      Date: 
      - Sat, 12 Jan 2013 00:25:14 GMT
      Server: 
      - Apache/2.2.22 (Fedora)
      Content-Type: 
      - application/json
      Content-Length: 
      - "683"
    body: 
      string: "{\"task_group_id\": null, \"exception\": null, \"traceback\": null, \"_href\": \"/pulp/api/v2/tasks/e8aeed6f-a238-459d-977d-68bdf9fdcad6/\", \"task_id\": \"e8aeed6f-a238-459d-977d-68bdf9fdcad6\", \"call_request_tags\": [\"pulp:repository:2\", \"pulp:repository:1\", \"pulp:action:associate\"], \"reasons\": [], \"start_time\": \"2013-01-12T00:25:14Z\", \"tags\": [\"pulp:repository:2\", \"pulp:repository:1\", \"pulp:action:associate\"], \"state\": \"finished\", \"finish_time\": \"2013-01-12T00:25:14Z\", \"dependency_failures\": {}, \"schedule_id\": null, \"progress\": {}, \"call_request_group_id\": null, \"call_request_id\": \"e8aeed6f-a238-459d-977d-68bdf9fdcad6\", \"principal_login\": \"admin\", \"response\": \"accepted\", \"result\": null}"
    http_version: 
  recorded_at: Sat, 12 Jan 2013 00:25:14 GMT
- request: 
    method: get
    uri: https://kafka.usersys.redhat.com/pulp/api/v2/tasks/79cb622c-e54e-43df-94c3-804e7c912d18/
    body: 
      string: ""
    headers: 
      Accept: 
      - application/json
      Accept-Encoding: 
      - gzip, deflate
      Authorization: 
      - OAuth oauth_consumer_key="katello", oauth_nonce="ry93yKfQeoUyFsKLooi7VfiG5Io4GQXBr15eDk54A", oauth_signature="jp6GokclP%2FSs0SINPW4W0BBE1lk%3D", oauth_signature_method="HMAC-SHA1", oauth_timestamp="1357950315", oauth_version="1.0"
      Content-Type: 
      - application/json
      Pulp-User: 
      - admin
  response: 
    status: 
      code: 200
      message: OK
    headers: 
      Date: 
      - Sat, 12 Jan 2013 00:25:15 GMT
      Server: 
      - Apache/2.2.22 (Fedora)
      Content-Type: 
      - application/json
      Content-Length: 
      - "683"
    body: 
      string: "{\"task_group_id\": null, \"exception\": null, \"traceback\": null, \"_href\": \"/pulp/api/v2/tasks/79cb622c-e54e-43df-94c3-804e7c912d18/\", \"task_id\": \"79cb622c-e54e-43df-94c3-804e7c912d18\", \"call_request_tags\": [\"pulp:repository:2\", \"pulp:repository:1\", \"pulp:action:associate\"], \"reasons\": [], \"start_time\": \"2013-01-12T00:25:14Z\", \"tags\": [\"pulp:repository:2\", \"pulp:repository:1\", \"pulp:action:associate\"], \"state\": \"finished\", \"finish_time\": \"2013-01-12T00:25:14Z\", \"dependency_failures\": {}, \"schedule_id\": null, \"progress\": {}, \"call_request_group_id\": null, \"call_request_id\": \"79cb622c-e54e-43df-94c3-804e7c912d18\", \"principal_login\": \"admin\", \"response\": \"accepted\", \"result\": null}"
    http_version: 
  recorded_at: Sat, 12 Jan 2013 00:25:15 GMT
- request: 
    method: get
    uri: https://kafka.usersys.redhat.com/pulp/api/v2/tasks/ddcc6b75-3ba3-4996-b5c9-6ca45532f68a/
    body: 
      string: ""
    headers: 
      Accept: 
      - application/json
      Accept-Encoding: 
      - gzip, deflate
      Authorization: 
      - OAuth oauth_consumer_key="katello", oauth_nonce="iwjT6kJTNyVzTZdgZgIAv1VKCjfYRxOZBFiNY5aG8fs", oauth_signature="pCWSKNb8YTUfBLVY7nnohCV7oCQ%3D", oauth_signature_method="HMAC-SHA1", oauth_timestamp="1357950316", oauth_version="1.0"
      Content-Type: 
      - application/json
      Pulp-User: 
      - admin
  response: 
    status: 
      code: 200
      message: OK
    headers: 
      Date: 
      - Sat, 12 Jan 2013 00:25:16 GMT
      Server: 
      - Apache/2.2.22 (Fedora)
      Content-Type: 
      - application/json
      Content-Length: 
      - "683"
    body: 
      string: "{\"task_group_id\": null, \"exception\": null, \"traceback\": null, \"_href\": \"/pulp/api/v2/tasks/ddcc6b75-3ba3-4996-b5c9-6ca45532f68a/\", \"task_id\": \"ddcc6b75-3ba3-4996-b5c9-6ca45532f68a\", \"call_request_tags\": [\"pulp:repository:2\", \"pulp:repository:1\", \"pulp:action:associate\"], \"reasons\": [], \"start_time\": \"2013-01-12T00:25:14Z\", \"tags\": [\"pulp:repository:2\", \"pulp:repository:1\", \"pulp:action:associate\"], \"state\": \"finished\", \"finish_time\": \"2013-01-12T00:25:14Z\", \"dependency_failures\": {}, \"schedule_id\": null, \"progress\": {}, \"call_request_group_id\": null, \"call_request_id\": \"ddcc6b75-3ba3-4996-b5c9-6ca45532f68a\", \"principal_login\": \"admin\", \"response\": \"accepted\", \"result\": null}"
    http_version: 
  recorded_at: Sat, 12 Jan 2013 00:25:16 GMT
- request: 
    method: get
    uri: https://kafka.usersys.redhat.com/pulp/api/v2/tasks/8ce6271a-9d4f-45f3-a87f-bbd207d061b8/
    body: 
      string: ""
    headers: 
      Accept: 
      - application/json
      Accept-Encoding: 
      - gzip, deflate
      Authorization: 
      - OAuth oauth_consumer_key="katello", oauth_nonce="XlJOYDHRyuyF6HfwkyU2OvpYv7N6xO0lKKmgbq1s", oauth_signature="UCzzbbNw1p1vMb3wfWhbRrU01aI%3D", oauth_signature_method="HMAC-SHA1", oauth_timestamp="1357950316", oauth_version="1.0"
      Content-Type: 
      - application/json
      Pulp-User: 
      - admin
  response: 
    status: 
      code: 200
      message: OK
    headers: 
      Date: 
      - Sat, 12 Jan 2013 00:25:16 GMT
      Server: 
      - Apache/2.2.22 (Fedora)
      Content-Type: 
      - application/json
      Content-Length: 
      - "683"
    body: 
      string: "{\"task_group_id\": null, \"exception\": null, \"traceback\": null, \"_href\": \"/pulp/api/v2/tasks/8ce6271a-9d4f-45f3-a87f-bbd207d061b8/\", \"task_id\": \"8ce6271a-9d4f-45f3-a87f-bbd207d061b8\", \"call_request_tags\": [\"pulp:repository:2\", \"pulp:repository:1\", \"pulp:action:associate\"], \"reasons\": [], \"start_time\": \"2013-01-12T00:25:14Z\", \"tags\": [\"pulp:repository:2\", \"pulp:repository:1\", \"pulp:action:associate\"], \"state\": \"finished\", \"finish_time\": \"2013-01-12T00:25:14Z\", \"dependency_failures\": {}, \"schedule_id\": null, \"progress\": {}, \"call_request_group_id\": null, \"call_request_id\": \"8ce6271a-9d4f-45f3-a87f-bbd207d061b8\", \"principal_login\": \"admin\", \"response\": \"accepted\", \"result\": null}"
    http_version: 
  recorded_at: Sat, 12 Jan 2013 00:25:16 GMT
- request: 
    method: get
    uri: https://kafka.usersys.redhat.com/pulp/api/v2/tasks/cba4f936-65f0-493a-bb92-a8efede76952/
    body: 
      string: ""
    headers: 
      Accept: 
      - application/json
      Accept-Encoding: 
      - gzip, deflate
      Authorization: 
      - OAuth oauth_consumer_key="katello", oauth_nonce="L8PRvd8VrAQBJi3ianKr5Sp3k2mPsBXkMW9WvCXW8", oauth_signature="9gHzvI4dwu6QWqYlADJgtnHA%2Fps%3D", oauth_signature_method="HMAC-SHA1", oauth_timestamp="1357950322", oauth_version="1.0"
      Content-Type: 
      - application/json
      Pulp-User: 
      - admin
  response: 
    status: 
      code: 200
      message: OK
    headers: 
      Date: 
      - Sat, 12 Jan 2013 00:25:22 GMT
      Server: 
      - Apache/2.2.22 (Fedora)
      Content-Type: 
      - application/json
      Content-Length: 
      - "839"
    body: 
      string: "{\"task_group_id\": \"86709995-f936-4577-a4d4-c56a931f1ce7\", \"exception\": null, \"traceback\": null, \"_href\": \"/pulp/api/v2/tasks/cba4f936-65f0-493a-bb92-a8efede76952/\", \"task_id\": \"cba4f936-65f0-493a-bb92-a8efede76952\", \"call_request_tags\": [\"pulp:repository:1\", \"pulp:action:sync\"], \"reasons\": [], \"start_time\": \"2013-01-12T00:25:22Z\", \"tags\": [\"pulp:repository:1\", \"pulp:action:sync\"], \"state\": \"running\", \"finish_time\": null, \"dependency_failures\": {}, \"schedule_id\": null, \"progress\": {\"yum_importer\": {\"content\": {\"state\": \"NOT_STARTED\"}, \"comps\": {\"state\": \"NOT_STARTED\"}, \"errata\": {\"state\": \"NOT_STARTED\"}, \"metadata\": {\"state\": \"FINISHED\"}}}, \"call_request_group_id\": \"86709995-f936-4577-a4d4-c56a931f1ce7\", \"call_request_id\": \"cba4f936-65f0-493a-bb92-a8efede76952\", \"principal_login\": \"admin\", \"response\": \"accepted\", \"result\": null}"
    http_version: 
  recorded_at: Sat, 12 Jan 2013 00:25:22 GMT
- request: 
    method: get
    uri: https://kafka.usersys.redhat.com/pulp/api/v2/tasks/cba4f936-65f0-493a-bb92-a8efede76952/
    body: 
      string: ""
    headers: 
      Accept: 
      - application/json
      Accept-Encoding: 
      - gzip, deflate
      Authorization: 
      - OAuth oauth_consumer_key="katello", oauth_nonce="wAhdeJfSRSH2sjFf18ijkTz63rc0YQmQxeEN9z1gA", oauth_signature="c4lxeRpMm9TEcR6MRP3wwyP%2Bu7E%3D", oauth_signature_method="HMAC-SHA1", oauth_timestamp="1357950323", oauth_version="1.0"
      Content-Type: 
      - application/json
      Pulp-User: 
      - admin
  response: 
    status: 
      code: 200
      message: OK
    headers: 
      Date: 
      - Sat, 12 Jan 2013 00:25:23 GMT
      Server: 
      - Apache/2.2.22 (Fedora)
      Content-Type: 
      - application/json
      Content-Length: 
      - "1442"
    body: 
      string: "{\"task_group_id\": \"86709995-f936-4577-a4d4-c56a931f1ce7\", \"exception\": null, \"traceback\": null, \"_href\": \"/pulp/api/v2/tasks/cba4f936-65f0-493a-bb92-a8efede76952/\", \"task_id\": \"cba4f936-65f0-493a-bb92-a8efede76952\", \"call_request_tags\": [\"pulp:repository:1\", \"pulp:action:sync\"], \"reasons\": [], \"start_time\": \"2013-01-12T00:25:22Z\", \"tags\": [\"pulp:repository:1\", \"pulp:action:sync\"], \"state\": \"running\", \"finish_time\": null, \"dependency_failures\": {}, \"schedule_id\": null, \"progress\": {\"yum_importer\": {\"content\": {\"num_success\": 11, \"size_total\": 17872, \"items_left\": 0, \"items_total\": 11, \"state\": \"IN_PROGRESS\", \"size_left\": 0, \"details\": {\"tree_file\": {\"num_success\": 3, \"size_total\": 0, \"items_left\": 0, \"items_total\": 3, \"size_left\": 0, \"num_error\": 0}, \"rpm\": {\"num_success\": 8, \"size_total\": 17872, \"items_left\": 0, \"items_total\": 8, \"size_left\": 0, \"num_error\": 0}, \"delta_rpm\": {\"num_success\": 0, \"size_total\": 0, \"items_left\": 0, \"items_total\": 0, \"size_left\": 0, \"num_error\": 0}, \"file\": {\"num_success\": 0, \"size_total\": 0, \"items_left\": 0, \"items_total\": 0, \"size_left\": 0, \"num_error\": 0}}, \"error_details\": [], \"num_error\": 0}, \"comps\": {\"state\": \"NOT_STARTED\"}, \"errata\": {\"state\": \"NOT_STARTED\"}, \"metadata\": {\"state\": \"FINISHED\"}}}, \"call_request_group_id\": \"86709995-f936-4577-a4d4-c56a931f1ce7\", \"call_request_id\": \"cba4f936-65f0-493a-bb92-a8efede76952\", \"principal_login\": \"admin\", \"response\": \"accepted\", \"result\": null}"
    http_version: 
  recorded_at: Sat, 12 Jan 2013 00:25:23 GMT
- request: 
    method: get
    uri: https://kafka.usersys.redhat.com/pulp/api/v2/tasks/cba4f936-65f0-493a-bb92-a8efede76952/
    body: 
      string: ""
    headers: 
      Accept: 
      - application/json
      Accept-Encoding: 
      - gzip, deflate
      Authorization: 
      - OAuth oauth_consumer_key="katello", oauth_nonce="WD17oOh1pyQbxwFHw1pkVSgdA77hbqjlkORmx7XDwc", oauth_signature="pNzknc5UZuOzkogKSTba%2Btsqm6w%3D", oauth_signature_method="HMAC-SHA1", oauth_timestamp="1357950324", oauth_version="1.0"
      Content-Type: 
      - application/json
      Pulp-User: 
      - admin
  response: 
    status: 
      code: 200
      message: OK
    headers: 
      Date: 
      - Sat, 12 Jan 2013 00:25:24 GMT
      Server: 
      - Apache/2.2.22 (Fedora)
      Content-Type: 
      - application/json
      Content-Length: 
      - "1469"
    body: 
      string: "{\"task_group_id\": \"86709995-f936-4577-a4d4-c56a931f1ce7\", \"exception\": null, \"traceback\": null, \"_href\": \"/pulp/api/v2/tasks/cba4f936-65f0-493a-bb92-a8efede76952/\", \"task_id\": \"cba4f936-65f0-493a-bb92-a8efede76952\", \"call_request_tags\": [\"pulp:repository:1\", \"pulp:action:sync\"], \"reasons\": [], \"start_time\": \"2013-01-12T00:25:22Z\", \"tags\": [\"pulp:repository:1\", \"pulp:action:sync\"], \"state\": \"finished\", \"finish_time\": \"2013-01-12T00:25:23Z\", \"dependency_failures\": {}, \"schedule_id\": null, \"progress\": {\"yum_importer\": {\"content\": {\"num_success\": 11, \"size_total\": 17872, \"items_left\": 0, \"items_total\": 11, \"state\": \"FINISHED\", \"size_left\": 0, \"details\": {\"tree_file\": {\"num_success\": 3, \"size_total\": 0, \"items_left\": 0, \"items_total\": 3, \"size_left\": 0, \"num_error\": 0}, \"rpm\": {\"num_success\": 8, \"size_total\": 17872, \"items_left\": 0, \"items_total\": 8, \"size_left\": 0, \"num_error\": 0}, \"delta_rpm\": {\"num_success\": 0, \"size_total\": 0, \"items_left\": 0, \"items_total\": 0, \"size_left\": 0, \"num_error\": 0}, \"file\": {\"num_success\": 0, \"size_total\": 0, \"items_left\": 0, \"items_total\": 0, \"size_left\": 0, \"num_error\": 0}}, \"error_details\": [], \"num_error\": 0}, \"comps\": {\"state\": \"FINISHED\"}, \"errata\": {\"state\": \"FINISHED\", \"num_errata\": 2}, \"metadata\": {\"state\": \"FINISHED\"}}}, \"call_request_group_id\": \"86709995-f936-4577-a4d4-c56a931f1ce7\", \"call_request_id\": \"cba4f936-65f0-493a-bb92-a8efede76952\", \"principal_login\": \"admin\", \"response\": \"accepted\", \"result\": null}"
    http_version: 
  recorded_at: Sat, 12 Jan 2013 00:25:24 GMT
- request: 
    method: get
    uri: https://kafka.usersys.redhat.com/pulp/api/v2/tasks/38d26d68-80f9-4226-9ba8-6c948fe97e4c/
    body: 
      string: ""
    headers: 
      Accept: 
      - application/json
      Authorization: 
      - OAuth oauth_consumer_key="katello", oauth_nonce="vvKgrbGMxLOXLzGiDPYN0fFSTvzRsRPC6JXQxeQM2o", oauth_signature="5WhS3V2gyclj3VwNjY%2FugPE4OEo%3D", oauth_signature_method="HMAC-SHA1", oauth_timestamp="1357950403", oauth_version="1.0"
      Accept-Encoding: 
      - gzip, deflate
      Content-Type: 
      - application/json
      Pulp-User: 
      - admin
  response: 
    status: 
      code: 200
      message: OK
    headers: 
      Date: 
      - Sat, 12 Jan 2013 00:26:43 GMT
      Server: 
      - Apache/2.2.22 (Fedora)
      Content-Type: 
      - application/json
      Content-Length: 
      - "853"
    body: 
      string: "{\"task_group_id\": null, \"exception\": null, \"traceback\": null, \"_href\": \"/pulp/api/v2/tasks/38d26d68-80f9-4226-9ba8-6c948fe97e4c/\", \"task_id\": \"38d26d68-80f9-4226-9ba8-6c948fe97e4c\", \"call_request_tags\": [\"pulp:repository:acme_corporation_label-staging_label-staging_label-fedora_label-fedora_17_x86_64_label\", \"pulp:repository:1\", \"pulp:action:associate\"], \"reasons\": [], \"start_time\": \"2013-01-12T00:26:43Z\", \"tags\": [\"pulp:repository:acme_corporation_label-staging_label-staging_label-fedora_label-fedora_17_x86_64_label\", \"pulp:repository:1\", \"pulp:action:associate\"], \"state\": \"finished\", \"finish_time\": \"2013-01-12T00:26:43Z\", \"dependency_failures\": {}, \"schedule_id\": null, \"progress\": {}, \"call_request_group_id\": null, \"call_request_id\": \"38d26d68-80f9-4226-9ba8-6c948fe97e4c\", \"principal_login\": \"admin\", \"response\": \"accepted\", \"result\": null}"
    http_version: 
  recorded_at: Sat, 12 Jan 2013 00:26:43 GMT
- request: 
    method: get
    uri: https://kafka.usersys.redhat.com/pulp/api/v2/tasks/518b82b3-ffd6-41e7-a3a7-d18a0e0c4d6e/
    body: 
      string: ""
    headers: 
      Accept: 
      - application/json
      Authorization: 
      - OAuth oauth_consumer_key="katello", oauth_nonce="NAG4a3tSUniAc4C8bvpFfhwtBftyoBN6OXNs2N4tik", oauth_signature="y42tidsIPhMGL%2BQfCKm4zSy2dxw%3D", oauth_signature_method="HMAC-SHA1", oauth_timestamp="1357950404", oauth_version="1.0"
      Accept-Encoding: 
      - gzip, deflate
      Content-Type: 
      - application/json
      Pulp-User: 
      - admin
  response: 
    status: 
      code: 200
      message: OK
    headers: 
      Date: 
      - Sat, 12 Jan 2013 00:26:44 GMT
      Server: 
      - Apache/2.2.22 (Fedora)
      Content-Type: 
      - application/json
      Content-Length: 
      - "853"
    body: 
      string: "{\"task_group_id\": null, \"exception\": null, \"traceback\": null, \"_href\": \"/pulp/api/v2/tasks/518b82b3-ffd6-41e7-a3a7-d18a0e0c4d6e/\", \"task_id\": \"518b82b3-ffd6-41e7-a3a7-d18a0e0c4d6e\", \"call_request_tags\": [\"pulp:repository:acme_corporation_label-staging_label-staging_label-fedora_label-fedora_17_x86_64_label\", \"pulp:repository:1\", \"pulp:action:associate\"], \"reasons\": [], \"start_time\": \"2013-01-12T00:26:43Z\", \"tags\": [\"pulp:repository:acme_corporation_label-staging_label-staging_label-fedora_label-fedora_17_x86_64_label\", \"pulp:repository:1\", \"pulp:action:associate\"], \"state\": \"finished\", \"finish_time\": \"2013-01-12T00:26:43Z\", \"dependency_failures\": {}, \"schedule_id\": null, \"progress\": {}, \"call_request_group_id\": null, \"call_request_id\": \"518b82b3-ffd6-41e7-a3a7-d18a0e0c4d6e\", \"principal_login\": \"admin\", \"response\": \"accepted\", \"result\": null}"
    http_version: 
  recorded_at: Sat, 12 Jan 2013 00:26:44 GMT
- request: 
    method: get
    uri: https://kafka.usersys.redhat.com/pulp/api/v2/tasks/d36fd662-30da-42dc-927c-571d7090d96c/
    body: 
      string: ""
    headers: 
      Accept: 
      - application/json
      Authorization: 
      - OAuth oauth_consumer_key="katello", oauth_nonce="9z6fLbzkBdVirvcu7MGVrWnMX5ngb3jioaZZJQ4rVU", oauth_signature="%2FdG7o5SjNmQ33AYZWAxJ0o1rgjQ%3D", oauth_signature_method="HMAC-SHA1", oauth_timestamp="1357950404", oauth_version="1.0"
      Accept-Encoding: 
      - gzip, deflate
      Content-Type: 
      - application/json
      Pulp-User: 
      - admin
  response: 
    status: 
      code: 200
      message: OK
    headers: 
      Date: 
      - Sat, 12 Jan 2013 00:26:45 GMT
      Server: 
      - Apache/2.2.22 (Fedora)
      Content-Type: 
      - application/json
      Content-Length: 
      - "853"
    body: 
      string: "{\"task_group_id\": null, \"exception\": null, \"traceback\": null, \"_href\": \"/pulp/api/v2/tasks/d36fd662-30da-42dc-927c-571d7090d96c/\", \"task_id\": \"d36fd662-30da-42dc-927c-571d7090d96c\", \"call_request_tags\": [\"pulp:repository:acme_corporation_label-staging_label-staging_label-fedora_label-fedora_17_x86_64_label\", \"pulp:repository:1\", \"pulp:action:associate\"], \"reasons\": [], \"start_time\": \"2013-01-12T00:26:43Z\", \"tags\": [\"pulp:repository:acme_corporation_label-staging_label-staging_label-fedora_label-fedora_17_x86_64_label\", \"pulp:repository:1\", \"pulp:action:associate\"], \"state\": \"finished\", \"finish_time\": \"2013-01-12T00:26:43Z\", \"dependency_failures\": {}, \"schedule_id\": null, \"progress\": {}, \"call_request_group_id\": null, \"call_request_id\": \"d36fd662-30da-42dc-927c-571d7090d96c\", \"principal_login\": \"admin\", \"response\": \"accepted\", \"result\": null}"
    http_version: 
  recorded_at: Sat, 12 Jan 2013 00:26:45 GMT
- request: 
    method: get
    uri: https://kafka.usersys.redhat.com/pulp/api/v2/tasks/601ef587-0632-4d72-85b2-e630b066aa1d/
    body: 
      string: ""
    headers: 
      Accept: 
      - application/json
      Authorization: 
      - OAuth oauth_consumer_key="katello", oauth_nonce="lHZllKzZ75uhgA4YTE3cZaluqAU55WcvqnhYc0Tk", oauth_signature="FdNM9GTfJEm5zp4q0%2FCxBnr4UNo%3D", oauth_signature_method="HMAC-SHA1", oauth_timestamp="1357950405", oauth_version="1.0"
      Accept-Encoding: 
      - gzip, deflate
      Content-Type: 
      - application/json
      Pulp-User: 
      - admin
  response: 
    status: 
      code: 200
      message: OK
    headers: 
      Date: 
      - Sat, 12 Jan 2013 00:26:45 GMT
      Server: 
      - Apache/2.2.22 (Fedora)
      Content-Type: 
      - application/json
      Content-Length: 
      - "853"
    body: 
      string: "{\"task_group_id\": null, \"exception\": null, \"traceback\": null, \"_href\": \"/pulp/api/v2/tasks/601ef587-0632-4d72-85b2-e630b066aa1d/\", \"task_id\": \"601ef587-0632-4d72-85b2-e630b066aa1d\", \"call_request_tags\": [\"pulp:repository:acme_corporation_label-staging_label-staging_label-fedora_label-fedora_17_x86_64_label\", \"pulp:repository:1\", \"pulp:action:associate\"], \"reasons\": [], \"start_time\": \"2013-01-12T00:26:43Z\", \"tags\": [\"pulp:repository:acme_corporation_label-staging_label-staging_label-fedora_label-fedora_17_x86_64_label\", \"pulp:repository:1\", \"pulp:action:associate\"], \"state\": \"finished\", \"finish_time\": \"2013-01-12T00:26:43Z\", \"dependency_failures\": {}, \"schedule_id\": null, \"progress\": {}, \"call_request_group_id\": null, \"call_request_id\": \"601ef587-0632-4d72-85b2-e630b066aa1d\", \"principal_login\": \"admin\", \"response\": \"accepted\", \"result\": null}"
    http_version: 
  recorded_at: Sat, 12 Jan 2013 00:26:45 GMT
- request: 
    method: get
    uri: https://kafka.usersys.redhat.com/pulp/api/v2/tasks/916dd1c0-4279-4e28-a4bc-e748ae909cd4/
    body: 
      string: ""
    headers: 
      Accept: 
      - application/json
      Authorization: 
      - OAuth oauth_consumer_key="katello", oauth_nonce="6QOOwzXoaeZP38vaou1TY32ho6SHbWT9nBNmLfZCNug", oauth_signature="EYpI9G3ok%2BcZZHg0ZnfH6lr1Bsw%3D", oauth_signature_method="HMAC-SHA1", oauth_timestamp="1357950407", oauth_version="1.0"
      Accept-Encoding: 
      - gzip, deflate
      Content-Type: 
      - application/json
      Pulp-User: 
      - admin
  response: 
    status: 
      code: 200
      message: OK
    headers: 
      Date: 
      - Sat, 12 Jan 2013 00:26:47 GMT
      Server: 
      - Apache/2.2.22 (Fedora)
      Content-Type: 
      - application/json
      Content-Length: 
      - "839"
    body: 
      string: "{\"task_group_id\": \"cc9f1ada-bbf0-4873-b640-1d9b32dd4e13\", \"exception\": null, \"traceback\": null, \"_href\": \"/pulp/api/v2/tasks/916dd1c0-4279-4e28-a4bc-e748ae909cd4/\", \"task_id\": \"916dd1c0-4279-4e28-a4bc-e748ae909cd4\", \"call_request_tags\": [\"pulp:repository:1\", \"pulp:action:sync\"], \"reasons\": [], \"start_time\": \"2013-01-12T00:26:46Z\", \"tags\": [\"pulp:repository:1\", \"pulp:action:sync\"], \"state\": \"running\", \"finish_time\": null, \"dependency_failures\": {}, \"schedule_id\": null, \"progress\": {\"yum_importer\": {\"content\": {\"state\": \"NOT_STARTED\"}, \"comps\": {\"state\": \"NOT_STARTED\"}, \"errata\": {\"state\": \"NOT_STARTED\"}, \"metadata\": {\"state\": \"FINISHED\"}}}, \"call_request_group_id\": \"cc9f1ada-bbf0-4873-b640-1d9b32dd4e13\", \"call_request_id\": \"916dd1c0-4279-4e28-a4bc-e748ae909cd4\", \"principal_login\": \"admin\", \"response\": \"accepted\", \"result\": null}"
    http_version: 
  recorded_at: Sat, 12 Jan 2013 00:26:47 GMT
- request: 
    method: get
    uri: https://kafka.usersys.redhat.com/pulp/api/v2/tasks/916dd1c0-4279-4e28-a4bc-e748ae909cd4/
    body: 
      string: ""
    headers: 
      Accept: 
      - application/json
      Authorization: 
      - OAuth oauth_consumer_key="katello", oauth_nonce="3nyJujOMtdh5stOzQ5vAOGRdGemSiSKgvSKRDyeC8", oauth_signature="Pzzpk7nbtRreA%2BrfJNMFyDtFAG0%3D", oauth_signature_method="HMAC-SHA1", oauth_timestamp="1357950407", oauth_version="1.0"
      Accept-Encoding: 
      - gzip, deflate
      Content-Type: 
      - application/json
      Pulp-User: 
      - admin
  response: 
    status: 
      code: 200
      message: OK
    headers: 
      Date: 
      - Sat, 12 Jan 2013 00:26:47 GMT
      Server: 
      - Apache/2.2.22 (Fedora)
      Content-Type: 
      - application/json
      Content-Length: 
      - "1442"
    body: 
      string: "{\"task_group_id\": \"cc9f1ada-bbf0-4873-b640-1d9b32dd4e13\", \"exception\": null, \"traceback\": null, \"_href\": \"/pulp/api/v2/tasks/916dd1c0-4279-4e28-a4bc-e748ae909cd4/\", \"task_id\": \"916dd1c0-4279-4e28-a4bc-e748ae909cd4\", \"call_request_tags\": [\"pulp:repository:1\", \"pulp:action:sync\"], \"reasons\": [], \"start_time\": \"2013-01-12T00:26:46Z\", \"tags\": [\"pulp:repository:1\", \"pulp:action:sync\"], \"state\": \"running\", \"finish_time\": null, \"dependency_failures\": {}, \"schedule_id\": null, \"progress\": {\"yum_importer\": {\"content\": {\"num_success\": 11, \"size_total\": 17872, \"items_left\": 0, \"items_total\": 11, \"state\": \"IN_PROGRESS\", \"size_left\": 0, \"details\": {\"tree_file\": {\"num_success\": 3, \"size_total\": 0, \"items_left\": 0, \"items_total\": 3, \"size_left\": 0, \"num_error\": 0}, \"rpm\": {\"num_success\": 8, \"size_total\": 17872, \"items_left\": 0, \"items_total\": 8, \"size_left\": 0, \"num_error\": 0}, \"delta_rpm\": {\"num_success\": 0, \"size_total\": 0, \"items_left\": 0, \"items_total\": 0, \"size_left\": 0, \"num_error\": 0}, \"file\": {\"num_success\": 0, \"size_total\": 0, \"items_left\": 0, \"items_total\": 0, \"size_left\": 0, \"num_error\": 0}}, \"error_details\": [], \"num_error\": 0}, \"comps\": {\"state\": \"NOT_STARTED\"}, \"errata\": {\"state\": \"NOT_STARTED\"}, \"metadata\": {\"state\": \"FINISHED\"}}}, \"call_request_group_id\": \"cc9f1ada-bbf0-4873-b640-1d9b32dd4e13\", \"call_request_id\": \"916dd1c0-4279-4e28-a4bc-e748ae909cd4\", \"principal_login\": \"admin\", \"response\": \"accepted\", \"result\": null}"
    http_version: 
  recorded_at: Sat, 12 Jan 2013 00:26:47 GMT
- request: 
    method: get
    uri: https://kafka.usersys.redhat.com/pulp/api/v2/tasks/916dd1c0-4279-4e28-a4bc-e748ae909cd4/
    body: 
      string: ""
    headers: 
      Accept: 
      - application/json
      Authorization: 
      - OAuth oauth_consumer_key="katello", oauth_nonce="cTLydMSFVncm9SFeJ6klbVwxiebl2bE099VRPbMAlw", oauth_signature="xkfYwkg2ad%2BKPE5YDVLxMpVHEQA%3D", oauth_signature_method="HMAC-SHA1", oauth_timestamp="1357950408", oauth_version="1.0"
      Accept-Encoding: 
      - gzip, deflate
      Content-Type: 
      - application/json
      Pulp-User: 
      - admin
  response: 
    status: 
      code: 200
      message: OK
    headers: 
      Date: 
      - Sat, 12 Jan 2013 00:26:48 GMT
      Server: 
      - Apache/2.2.22 (Fedora)
      Content-Type: 
      - application/json
      Content-Length: 
      - "1469"
    body: 
      string: "{\"task_group_id\": \"cc9f1ada-bbf0-4873-b640-1d9b32dd4e13\", \"exception\": null, \"traceback\": null, \"_href\": \"/pulp/api/v2/tasks/916dd1c0-4279-4e28-a4bc-e748ae909cd4/\", \"task_id\": \"916dd1c0-4279-4e28-a4bc-e748ae909cd4\", \"call_request_tags\": [\"pulp:repository:1\", \"pulp:action:sync\"], \"reasons\": [], \"start_time\": \"2013-01-12T00:26:46Z\", \"tags\": [\"pulp:repository:1\", \"pulp:action:sync\"], \"state\": \"finished\", \"finish_time\": \"2013-01-12T00:26:48Z\", \"dependency_failures\": {}, \"schedule_id\": null, \"progress\": {\"yum_importer\": {\"content\": {\"num_success\": 11, \"size_total\": 17872, \"items_left\": 0, \"items_total\": 11, \"state\": \"FINISHED\", \"size_left\": 0, \"details\": {\"tree_file\": {\"num_success\": 3, \"size_total\": 0, \"items_left\": 0, \"items_total\": 3, \"size_left\": 0, \"num_error\": 0}, \"rpm\": {\"num_success\": 8, \"size_total\": 17872, \"items_left\": 0, \"items_total\": 8, \"size_left\": 0, \"num_error\": 0}, \"delta_rpm\": {\"num_success\": 0, \"size_total\": 0, \"items_left\": 0, \"items_total\": 0, \"size_left\": 0, \"num_error\": 0}, \"file\": {\"num_success\": 0, \"size_total\": 0, \"items_left\": 0, \"items_total\": 0, \"size_left\": 0, \"num_error\": 0}}, \"error_details\": [], \"num_error\": 0}, \"comps\": {\"state\": \"FINISHED\"}, \"errata\": {\"state\": \"FINISHED\", \"num_errata\": 2}, \"metadata\": {\"state\": \"FINISHED\"}}}, \"call_request_group_id\": \"cc9f1ada-bbf0-4873-b640-1d9b32dd4e13\", \"call_request_id\": \"916dd1c0-4279-4e28-a4bc-e748ae909cd4\", \"principal_login\": \"admin\", \"response\": \"accepted\", \"result\": null}"
    http_version: 
  recorded_at: Sat, 12 Jan 2013 00:26:48 GMT
- request: 
    method: get
    uri: https://kafka.usersys.redhat.com/pulp/api/v2/tasks/bc5000dd-4c8f-48c5-9042-c12b25cab933/
    body: 
      string: ""
    headers: 
      Accept: 
      - application/json
      Authorization: 
      - OAuth oauth_consumer_key="katello", oauth_nonce="iBAxiPZD1wtNkzMTssULmnHZQDMdR7tkGryKJYEdgM", oauth_signature="eAR4aSXH77wBy6ZNM0tjzZybb8c%3D", oauth_signature_method="HMAC-SHA1", oauth_timestamp="1357950412", oauth_version="1.0"
      Accept-Encoding: 
      - gzip, deflate
      Content-Type: 
      - application/json
      Pulp-User: 
      - admin
  response: 
    status: 
      code: 200
      message: OK
    headers: 
      Date: 
      - Sat, 12 Jan 2013 00:26:52 GMT
      Server: 
      - Apache/2.2.22 (Fedora)
      Content-Type: 
      - application/json
      Content-Length: 
      - "842"
    body: 
      string: "{\"task_group_id\": \"d0620eab-ae8c-4526-8bc5-d2305e3f0269\", \"exception\": null, \"traceback\": null, \"_href\": \"/pulp/api/v2/tasks/bc5000dd-4c8f-48c5-9042-c12b25cab933/\", \"task_id\": \"bc5000dd-4c8f-48c5-9042-c12b25cab933\", \"call_request_tags\": [\"pulp:repository:1\", \"pulp:action:sync\"], \"reasons\": [], \"start_time\": \"2013-01-12T00:26:52Z\", \"tags\": [\"pulp:repository:1\", \"pulp:action:sync\"], \"state\": \"running\", \"finish_time\": null, \"dependency_failures\": {}, \"schedule_id\": null, \"progress\": {\"yum_importer\": {\"content\": {\"state\": \"NOT_STARTED\"}, \"comps\": {\"state\": \"NOT_STARTED\"}, \"errata\": {\"state\": \"NOT_STARTED\"}, \"metadata\": {\"state\": \"IN_PROGRESS\"}}}, \"call_request_group_id\": \"d0620eab-ae8c-4526-8bc5-d2305e3f0269\", \"call_request_id\": \"bc5000dd-4c8f-48c5-9042-c12b25cab933\", \"principal_login\": \"admin\", \"response\": \"accepted\", \"result\": null}"
    http_version: 
  recorded_at: Sat, 12 Jan 2013 00:26:52 GMT
- request: 
    method: get
    uri: https://kafka.usersys.redhat.com/pulp/api/v2/tasks/bc5000dd-4c8f-48c5-9042-c12b25cab933/
    body: 
      string: ""
    headers: 
      Accept: 
      - application/json
      Authorization: 
      - OAuth oauth_consumer_key="katello", oauth_nonce="8s1QKrzQLsbVKJP51bgWJ6W2SdpGXznphCvkx8fY9Y", oauth_signature="gHzMbyj0TZzKUROLMHSiXUiIGtU%3D", oauth_signature_method="HMAC-SHA1", oauth_timestamp="1357950413", oauth_version="1.0"
      Accept-Encoding: 
      - gzip, deflate
      Content-Type: 
      - application/json
      Pulp-User: 
      - admin
  response: 
    status: 
      code: 200
      message: OK
    headers: 
      Date: 
      - Sat, 12 Jan 2013 00:26:53 GMT
      Server: 
      - Apache/2.2.22 (Fedora)
      Content-Type: 
      - application/json
      Content-Length: 
      - "1442"
    body: 
      string: "{\"task_group_id\": \"d0620eab-ae8c-4526-8bc5-d2305e3f0269\", \"exception\": null, \"traceback\": null, \"_href\": \"/pulp/api/v2/tasks/bc5000dd-4c8f-48c5-9042-c12b25cab933/\", \"task_id\": \"bc5000dd-4c8f-48c5-9042-c12b25cab933\", \"call_request_tags\": [\"pulp:repository:1\", \"pulp:action:sync\"], \"reasons\": [], \"start_time\": \"2013-01-12T00:26:52Z\", \"tags\": [\"pulp:repository:1\", \"pulp:action:sync\"], \"state\": \"running\", \"finish_time\": null, \"dependency_failures\": {}, \"schedule_id\": null, \"progress\": {\"yum_importer\": {\"content\": {\"num_success\": 11, \"size_total\": 17872, \"items_left\": 0, \"items_total\": 11, \"state\": \"IN_PROGRESS\", \"size_left\": 0, \"details\": {\"tree_file\": {\"num_success\": 3, \"size_total\": 0, \"items_left\": 0, \"items_total\": 3, \"size_left\": 0, \"num_error\": 0}, \"rpm\": {\"num_success\": 8, \"size_total\": 17872, \"items_left\": 0, \"items_total\": 8, \"size_left\": 0, \"num_error\": 0}, \"delta_rpm\": {\"num_success\": 0, \"size_total\": 0, \"items_left\": 0, \"items_total\": 0, \"size_left\": 0, \"num_error\": 0}, \"file\": {\"num_success\": 0, \"size_total\": 0, \"items_left\": 0, \"items_total\": 0, \"size_left\": 0, \"num_error\": 0}}, \"error_details\": [], \"num_error\": 0}, \"comps\": {\"state\": \"NOT_STARTED\"}, \"errata\": {\"state\": \"NOT_STARTED\"}, \"metadata\": {\"state\": \"FINISHED\"}}}, \"call_request_group_id\": \"d0620eab-ae8c-4526-8bc5-d2305e3f0269\", \"call_request_id\": \"bc5000dd-4c8f-48c5-9042-c12b25cab933\", \"principal_login\": \"admin\", \"response\": \"accepted\", \"result\": null}"
    http_version: 
  recorded_at: Sat, 12 Jan 2013 00:26:53 GMT
- request: 
    method: get
    uri: https://kafka.usersys.redhat.com/pulp/api/v2/tasks/bc5000dd-4c8f-48c5-9042-c12b25cab933/
    body: 
      string: ""
    headers: 
      Accept: 
      - application/json
      Authorization: 
      - OAuth oauth_consumer_key="katello", oauth_nonce="6973OfU1PTvNXP9f1j3yHZzyCxjTzRPshMHzAVrBlp4", oauth_signature="ETMF43smCb5gkmCJg9uQJ%2FVHxmY%3D", oauth_signature_method="HMAC-SHA1", oauth_timestamp="1357950413", oauth_version="1.0"
      Accept-Encoding: 
      - gzip, deflate
      Content-Type: 
      - application/json
      Pulp-User: 
      - admin
  response: 
    status: 
      code: 200
      message: OK
    headers: 
      Date: 
      - Sat, 12 Jan 2013 00:26:53 GMT
      Server: 
      - Apache/2.2.22 (Fedora)
      Content-Type: 
      - application/json
      Content-Length: 
      - "1469"
    body: 
      string: "{\"task_group_id\": \"d0620eab-ae8c-4526-8bc5-d2305e3f0269\", \"exception\": null, \"traceback\": null, \"_href\": \"/pulp/api/v2/tasks/bc5000dd-4c8f-48c5-9042-c12b25cab933/\", \"task_id\": \"bc5000dd-4c8f-48c5-9042-c12b25cab933\", \"call_request_tags\": [\"pulp:repository:1\", \"pulp:action:sync\"], \"reasons\": [], \"start_time\": \"2013-01-12T00:26:52Z\", \"tags\": [\"pulp:repository:1\", \"pulp:action:sync\"], \"state\": \"finished\", \"finish_time\": \"2013-01-12T00:26:53Z\", \"dependency_failures\": {}, \"schedule_id\": null, \"progress\": {\"yum_importer\": {\"content\": {\"num_success\": 11, \"size_total\": 17872, \"items_left\": 0, \"items_total\": 11, \"state\": \"FINISHED\", \"size_left\": 0, \"details\": {\"tree_file\": {\"num_success\": 3, \"size_total\": 0, \"items_left\": 0, \"items_total\": 3, \"size_left\": 0, \"num_error\": 0}, \"rpm\": {\"num_success\": 8, \"size_total\": 17872, \"items_left\": 0, \"items_total\": 8, \"size_left\": 0, \"num_error\": 0}, \"delta_rpm\": {\"num_success\": 0, \"size_total\": 0, \"items_left\": 0, \"items_total\": 0, \"size_left\": 0, \"num_error\": 0}, \"file\": {\"num_success\": 0, \"size_total\": 0, \"items_left\": 0, \"items_total\": 0, \"size_left\": 0, \"num_error\": 0}}, \"error_details\": [], \"num_error\": 0}, \"comps\": {\"state\": \"FINISHED\"}, \"errata\": {\"state\": \"FINISHED\", \"num_errata\": 2}, \"metadata\": {\"state\": \"FINISHED\"}}}, \"call_request_group_id\": \"d0620eab-ae8c-4526-8bc5-d2305e3f0269\", \"call_request_id\": \"bc5000dd-4c8f-48c5-9042-c12b25cab933\", \"principal_login\": \"admin\", \"response\": \"accepted\", \"result\": null}"
    http_version: 
  recorded_at: Sat, 12 Jan 2013 00:26:53 GMT
- request: 
    method: get
    uri: https://kafka.usersys.redhat.com/pulp/api/v2/tasks/4753f369-48fa-49ea-bd2d-e82de2ce3ee0/
    body: 
      string: ""
    headers: 
      Accept: 
      - application/json
      Authorization: 
      - OAuth oauth_consumer_key="katello", oauth_nonce="LCH6R0ta9ki9Z4GsrMgEjetksCsiRe6DaN7o0htV0", oauth_signature="EDmaAOYpeZXQfTZK03JAOR%2FWHK0%3D", oauth_signature_method="HMAC-SHA1", oauth_timestamp="1357950416", oauth_version="1.0"
      Accept-Encoding: 
      - gzip, deflate
      Content-Type: 
      - application/json
      Pulp-User: 
      - admin
  response: 
    status: 
      code: 200
      message: OK
    headers: 
      Date: 
      - Sat, 12 Jan 2013 00:26:56 GMT
      Server: 
      - Apache/2.2.22 (Fedora)
      Content-Type: 
      - application/json
      Content-Length: 
      - "853"
    body: 
      string: "{\"task_group_id\": null, \"exception\": null, \"traceback\": null, \"_href\": \"/pulp/api/v2/tasks/4753f369-48fa-49ea-bd2d-e82de2ce3ee0/\", \"task_id\": \"4753f369-48fa-49ea-bd2d-e82de2ce3ee0\", \"call_request_tags\": [\"pulp:repository:acme_corporation_label-staging_label-staging_label-fedora_label-fedora_17_x86_64_label\", \"pulp:repository:1\", \"pulp:action:associate\"], \"reasons\": [], \"start_time\": \"2013-01-12T00:26:55Z\", \"tags\": [\"pulp:repository:acme_corporation_label-staging_label-staging_label-fedora_label-fedora_17_x86_64_label\", \"pulp:repository:1\", \"pulp:action:associate\"], \"state\": \"finished\", \"finish_time\": \"2013-01-12T00:26:55Z\", \"dependency_failures\": {}, \"schedule_id\": null, \"progress\": {}, \"call_request_group_id\": null, \"call_request_id\": \"4753f369-48fa-49ea-bd2d-e82de2ce3ee0\", \"principal_login\": \"admin\", \"response\": \"accepted\", \"result\": null}"
    http_version: 
  recorded_at: Sat, 12 Jan 2013 00:26:56 GMT
- request: 
    method: get
    uri: https://kafka.usersys.redhat.com/pulp/api/v2/tasks/fec0cffa-52b0-455c-9a32-d2a02a1795da/
    body: 
      string: ""
    headers: 
      Accept: 
      - application/json
      Authorization: 
      - OAuth oauth_consumer_key="katello", oauth_nonce="IBLfkl28KgLbqUC9XhUNtK4INkan7PUBpu8ll4kmsg", oauth_signature="juzcGW%2B79BfO%2B%2Fta%2FEFUBiizMNk%3D", oauth_signature_method="HMAC-SHA1", oauth_timestamp="1357950417", oauth_version="1.0"
      Accept-Encoding: 
      - gzip, deflate
      Content-Type: 
      - application/json
      Pulp-User: 
      - admin
  response: 
    status: 
      code: 200
      message: OK
    headers: 
      Date: 
      - Sat, 12 Jan 2013 00:26:57 GMT
      Server: 
      - Apache/2.2.22 (Fedora)
      Content-Type: 
      - application/json
      Content-Length: 
      - "853"
    body: 
      string: "{\"task_group_id\": null, \"exception\": null, \"traceback\": null, \"_href\": \"/pulp/api/v2/tasks/fec0cffa-52b0-455c-9a32-d2a02a1795da/\", \"task_id\": \"fec0cffa-52b0-455c-9a32-d2a02a1795da\", \"call_request_tags\": [\"pulp:repository:acme_corporation_label-staging_label-staging_label-fedora_label-fedora_17_x86_64_label\", \"pulp:repository:1\", \"pulp:action:associate\"], \"reasons\": [], \"start_time\": \"2013-01-12T00:26:55Z\", \"tags\": [\"pulp:repository:acme_corporation_label-staging_label-staging_label-fedora_label-fedora_17_x86_64_label\", \"pulp:repository:1\", \"pulp:action:associate\"], \"state\": \"finished\", \"finish_time\": \"2013-01-12T00:26:56Z\", \"dependency_failures\": {}, \"schedule_id\": null, \"progress\": {}, \"call_request_group_id\": null, \"call_request_id\": \"fec0cffa-52b0-455c-9a32-d2a02a1795da\", \"principal_login\": \"admin\", \"response\": \"accepted\", \"result\": null}"
    http_version: 
  recorded_at: Sat, 12 Jan 2013 00:26:57 GMT
- request: 
    method: get
    uri: https://kafka.usersys.redhat.com/pulp/api/v2/tasks/c14650c2-500c-4a4c-9315-c828c450e75d/
    body: 
      string: ""
    headers: 
      Accept: 
      - application/json
      Authorization: 
      - OAuth oauth_consumer_key="katello", oauth_nonce="zm1LaauDEuaFKrsS4bg8WDQRtLRblx7OdJTIwRn2uX8", oauth_signature="uEO5xWtM8HifFXkctNR3BwS6RwI%3D", oauth_signature_method="HMAC-SHA1", oauth_timestamp="1357950417", oauth_version="1.0"
      Accept-Encoding: 
      - gzip, deflate
      Content-Type: 
      - application/json
      Pulp-User: 
      - admin
  response: 
    status: 
      code: 200
      message: OK
    headers: 
      Date: 
      - Sat, 12 Jan 2013 00:26:57 GMT
      Server: 
      - Apache/2.2.22 (Fedora)
      Content-Type: 
      - application/json
      Content-Length: 
      - "853"
    body: 
      string: "{\"task_group_id\": null, \"exception\": null, \"traceback\": null, \"_href\": \"/pulp/api/v2/tasks/c14650c2-500c-4a4c-9315-c828c450e75d/\", \"task_id\": \"c14650c2-500c-4a4c-9315-c828c450e75d\", \"call_request_tags\": [\"pulp:repository:acme_corporation_label-staging_label-staging_label-fedora_label-fedora_17_x86_64_label\", \"pulp:repository:1\", \"pulp:action:associate\"], \"reasons\": [], \"start_time\": \"2013-01-12T00:26:56Z\", \"tags\": [\"pulp:repository:acme_corporation_label-staging_label-staging_label-fedora_label-fedora_17_x86_64_label\", \"pulp:repository:1\", \"pulp:action:associate\"], \"state\": \"finished\", \"finish_time\": \"2013-01-12T00:26:56Z\", \"dependency_failures\": {}, \"schedule_id\": null, \"progress\": {}, \"call_request_group_id\": null, \"call_request_id\": \"c14650c2-500c-4a4c-9315-c828c450e75d\", \"principal_login\": \"admin\", \"response\": \"accepted\", \"result\": null}"
    http_version: 
  recorded_at: Sat, 12 Jan 2013 00:26:57 GMT
- request: 
    method: get
    uri: https://kafka.usersys.redhat.com/pulp/api/v2/tasks/c49b48ba-fa95-4d6c-a0c9-fcf56641411e/
    body: 
      string: ""
    headers: 
      Accept: 
      - application/json
      Authorization: 
      - OAuth oauth_consumer_key="katello", oauth_nonce="1BxCuvdL1gtAcMeDfBr5Csq0XrmjUtHrA4jNQMIVY", oauth_signature="gNfEwS0jqF1dTZjVzOMftoEe1kU%3D", oauth_signature_method="HMAC-SHA1", oauth_timestamp="1357950418", oauth_version="1.0"
      Accept-Encoding: 
      - gzip, deflate
      Content-Type: 
      - application/json
      Pulp-User: 
      - admin
  response: 
    status: 
      code: 200
      message: OK
    headers: 
      Date: 
      - Sat, 12 Jan 2013 00:26:58 GMT
      Server: 
      - Apache/2.2.22 (Fedora)
      Content-Type: 
      - application/json
      Content-Length: 
      - "853"
    body: 
      string: "{\"task_group_id\": null, \"exception\": null, \"traceback\": null, \"_href\": \"/pulp/api/v2/tasks/c49b48ba-fa95-4d6c-a0c9-fcf56641411e/\", \"task_id\": \"c49b48ba-fa95-4d6c-a0c9-fcf56641411e\", \"call_request_tags\": [\"pulp:repository:acme_corporation_label-staging_label-staging_label-fedora_label-fedora_17_x86_64_label\", \"pulp:repository:1\", \"pulp:action:associate\"], \"reasons\": [], \"start_time\": \"2013-01-12T00:26:56Z\", \"tags\": [\"pulp:repository:acme_corporation_label-staging_label-staging_label-fedora_label-fedora_17_x86_64_label\", \"pulp:repository:1\", \"pulp:action:associate\"], \"state\": \"finished\", \"finish_time\": \"2013-01-12T00:26:56Z\", \"dependency_failures\": {}, \"schedule_id\": null, \"progress\": {}, \"call_request_group_id\": null, \"call_request_id\": \"c49b48ba-fa95-4d6c-a0c9-fcf56641411e\", \"principal_login\": \"admin\", \"response\": \"accepted\", \"result\": null}"
    http_version: 
  recorded_at: Sat, 12 Jan 2013 00:26:58 GMT
- request: 
    method: get
    uri: https://kafka.usersys.redhat.com/pulp/api/v2/tasks/fbcc724c-4991-40a2-b977-cb54df87c7a1/
    body: 
      string: ""
    headers: 
      Accept: 
      - application/json
      Authorization: 
      - OAuth oauth_consumer_key="katello", oauth_nonce="d36CWmCnfx5NtMzVEj8mU1sGHQZ28MJPa5tx50pLjQ", oauth_signature="HFT3Q3jolKL9H2zhwtuGEvbjHog%3D", oauth_signature_method="HMAC-SHA1", oauth_timestamp="1357950422", oauth_version="1.0"
      Accept-Encoding: 
      - gzip, deflate
      Content-Type: 
      - application/json
      Pulp-User: 
      - admin
  response: 
    status: 
      code: 200
      message: OK
    headers: 
      Date: 
      - Sat, 12 Jan 2013 00:27:02 GMT
      Server: 
      - Apache/2.2.22 (Fedora)
      Content-Type: 
      - application/json
      Content-Length: 
      - "842"
    body: 
      string: "{\"task_group_id\": \"68781290-fe52-4ed8-9f6d-8cb1371aa9a4\", \"exception\": null, \"traceback\": null, \"_href\": \"/pulp/api/v2/tasks/fbcc724c-4991-40a2-b977-cb54df87c7a1/\", \"task_id\": \"fbcc724c-4991-40a2-b977-cb54df87c7a1\", \"call_request_tags\": [\"pulp:repository:1\", \"pulp:action:sync\"], \"reasons\": [], \"start_time\": \"2013-01-12T00:27:02Z\", \"tags\": [\"pulp:repository:1\", \"pulp:action:sync\"], \"state\": \"running\", \"finish_time\": null, \"dependency_failures\": {}, \"schedule_id\": null, \"progress\": {\"yum_importer\": {\"content\": {\"state\": \"NOT_STARTED\"}, \"comps\": {\"state\": \"NOT_STARTED\"}, \"errata\": {\"state\": \"NOT_STARTED\"}, \"metadata\": {\"state\": \"IN_PROGRESS\"}}}, \"call_request_group_id\": \"68781290-fe52-4ed8-9f6d-8cb1371aa9a4\", \"call_request_id\": \"fbcc724c-4991-40a2-b977-cb54df87c7a1\", \"principal_login\": \"admin\", \"response\": \"accepted\", \"result\": null}"
    http_version: 
  recorded_at: Sat, 12 Jan 2013 00:27:02 GMT
- request: 
    method: get
    uri: https://kafka.usersys.redhat.com/pulp/api/v2/tasks/fbcc724c-4991-40a2-b977-cb54df87c7a1/
    body: 
      string: ""
    headers: 
      Accept: 
      - application/json
      Authorization: 
      - OAuth oauth_consumer_key="katello", oauth_nonce="Jdl5Zo6kCm3C6k5S2IHFIqt9mwpXGuDd45OEpHCPWA", oauth_signature="Pbz3265lDODI1ddiarHF1jjTX%2F8%3D", oauth_signature_method="HMAC-SHA1", oauth_timestamp="1357950423", oauth_version="1.0"
      Accept-Encoding: 
      - gzip, deflate
      Content-Type: 
      - application/json
      Pulp-User: 
      - admin
  response: 
    status: 
      code: 200
      message: OK
    headers: 
      Date: 
      - Sat, 12 Jan 2013 00:27:03 GMT
      Server: 
      - Apache/2.2.22 (Fedora)
      Content-Type: 
      - application/json
      Content-Length: 
      - "1442"
    body: 
      string: "{\"task_group_id\": \"68781290-fe52-4ed8-9f6d-8cb1371aa9a4\", \"exception\": null, \"traceback\": null, \"_href\": \"/pulp/api/v2/tasks/fbcc724c-4991-40a2-b977-cb54df87c7a1/\", \"task_id\": \"fbcc724c-4991-40a2-b977-cb54df87c7a1\", \"call_request_tags\": [\"pulp:repository:1\", \"pulp:action:sync\"], \"reasons\": [], \"start_time\": \"2013-01-12T00:27:02Z\", \"tags\": [\"pulp:repository:1\", \"pulp:action:sync\"], \"state\": \"running\", \"finish_time\": null, \"dependency_failures\": {}, \"schedule_id\": null, \"progress\": {\"yum_importer\": {\"content\": {\"num_success\": 11, \"size_total\": 17872, \"items_left\": 0, \"items_total\": 11, \"state\": \"IN_PROGRESS\", \"size_left\": 0, \"details\": {\"tree_file\": {\"num_success\": 3, \"size_total\": 0, \"items_left\": 0, \"items_total\": 3, \"size_left\": 0, \"num_error\": 0}, \"rpm\": {\"num_success\": 8, \"size_total\": 17872, \"items_left\": 0, \"items_total\": 8, \"size_left\": 0, \"num_error\": 0}, \"delta_rpm\": {\"num_success\": 0, \"size_total\": 0, \"items_left\": 0, \"items_total\": 0, \"size_left\": 0, \"num_error\": 0}, \"file\": {\"num_success\": 0, \"size_total\": 0, \"items_left\": 0, \"items_total\": 0, \"size_left\": 0, \"num_error\": 0}}, \"error_details\": [], \"num_error\": 0}, \"comps\": {\"state\": \"NOT_STARTED\"}, \"errata\": {\"state\": \"NOT_STARTED\"}, \"metadata\": {\"state\": \"FINISHED\"}}}, \"call_request_group_id\": \"68781290-fe52-4ed8-9f6d-8cb1371aa9a4\", \"call_request_id\": \"fbcc724c-4991-40a2-b977-cb54df87c7a1\", \"principal_login\": \"admin\", \"response\": \"accepted\", \"result\": null}"
    http_version: 
  recorded_at: Sat, 12 Jan 2013 00:27:03 GMT
- request: 
    method: get
    uri: https://kafka.usersys.redhat.com/pulp/api/v2/tasks/fbcc724c-4991-40a2-b977-cb54df87c7a1/
    body: 
      string: ""
    headers: 
      Accept: 
      - application/json
      Authorization: 
      - OAuth oauth_consumer_key="katello", oauth_nonce="s6LLxI4ar0y6oczsgRIuGfqrGOWrbXE3Qzsinov0MA", oauth_signature="p0QhXPibL6pXjGm4MLxo6jBAZog%3D", oauth_signature_method="HMAC-SHA1", oauth_timestamp="1357950423", oauth_version="1.0"
      Accept-Encoding: 
      - gzip, deflate
      Content-Type: 
      - application/json
      Pulp-User: 
      - admin
  response: 
    status: 
      code: 200
      message: OK
    headers: 
      Date: 
      - Sat, 12 Jan 2013 00:27:03 GMT
      Server: 
      - Apache/2.2.22 (Fedora)
      Content-Type: 
      - application/json
      Content-Length: 
      - "1469"
    body: 
      string: "{\"task_group_id\": \"68781290-fe52-4ed8-9f6d-8cb1371aa9a4\", \"exception\": null, \"traceback\": null, \"_href\": \"/pulp/api/v2/tasks/fbcc724c-4991-40a2-b977-cb54df87c7a1/\", \"task_id\": \"fbcc724c-4991-40a2-b977-cb54df87c7a1\", \"call_request_tags\": [\"pulp:repository:1\", \"pulp:action:sync\"], \"reasons\": [], \"start_time\": \"2013-01-12T00:27:02Z\", \"tags\": [\"pulp:repository:1\", \"pulp:action:sync\"], \"state\": \"finished\", \"finish_time\": \"2013-01-12T00:27:03Z\", \"dependency_failures\": {}, \"schedule_id\": null, \"progress\": {\"yum_importer\": {\"content\": {\"num_success\": 11, \"size_total\": 17872, \"items_left\": 0, \"items_total\": 11, \"state\": \"FINISHED\", \"size_left\": 0, \"details\": {\"tree_file\": {\"num_success\": 3, \"size_total\": 0, \"items_left\": 0, \"items_total\": 3, \"size_left\": 0, \"num_error\": 0}, \"rpm\": {\"num_success\": 8, \"size_total\": 17872, \"items_left\": 0, \"items_total\": 8, \"size_left\": 0, \"num_error\": 0}, \"delta_rpm\": {\"num_success\": 0, \"size_total\": 0, \"items_left\": 0, \"items_total\": 0, \"size_left\": 0, \"num_error\": 0}, \"file\": {\"num_success\": 0, \"size_total\": 0, \"items_left\": 0, \"items_total\": 0, \"size_left\": 0, \"num_error\": 0}}, \"error_details\": [], \"num_error\": 0}, \"comps\": {\"state\": \"FINISHED\"}, \"errata\": {\"state\": \"FINISHED\", \"num_errata\": 2}, \"metadata\": {\"state\": \"FINISHED\"}}}, \"call_request_group_id\": \"68781290-fe52-4ed8-9f6d-8cb1371aa9a4\", \"call_request_id\": \"fbcc724c-4991-40a2-b977-cb54df87c7a1\", \"principal_login\": \"admin\", \"response\": \"accepted\", \"result\": null}"
    http_version: 
  recorded_at: Sat, 12 Jan 2013 00:27:04 GMT
- request: 
    method: get
    uri: https://kafka.usersys.redhat.com/pulp/api/v2/tasks/2025ddef-1dd7-41bf-8275-b46a3c49ef7e/
    body: 
      string: ""
    headers: 
      Accept: 
      - application/json
      Authorization: 
      - OAuth oauth_consumer_key="katello", oauth_nonce="c3Zrruyt3ju64v1Lhcr64IVjqCzLvBKBxj8iLGpc", oauth_signature="raqp5m1JI04RUc5JLwWR4OGwYcA%3D", oauth_signature_method="HMAC-SHA1", oauth_timestamp="1357950435", oauth_version="1.0"
      Accept-Encoding: 
      - gzip, deflate
      Content-Type: 
      - application/json
      Pulp-User: 
      - admin
  response: 
    status: 
      code: 200
      message: OK
    headers: 
      Date: 
      - Sat, 12 Jan 2013 00:27:15 GMT
      Server: 
      - Apache/2.2.22 (Fedora)
      Content-Type: 
      - application/json
      Content-Length: 
      - "853"
    body: 
      string: "{\"task_group_id\": null, \"exception\": null, \"traceback\": null, \"_href\": \"/pulp/api/v2/tasks/2025ddef-1dd7-41bf-8275-b46a3c49ef7e/\", \"task_id\": \"2025ddef-1dd7-41bf-8275-b46a3c49ef7e\", \"call_request_tags\": [\"pulp:repository:acme_corporation_label-staging_label-staging_label-fedora_label-fedora_17_x86_64_label\", \"pulp:repository:1\", \"pulp:action:associate\"], \"reasons\": [], \"start_time\": \"2013-01-12T00:27:14Z\", \"tags\": [\"pulp:repository:acme_corporation_label-staging_label-staging_label-fedora_label-fedora_17_x86_64_label\", \"pulp:repository:1\", \"pulp:action:associate\"], \"state\": \"finished\", \"finish_time\": \"2013-01-12T00:27:14Z\", \"dependency_failures\": {}, \"schedule_id\": null, \"progress\": {}, \"call_request_group_id\": null, \"call_request_id\": \"2025ddef-1dd7-41bf-8275-b46a3c49ef7e\", \"principal_login\": \"admin\", \"response\": \"accepted\", \"result\": null}"
    http_version: 
  recorded_at: Sat, 12 Jan 2013 00:27:15 GMT
- request: 
    method: get
    uri: https://kafka.usersys.redhat.com/pulp/api/v2/tasks/e936f6da-b8c2-4a0e-80d0-8de17853fa79/
    body: 
      string: ""
    headers: 
      Accept: 
      - application/json
      Authorization: 
      - OAuth oauth_consumer_key="katello", oauth_nonce="82InfIQDftr7FAX1TlYT4ckyZW0lDWyJnXNCAWaxc", oauth_signature="Wmq9ez94WQNY1dBYETbLYJcN7cQ%3D", oauth_signature_method="HMAC-SHA1", oauth_timestamp="1357950436", oauth_version="1.0"
      Accept-Encoding: 
      - gzip, deflate
      Content-Type: 
      - application/json
      Pulp-User: 
      - admin
  response: 
    status: 
      code: 200
      message: OK
    headers: 
      Date: 
      - Sat, 12 Jan 2013 00:27:16 GMT
      Server: 
      - Apache/2.2.22 (Fedora)
      Content-Type: 
      - application/json
      Content-Length: 
      - "853"
    body: 
      string: "{\"task_group_id\": null, \"exception\": null, \"traceback\": null, \"_href\": \"/pulp/api/v2/tasks/e936f6da-b8c2-4a0e-80d0-8de17853fa79/\", \"task_id\": \"e936f6da-b8c2-4a0e-80d0-8de17853fa79\", \"call_request_tags\": [\"pulp:repository:acme_corporation_label-staging_label-staging_label-fedora_label-fedora_17_x86_64_label\", \"pulp:repository:1\", \"pulp:action:associate\"], \"reasons\": [], \"start_time\": \"2013-01-12T00:27:15Z\", \"tags\": [\"pulp:repository:acme_corporation_label-staging_label-staging_label-fedora_label-fedora_17_x86_64_label\", \"pulp:repository:1\", \"pulp:action:associate\"], \"state\": \"finished\", \"finish_time\": \"2013-01-12T00:27:15Z\", \"dependency_failures\": {}, \"schedule_id\": null, \"progress\": {}, \"call_request_group_id\": null, \"call_request_id\": \"e936f6da-b8c2-4a0e-80d0-8de17853fa79\", \"principal_login\": \"admin\", \"response\": \"accepted\", \"result\": null}"
    http_version: 
  recorded_at: Sat, 12 Jan 2013 00:27:16 GMT
- request: 
    method: get
    uri: https://kafka.usersys.redhat.com/pulp/api/v2/tasks/57d21b6b-fc4e-401b-b186-1e0ed81ac625/
    body: 
      string: ""
    headers: 
      Accept: 
      - application/json
      Authorization: 
      - OAuth oauth_consumer_key="katello", oauth_nonce="cPRMrBvhLUpFz6efNOng6W1OPXA3HIcZPuA4b8CzVo", oauth_signature="vwyytOYYSvsRmsUoS%2B1jLFxmIFI%3D", oauth_signature_method="HMAC-SHA1", oauth_timestamp="1357950436", oauth_version="1.0"
      Accept-Encoding: 
      - gzip, deflate
      Content-Type: 
      - application/json
      Pulp-User: 
      - admin
  response: 
    status: 
      code: 200
      message: OK
    headers: 
      Date: 
      - Sat, 12 Jan 2013 00:27:16 GMT
      Server: 
      - Apache/2.2.22 (Fedora)
      Content-Type: 
      - application/json
      Content-Length: 
      - "853"
    body: 
      string: "{\"task_group_id\": null, \"exception\": null, \"traceback\": null, \"_href\": \"/pulp/api/v2/tasks/57d21b6b-fc4e-401b-b186-1e0ed81ac625/\", \"task_id\": \"57d21b6b-fc4e-401b-b186-1e0ed81ac625\", \"call_request_tags\": [\"pulp:repository:acme_corporation_label-staging_label-staging_label-fedora_label-fedora_17_x86_64_label\", \"pulp:repository:1\", \"pulp:action:associate\"], \"reasons\": [], \"start_time\": \"2013-01-12T00:27:15Z\", \"tags\": [\"pulp:repository:acme_corporation_label-staging_label-staging_label-fedora_label-fedora_17_x86_64_label\", \"pulp:repository:1\", \"pulp:action:associate\"], \"state\": \"finished\", \"finish_time\": \"2013-01-12T00:27:15Z\", \"dependency_failures\": {}, \"schedule_id\": null, \"progress\": {}, \"call_request_group_id\": null, \"call_request_id\": \"57d21b6b-fc4e-401b-b186-1e0ed81ac625\", \"principal_login\": \"admin\", \"response\": \"accepted\", \"result\": null}"
    http_version: 
  recorded_at: Sat, 12 Jan 2013 00:27:16 GMT
- request: 
    method: get
    uri: https://kafka.usersys.redhat.com/pulp/api/v2/tasks/f7557af3-d4f5-4cdb-ab79-60f80650e3b9/
    body: 
      string: ""
    headers: 
      Accept: 
      - application/json
      Authorization: 
      - OAuth oauth_consumer_key="katello", oauth_nonce="b9H4Hv9EYfue20MEOzWnPjsINOHbtoOhlxjzHKYoI", oauth_signature="H2V%2BljcSkk7Iko%2BvB59X9ERm95I%3D", oauth_signature_method="HMAC-SHA1", oauth_timestamp="1357950437", oauth_version="1.0"
      Accept-Encoding: 
      - gzip, deflate
      Content-Type: 
      - application/json
      Pulp-User: 
      - admin
  response: 
    status: 
      code: 200
      message: OK
    headers: 
      Date: 
      - Sat, 12 Jan 2013 00:27:17 GMT
      Server: 
      - Apache/2.2.22 (Fedora)
      Content-Type: 
      - application/json
      Content-Length: 
      - "853"
    body: 
      string: "{\"task_group_id\": null, \"exception\": null, \"traceback\": null, \"_href\": \"/pulp/api/v2/tasks/f7557af3-d4f5-4cdb-ab79-60f80650e3b9/\", \"task_id\": \"f7557af3-d4f5-4cdb-ab79-60f80650e3b9\", \"call_request_tags\": [\"pulp:repository:acme_corporation_label-staging_label-staging_label-fedora_label-fedora_17_x86_64_label\", \"pulp:repository:1\", \"pulp:action:associate\"], \"reasons\": [], \"start_time\": \"2013-01-12T00:27:15Z\", \"tags\": [\"pulp:repository:acme_corporation_label-staging_label-staging_label-fedora_label-fedora_17_x86_64_label\", \"pulp:repository:1\", \"pulp:action:associate\"], \"state\": \"finished\", \"finish_time\": \"2013-01-12T00:27:15Z\", \"dependency_failures\": {}, \"schedule_id\": null, \"progress\": {}, \"call_request_group_id\": null, \"call_request_id\": \"f7557af3-d4f5-4cdb-ab79-60f80650e3b9\", \"principal_login\": \"admin\", \"response\": \"accepted\", \"result\": null}"
    http_version: 
  recorded_at: Sat, 12 Jan 2013 00:27:17 GMT
- request: 
    method: get
    uri: https://kafka.usersys.redhat.com/pulp/api/v2/tasks/b50014d9-f0b6-46b6-967d-6ba372e043be/
    body: 
      string: ""
    headers: 
      Accept: 
      - application/json
      Authorization: 
      - OAuth oauth_consumer_key="katello", oauth_nonce="poRdbtcu5NUw6pv9043KsWwkiHqInbq1dF3GIGAUbPs", oauth_signature="mGFWXXCJPymLQpNgzgpLZxhFMi8%3D", oauth_signature_method="HMAC-SHA1", oauth_timestamp="1357950440", oauth_version="1.0"
      Accept-Encoding: 
      - gzip, deflate
      Content-Type: 
      - application/json
      Pulp-User: 
      - admin
  response: 
    status: 
      code: 200
      message: OK
    headers: 
      Date: 
      - Sat, 12 Jan 2013 00:27:20 GMT
      Server: 
      - Apache/2.2.22 (Fedora)
      Content-Type: 
      - application/json
      Content-Length: 
      - "683"
    body: 
      string: "{\"task_group_id\": null, \"exception\": null, \"traceback\": null, \"_href\": \"/pulp/api/v2/tasks/b50014d9-f0b6-46b6-967d-6ba372e043be/\", \"task_id\": \"b50014d9-f0b6-46b6-967d-6ba372e043be\", \"call_request_tags\": [\"pulp:repository:2\", \"pulp:repository:1\", \"pulp:action:associate\"], \"reasons\": [], \"start_time\": \"2013-01-12T00:27:20Z\", \"tags\": [\"pulp:repository:2\", \"pulp:repository:1\", \"pulp:action:associate\"], \"state\": \"finished\", \"finish_time\": \"2013-01-12T00:27:20Z\", \"dependency_failures\": {}, \"schedule_id\": null, \"progress\": {}, \"call_request_group_id\": null, \"call_request_id\": \"b50014d9-f0b6-46b6-967d-6ba372e043be\", \"principal_login\": \"admin\", \"response\": \"accepted\", \"result\": null}"
    http_version: 
  recorded_at: Sat, 12 Jan 2013 00:27:20 GMT
- request: 
    method: get
    uri: https://kafka.usersys.redhat.com/pulp/api/v2/tasks/b9b611dd-61cc-4ead-ac2c-5ce47547a6a1/
    body: 
      string: ""
    headers: 
      Accept: 
      - application/json
      Authorization: 
      - OAuth oauth_consumer_key="katello", oauth_nonce="q7K3OxLBUSt5sbGJu5NvWUTlFUBPYvucqujY5nbHRs", oauth_signature="sVl4cfCbXzr64fwD4MbaTITPs4s%3D", oauth_signature_method="HMAC-SHA1", oauth_timestamp="1357950441", oauth_version="1.0"
      Accept-Encoding: 
      - gzip, deflate
      Content-Type: 
      - application/json
      Pulp-User: 
      - admin
  response: 
    status: 
      code: 200
      message: OK
    headers: 
      Date: 
      - Sat, 12 Jan 2013 00:27:21 GMT
      Server: 
      - Apache/2.2.22 (Fedora)
      Content-Type: 
      - application/json
      Content-Length: 
      - "683"
    body: 
      string: "{\"task_group_id\": null, \"exception\": null, \"traceback\": null, \"_href\": \"/pulp/api/v2/tasks/b9b611dd-61cc-4ead-ac2c-5ce47547a6a1/\", \"task_id\": \"b9b611dd-61cc-4ead-ac2c-5ce47547a6a1\", \"call_request_tags\": [\"pulp:repository:2\", \"pulp:repository:1\", \"pulp:action:associate\"], \"reasons\": [], \"start_time\": \"2013-01-12T00:27:20Z\", \"tags\": [\"pulp:repository:2\", \"pulp:repository:1\", \"pulp:action:associate\"], \"state\": \"finished\", \"finish_time\": \"2013-01-12T00:27:20Z\", \"dependency_failures\": {}, \"schedule_id\": null, \"progress\": {}, \"call_request_group_id\": null, \"call_request_id\": \"b9b611dd-61cc-4ead-ac2c-5ce47547a6a1\", \"principal_login\": \"admin\", \"response\": \"accepted\", \"result\": null}"
    http_version: 
  recorded_at: Sat, 12 Jan 2013 00:27:21 GMT
- request: 
    method: get
    uri: https://kafka.usersys.redhat.com/pulp/api/v2/tasks/11806255-9199-4e9d-b8b5-cf5cd3aae2a1/
    body: 
      string: ""
    headers: 
      Accept: 
      - application/json
      Authorization: 
      - OAuth oauth_consumer_key="katello", oauth_nonce="rWV2Dasr9XjF8O2JfJuPlC23FWUVBz0WCLY7c32LU", oauth_signature="in8W9jWBfetyUEkO5yZiJAJIjx4%3D", oauth_signature_method="HMAC-SHA1", oauth_timestamp="1357950441", oauth_version="1.0"
      Accept-Encoding: 
      - gzip, deflate
      Content-Type: 
      - application/json
      Pulp-User: 
      - admin
  response: 
    status: 
      code: 200
      message: OK
    headers: 
      Date: 
      - Sat, 12 Jan 2013 00:27:21 GMT
      Server: 
      - Apache/2.2.22 (Fedora)
      Content-Type: 
      - application/json
      Content-Length: 
      - "683"
    body: 
      string: "{\"task_group_id\": null, \"exception\": null, \"traceback\": null, \"_href\": \"/pulp/api/v2/tasks/11806255-9199-4e9d-b8b5-cf5cd3aae2a1/\", \"task_id\": \"11806255-9199-4e9d-b8b5-cf5cd3aae2a1\", \"call_request_tags\": [\"pulp:repository:2\", \"pulp:repository:1\", \"pulp:action:associate\"], \"reasons\": [], \"start_time\": \"2013-01-12T00:27:20Z\", \"tags\": [\"pulp:repository:2\", \"pulp:repository:1\", \"pulp:action:associate\"], \"state\": \"finished\", \"finish_time\": \"2013-01-12T00:27:20Z\", \"dependency_failures\": {}, \"schedule_id\": null, \"progress\": {}, \"call_request_group_id\": null, \"call_request_id\": \"11806255-9199-4e9d-b8b5-cf5cd3aae2a1\", \"principal_login\": \"admin\", \"response\": \"accepted\", \"result\": null}"
    http_version: 
  recorded_at: Sat, 12 Jan 2013 00:27:21 GMT
- request: 
    method: get
    uri: https://kafka.usersys.redhat.com/pulp/api/v2/tasks/e4e6b9dd-64ef-4a0f-a7a5-69e976cefdfb/
    body: 
      string: ""
    headers: 
      Accept: 
      - application/json
      Authorization: 
      - OAuth oauth_consumer_key="katello", oauth_nonce="2JTQUnESWj7XyrSJTIqrksojafopnTBUKbZT5Cdtw", oauth_signature="rxM0ssA5KUKsgo7PbukxdAIl0tA%3D", oauth_signature_method="HMAC-SHA1", oauth_timestamp="1357950442", oauth_version="1.0"
      Accept-Encoding: 
      - gzip, deflate
      Content-Type: 
      - application/json
      Pulp-User: 
      - admin
  response: 
    status: 
      code: 200
      message: OK
    headers: 
      Date: 
      - Sat, 12 Jan 2013 00:27:22 GMT
      Server: 
      - Apache/2.2.22 (Fedora)
      Content-Type: 
      - application/json
      Content-Length: 
      - "683"
    body: 
      string: "{\"task_group_id\": null, \"exception\": null, \"traceback\": null, \"_href\": \"/pulp/api/v2/tasks/e4e6b9dd-64ef-4a0f-a7a5-69e976cefdfb/\", \"task_id\": \"e4e6b9dd-64ef-4a0f-a7a5-69e976cefdfb\", \"call_request_tags\": [\"pulp:repository:2\", \"pulp:repository:1\", \"pulp:action:associate\"], \"reasons\": [], \"start_time\": \"2013-01-12T00:27:20Z\", \"tags\": [\"pulp:repository:2\", \"pulp:repository:1\", \"pulp:action:associate\"], \"state\": \"finished\", \"finish_time\": \"2013-01-12T00:27:20Z\", \"dependency_failures\": {}, \"schedule_id\": null, \"progress\": {}, \"call_request_group_id\": null, \"call_request_id\": \"e4e6b9dd-64ef-4a0f-a7a5-69e976cefdfb\", \"principal_login\": \"admin\", \"response\": \"accepted\", \"result\": null}"
    http_version: 
  recorded_at: Sat, 12 Jan 2013 00:27:22 GMT
- request: 
    method: get
    uri: https://kafka.usersys.redhat.com/pulp/api/v2/tasks/e205971f-5bd8-4a05-bb37-ec6ea47a50c8/
    body: 
      string: ""
    headers: 
      Accept: 
      - application/json
      Authorization: 
      - OAuth oauth_consumer_key="katello", oauth_nonce="G6trR3MjJAU0JsmLgt7c1mvO9RfxkeEXHonfveuvKQQ", oauth_signature="k9s%2BJomAPsQFrysxFJd%2FKoYLf5E%3D", oauth_signature_method="HMAC-SHA1", oauth_timestamp="1357950445", oauth_version="1.0"
      Accept-Encoding: 
      - gzip, deflate
      Content-Type: 
      - application/json
      Pulp-User: 
      - admin
  response: 
    status: 
      code: 200
      message: OK
    headers: 
      Date: 
      - Sat, 12 Jan 2013 00:27:25 GMT
      Server: 
      - Apache/2.2.22 (Fedora)
      Content-Type: 
      - application/json
      Content-Length: 
      - "842"
    body: 
      string: "{\"task_group_id\": \"7024ff40-5eec-438d-b739-8525a0a712a9\", \"exception\": null, \"traceback\": null, \"_href\": \"/pulp/api/v2/tasks/e205971f-5bd8-4a05-bb37-ec6ea47a50c8/\", \"task_id\": \"e205971f-5bd8-4a05-bb37-ec6ea47a50c8\", \"call_request_tags\": [\"pulp:repository:1\", \"pulp:action:sync\"], \"reasons\": [], \"start_time\": \"2013-01-12T00:27:25Z\", \"tags\": [\"pulp:repository:1\", \"pulp:action:sync\"], \"state\": \"running\", \"finish_time\": null, \"dependency_failures\": {}, \"schedule_id\": null, \"progress\": {\"yum_importer\": {\"content\": {\"state\": \"NOT_STARTED\"}, \"comps\": {\"state\": \"NOT_STARTED\"}, \"errata\": {\"state\": \"NOT_STARTED\"}, \"metadata\": {\"state\": \"IN_PROGRESS\"}}}, \"call_request_group_id\": \"7024ff40-5eec-438d-b739-8525a0a712a9\", \"call_request_id\": \"e205971f-5bd8-4a05-bb37-ec6ea47a50c8\", \"principal_login\": \"admin\", \"response\": \"accepted\", \"result\": null}"
    http_version: 
  recorded_at: Sat, 12 Jan 2013 00:27:25 GMT
- request: 
    method: get
    uri: https://kafka.usersys.redhat.com/pulp/api/v2/tasks/e205971f-5bd8-4a05-bb37-ec6ea47a50c8/
    body: 
      string: ""
    headers: 
      Accept: 
      - application/json
      Authorization: 
      - OAuth oauth_consumer_key="katello", oauth_nonce="a3swyUt6RFKlaQTMRdpFdSbhiW2SgIIxe9novSGwy4", oauth_signature="cskANh88KoipR2%2FIpgYZmZzqnRg%3D", oauth_signature_method="HMAC-SHA1", oauth_timestamp="1357950446", oauth_version="1.0"
      Accept-Encoding: 
      - gzip, deflate
      Content-Type: 
      - application/json
      Pulp-User: 
      - admin
  response: 
    status: 
      code: 200
      message: OK
    headers: 
      Date: 
      - Sat, 12 Jan 2013 00:27:26 GMT
      Server: 
      - Apache/2.2.22 (Fedora)
      Content-Type: 
      - application/json
      Content-Length: 
      - "1442"
    body: 
      string: "{\"task_group_id\": \"7024ff40-5eec-438d-b739-8525a0a712a9\", \"exception\": null, \"traceback\": null, \"_href\": \"/pulp/api/v2/tasks/e205971f-5bd8-4a05-bb37-ec6ea47a50c8/\", \"task_id\": \"e205971f-5bd8-4a05-bb37-ec6ea47a50c8\", \"call_request_tags\": [\"pulp:repository:1\", \"pulp:action:sync\"], \"reasons\": [], \"start_time\": \"2013-01-12T00:27:25Z\", \"tags\": [\"pulp:repository:1\", \"pulp:action:sync\"], \"state\": \"running\", \"finish_time\": null, \"dependency_failures\": {}, \"schedule_id\": null, \"progress\": {\"yum_importer\": {\"content\": {\"num_success\": 11, \"size_total\": 17872, \"items_left\": 0, \"items_total\": 11, \"state\": \"IN_PROGRESS\", \"size_left\": 0, \"details\": {\"tree_file\": {\"num_success\": 3, \"size_total\": 0, \"items_left\": 0, \"items_total\": 3, \"size_left\": 0, \"num_error\": 0}, \"rpm\": {\"num_success\": 8, \"size_total\": 17872, \"items_left\": 0, \"items_total\": 8, \"size_left\": 0, \"num_error\": 0}, \"delta_rpm\": {\"num_success\": 0, \"size_total\": 0, \"items_left\": 0, \"items_total\": 0, \"size_left\": 0, \"num_error\": 0}, \"file\": {\"num_success\": 0, \"size_total\": 0, \"items_left\": 0, \"items_total\": 0, \"size_left\": 0, \"num_error\": 0}}, \"error_details\": [], \"num_error\": 0}, \"comps\": {\"state\": \"NOT_STARTED\"}, \"errata\": {\"state\": \"NOT_STARTED\"}, \"metadata\": {\"state\": \"FINISHED\"}}}, \"call_request_group_id\": \"7024ff40-5eec-438d-b739-8525a0a712a9\", \"call_request_id\": \"e205971f-5bd8-4a05-bb37-ec6ea47a50c8\", \"principal_login\": \"admin\", \"response\": \"accepted\", \"result\": null}"
    http_version: 
  recorded_at: Sat, 12 Jan 2013 00:27:26 GMT
- request: 
    method: get
    uri: https://kafka.usersys.redhat.com/pulp/api/v2/tasks/e205971f-5bd8-4a05-bb37-ec6ea47a50c8/
    body: 
      string: ""
    headers: 
      Accept: 
      - application/json
      Authorization: 
      - OAuth oauth_consumer_key="katello", oauth_nonce="y10ttS3Rl7MVeDGVoENCFymn6PBIJ20Q4xMj0LsdBw", oauth_signature="i3KngnepFLzaj1f5b5pcMMhcI24%3D", oauth_signature_method="HMAC-SHA1", oauth_timestamp="1357950446", oauth_version="1.0"
      Accept-Encoding: 
      - gzip, deflate
      Content-Type: 
      - application/json
      Pulp-User: 
      - admin
  response: 
    status: 
      code: 200
      message: OK
    headers: 
      Date: 
      - Sat, 12 Jan 2013 00:27:26 GMT
      Server: 
      - Apache/2.2.22 (Fedora)
      Content-Type: 
      - application/json
      Content-Length: 
      - "1469"
    body: 
      string: "{\"task_group_id\": \"7024ff40-5eec-438d-b739-8525a0a712a9\", \"exception\": null, \"traceback\": null, \"_href\": \"/pulp/api/v2/tasks/e205971f-5bd8-4a05-bb37-ec6ea47a50c8/\", \"task_id\": \"e205971f-5bd8-4a05-bb37-ec6ea47a50c8\", \"call_request_tags\": [\"pulp:repository:1\", \"pulp:action:sync\"], \"reasons\": [], \"start_time\": \"2013-01-12T00:27:25Z\", \"tags\": [\"pulp:repository:1\", \"pulp:action:sync\"], \"state\": \"finished\", \"finish_time\": \"2013-01-12T00:27:26Z\", \"dependency_failures\": {}, \"schedule_id\": null, \"progress\": {\"yum_importer\": {\"content\": {\"num_success\": 11, \"size_total\": 17872, \"items_left\": 0, \"items_total\": 11, \"state\": \"FINISHED\", \"size_left\": 0, \"details\": {\"tree_file\": {\"num_success\": 3, \"size_total\": 0, \"items_left\": 0, \"items_total\": 3, \"size_left\": 0, \"num_error\": 0}, \"rpm\": {\"num_success\": 8, \"size_total\": 17872, \"items_left\": 0, \"items_total\": 8, \"size_left\": 0, \"num_error\": 0}, \"delta_rpm\": {\"num_success\": 0, \"size_total\": 0, \"items_left\": 0, \"items_total\": 0, \"size_left\": 0, \"num_error\": 0}, \"file\": {\"num_success\": 0, \"size_total\": 0, \"items_left\": 0, \"items_total\": 0, \"size_left\": 0, \"num_error\": 0}}, \"error_details\": [], \"num_error\": 0}, \"comps\": {\"state\": \"FINISHED\"}, \"errata\": {\"state\": \"FINISHED\", \"num_errata\": 2}, \"metadata\": {\"state\": \"FINISHED\"}}}, \"call_request_group_id\": \"7024ff40-5eec-438d-b739-8525a0a712a9\", \"call_request_id\": \"e205971f-5bd8-4a05-bb37-ec6ea47a50c8\", \"principal_login\": \"admin\", \"response\": \"accepted\", \"result\": null}"
    http_version: 
  recorded_at: Sat, 12 Jan 2013 00:27:26 GMT
recorded_with: VCR 2.4.0
