--- 
http_interactions: 
- request: 
    method: put
    uri: https://localhost:8443/candlepin/consumers/765558ec-435a-46db-b0a0-c94bfee3b5f0
    body: 
      encoding: US-ASCII
      string: "{\"facts\":{\"some\":\"fact\"},\"releaseVer\":{\"releaseVer\":null},\"autoheal\":true,\"serviceLevel\":\"\",\"environment\":{\"id\":\"797271385-566851579\"}}"
    headers: 
      Accept: 
      - application/json
      Accept-Encoding: 
      - gzip, deflate
      Authorization: 
      - OAuth oauth_body_hash="2jmj7l5rSw0yVb%2FvlWAYkK%2FYBwk%3D", oauth_consumer_key="katello", oauth_nonce="8x9BX1VvNKR4rMQgQMjqgu1rXkCZauSntwYYKvtKK0", oauth_signature="3yVNY60kpOyQrry%2BgSCA0jFsgL4%3D", oauth_signature_method="HMAC-SHA1", oauth_timestamp="1372097664", oauth_version="1.0"
      Accept-Language: 
      - en
      Content-Type: 
      - application/json
      Cp-User: 
      - admin
      Content-Length: 
      - "135"
      User-Agent: 
      - Ruby
  response: 
    status: 
      code: 204
      message: No Content
    headers: 
      Server: 
      - Apache-Coyote/1.1
      X-Candlepin-Version: 
      - 0.8.9-1
      Date: 
      - Mon, 24 Jun 2013 18:14:26 GMT
    body: 
      encoding: US-ASCII
      string: ""
    http_version: 
  recorded_at: Mon, 24 Jun 2013 18:14:26 GMT
- request: 
    method: post
    uri: https://localhost:8443/candlepin/owners/
    body: 
      encoding: US-ASCII
      string: "{\"key\":\"candlepin_org_label\",\"displayName\":\"Candlepin_Org\",\"contentPrefix\":\"/candlepin_org_label/$env\"}"
    headers: 
      Accept: 
      - application/json
      Accept-Encoding: 
      - gzip, deflate
      Authorization: 
      - OAuth oauth_body_hash="2jmj7l5rSw0yVb%2FvlWAYkK%2FYBwk%3D", oauth_consumer_key="katello", oauth_nonce="QbcOjB0CBuqWAxmHveUWExlP9isylKnffI4j4LJFs", oauth_signature="yUqZm0UKX68ZJS2jZIT4eqZctuo%3D", oauth_signature_method="HMAC-SHA1", oauth_timestamp="1372097673", oauth_version="1.0"
      Accept-Language: 
      - en
      Content-Type: 
      - application/json
      Cp-User: 
      - admin
      Content-Length: 
      - "103"
      User-Agent: 
      - Ruby
  response: 
    status: 
      code: 200
      message: OK
    headers: 
      Server: 
      - Apache-Coyote/1.1
      X-Candlepin-Version: 
      - 0.8.9-1
      Content-Type: 
      - application/json
      Transfer-Encoding: 
      - chunked
      Date: 
      - Mon, 24 Jun 2013 18:14:32 GMT
    body: 
      encoding: US-ASCII
      string: "{\"created\":\"2013-06-24T18:14:33.318+0000\",\"updated\":\"2013-06-24T18:14:33.318+0000\",\"parentOwner\":null,\"id\":\"8a8d01353f775c55013f7764f866001f\",\"key\":\"candlepin_org_label\",\"displayName\":\"Candlepin_Org\",\"contentPrefix\":\"/candlepin_org_label/$env\",\"defaultServiceLevel\":null,\"upstreamConsumer\":null,\"href\":\"/owners/candlepin_org_label\"}"
    http_version: 
  recorded_at: Mon, 24 Jun 2013 18:14:33 GMT
- request: 
    method: get
    uri: https://localhost:8443/candlepin/environments/797271385-566851579
    body: 
      encoding: US-ASCII
      string: ""
    headers: 
      Accept: 
      - application/json
      Accept-Encoding: 
      - gzip, deflate
      Authorization: 
      - OAuth oauth_consumer_key="katello", oauth_nonce="sXO3XrK6E4Xpkdf6DQCQvjBSg021qmjysisimqfycgg", oauth_signature="scZ1unpy8%2BuAg5Xzun9o5L5CLRU%3D", oauth_signature_method="HMAC-SHA1", oauth_timestamp="1372097673", oauth_version="1.0"
      Accept-Language: 
      - en
      Content-Type: 
      - application/json
      Cp-User: 
      - admin
      User-Agent: 
      - Ruby
  response: 
    status: 
      code: 404
      message: Not Found
    headers: 
      Server: 
      - Apache-Coyote/1.1
      X-Candlepin-Version: 
      - 0.8.9-1
      Content-Type: 
      - application/json
      Transfer-Encoding: 
      - chunked
      Date: 
      - Mon, 24 Jun 2013 18:14:32 GMT
    body: 
      encoding: US-ASCII
      string: "{\"displayMessage\":\"Environment with id 797271385-566851579 could not be found.\"}"
    http_version: 
  recorded_at: Mon, 24 Jun 2013 18:14:33 GMT
- request: 
    method: post
    uri: https://localhost:8443/candlepin/owners/candlepin_org_label/environments
    body: 
      encoding: US-ASCII
      string: "{\"id\":\"797271385-566851579\",\"name\":\"candlepin_library_dev_cve\",\"description\":null}"
    headers: 
      Accept: 
      - application/json
      Accept-Encoding: 
      - gzip, deflate
      Authorization: 
      - OAuth oauth_body_hash="2jmj7l5rSw0yVb%2FvlWAYkK%2FYBwk%3D", oauth_consumer_key="katello", oauth_nonce="3HznRcJt6A8cobaEMo2LdFqqZQGIDlL6uaqX0Kp02g", oauth_signature="5nO32w%2FmsKR4X6ikJh5s6M4utoI%3D", oauth_signature_method="HMAC-SHA1", oauth_timestamp="1372097673", oauth_version="1.0"
      Accept-Language: 
      - en
      Content-Type: 
      - application/json
      Cp-User: 
      - admin
      Content-Length: 
      - "82"
      User-Agent: 
      - Ruby
  response: 
    status: 
      code: 200
      message: OK
    headers: 
      Server: 
      - Apache-Coyote/1.1
      X-Candlepin-Version: 
      - 0.8.9-1
      Content-Type: 
      - application/json
      Transfer-Encoding: 
      - chunked
      Date: 
      - Mon, 24 Jun 2013 18:14:32 GMT
    body: 
      encoding: US-ASCII
      string: "{\"created\":\"2013-06-24T18:14:33.568+0000\",\"updated\":\"2013-06-24T18:14:33.568+0000\",\"owner\":{\"id\":\"8a8d01353f775c55013f7764f866001f\",\"key\":\"candlepin_org_label\",\"displayName\":\"Candlepin_Org\",\"href\":\"/owners/candlepin_org_label\"},\"name\":\"candlepin_library_dev_cve\",\"description\":null,\"id\":\"797271385-566851579\",\"environmentContent\":[]}"
    http_version: 
  recorded_at: Mon, 24 Jun 2013 18:14:33 GMT
- request: 
    method: put
    uri: https://localhost:8443/candlepin/consumers/902d27b1-4b9b-4f3e-a368-3dd2d57d6bde
    body: 
      encoding: US-ASCII
      string: "{\"facts\":{\"uname.machine\":\"i686\",\"memory.memtotal\":\"256 MB\",\"cpu.cpu_socket(s)\":\"2\",\"virt.is_guest\":\"false\"},\"releaseVer\":{\"releaseVer\":null},\"autoheal\":true,\"serviceLevel\":\"\",\"environment\":{\"id\":\"797271385-566851579\"}}"
    headers: 
      Accept: 
      - application/json
      Accept-Encoding: 
      - gzip, deflate
      Authorization: 
      - OAuth oauth_body_hash="2jmj7l5rSw0yVb%2FvlWAYkK%2FYBwk%3D", oauth_consumer_key="katello", oauth_nonce="IaW7LJaNmY30qtceaAJgo0MlWHcNiDxcuS4tvd9KzM", oauth_signature="61Uw17wonRuZtXbFuv%2F0OBhzhbI%3D", oauth_signature_method="HMAC-SHA1", oauth_timestamp="1372097675", oauth_version="1.0"
      Accept-Language: 
      - en
      Content-Type: 
      - application/json
      Cp-User: 
      - admin
      Content-Length: 
      - "219"
      User-Agent: 
      - Ruby
  response: 
    status: 
      code: 204
      message: No Content
    headers: 
      Server: 
      - Apache-Coyote/1.1
      X-Candlepin-Version: 
      - 0.8.9-1
      Date: 
      - Mon, 24 Jun 2013 18:14:35 GMT
    body: 
      encoding: US-ASCII
      string: ""
    http_version: 
  recorded_at: Mon, 24 Jun 2013 18:14:35 GMT
- request: 
    method: delete
    uri: https://localhost:8443/candlepin/environments/797271385-566851579
    body: 
      encoding: US-ASCII
      string: ""
    headers: 
      Accept: 
      - "*/*; q=0.5, application/xml"
      Accept-Encoding: 
      - gzip, deflate
      Authorization: 
      - OAuth oauth_consumer_key="katello", oauth_nonce="JVcRbnGVjEXWqplkKMdn2BTOzumziEmeeBEpdP2tvpE", oauth_signature="2fpqsL2rs5AmcDoOP7q2cAmeJu4%3D", oauth_signature_method="HMAC-SHA1", oauth_timestamp="1372097675", oauth_version="1.0"
      Cp-User: 
      - admin
      User-Agent: 
      - Ruby
  response: 
    status: 
      code: 204
      message: No Content
    headers: 
      Server: 
      - Apache-Coyote/1.1
      X-Candlepin-Version: 
      - 0.8.9-1
      Date: 
      - Mon, 24 Jun 2013 18:14:35 GMT
    body: 
      encoding: US-ASCII
      string: ""
    http_version: 
  recorded_at: Mon, 24 Jun 2013 18:14:36 GMT
- request: 
    method: delete
    uri: https://localhost:8443/candlepin/owners/candlepin_org_label
    body: 
      encoding: US-ASCII
      string: ""
    headers: 
      Accept: 
      - "*/*; q=0.5, application/xml"
      Accept-Encoding: 
      - gzip, deflate
      Authorization: 
      - OAuth oauth_consumer_key="katello", oauth_nonce="JQfdgusGQAtMKL6eyqgxZXTYLFeISjWu5omh4krEI", oauth_signature="LP%2Fh1UeezUmREZBzAITTL6fA0c8%3D", oauth_signature_method="HMAC-SHA1", oauth_timestamp="1372097676", oauth_version="1.0"
      Cp-User: 
      - admin
      User-Agent: 
      - Ruby
  response: 
    status: 
      code: 204
      message: No Content
    headers: 
      Server: 
      - Apache-Coyote/1.1
      X-Candlepin-Version: 
      - 0.8.9-1
      Date: 
      - Mon, 24 Jun 2013 18:14:35 GMT
    body: 
      encoding: US-ASCII
      string: ""
    http_version: 
  recorded_at: Mon, 24 Jun 2013 18:14:36 GMT
recorded_with: VCR 2.4.0
