--- 
http_interactions: 
- request: 
    method: post
    uri: https://katello-f18-rails32/pulp/api/v2/repositories/acme_corporation_label-staging_label-org_default_label-fedora_label-fedora_17_x86_64_label/actions/associate/
    body: 
      encoding: US-ASCII
      string: "{\"source_repo_id\":\"1\",\"criteria\":{\"type_ids\":[\"rpm\"],\"filters\":{},\"fields\":{\"unit\":[\"name\",\"epoch\",\"version\",\"release\",\"arch\",\"checksumtype\",\"checksum\"]}}}"
    headers: 
      Accept: 
      - application/json
      Accept-Encoding: 
      - gzip, deflate
      Content-Type: 
      - application/json
      Authorization: 
      - OAuth oauth_body_hash="2jmj7l5rSw0yVb%2FvlWAYkK%2FYBwk%3D", oauth_consumer_key="katello", oauth_nonce="cf3GRcArjfYGf352OZXrLgbrkstM1B87HncS2PszX0", oauth_signature="wP4aqPXaN645hHmGTC43ZXdoo3M%3D", oauth_signature_method="HMAC-SHA1", oauth_timestamp="1368638967", oauth_version="1.0"
      Pulp-User: 
      - admin
      Content-Length: 
      - "155"
      User-Agent: 
      - Ruby
  response: 
    status: 
      code: 202
      message: Accepted
    headers: 
      Date: 
      - Wed, 15 May 2013 17:29:27 GMT
      Server: 
      - Apache/2.4.4 (Fedora) OpenSSL/1.0.1c-fips mod_wsgi/3.4 Python/2.7.3
      Content-Encoding: 
      - utf-8
      Content-Length: 
      - "824"
      Content-Type: 
      - application/json
    body: 
      encoding: US-ASCII
      string: "{\"task_group_id\": null, \"exception\": null, \"traceback\": null, \"_href\": \"/pulp/api/v2/tasks/ff0d864c-3e60-4d01-b184-521cdc0e3c63/\", \"task_id\": \"ff0d864c-3e60-4d01-b184-521cdc0e3c63\", \"call_request_tags\": [\"pulp:repository:acme_corporation_label-staging_label-org_default_label-fedora_label-fedora_17_x86_64_label\", \"pulp:repository:1\", \"pulp:action:associate\"], \"reasons\": [], \"start_time\": null, \"tags\": [\"pulp:repository:acme_corporation_label-staging_label-org_default_label-fedora_label-fedora_17_x86_64_label\", \"pulp:repository:1\", \"pulp:action:associate\"], \"state\": \"waiting\", \"finish_time\": null, \"dependency_failures\": {}, \"schedule_id\": null, \"progress\": {}, \"call_request_group_id\": null, \"call_request_id\": \"ff0d864c-3e60-4d01-b184-521cdc0e3c63\", \"principal_login\": \"admin\", \"response\": \"accepted\", \"result\": null}"
    http_version: 
  recorded_at: Wed, 15 May 2013 17:29:27 GMT
- request: 
    method: post
    uri: https://katello-f18-rails32/pulp/api/v2/repositories/acme_corporation_label-staging_label-org_default_label-fedora_label-fedora_17_x86_64_label/actions/associate/
    body: 
      encoding: US-ASCII
      string: "{\"source_repo_id\":\"1\",\"criteria\":{\"type_ids\":[\"distribution\"],\"filters\":{}}}"
    headers: 
      Accept: 
      - application/json
      Accept-Encoding: 
      - gzip, deflate
      Content-Type: 
      - application/json
      Authorization: 
      - OAuth oauth_body_hash="2jmj7l5rSw0yVb%2FvlWAYkK%2FYBwk%3D", oauth_consumer_key="katello", oauth_nonce="WbQ4j9XOgq1yRmb1Gvu9aqnfKMqz8HAM3TP1M3l4g", oauth_signature="YTjhimhQqE98EYlkOX%2FI%2B34A3U0%3D", oauth_signature_method="HMAC-SHA1", oauth_timestamp="1368638967", oauth_version="1.0"
      Pulp-User: 
      - admin
      Content-Length: 
      - "76"
      User-Agent: 
      - Ruby
  response: 
    status: 
      code: 202
      message: Accepted
    headers: 
      Date: 
      - Wed, 15 May 2013 17:29:27 GMT
      Server: 
      - Apache/2.4.4 (Fedora) OpenSSL/1.0.1c-fips mod_wsgi/3.4 Python/2.7.3
      Content-Encoding: 
      - utf-8
      Content-Length: 
      - "824"
      Content-Type: 
      - application/json
    body: 
      encoding: US-ASCII
      string: "{\"task_group_id\": null, \"exception\": null, \"traceback\": null, \"_href\": \"/pulp/api/v2/tasks/af29af97-b7a8-4797-b638-35a46516bb14/\", \"task_id\": \"af29af97-b7a8-4797-b638-35a46516bb14\", \"call_request_tags\": [\"pulp:repository:acme_corporation_label-staging_label-org_default_label-fedora_label-fedora_17_x86_64_label\", \"pulp:repository:1\", \"pulp:action:associate\"], \"reasons\": [], \"start_time\": null, \"tags\": [\"pulp:repository:acme_corporation_label-staging_label-org_default_label-fedora_label-fedora_17_x86_64_label\", \"pulp:repository:1\", \"pulp:action:associate\"], \"state\": \"waiting\", \"finish_time\": null, \"dependency_failures\": {}, \"schedule_id\": null, \"progress\": {}, \"call_request_group_id\": null, \"call_request_id\": \"af29af97-b7a8-4797-b638-35a46516bb14\", \"principal_login\": \"admin\", \"response\": \"accepted\", \"result\": null}"
    http_version: 
  recorded_at: Wed, 15 May 2013 17:29:27 GMT
- request: 
    method: post
    uri: https://katello-f18-rails32/pulp/api/v2/repositories/acme_corporation_label-staging_label-org_default_label-fedora_label-fedora_17_x86_64_label/actions/associate/
    body: 
      encoding: US-ASCII
      string: "{\"source_repo_id\":\"1\",\"criteria\":{\"type_ids\":[\"erratum\"],\"filters\":{}},\"override_config\":{\"copy_children\":false}}"
    headers: 
      Accept: 
      - application/json
      Accept-Encoding: 
      - gzip, deflate
      Content-Type: 
      - application/json
      Authorization: 
      - OAuth oauth_body_hash="2jmj7l5rSw0yVb%2FvlWAYkK%2FYBwk%3D", oauth_consumer_key="katello", oauth_nonce="YYyQ35udLEwyFvl6SRCP3F90o1KKro1VrPwOLlvBJ8M", oauth_signature="Tqajm88HLZUqEAdCd3T%2Fda39TNI%3D", oauth_signature_method="HMAC-SHA1", oauth_timestamp="1368638967", oauth_version="1.0"
      Pulp-User: 
      - admin
      Content-Length: 
      - "113"
      User-Agent: 
      - Ruby
  response: 
    status: 
      code: 202
      message: Accepted
    headers: 
      Date: 
      - Wed, 15 May 2013 17:29:27 GMT
      Server: 
      - Apache/2.4.4 (Fedora) OpenSSL/1.0.1c-fips mod_wsgi/3.4 Python/2.7.3
      Content-Encoding: 
      - utf-8
      Content-Length: 
      - "824"
      Content-Type: 
      - application/json
    body: 
      encoding: US-ASCII
      string: "{\"task_group_id\": null, \"exception\": null, \"traceback\": null, \"_href\": \"/pulp/api/v2/tasks/2ae23ba7-d605-46b1-b848-8e009e821083/\", \"task_id\": \"2ae23ba7-d605-46b1-b848-8e009e821083\", \"call_request_tags\": [\"pulp:repository:acme_corporation_label-staging_label-org_default_label-fedora_label-fedora_17_x86_64_label\", \"pulp:repository:1\", \"pulp:action:associate\"], \"reasons\": [], \"start_time\": null, \"tags\": [\"pulp:repository:acme_corporation_label-staging_label-org_default_label-fedora_label-fedora_17_x86_64_label\", \"pulp:repository:1\", \"pulp:action:associate\"], \"state\": \"waiting\", \"finish_time\": null, \"dependency_failures\": {}, \"schedule_id\": null, \"progress\": {}, \"call_request_group_id\": null, \"call_request_id\": \"2ae23ba7-d605-46b1-b848-8e009e821083\", \"principal_login\": \"admin\", \"response\": \"accepted\", \"result\": null}"
    http_version: 
  recorded_at: Wed, 15 May 2013 17:29:28 GMT
- request: 
    method: post
    uri: https://katello-f18-rails32/pulp/api/v2/repositories/acme_corporation_label-staging_label-org_default_label-fedora_label-fedora_17_x86_64_label/actions/associate/
    body: 
      encoding: US-ASCII
      string: "{\"source_repo_id\":\"1\",\"criteria\":{\"type_ids\":[\"package_group\"],\"filters\":{}},\"override_config\":{\"copy_children\":false}}"
    headers: 
      Accept: 
      - application/json
      Accept-Encoding: 
      - gzip, deflate
      Content-Type: 
      - application/json
      Authorization: 
      - OAuth oauth_body_hash="2jmj7l5rSw0yVb%2FvlWAYkK%2FYBwk%3D", oauth_consumer_key="katello", oauth_nonce="JwO6uRi2Pg788Nndzul3ReODNpRXmdg5tUZabjGDRs", oauth_signature="rnTOYrv1ZEEszZh3cCn%2FwTx%2Fic8%3D", oauth_signature_method="HMAC-SHA1", oauth_timestamp="1368638968", oauth_version="1.0"
      Pulp-User: 
      - admin
      Content-Length: 
      - "119"
      User-Agent: 
      - Ruby
  response: 
    status: 
      code: 202
      message: Accepted
    headers: 
      Date: 
      - Wed, 15 May 2013 17:29:28 GMT
      Server: 
      - Apache/2.4.4 (Fedora) OpenSSL/1.0.1c-fips mod_wsgi/3.4 Python/2.7.3
      Content-Encoding: 
      - utf-8
      Content-Length: 
      - "824"
      Content-Type: 
      - application/json
    body: 
      encoding: US-ASCII
      string: "{\"task_group_id\": null, \"exception\": null, \"traceback\": null, \"_href\": \"/pulp/api/v2/tasks/91e5950a-3216-44f7-86cf-23be2856f5aa/\", \"task_id\": \"91e5950a-3216-44f7-86cf-23be2856f5aa\", \"call_request_tags\": [\"pulp:repository:acme_corporation_label-staging_label-org_default_label-fedora_label-fedora_17_x86_64_label\", \"pulp:repository:1\", \"pulp:action:associate\"], \"reasons\": [], \"start_time\": null, \"tags\": [\"pulp:repository:acme_corporation_label-staging_label-org_default_label-fedora_label-fedora_17_x86_64_label\", \"pulp:repository:1\", \"pulp:action:associate\"], \"state\": \"waiting\", \"finish_time\": null, \"dependency_failures\": {}, \"schedule_id\": null, \"progress\": {}, \"call_request_group_id\": null, \"call_request_id\": \"91e5950a-3216-44f7-86cf-23be2856f5aa\", \"principal_login\": \"admin\", \"response\": \"accepted\", \"result\": null}"
    http_version: 
  recorded_at: Wed, 15 May 2013 17:29:28 GMT
- request: 
    method: delete
    uri: https://katello-f18-rails32/pulp/api/v2/repositories/acme_corporation_label-staging_label-org_default_label-fedora_label-fedora_17_x86_64_label/
    body: 
      encoding: US-ASCII
      string: ""
    headers: 
      Accept: 
      - application/json
      Accept-Encoding: 
      - gzip, deflate
      Content-Type: 
      - application/json
      Authorization: 
      - OAuth oauth_consumer_key="katello", oauth_nonce="K8WYYHffHiqGdgwUsEleoKThHA2BSCUQ4wo65UyAYo", oauth_signature="KuaLPrlVKG%2BxtWxX%2Fi16HCk67UQ%3D", oauth_signature_method="HMAC-SHA1", oauth_timestamp="1368638971", oauth_version="1.0"
      Pulp-User: 
      - admin
      User-Agent: 
      - Ruby
  response: 
    status: 
      code: 202
      message: Accepted
    headers: 
      Date: 
      - Wed, 15 May 2013 17:29:31 GMT
      Server: 
      - Apache/2.4.4 (Fedora) OpenSSL/1.0.1c-fips mod_wsgi/3.4 Python/2.7.3
      Content-Encoding: 
      - utf-8
      Content-Length: 
      - "852"
      Content-Type: 
      - application/json
    body: 
      encoding: US-ASCII
      string: "[{\"task_group_id\": \"2a2a7bd0-4491-43cb-9038-28225d73878a\", \"exception\": null, \"traceback\": null, \"_href\": \"/pulp/api/v2/task_groups/2a2a7bd0-4491-43cb-9038-28225d73878a/\", \"task_id\": \"73c04a7f-77ab-4571-b293-9f9a56309afd\", \"call_request_tags\": [\"pulp:repository:acme_corporation_label-staging_label-org_default_label-fedora_label-fedora_17_x86_64_label\", \"pulp:action:delete\"], \"reasons\": [], \"start_time\": null, \"tags\": [\"pulp:repository:acme_corporation_label-staging_label-org_default_label-fedora_label-fedora_17_x86_64_label\", \"pulp:action:delete\"], \"state\": \"waiting\", \"finish_time\": null, \"dependency_failures\": {}, \"schedule_id\": null, \"progress\": {}, \"call_request_group_id\": \"2a2a7bd0-4491-43cb-9038-28225d73878a\", \"call_request_id\": \"73c04a7f-77ab-4571-b293-9f9a56309afd\", \"principal_login\": \"admin\", \"response\": \"accepted\", \"result\": null}]"
    http_version: 
  recorded_at: Wed, 15 May 2013 17:29:31 GMT
- request: 
    method: post
    uri: https://katello-f18-rails32/pulp/api/v2/repositories/
    body: 
      encoding: US-ASCII
      string: "{\"id\":\"1\",\"display_name\":\"Fedora 17 x86_64\",\"importer_type_id\":\"yum_importer\",\"importer_config\":{\"ssl_ca_cert\":null,\"ssl_client_cert\":null,\"ssl_client_key\":null,\"feed_url\":\"file:///home/ehelms/workspace/katello/test/fixtures/zoo5\"},\"distributors\":[{\"distributor_type\":\"yum_distributor\",\"distributor_config\":{\"relative_url\":\"/test_path/\",\"http\":false,\"https\":true,\"protected\":true},\"auto_publish\":false,\"distributor_id\":\"1\"}]}"
    headers: 
      Accept: 
      - application/json
      Accept-Encoding: 
      - gzip, deflate
      Content-Type: 
      - application/json
      Authorization: 
      - OAuth oauth_body_hash="2jmj7l5rSw0yVb%2FvlWAYkK%2FYBwk%3D", oauth_consumer_key="katello", oauth_nonce="WP4qA5SYip4RK1fxVgrwasjEpgYqnx6qC0bDRJJk", oauth_signature="OkOOAnPPhP8SM2RSSkjOdZnuvBw%3D", oauth_signature_method="HMAC-SHA1", oauth_timestamp="1368638972", oauth_version="1.0"
      Pulp-User: 
      - admin
      Content-Length: 
      - "425"
      User-Agent: 
      - Ruby
  response: 
    status: 
      code: 201
      message: Created
    headers: 
      Date: 
      - Wed, 15 May 2013 17:29:32 GMT
      Server: 
      - Apache/2.4.4 (Fedora) OpenSSL/1.0.1c-fips mod_wsgi/3.4 Python/2.7.3
      Location: 
      - "1"
      Content-Length: 
      - "228"
      Content-Type: 
      - application/json
    body: 
      encoding: US-ASCII
      string: "{\"scratchpad\": {}, \"display_name\": \"Fedora 17 x86_64\", \"description\": null, \"_ns\": \"repos\", \"notes\": {}, \"content_unit_counts\": {}, \"_id\": {\"$oid\": \"5193c5fcf45cbb6f3e8a682d\"}, \"id\": \"1\", \"_href\": \"/pulp/api/v2/repositories/1/\"}"
    http_version: 
  recorded_at: Wed, 15 May 2013 17:29:32 GMT
- request: 
    method: post
    uri: https://katello-f18-rails32/pulp/api/v2/repositories/1/actions/sync/
    body: 
      encoding: US-ASCII
      string: "{\"override_config\":{\"num_threads\":4}}"
    headers: 
      Accept: 
      - application/json
      Accept-Encoding: 
      - gzip, deflate
      Content-Type: 
      - application/json
      Authorization: 
      - OAuth oauth_body_hash="2jmj7l5rSw0yVb%2FvlWAYkK%2FYBwk%3D", oauth_consumer_key="katello", oauth_nonce="Ie2m86eIO2xmHJ3RfFrTTom1VwfFFDMvA2FfuaVFyfc", oauth_signature="AKfpfh0d6ktNGoz%2Fc%2FqsrEXVpYM%3D", oauth_signature_method="HMAC-SHA1", oauth_timestamp="1368638972", oauth_version="1.0"
      Pulp-User: 
      - admin
      Content-Length: 
      - "37"
      User-Agent: 
      - Ruby
  response: 
    status: 
      code: 202
      message: Accepted
    headers: 
      Date: 
      - Wed, 15 May 2013 17:29:32 GMT
      Server: 
      - Apache/2.4.4 (Fedora) OpenSSL/1.0.1c-fips mod_wsgi/3.4 Python/2.7.3
      Content-Encoding: 
      - utf-8
      Content-Length: 
      - "670"
      Content-Type: 
      - application/json
    body: 
      encoding: US-ASCII
      string: "[{\"task_group_id\": \"1e38c088-f743-4982-a094-92d17c13d4dd\", \"exception\": null, \"traceback\": null, \"_href\": \"/pulp/api/v2/task_groups/1e38c088-f743-4982-a094-92d17c13d4dd/\", \"task_id\": \"4dec3f54-f936-4e08-8bd7-3eef049eb15b\", \"call_request_tags\": [\"pulp:repository:1\", \"pulp:action:sync\"], \"reasons\": [], \"start_time\": null, \"tags\": [\"pulp:repository:1\", \"pulp:action:sync\"], \"state\": \"waiting\", \"finish_time\": null, \"dependency_failures\": {}, \"schedule_id\": null, \"progress\": {}, \"call_request_group_id\": \"1e38c088-f743-4982-a094-92d17c13d4dd\", \"call_request_id\": \"4dec3f54-f936-4e08-8bd7-3eef049eb15b\", \"principal_login\": \"admin\", \"response\": \"accepted\", \"result\": null}]"
    http_version: 
  recorded_at: Wed, 15 May 2013 17:29:32 GMT
- request: 
    method: post
    uri: https://katello-f18-rails32/pulp/api/v2/repositories/
    body: 
      encoding: US-ASCII
      string: "{\"id\":\"1\",\"display_name\":\"Fedora 17 x86_64\",\"importer_type_id\":\"yum_importer\",\"importer_config\":{\"ssl_ca_cert\":null,\"ssl_client_cert\":null,\"ssl_client_key\":null,\"feed_url\":\"file:///home/ehelms/workspace/katello/test/fixtures/zoo5\"},\"distributors\":[{\"distributor_type\":\"yum_distributor\",\"distributor_config\":{\"relative_url\":\"/test_path/\",\"http\":false,\"https\":true,\"protected\":true},\"auto_publish\":false,\"distributor_id\":\"1\"}]}"
    headers: 
      Accept: 
      - application/json
      Accept-Encoding: 
      - gzip, deflate
      Content-Type: 
      - application/json
      Authorization: 
      - OAuth oauth_body_hash="2jmj7l5rSw0yVb%2FvlWAYkK%2FYBwk%3D", oauth_consumer_key="katello", oauth_nonce="CXNHGQwH8dcRZLlRq5uMVI9pNskBaab2KvROTZ5irA", oauth_signature="7FzSlUEvUZ3oTjn%2F%2BwwZW2znvfU%3D", oauth_signature_method="HMAC-SHA1", oauth_timestamp="1368638986", oauth_version="1.0"
      Pulp-User: 
      - admin
      Content-Length: 
      - "425"
      User-Agent: 
      - Ruby
  response: 
    status: 
      code: 201
      message: Created
    headers: 
      Date: 
      - Wed, 15 May 2013 17:29:46 GMT
      Server: 
      - Apache/2.4.4 (Fedora) OpenSSL/1.0.1c-fips mod_wsgi/3.4 Python/2.7.3
      Location: 
      - "1"
      Content-Length: 
      - "228"
      Content-Type: 
      - application/json
    body: 
      encoding: US-ASCII
      string: "{\"scratchpad\": {}, \"display_name\": \"Fedora 17 x86_64\", \"description\": null, \"_ns\": \"repos\", \"notes\": {}, \"content_unit_counts\": {}, \"_id\": {\"$oid\": \"5193c60bf45cbb6f3e8a6953\"}, \"id\": \"1\", \"_href\": \"/pulp/api/v2/repositories/1/\"}"
    http_version: 
  recorded_at: Wed, 15 May 2013 17:29:47 GMT
- request: 
    method: delete
    uri: https://katello-f18-rails32/pulp/api/v2/repositories/1/
    body: 
      encoding: US-ASCII
      string: ""
    headers: 
      Accept: 
      - application/json
      Accept-Encoding: 
      - gzip, deflate
      Content-Type: 
      - application/json
      Authorization: 
      - OAuth oauth_consumer_key="katello", oauth_nonce="utCL8eITg8RPfjFqrJHAhaGcGpsmypkkZmqqsxg3pc", oauth_signature="45ozP05PPuL2C%2BgQ%2FNTHfzx4S7Y%3D", oauth_signature_method="HMAC-SHA1", oauth_timestamp="1368638990", oauth_version="1.0"
      Pulp-User: 
      - admin
      User-Agent: 
      - Ruby
  response: 
    status: 
      code: 202
      message: Accepted
    headers: 
      Date: 
      - Wed, 15 May 2013 17:29:50 GMT
      Server: 
      - Apache/2.4.4 (Fedora) OpenSSL/1.0.1c-fips mod_wsgi/3.4 Python/2.7.3
      Content-Encoding: 
      - utf-8
      Content-Length: 
      - "674"
      Content-Type: 
      - application/json
    body: 
      encoding: US-ASCII
      string: "[{\"task_group_id\": \"caea05cc-5118-4910-b529-9ae9f3c8ea55\", \"exception\": null, \"traceback\": null, \"_href\": \"/pulp/api/v2/task_groups/caea05cc-5118-4910-b529-9ae9f3c8ea55/\", \"task_id\": \"e7edf090-a50c-4b85-894c-b1ebf9252d37\", \"call_request_tags\": [\"pulp:repository:1\", \"pulp:action:delete\"], \"reasons\": [], \"start_time\": null, \"tags\": [\"pulp:repository:1\", \"pulp:action:delete\"], \"state\": \"waiting\", \"finish_time\": null, \"dependency_failures\": {}, \"schedule_id\": null, \"progress\": {}, \"call_request_group_id\": \"caea05cc-5118-4910-b529-9ae9f3c8ea55\", \"call_request_id\": \"e7edf090-a50c-4b85-894c-b1ebf9252d37\", \"principal_login\": \"admin\", \"response\": \"accepted\", \"result\": null}]"
    http_version: 
  recorded_at: Wed, 15 May 2013 17:29:50 GMT
recorded_with: VCR 2.4.0
