--- 
http_interactions: 
- request: 
    method: post
    uri: https://localhost/pulp/api/v2/users/
    body: 
      encoding: US-ASCII
      string: "{\"login\":\"hidden\",\"name\":\"hidden\",\"password\":\"t69yfW6Z8AyW8bzT\"}"
    headers: 
      Accept: 
      - application/json
      Accept-Encoding: 
      - gzip, deflate
      Content-Type: 
      - application/json
      Authorization: 
      - OAuth oauth_body_hash="2jmj7l5rSw0yVb%2FvlWAYkK%2FYBwk%3D", oauth_consumer_key="katello", oauth_nonce="rfd2Pzvvw3DRtwHRtoS55Pmua4Y3bDBcJo47Q3tzc", oauth_signature="DdCpP%2BamFaiRprnyQvr68QBrCxg%3D", oauth_signature_method="HMAC-SHA1", oauth_timestamp="1373555213", oauth_version="1.0"
      Pulp-User: 
      - admin
      Content-Length: 
      - "64"
      User-Agent: 
      - Ruby
  response: 
    status: 
      code: 201
      message: Created
    headers: 
      Date: 
      - Thu, 11 Jul 2013 15:06:53 GMT
      Server: 
      - Apache/2.4.4 (Fedora) OpenSSL/1.0.1e-fips mod_wsgi/3.4 Python/2.7.3
      Location: 
      - hidden
      Content-Length: 
      - "184"
      Content-Type: 
      - application/json
    body: 
      encoding: US-ASCII
      string: "{\"_id\": {\"$oid\": \"51deca0dd60ea3359c6e3949\"}, \"name\": \"hidden\", \"roles\": [], \"_ns\": \"users\", \"login\": \"hidden\", \"id\": \"51deca0dd60ea3359c6e3949\", \"_href\": \"/pulp/api/v2/users/hidden/\"}"
    http_version: 
  recorded_at: Thu, 11 Jul 2013 15:06:53 GMT
- request: 
    method: post
    uri: https://localhost/pulp/api/v2/roles/super-users/users/
    body: 
      encoding: US-ASCII
      string: "{\"login\":\"hidden\"}"
    headers: 
      Accept: 
      - application/json
      Accept-Encoding: 
      - gzip, deflate
      Content-Type: 
      - application/json
      Authorization: 
      - OAuth oauth_body_hash="2jmj7l5rSw0yVb%2FvlWAYkK%2FYBwk%3D", oauth_consumer_key="katello", oauth_nonce="vlmRNyg7FoutLMxi01e8j7tC0Kthpy2SHrz6o9CyB7Y", oauth_signature="64onVC0hpCn3csbTfsOANu5p2lw%3D", oauth_signature_method="HMAC-SHA1", oauth_timestamp="1373555213", oauth_version="1.0"
      Pulp-User: 
      - admin
      Content-Length: 
      - "18"
      User-Agent: 
      - Ruby
  response: 
    status: 
      code: 200
      message: OK
    headers: 
      Date: 
      - Thu, 11 Jul 2013 15:06:53 GMT
      Server: 
      - Apache/2.4.4 (Fedora) OpenSSL/1.0.1e-fips mod_wsgi/3.4 Python/2.7.3
      Content-Length: 
      - "4"
      Content-Type: 
      - application/json
    body: 
      encoding: US-ASCII
      string: "null"
    http_version: 
  recorded_at: Thu, 11 Jul 2013 15:06:53 GMT
- request: 
    method: delete
    uri: https://localhost/pulp/api/v2/users/hidden/
    body: 
      encoding: US-ASCII
      string: ""
    headers: 
      Accept: 
      - application/json
      Accept-Encoding: 
      - gzip, deflate
      Content-Type: 
      - application/json
      Authorization: 
      - OAuth oauth_consumer_key="katello", oauth_nonce="oPsMDmwsfzZUkJJRikJymIdmdFTZpCLi6nC8inDZ1p8", oauth_signature="KqDVQknDXgmj5Ep7j6uUvRax0z4%3D", oauth_signature_method="HMAC-SHA1", oauth_timestamp="1373555231", oauth_version="1.0"
      Pulp-User: 
      - admin
      User-Agent: 
      - Ruby
  response: 
    status: 
      code: 200
      message: OK
    headers: 
      Date: 
      - Thu, 11 Jul 2013 15:07:12 GMT
      Server: 
      - Apache/2.4.4 (Fedora) OpenSSL/1.0.1e-fips mod_wsgi/3.4 Python/2.7.3
      Content-Length: 
      - "4"
      Content-Type: 
      - application/json
    body: 
      encoding: US-ASCII
      string: "null"
    http_version: 
  recorded_at: Thu, 11 Jul 2013 15:07:12 GMT
recorded_with: VCR 2.5.0
