--- 
http_interactions: 
- request: 
    method: post
    uri: https://abed.usersys.redhat.com/pulp/api/v2/content/units/erratum/search/
    body: 
      encoding: US-ASCII
      string: "{\"criteria\":{\"filters\":{\"_id\":{\"$in\":[\"8eb9d4a8-9246-422b-b18d-38380edf3802\"]}}},\"include_repos\":true}"
    headers: 
      Accept: 
      - application/json
      Accept-Encoding: 
      - gzip, deflate
      Content-Type: 
      - application/json
      Authorization: 
      - OAuth oauth_body_hash="2jmj7l5rSw0yVb%2FvlWAYkK%2FYBwk%3D", oauth_consumer_key="katello", oauth_nonce="XID3Jjx5BCIZejgO10wpDWsJL2dTHqrIPTTDN8JWk", oauth_signature="G1gFgU91hpRj4rBRggXYkJAgV%2BI%3D", oauth_signature_method="HMAC-SHA1", oauth_timestamp="1371693147", oauth_version="1.0"
      Pulp-User: 
      - admin
      Content-Length: 
      - "102"
      User-Agent: 
      - Ruby
  response: 
    status: 
      code: 200
      message: OK
    headers: 
      Date: 
      - Thu, 20 Jun 2013 01:52:27 GMT
      Server: 
      - Apache/2.2.15 (Red Hat)
      Content-Length: 
      - "834"
      Content-Type: 
      - application/json
    body: 
      encoding: US-ASCII
      string: "[{\"issued\": \"2010-01-01 01:01:01\", \"references\": [], \"_content_type_id\": \"erratum\", \"id\": \"RHEA-2010:0002\", \"severity\": \"\", \"title\": \"One package errata\", \"version\": \"1\", \"reboot_suggested\": false, \"type\": \"security\", \"pkglist\": [{\"packages\": [{\"src\": \"http://www.fedoraproject.org\", \"name\": \"elephant\", \"filename\": \"elephant-0.3-0.8.noarch.rpm\", \"epoch\": null, \"version\": \"0.3\", \"release\": \"0.8\", \"arch\": \"noarch\"}], \"name\": \"1\", \"short\": \"\"}], \"status\": \"stable\", \"updated\": \"\", \"description\": \"One package errata\", \"pushcount\": 1, \"from_str\": \"lzap+pub@redhat.com\", \"_storage_path\": null, \"rights\": \"\", \"solution\": \"\", \"summary\": \"\", \"release\": \"1\", \"_id\": \"8eb9d4a8-9246-422b-b18d-38380edf3802\", \"_href\": \"/pulp/api/v2/content/units/erratum/8eb9d4a8-9246-422b-b18d-38380edf3802/\", \"children\": {}, \"repository_memberships\": [\"1\"]}]"
    http_version: 
  recorded_at: Thu, 20 Jun 2013 01:52:27 GMT
- request: 
    method: post
    uri: https://abed.usersys.redhat.com/pulp/api/v2/content/units/erratum/search/
    body: 
      encoding: US-ASCII
      string: "{\"criteria\":{\"filters\":{\"_id\":{\"$in\":[\"8eb9d4a8-9246-422b-b18d-38380edf3802\"]}}},\"include_repos\":true}"
    headers: 
      Accept: 
      - application/json
      Accept-Encoding: 
      - gzip, deflate
      Content-Type: 
      - application/json
      Authorization: 
      - OAuth oauth_body_hash="2jmj7l5rSw0yVb%2FvlWAYkK%2FYBwk%3D", oauth_consumer_key="katello", oauth_nonce="WqlBMnoiQnw3tkdXWfhfYJ2TntzTVWoHulq5M0JE", oauth_signature="bKevopsDZo26txjzj676S1FASAA%3D", oauth_signature_method="HMAC-SHA1", oauth_timestamp="1371693147", oauth_version="1.0"
      Pulp-User: 
      - admin
      Content-Length: 
      - "102"
      User-Agent: 
      - Ruby
  response: 
    status: 
      code: 200
      message: OK
    headers: 
      Date: 
      - Thu, 20 Jun 2013 01:52:27 GMT
      Server: 
      - Apache/2.2.15 (Red Hat)
      Content-Length: 
      - "834"
      Content-Type: 
      - application/json
    body: 
      encoding: US-ASCII
      string: "[{\"issued\": \"2010-01-01 01:01:01\", \"references\": [], \"_content_type_id\": \"erratum\", \"id\": \"RHEA-2010:0002\", \"severity\": \"\", \"title\": \"One package errata\", \"version\": \"1\", \"reboot_suggested\": false, \"type\": \"security\", \"pkglist\": [{\"packages\": [{\"src\": \"http://www.fedoraproject.org\", \"name\": \"elephant\", \"filename\": \"elephant-0.3-0.8.noarch.rpm\", \"epoch\": null, \"version\": \"0.3\", \"release\": \"0.8\", \"arch\": \"noarch\"}], \"name\": \"1\", \"short\": \"\"}], \"status\": \"stable\", \"updated\": \"\", \"description\": \"One package errata\", \"pushcount\": 1, \"from_str\": \"lzap+pub@redhat.com\", \"_storage_path\": null, \"rights\": \"\", \"solution\": \"\", \"summary\": \"\", \"release\": \"1\", \"_id\": \"8eb9d4a8-9246-422b-b18d-38380edf3802\", \"_href\": \"/pulp/api/v2/content/units/erratum/8eb9d4a8-9246-422b-b18d-38380edf3802/\", \"children\": {}, \"repository_memberships\": [\"1\"]}]"
    http_version: 
  recorded_at: Thu, 20 Jun 2013 01:52:27 GMT
- request: 
    method: post
    uri: https://abed.usersys.redhat.com/pulp/api/v2/content/units/erratum/search/
    body: 
      encoding: US-ASCII
      string: "{\"criteria\":{\"filters\":{\"_id\":{\"$in\":[\"8eb9d4a8-9246-422b-b18d-38380edf3802\"]}}}}"
    headers: 
      Accept: 
      - application/json
      Accept-Encoding: 
      - gzip, deflate
      Content-Type: 
      - application/json
      Authorization: 
      - OAuth oauth_body_hash="2jmj7l5rSw0yVb%2FvlWAYkK%2FYBwk%3D", oauth_consumer_key="katello", oauth_nonce="N0wUxUHdLsQM3XKrSIac3vwmcGfqISD2HGeyY6oir0", oauth_signature="W2eCVhszgu7S9SelYIF%2FOLU0MaQ%3D", oauth_signature_method="HMAC-SHA1", oauth_timestamp="1371693147", oauth_version="1.0"
      Pulp-User: 
      - admin
      Content-Length: 
      - "81"
      User-Agent: 
      - Ruby
  response: 
    status: 
      code: 200
      message: OK
    headers: 
      Date: 
      - Thu, 20 Jun 2013 01:52:27 GMT
      Server: 
      - Apache/2.2.15 (Red Hat)
      Content-Length: 
      - "801"
      Content-Type: 
      - application/json
    body: 
      encoding: US-ASCII
      string: "[{\"issued\": \"2010-01-01 01:01:01\", \"references\": [], \"_content_type_id\": \"erratum\", \"id\": \"RHEA-2010:0002\", \"severity\": \"\", \"title\": \"One package errata\", \"version\": \"1\", \"reboot_suggested\": false, \"type\": \"security\", \"pkglist\": [{\"packages\": [{\"src\": \"http://www.fedoraproject.org\", \"name\": \"elephant\", \"filename\": \"elephant-0.3-0.8.noarch.rpm\", \"epoch\": null, \"version\": \"0.3\", \"release\": \"0.8\", \"arch\": \"noarch\"}], \"name\": \"1\", \"short\": \"\"}], \"status\": \"stable\", \"updated\": \"\", \"description\": \"One package errata\", \"pushcount\": 1, \"from_str\": \"lzap+pub@redhat.com\", \"_storage_path\": null, \"rights\": \"\", \"solution\": \"\", \"summary\": \"\", \"release\": \"1\", \"_id\": \"8eb9d4a8-9246-422b-b18d-38380edf3802\", \"_href\": \"/pulp/api/v2/content/units/erratum/8eb9d4a8-9246-422b-b18d-38380edf3802/\", \"children\": {}}]"
    http_version: 
  recorded_at: Thu, 20 Jun 2013 01:52:27 GMT
- request: 
    method: post
    uri: https://abed.usersys.redhat.com/pulp/api/v2/content/units/erratum/search/
    body: 
      encoding: US-ASCII
      string: "{\"criteria\":{\"filters\":{\"_id\":{\"$in\":[\"8eb9d4a8-9246-422b-b18d-38380edf3802\"]}}},\"include_repos\":true}"
    headers: 
      Accept: 
      - application/json
      Accept-Encoding: 
      - gzip, deflate
      Content-Type: 
      - application/json
      Authorization: 
      - OAuth oauth_body_hash="2jmj7l5rSw0yVb%2FvlWAYkK%2FYBwk%3D", oauth_consumer_key="katello", oauth_nonce="R3m8PVrTuteI4dw7TNi6fCm0QM1pCDChLUWdtoVDve0", oauth_signature="NrUSGTZSyRc5Yozmgo0TKv4GUgU%3D", oauth_signature_method="HMAC-SHA1", oauth_timestamp="1371693147", oauth_version="1.0"
      Pulp-User: 
      - admin
      Content-Length: 
      - "102"
      User-Agent: 
      - Ruby
  response: 
    status: 
      code: 200
      message: OK
    headers: 
      Date: 
      - Thu, 20 Jun 2013 01:52:27 GMT
      Server: 
      - Apache/2.2.15 (Red Hat)
      Content-Length: 
      - "834"
      Content-Type: 
      - application/json
    body: 
      encoding: US-ASCII
      string: "[{\"issued\": \"2010-01-01 01:01:01\", \"references\": [], \"_content_type_id\": \"erratum\", \"id\": \"RHEA-2010:0002\", \"severity\": \"\", \"title\": \"One package errata\", \"version\": \"1\", \"reboot_suggested\": false, \"type\": \"security\", \"pkglist\": [{\"packages\": [{\"src\": \"http://www.fedoraproject.org\", \"name\": \"elephant\", \"filename\": \"elephant-0.3-0.8.noarch.rpm\", \"epoch\": null, \"version\": \"0.3\", \"release\": \"0.8\", \"arch\": \"noarch\"}], \"name\": \"1\", \"short\": \"\"}], \"status\": \"stable\", \"updated\": \"\", \"description\": \"One package errata\", \"pushcount\": 1, \"from_str\": \"lzap+pub@redhat.com\", \"_storage_path\": null, \"rights\": \"\", \"solution\": \"\", \"summary\": \"\", \"release\": \"1\", \"_id\": \"8eb9d4a8-9246-422b-b18d-38380edf3802\", \"_href\": \"/pulp/api/v2/content/units/erratum/8eb9d4a8-9246-422b-b18d-38380edf3802/\", \"children\": {}, \"repository_memberships\": [\"1\"]}]"
    http_version: 
  recorded_at: Thu, 20 Jun 2013 01:52:27 GMT
- request: 
    method: post
    uri: https://abed.usersys.redhat.com/pulp/api/v2/repositories/1/search/units/
    body: 
      encoding: US-ASCII
      string: "{\"criteria\":{\"type_ids\":[\"erratum\"],\"fields\":{\"unit\":[],\"association\":[\"unit_id\"]}}}"
    headers: 
      Accept: 
      - application/json
      Accept-Encoding: 
      - gzip, deflate
      Content-Type: 
      - application/json
      Authorization: 
      - OAuth oauth_body_hash="2jmj7l5rSw0yVb%2FvlWAYkK%2FYBwk%3D", oauth_consumer_key="katello", oauth_nonce="8XsboI0zkGmGl9i7CMdBbQnVhvqou4zrrU3ExBww", oauth_signature="fEuemROK2BzVJ2K5lU%2Fa8ZI3%2B7s%3D", oauth_signature_method="HMAC-SHA1", oauth_timestamp="1371693150", oauth_version="1.0"
      Pulp-User: 
      - admin
      Content-Length: 
      - "84"
      User-Agent: 
      - Ruby
  response: 
    status: 
      code: 200
      message: OK
    headers: 
      Date: 
      - Thu, 20 Jun 2013 01:52:30 GMT
      Server: 
      - Apache/2.2.15 (Red Hat)
      Content-Length: 
      - "372"
      Content-Type: 
      - application/json
    body: 
      encoding: US-ASCII
      string: "[{\"_id\": {\"$oid\": \"51c2605d5ca01342b108381b\"}, \"unit_id\": \"3217fda1-f005-4864-a63d-f38af4c8d9ef\", \"unit_type_id\": \"erratum\", \"metadata\": {\"_id\": \"3217fda1-f005-4864-a63d-f38af4c8d9ef\"}}, {\"_id\": {\"$oid\": \"51c2605d5ca01342b108381d\"}, \"unit_id\": \"8eb9d4a8-9246-422b-b18d-38380edf3802\", \"unit_type_id\": \"erratum\", \"metadata\": {\"_id\": \"8eb9d4a8-9246-422b-b18d-38380edf3802\"}}]"
    http_version: 
  recorded_at: Thu, 20 Jun 2013 01:52:30 GMT
- request: 
    method: post
    uri: https://abed.usersys.redhat.com/pulp/api/v2/content/units/erratum/search/
    body: 
      encoding: US-ASCII
      string: "{\"criteria\":{\"filters\":{\"_id\":{\"$in\":[\"3217fda1-f005-4864-a63d-f38af4c8d9ef\",\"8eb9d4a8-9246-422b-b18d-38380edf3802\"]}}},\"include_repos\":true}"
    headers: 
      Accept: 
      - application/json
      Accept-Encoding: 
      - gzip, deflate
      Content-Type: 
      - application/json
      Authorization: 
      - OAuth oauth_body_hash="2jmj7l5rSw0yVb%2FvlWAYkK%2FYBwk%3D", oauth_consumer_key="katello", oauth_nonce="6DzjwHFVpxAsuChalJsjK8QzEUHBspTgy6jXC0", oauth_signature="iLL%2F2ji%2Fy9qwTueRonkzaUU1D78%3D", oauth_signature_method="HMAC-SHA1", oauth_timestamp="1371693150", oauth_version="1.0"
      Pulp-User: 
      - admin
      Content-Length: 
      - "141"
      User-Agent: 
      - Ruby
  response: 
    status: 
      code: 200
      message: OK
    headers: 
      Date: 
      - Thu, 20 Jun 2013 01:52:30 GMT
      Server: 
      - Apache/2.2.15 (Red Hat)
      Content-Length: 
      - "1443"
      Content-Type: 
      - application/json
    body: 
      encoding: US-ASCII
      string: "[{\"issued\": \"2010-01-01 01:01:01\", \"references\": [], \"_content_type_id\": \"erratum\", \"id\": \"RHEA-2010:0001\", \"severity\": \"\", \"title\": \"Empty errata\", \"version\": \"1\", \"reboot_suggested\": false, \"type\": \"security\", \"pkglist\": [], \"status\": \"stable\", \"updated\": \"\", \"description\": \"Empty errata\", \"pushcount\": 1, \"from_str\": \"lzap+pub@redhat.com\", \"_storage_path\": null, \"rights\": \"\", \"solution\": \"\", \"summary\": \"\", \"release\": \"1\", \"_id\": \"3217fda1-f005-4864-a63d-f38af4c8d9ef\", \"_href\": \"/pulp/api/v2/content/units/erratum/3217fda1-f005-4864-a63d-f38af4c8d9ef/\", \"children\": {}, \"repository_memberships\": [\"1\"]}, {\"issued\": \"2010-01-01 01:01:01\", \"references\": [], \"_content_type_id\": \"erratum\", \"id\": \"RHEA-2010:0002\", \"severity\": \"\", \"title\": \"One package errata\", \"version\": \"1\", \"reboot_suggested\": false, \"type\": \"security\", \"pkglist\": [{\"packages\": [{\"src\": \"http://www.fedoraproject.org\", \"name\": \"elephant\", \"filename\": \"elephant-0.3-0.8.noarch.rpm\", \"epoch\": null, \"version\": \"0.3\", \"release\": \"0.8\", \"arch\": \"noarch\"}], \"name\": \"1\", \"short\": \"\"}], \"status\": \"stable\", \"updated\": \"\", \"description\": \"One package errata\", \"pushcount\": 1, \"from_str\": \"lzap+pub@redhat.com\", \"_storage_path\": null, \"rights\": \"\", \"solution\": \"\", \"summary\": \"\", \"release\": \"1\", \"_id\": \"8eb9d4a8-9246-422b-b18d-38380edf3802\", \"_href\": \"/pulp/api/v2/content/units/erratum/8eb9d4a8-9246-422b-b18d-38380edf3802/\", \"children\": {}, \"repository_memberships\": [\"1\"]}]"
    http_version: 
  recorded_at: Thu, 20 Jun 2013 01:52:30 GMT
recorded_with: VCR 2.4.0
