--- 
http_interactions: 
- request: 
    method: get
    uri: https://localhost/pulp/api/v2/tasks/2bf9fefa-157f-42a2-b9e0-de00741ee1d9/
    body: 
      encoding: US-ASCII
      string: ""
    headers: 
      Accept: 
      - application/json
      Accept-Encoding: 
      - gzip, deflate
      Content-Type: 
      - application/json
      Authorization: 
      - OAuth oauth_consumer_key="katello", oauth_nonce="IhJvIstO4TbJWHXQq7wHuEbbuLpsv1kj8mVSe4Hc8", oauth_signature="YeKaCewwbJ%2B3U5%2FDoe8s3RZpS%2FM%3D", oauth_signature_method="HMAC-SHA1", oauth_timestamp="1372884756", oauth_version="1.0"
      Pulp-User: 
      - hidden
      User-Agent: 
      - Ruby
  response: 
    status: 
      code: 200
      message: OK
    headers: 
      Date: 
      - Wed, 03 Jul 2013 20:52:36 GMT
      Server: 
      - Apache/2.4.4 (Fedora) OpenSSL/1.0.1e-fips mod_wsgi/3.4 Python/2.7.3
      Content-Length: 
      - "1159"
      Content-Type: 
      - application/json
    body: 
      encoding: US-ASCII
      string: "{\"task_group_id\": \"8d3eadcc-9212-4d35-b9ee-56f9cde10aad\", \"exception\": null, \"traceback\": null, \"_href\": \"/pulp/api/v2/tasks/2bf9fefa-157f-42a2-b9e0-de00741ee1d9/\", \"task_id\": \"2bf9fefa-157f-42a2-b9e0-de00741ee1d9\", \"call_request_tags\": [\"pulp:consumer:010E99C0-3276-11E2-81C1-0800200C9A66\", \"pulp:repository:1\", \"pulp:repository_distributor:1\", \"pulp:action:bind\"], \"reasons\": [], \"start_time\": \"2013-07-03T20:52:36Z\", \"tags\": [\"pulp:consumer:010E99C0-3276-11E2-81C1-0800200C9A66\", \"pulp:repository:1\", \"pulp:repository_distributor:1\", \"pulp:action:bind\"], \"state\": \"finished\", \"finish_time\": \"2013-07-03T20:52:36Z\", \"dependency_failures\": {}, \"schedule_id\": null, \"progress\": {}, \"call_request_group_id\": \"8d3eadcc-9212-4d35-b9ee-56f9cde10aad\", \"call_request_id\": \"2bf9fefa-157f-42a2-b9e0-de00741ee1d9\", \"principal_login\": \"admin\", \"response\": \"accepted\", \"result\": {\"notify_agent\": false, \"repo_id\": \"1\", \"deleted\": false, \"_ns\": \"consumer_bindings\", \"distributor_id\": \"1\", \"consumer_id\": \"010E99C0-3276-11E2-81C1-0800200C9A66\", \"consumer_actions\": [], \"binding_config\": null, \"_id\": {\"$oid\": \"51d48f14196cbe5b68085b40\"}, \"id\": \"51d48f14196cbe5b68085b40\"}}"
    http_version: 
  recorded_at: Wed, 03 Jul 2013 20:52:36 GMT
- request: 
    method: get
    uri: https://localhost/pulp/api/v2/tasks/6ea652cf-415e-44f4-9439-65027af8eb93/
    body: 
      encoding: US-ASCII
      string: ""
    headers: 
      Accept: 
      - application/json
      Accept-Encoding: 
      - gzip, deflate
      Content-Type: 
      - application/json
      Authorization: 
      - OAuth oauth_consumer_key="katello", oauth_nonce="nOKddihfASWJAlWJYnIChFb9XytxxJ67sRBqSqh6Yc", oauth_signature="XOiYnlvynM5DTm54CCzVKYr99mY%3D", oauth_signature_method="HMAC-SHA1", oauth_timestamp="1372884860", oauth_version="1.0"
      Pulp-User: 
      - hidden
      User-Agent: 
      - Ruby
  response: 
    status: 
      code: 200
      message: OK
    headers: 
      Date: 
      - Wed, 03 Jul 2013 20:54:20 GMT
      Server: 
      - Apache/2.4.4 (Fedora) OpenSSL/1.0.1e-fips mod_wsgi/3.4 Python/2.7.3
      Content-Length: 
      - "1159"
      Content-Type: 
      - application/json
    body: 
      encoding: US-ASCII
      string: "{\"task_group_id\": \"4762a4b3-281d-43e2-8822-cd12e6c1be72\", \"exception\": null, \"traceback\": null, \"_href\": \"/pulp/api/v2/tasks/6ea652cf-415e-44f4-9439-65027af8eb93/\", \"task_id\": \"6ea652cf-415e-44f4-9439-65027af8eb93\", \"call_request_tags\": [\"pulp:consumer:010E99C0-3276-11E2-81C1-0800200C9A66\", \"pulp:repository:1\", \"pulp:repository_distributor:1\", \"pulp:action:bind\"], \"reasons\": [], \"start_time\": \"2013-07-03T20:54:20Z\", \"tags\": [\"pulp:consumer:010E99C0-3276-11E2-81C1-0800200C9A66\", \"pulp:repository:1\", \"pulp:repository_distributor:1\", \"pulp:action:bind\"], \"state\": \"finished\", \"finish_time\": \"2013-07-03T20:54:20Z\", \"dependency_failures\": {}, \"schedule_id\": null, \"progress\": {}, \"call_request_group_id\": \"4762a4b3-281d-43e2-8822-cd12e6c1be72\", \"call_request_id\": \"6ea652cf-415e-44f4-9439-65027af8eb93\", \"principal_login\": \"admin\", \"response\": \"accepted\", \"result\": {\"notify_agent\": false, \"repo_id\": \"1\", \"deleted\": false, \"_ns\": \"consumer_bindings\", \"distributor_id\": \"1\", \"consumer_id\": \"010E99C0-3276-11E2-81C1-0800200C9A66\", \"consumer_actions\": [], \"binding_config\": null, \"_id\": {\"$oid\": \"51d48f7c196cbe5b68086127\"}, \"id\": \"51d48f7c196cbe5b68086127\"}}"
    http_version: 
  recorded_at: Wed, 03 Jul 2013 20:54:20 GMT
- request: 
    method: get
    uri: https://localhost/pulp/api/v2/tasks/654eba7e-3063-42b8-a71e-61f708f1b7b4/
    body: 
      encoding: US-ASCII
      string: ""
    headers: 
      Accept: 
      - application/json
      Accept-Encoding: 
      - gzip, deflate
      Content-Type: 
      - application/json
      Authorization: 
      - OAuth oauth_consumer_key="katello", oauth_nonce="DtW6l2CaF3mnDgWmvwmvqMTs9XAPffYOyaWr47z660", oauth_signature="4qQcRbQvcrGhSKlLuCzYMXnI7Wo%3D", oauth_signature_method="HMAC-SHA1", oauth_timestamp="1372884995", oauth_version="1.0"
      Pulp-User: 
      - hidden
      User-Agent: 
      - Ruby
  response: 
    status: 
      code: 200
      message: OK
    headers: 
      Date: 
      - Wed, 03 Jul 2013 20:56:35 GMT
      Server: 
      - Apache/2.4.4 (Fedora) OpenSSL/1.0.1e-fips mod_wsgi/3.4 Python/2.7.3
      Content-Length: 
      - "1159"
      Content-Type: 
      - application/json
    body: 
      encoding: US-ASCII
      string: "{\"task_group_id\": \"0012b01e-c73a-4e05-8da0-66846e84fcdd\", \"exception\": null, \"traceback\": null, \"_href\": \"/pulp/api/v2/tasks/654eba7e-3063-42b8-a71e-61f708f1b7b4/\", \"task_id\": \"654eba7e-3063-42b8-a71e-61f708f1b7b4\", \"call_request_tags\": [\"pulp:consumer:010E99C0-3276-11E2-81C1-0800200C9A66\", \"pulp:repository:1\", \"pulp:repository_distributor:1\", \"pulp:action:bind\"], \"reasons\": [], \"start_time\": \"2013-07-03T20:56:35Z\", \"tags\": [\"pulp:consumer:010E99C0-3276-11E2-81C1-0800200C9A66\", \"pulp:repository:1\", \"pulp:repository_distributor:1\", \"pulp:action:bind\"], \"state\": \"finished\", \"finish_time\": \"2013-07-03T20:56:35Z\", \"dependency_failures\": {}, \"schedule_id\": null, \"progress\": {}, \"call_request_group_id\": \"0012b01e-c73a-4e05-8da0-66846e84fcdd\", \"call_request_id\": \"654eba7e-3063-42b8-a71e-61f708f1b7b4\", \"principal_login\": \"admin\", \"response\": \"accepted\", \"result\": {\"notify_agent\": false, \"repo_id\": \"1\", \"deleted\": false, \"_ns\": \"consumer_bindings\", \"distributor_id\": \"1\", \"consumer_id\": \"010E99C0-3276-11E2-81C1-0800200C9A66\", \"consumer_actions\": [], \"binding_config\": null, \"_id\": {\"$oid\": \"51d49003196cbe5b680866b0\"}, \"id\": \"51d49003196cbe5b680866b0\"}}"
    http_version: 
  recorded_at: Wed, 03 Jul 2013 20:56:35 GMT
- request: 
    method: get
    uri: https://localhost/pulp/api/v2/consumers/010E99C0-3276-11E2-81C1-0800200C9A66/bindings//
    body: 
      encoding: US-ASCII
      string: ""
    headers: 
      Accept: 
      - application/json
      Accept-Encoding: 
      - gzip, deflate
      Content-Type: 
      - application/json
      Authorization: 
      - OAuth oauth_consumer_key="katello", oauth_nonce="834k4vMYIGv5ymZcmtCqeEhcdt2svZJIjXgFJIxs4ic", oauth_signature="SWilxMcrbE9SanvewiSgxeeORoY%3D", oauth_signature_method="HMAC-SHA1", oauth_timestamp="1372885101", oauth_version="1.0"
      Pulp-User: 
      - admin
      User-Agent: 
      - Ruby
  response: 
    status: 
      code: 200
      message: OK
    headers: 
      Date: 
      - Wed, 03 Jul 2013 20:58:21 GMT
      Server: 
      - Apache/2.4.4 (Fedora) OpenSSL/1.0.1e-fips mod_wsgi/3.4 Python/2.7.3
      Content-Length: 
      - "2"
      Content-Type: 
      - application/json
    body: 
      encoding: US-ASCII
      string: "[]"
    http_version: 
  recorded_at: Wed, 03 Jul 2013 20:58:21 GMT
- request: 
    method: get
    uri: https://localhost/pulp/api/v2/repositories/1/?details=true
    body: 
      encoding: US-ASCII
      string: ""
    headers: 
      Accept: 
      - application/json
      Accept-Encoding: 
      - gzip, deflate
      Content-Type: 
      - application/json
      Authorization: 
      - OAuth oauth_consumer_key="katello", oauth_nonce="Hoit4exl0KJTGbqfFEzE7SY5kxSpnPGcKDIKtIGgTJk", oauth_signature="zgKRDOa0gBtRe54gkTRULOpoN9k%3D", oauth_signature_method="HMAC-SHA1", oauth_timestamp="1372885101", oauth_version="1.0"
      Pulp-User: 
      - admin
      User-Agent: 
      - Ruby
  response: 
    status: 
      code: 200
      message: OK
    headers: 
      Date: 
      - Wed, 03 Jul 2013 20:58:21 GMT
      Server: 
      - Apache/2.4.4 (Fedora) OpenSSL/1.0.1e-fips mod_wsgi/3.4 Python/2.7.3
      Content-Length: 
      - "968"
      Content-Type: 
      - application/json
    body: 
      encoding: US-ASCII
      string: "{\"scratchpad\": {\"checksum_type\": \"sha256\"}, \"display_name\": \"Fedora 17 x86_64\", \"description\": null, \"_ns\": \"repos\", \"notes\": {}, \"content_unit_counts\": {\"package_group\": 2, \"distribution\": 1, \"package_category\": 1, \"rpm\": 8, \"erratum\": 2}, \"_id\": {\"$oid\": \"51d4906a196cbe5b68086c46\"}, \"id\": \"1\", \"_href\": \"/pulp/api/v2/repositories/1/\", \"importers\": [{\"repo_id\": \"1\", \"_ns\": \"repo_importers\", \"importer_type_id\": \"yum_importer\", \"last_sync\": \"2013-07-03T16:58:19-04:00\", \"scheduled_syncs\": [], \"_id\": {\"$oid\": \"51d4906a196cbe5b68086c47\"}, \"config\": {\"feed_url\": \"file:///home/paji/katello/katello/test/fixtures/zoo5\"}, \"id\": \"yum_importer\"}], \"distributors\": [{\"repo_id\": \"1\", \"_ns\": \"repo_distributors\", \"last_publish\": null, \"auto_publish\": true, \"scheduled_publishes\": [], \"distributor_type_id\": \"yum_distributor\", \"_id\": {\"$oid\": \"51d4906a196cbe5b68086c48\"}, \"config\": {\"protected\": true, \"http\": false, \"https\": true, \"relative_url\": \"/test_path/\"}, \"id\": \"1\"}]}"
    http_version: 
  recorded_at: Wed, 03 Jul 2013 20:58:21 GMT
- request: 
    method: post
    uri: https://localhost/pulp/api/v2/consumers/010E99C0-3276-11E2-81C1-0800200C9A66/bindings//
    body: 
      encoding: US-ASCII
      string: "{\"repo_id\":\"1\",\"distributor_id\":\"1\",\"notify_agent\":false}"
    headers: 
      Accept: 
      - application/json
      Accept-Encoding: 
      - gzip, deflate
      Content-Type: 
      - application/json
      Authorization: 
      - OAuth oauth_body_hash="2jmj7l5rSw0yVb%2FvlWAYkK%2FYBwk%3D", oauth_consumer_key="katello", oauth_nonce="kyT9BR9TGOXlCKKd6i78xW0qUJJSIZUSmsMCbCjEN7I", oauth_signature="3EIh%2B7m3VhloHP2oEbKAaWn8kbA%3D", oauth_signature_method="HMAC-SHA1", oauth_timestamp="1372885101", oauth_version="1.0"
      Pulp-User: 
      - admin
      Content-Length: 
      - "57"
      User-Agent: 
      - Ruby
  response: 
    status: 
      code: 202
      message: Accepted
    headers: 
      Date: 
      - Wed, 03 Jul 2013 20:58:22 GMT
      Server: 
      - Apache/2.4.4 (Fedora) OpenSSL/1.0.1e-fips mod_wsgi/3.4 Python/2.7.3
      Content-Encoding: 
      - utf-8
      Content-Length: 
      - "844"
      Content-Type: 
      - application/json
    body: 
      encoding: US-ASCII
      string: "[{\"task_group_id\": \"1dd98e30-f82b-45f6-b7b0-9d1006bc7356\", \"exception\": null, \"traceback\": null, \"_href\": \"/pulp/api/v2/task_groups/1dd98e30-f82b-45f6-b7b0-9d1006bc7356/\", \"task_id\": \"cf4a8339-5550-4b2e-a2bb-972547e7572f\", \"call_request_tags\": [\"pulp:consumer:010E99C0-3276-11E2-81C1-0800200C9A66\", \"pulp:repository:1\", \"pulp:repository_distributor:1\", \"pulp:action:bind\"], \"reasons\": [], \"start_time\": null, \"tags\": [\"pulp:consumer:010E99C0-3276-11E2-81C1-0800200C9A66\", \"pulp:repository:1\", \"pulp:repository_distributor:1\", \"pulp:action:bind\"], \"state\": \"waiting\", \"finish_time\": null, \"dependency_failures\": {}, \"schedule_id\": null, \"progress\": {}, \"call_request_group_id\": \"1dd98e30-f82b-45f6-b7b0-9d1006bc7356\", \"call_request_id\": \"cf4a8339-5550-4b2e-a2bb-972547e7572f\", \"principal_login\": \"admin\", \"response\": \"accepted\", \"result\": null}]"
    http_version: 
  recorded_at: Wed, 03 Jul 2013 20:58:22 GMT
- request: 
    method: get
    uri: https://localhost/pulp/api/v2/tasks/cf4a8339-5550-4b2e-a2bb-972547e7572f/
    body: 
      encoding: US-ASCII
      string: ""
    headers: 
      Accept: 
      - application/json
      Accept-Encoding: 
      - gzip, deflate
      Content-Type: 
      - application/json
      Authorization: 
      - OAuth oauth_consumer_key="katello", oauth_nonce="Y5IAFeKKgTepge27cKjJO3g6NiLewiYuXAoVgStZY4", oauth_signature="OSCTMPPtvOG6RYFsqo9UJqoaMFg%3D", oauth_signature_method="HMAC-SHA1", oauth_timestamp="1372885102", oauth_version="1.0"
      Pulp-User: 
      - hidden
      User-Agent: 
      - Ruby
  response: 
    status: 
      code: 200
      message: OK
    headers: 
      Date: 
      - Wed, 03 Jul 2013 20:58:22 GMT
      Server: 
      - Apache/2.4.4 (Fedora) OpenSSL/1.0.1e-fips mod_wsgi/3.4 Python/2.7.3
      Content-Length: 
      - "1159"
      Content-Type: 
      - application/json
    body: 
      encoding: US-ASCII
      string: "{\"task_group_id\": \"1dd98e30-f82b-45f6-b7b0-9d1006bc7356\", \"exception\": null, \"traceback\": null, \"_href\": \"/pulp/api/v2/tasks/cf4a8339-5550-4b2e-a2bb-972547e7572f/\", \"task_id\": \"cf4a8339-5550-4b2e-a2bb-972547e7572f\", \"call_request_tags\": [\"pulp:consumer:010E99C0-3276-11E2-81C1-0800200C9A66\", \"pulp:repository:1\", \"pulp:repository_distributor:1\", \"pulp:action:bind\"], \"reasons\": [], \"start_time\": \"2013-07-03T20:58:22Z\", \"tags\": [\"pulp:consumer:010E99C0-3276-11E2-81C1-0800200C9A66\", \"pulp:repository:1\", \"pulp:repository_distributor:1\", \"pulp:action:bind\"], \"state\": \"finished\", \"finish_time\": \"2013-07-03T20:58:22Z\", \"dependency_failures\": {}, \"schedule_id\": null, \"progress\": {}, \"call_request_group_id\": \"1dd98e30-f82b-45f6-b7b0-9d1006bc7356\", \"call_request_id\": \"cf4a8339-5550-4b2e-a2bb-972547e7572f\", \"principal_login\": \"admin\", \"response\": \"accepted\", \"result\": {\"notify_agent\": false, \"repo_id\": \"1\", \"deleted\": false, \"_ns\": \"consumer_bindings\", \"distributor_id\": \"1\", \"consumer_id\": \"010E99C0-3276-11E2-81C1-0800200C9A66\", \"consumer_actions\": [], \"binding_config\": null, \"_id\": {\"$oid\": \"51d4906e196cbe5b68086c97\"}, \"id\": \"51d4906e196cbe5b68086c97\"}}"
    http_version: 
  recorded_at: Wed, 03 Jul 2013 20:58:22 GMT
- request: 
    method: post
    uri: https://localhost/pulp/api/v2/consumers/010E99C0-3276-11E2-81C1-0800200C9A66/actions/content/install//
    body: 
      encoding: US-ASCII
      string: "{\"units\":[{\"type_id\":\"package_group\",\"unit_key\":{\"name\":\"mammls\"}}],\"options\":{\"importkeys\":true}}"
    headers: 
      Accept: 
      - application/json
      Accept-Encoding: 
      - gzip, deflate
      Content-Type: 
      - application/json
      Authorization: 
      - OAuth oauth_body_hash="2jmj7l5rSw0yVb%2FvlWAYkK%2FYBwk%3D", oauth_consumer_key="katello", oauth_nonce="hYdFVc3Txj88oPfO9IrAU5ZvTiT3HW41uBgQdRQ88jo", oauth_signature="nmqkkLi3PONp7KtWVlk72rzLA3c%3D", oauth_signature_method="HMAC-SHA1", oauth_timestamp="1372885102", oauth_version="1.0"
      Pulp-User: 
      - admin
      Content-Length: 
      - "98"
      User-Agent: 
      - Ruby
  response: 
    status: 
      code: 202
      message: Accepted
    headers: 
      Date: 
      - Wed, 03 Jul 2013 20:58:22 GMT
      Server: 
      - Apache/2.4.4 (Fedora) OpenSSL/1.0.1e-fips mod_wsgi/3.4 Python/2.7.3
      Content-Encoding: 
      - utf-8
      Content-Length: 
      - "676"
      Content-Type: 
      - application/json
    body: 
      encoding: US-ASCII
      string: "{\"task_group_id\": null, \"exception\": null, \"traceback\": null, \"_href\": \"/pulp/api/v2/tasks/d1531ee3-5dbc-4a09-97cc-4a12cae31853/\", \"task_id\": \"d1531ee3-5dbc-4a09-97cc-4a12cae31853\", \"call_request_tags\": [\"pulp:consumer:010E99C0-3276-11E2-81C1-0800200C9A66\", \"pulp:action:unit_install\"], \"reasons\": [], \"start_time\": null, \"tags\": [\"pulp:consumer:010E99C0-3276-11E2-81C1-0800200C9A66\", \"pulp:action:unit_install\"], \"state\": \"waiting\", \"finish_time\": null, \"dependency_failures\": {}, \"schedule_id\": null, \"progress\": {}, \"call_request_group_id\": null, \"call_request_id\": \"d1531ee3-5dbc-4a09-97cc-4a12cae31853\", \"principal_login\": \"admin\", \"response\": \"accepted\", \"result\": null}"
    http_version: 
  recorded_at: Wed, 03 Jul 2013 20:58:22 GMT
- request: 
    method: post
    uri: https://localhost/pulp/api/v2/consumers/010E99C0-3276-11E2-81C1-0800200C9A66/actions/content/install//
    body: 
      encoding: US-ASCII
      string: "{\"units\":[{\"type_id\":\"rpm\",\"unit_key\":{\"name\":\"elephant\"}}],\"options\":{\"importkeys\":true}}"
    headers: 
      Accept: 
      - application/json
      Accept-Encoding: 
      - gzip, deflate
      Content-Type: 
      - application/json
      Authorization: 
      - OAuth oauth_body_hash="2jmj7l5rSw0yVb%2FvlWAYkK%2FYBwk%3D", oauth_consumer_key="katello", oauth_nonce="Z3I7GsQAHQSP7sTAGjPRn66Jn3TdWZavkolCd5jxX4", oauth_signature="wjnsu8dqe3wvyVlAgA%2FveHgTiJQ%3D", oauth_signature_method="HMAC-SHA1", oauth_timestamp="1372885103", oauth_version="1.0"
      Pulp-User: 
      - admin
      Content-Length: 
      - "90"
      User-Agent: 
      - Ruby
  response: 
    status: 
      code: 202
      message: Accepted
    headers: 
      Date: 
      - Wed, 03 Jul 2013 20:58:23 GMT
      Server: 
      - Apache/2.4.4 (Fedora) OpenSSL/1.0.1e-fips mod_wsgi/3.4 Python/2.7.3
      Content-Encoding: 
      - utf-8
      Content-Length: 
      - "676"
      Content-Type: 
      - application/json
    body: 
      encoding: US-ASCII
      string: "{\"task_group_id\": null, \"exception\": null, \"traceback\": null, \"_href\": \"/pulp/api/v2/tasks/65bb145f-668b-4772-aed4-675d6b352c2f/\", \"task_id\": \"65bb145f-668b-4772-aed4-675d6b352c2f\", \"call_request_tags\": [\"pulp:consumer:010E99C0-3276-11E2-81C1-0800200C9A66\", \"pulp:action:unit_install\"], \"reasons\": [], \"start_time\": null, \"tags\": [\"pulp:consumer:010E99C0-3276-11E2-81C1-0800200C9A66\", \"pulp:action:unit_install\"], \"state\": \"waiting\", \"finish_time\": null, \"dependency_failures\": {}, \"schedule_id\": null, \"progress\": {}, \"call_request_group_id\": null, \"call_request_id\": \"65bb145f-668b-4772-aed4-675d6b352c2f\", \"principal_login\": \"admin\", \"response\": \"accepted\", \"result\": null}"
    http_version: 
  recorded_at: Wed, 03 Jul 2013 20:58:23 GMT
- request: 
    method: post
    uri: https://localhost/pulp/api/v2/consumers/010E99C0-3276-11E2-81C1-0800200C9A66/actions/content/install//
    body: 
      encoding: US-ASCII
      string: "{\"units\":[{\"type_id\":\"rpm\",\"unit_key\":{\"name\":\"cheetah\"}}],\"options\":{\"importkeys\":true}}"
    headers: 
      Accept: 
      - application/json
      Accept-Encoding: 
      - gzip, deflate
      Content-Type: 
      - application/json
      Authorization: 
      - OAuth oauth_body_hash="2jmj7l5rSw0yVb%2FvlWAYkK%2FYBwk%3D", oauth_consumer_key="katello", oauth_nonce="RdTvOC8oCeTFhHa9rLDYJpn80Gx8zYiwseGheQVqAA", oauth_signature="c5KAOejWIBJz4IIs5ycth8XMpWM%3D", oauth_signature_method="HMAC-SHA1", oauth_timestamp="1372885104", oauth_version="1.0"
      Pulp-User: 
      - admin
      Content-Length: 
      - "89"
      User-Agent: 
      - Ruby
  response: 
    status: 
      code: 202
      message: Accepted
    headers: 
      Date: 
      - Wed, 03 Jul 2013 20:58:24 GMT
      Server: 
      - Apache/2.4.4 (Fedora) OpenSSL/1.0.1e-fips mod_wsgi/3.4 Python/2.7.3
      Content-Encoding: 
      - utf-8
      Content-Length: 
      - "676"
      Content-Type: 
      - application/json
    body: 
      encoding: US-ASCII
      string: "{\"task_group_id\": null, \"exception\": null, \"traceback\": null, \"_href\": \"/pulp/api/v2/tasks/37a30d8f-71d1-45af-abfa-e5cb2b72b718/\", \"task_id\": \"37a30d8f-71d1-45af-abfa-e5cb2b72b718\", \"call_request_tags\": [\"pulp:consumer:010E99C0-3276-11E2-81C1-0800200C9A66\", \"pulp:action:unit_install\"], \"reasons\": [], \"start_time\": null, \"tags\": [\"pulp:consumer:010E99C0-3276-11E2-81C1-0800200C9A66\", \"pulp:action:unit_install\"], \"state\": \"waiting\", \"finish_time\": null, \"dependency_failures\": {}, \"schedule_id\": null, \"progress\": {}, \"call_request_group_id\": null, \"call_request_id\": \"37a30d8f-71d1-45af-abfa-e5cb2b72b718\", \"principal_login\": \"admin\", \"response\": \"accepted\", \"result\": null}"
    http_version: 
  recorded_at: Wed, 03 Jul 2013 20:58:24 GMT
- request: 
    method: post
    uri: https://localhost/pulp/api/v2/consumers/010E99C0-3276-11E2-81C1-0800200C9A66/actions/content/update//
    body: 
      encoding: US-ASCII
      string: "{\"units\":[{\"type_id\":\"rpm\",\"unit_key\":{}}],\"options\":{\"importkeys\":true,\"all\":true}}"
    headers: 
      Accept: 
      - application/json
      Accept-Encoding: 
      - gzip, deflate
      Content-Type: 
      - application/json
      Authorization: 
      - OAuth oauth_body_hash="2jmj7l5rSw0yVb%2FvlWAYkK%2FYBwk%3D", oauth_consumer_key="katello", oauth_nonce="8sNmqPb7wK0SR0LJYWThOd384dJTZTSEqOSpkmyUETM", oauth_signature="M6VERthmSvM3kqYi3UTMldc2Nq0%3D", oauth_signature_method="HMAC-SHA1", oauth_timestamp="1372885105", oauth_version="1.0"
      Pulp-User: 
      - admin
      Content-Length: 
      - "84"
      User-Agent: 
      - Ruby
  response: 
    status: 
      code: 202
      message: Accepted
    headers: 
      Date: 
      - Wed, 03 Jul 2013 20:58:25 GMT
      Server: 
      - Apache/2.4.4 (Fedora) OpenSSL/1.0.1e-fips mod_wsgi/3.4 Python/2.7.3
      Content-Encoding: 
      - utf-8
      Content-Length: 
      - "674"
      Content-Type: 
      - application/json
    body: 
      encoding: US-ASCII
      string: "{\"task_group_id\": null, \"exception\": null, \"traceback\": null, \"_href\": \"/pulp/api/v2/tasks/7ccafecf-d3ea-4759-92c8-a15715aaa6d9/\", \"task_id\": \"7ccafecf-d3ea-4759-92c8-a15715aaa6d9\", \"call_request_tags\": [\"pulp:consumer:010E99C0-3276-11E2-81C1-0800200C9A66\", \"pulp:action:unit_update\"], \"reasons\": [], \"start_time\": null, \"tags\": [\"pulp:consumer:010E99C0-3276-11E2-81C1-0800200C9A66\", \"pulp:action:unit_update\"], \"state\": \"waiting\", \"finish_time\": null, \"dependency_failures\": {}, \"schedule_id\": null, \"progress\": {}, \"call_request_group_id\": null, \"call_request_id\": \"7ccafecf-d3ea-4759-92c8-a15715aaa6d9\", \"principal_login\": \"admin\", \"response\": \"accepted\", \"result\": null}"
    http_version: 
  recorded_at: Wed, 03 Jul 2013 20:58:25 GMT
- request: 
    method: post
    uri: https://localhost/pulp/api/v2/repositories/1/search/units/
    body: 
      encoding: US-ASCII
      string: "{\"criteria\":{\"type_ids\":[\"erratum\"],\"fields\":{\"unit\":[],\"association\":[\"unit_id\"]}}}"
    headers: 
      Accept: 
      - application/json
      Accept-Encoding: 
      - gzip, deflate
      Content-Type: 
      - application/json
      Authorization: 
      - OAuth oauth_body_hash="2jmj7l5rSw0yVb%2FvlWAYkK%2FYBwk%3D", oauth_consumer_key="katello", oauth_nonce="ezsJfu6M6Q6ZEG8KYRB6EUIBaOOGSYlBcnc3ZVDZxdo", oauth_signature="GuYvM9VzalvQ6nHNXkyzYEIYNvg%3D", oauth_signature_method="HMAC-SHA1", oauth_timestamp="1372885106", oauth_version="1.0"
      Pulp-User: 
      - admin
      Content-Length: 
      - "84"
      User-Agent: 
      - Ruby
  response: 
    status: 
      code: 200
      message: OK
    headers: 
      Date: 
      - Wed, 03 Jul 2013 20:58:26 GMT
      Server: 
      - Apache/2.4.4 (Fedora) OpenSSL/1.0.1e-fips mod_wsgi/3.4 Python/2.7.3
      Content-Length: 
      - "372"
      Content-Type: 
      - application/json
    body: 
      encoding: US-ASCII
      string: "[{\"_id\": {\"$oid\": \"51d4906b196cbe5b68086c68\"}, \"unit_id\": \"9e29d593-5c5d-414a-9572-8b3b36fc0837\", \"unit_type_id\": \"erratum\", \"metadata\": {\"_id\": \"9e29d593-5c5d-414a-9572-8b3b36fc0837\"}}, {\"_id\": {\"$oid\": \"51d4906b196cbe5b68086c6a\"}, \"unit_id\": \"7a5d039a-c7a3-4dc8-895e-3d5244193fcb\", \"unit_type_id\": \"erratum\", \"metadata\": {\"_id\": \"7a5d039a-c7a3-4dc8-895e-3d5244193fcb\"}}]"
    http_version: 
  recorded_at: Wed, 03 Jul 2013 20:58:26 GMT
- request: 
    method: post
    uri: https://localhost/pulp/api/v2/content/units/erratum/search/
    body: 
      encoding: US-ASCII
      string: "{\"criteria\":{\"filters\":{\"_id\":{\"$in\":[\"9e29d593-5c5d-414a-9572-8b3b36fc0837\",\"7a5d039a-c7a3-4dc8-895e-3d5244193fcb\"]}}},\"include_repos\":true}"
    headers: 
      Accept: 
      - application/json
      Accept-Encoding: 
      - gzip, deflate
      Content-Type: 
      - application/json
      Authorization: 
      - OAuth oauth_body_hash="2jmj7l5rSw0yVb%2FvlWAYkK%2FYBwk%3D", oauth_consumer_key="katello", oauth_nonce="1dZhmg0AuUY84ta0uhzQolyeOpcbRzPsqYy9Z1AQo", oauth_signature="vgk40OS5CpOO7ki%2Fsa4KERH71PI%3D", oauth_signature_method="HMAC-SHA1", oauth_timestamp="1372885106", oauth_version="1.0"
      Pulp-User: 
      - admin
      Content-Length: 
      - "141"
      User-Agent: 
      - Ruby
  response: 
    status: 
      code: 200
      message: OK
    headers: 
      Date: 
      - Wed, 03 Jul 2013 20:58:26 GMT
      Server: 
      - Apache/2.4.4 (Fedora) OpenSSL/1.0.1e-fips mod_wsgi/3.4 Python/2.7.3
      Content-Length: 
      - "1443"
      Content-Type: 
      - application/json
    body: 
      encoding: US-ASCII
      string: "[{\"issued\": \"2010-01-01 01:01:01\", \"references\": [], \"_content_type_id\": \"erratum\", \"id\": \"RHEA-2010:0002\", \"severity\": \"\", \"title\": \"One package errata\", \"version\": \"1\", \"reboot_suggested\": false, \"type\": \"security\", \"pkglist\": [{\"packages\": [{\"src\": \"http://www.fedoraproject.org\", \"name\": \"elephant\", \"filename\": \"elephant-0.3-0.8.noarch.rpm\", \"epoch\": null, \"version\": \"0.3\", \"release\": \"0.8\", \"arch\": \"noarch\"}], \"name\": \"1\", \"short\": \"\"}], \"status\": \"stable\", \"updated\": \"\", \"description\": \"One package errata\", \"pushcount\": 1, \"from_str\": \"lzap+pub@redhat.com\", \"_storage_path\": null, \"rights\": \"\", \"solution\": \"\", \"summary\": \"\", \"release\": \"1\", \"_id\": \"7a5d039a-c7a3-4dc8-895e-3d5244193fcb\", \"_href\": \"/pulp/api/v2/content/units/erratum/7a5d039a-c7a3-4dc8-895e-3d5244193fcb/\", \"children\": {}, \"repository_memberships\": [\"1\"]}, {\"issued\": \"2010-01-01 01:01:01\", \"references\": [], \"_content_type_id\": \"erratum\", \"id\": \"RHEA-2010:0001\", \"severity\": \"\", \"title\": \"Empty errata\", \"version\": \"1\", \"reboot_suggested\": false, \"type\": \"security\", \"pkglist\": [], \"status\": \"stable\", \"updated\": \"\", \"description\": \"Empty errata\", \"pushcount\": 1, \"from_str\": \"lzap+pub@redhat.com\", \"_storage_path\": null, \"rights\": \"\", \"solution\": \"\", \"summary\": \"\", \"release\": \"1\", \"_id\": \"9e29d593-5c5d-414a-9572-8b3b36fc0837\", \"_href\": \"/pulp/api/v2/content/units/erratum/9e29d593-5c5d-414a-9572-8b3b36fc0837/\", \"children\": {}, \"repository_memberships\": [\"1\"]}]"
    http_version: 
  recorded_at: Wed, 03 Jul 2013 20:58:26 GMT
- request: 
    method: post
    uri: https://localhost/pulp/api/v2/consumers/010E99C0-3276-11E2-81C1-0800200C9A66/actions/content/install//
    body: 
      encoding: US-ASCII
      string: "{\"units\":[{\"type_id\":\"erratum\",\"unit_key\":{\"id\":\"7a5d039a-c7a3-4dc8-895e-3d5244193fcb\"}}],\"options\":{\"importkeys\":true}}"
    headers: 
      Accept: 
      - application/json
      Accept-Encoding: 
      - gzip, deflate
      Content-Type: 
      - application/json
      Authorization: 
      - OAuth oauth_body_hash="2jmj7l5rSw0yVb%2FvlWAYkK%2FYBwk%3D", oauth_consumer_key="katello", oauth_nonce="DeWjogCU3Cyt3h63iTQZVg9SEF5YMIPqBQVqrF6fY", oauth_signature="0mLuDFXoSB6OX2zTY%2BoP7q%2BvnzQ%3D", oauth_signature_method="HMAC-SHA1", oauth_timestamp="1372885106", oauth_version="1.0"
      Pulp-User: 
      - admin
      Content-Length: 
      - "120"
      User-Agent: 
      - Ruby
  response: 
    status: 
      code: 202
      message: Accepted
    headers: 
      Date: 
      - Wed, 03 Jul 2013 20:58:26 GMT
      Server: 
      - Apache/2.4.4 (Fedora) OpenSSL/1.0.1e-fips mod_wsgi/3.4 Python/2.7.3
      Content-Encoding: 
      - utf-8
      Content-Length: 
      - "676"
      Content-Type: 
      - application/json
    body: 
      encoding: US-ASCII
      string: "{\"task_group_id\": null, \"exception\": null, \"traceback\": null, \"_href\": \"/pulp/api/v2/tasks/97f14320-d0c2-4b7d-a30c-aea052af8c52/\", \"task_id\": \"97f14320-d0c2-4b7d-a30c-aea052af8c52\", \"call_request_tags\": [\"pulp:consumer:010E99C0-3276-11E2-81C1-0800200C9A66\", \"pulp:action:unit_install\"], \"reasons\": [], \"start_time\": null, \"tags\": [\"pulp:consumer:010E99C0-3276-11E2-81C1-0800200C9A66\", \"pulp:action:unit_install\"], \"state\": \"waiting\", \"finish_time\": null, \"dependency_failures\": {}, \"schedule_id\": null, \"progress\": {}, \"call_request_group_id\": null, \"call_request_id\": \"97f14320-d0c2-4b7d-a30c-aea052af8c52\", \"principal_login\": \"admin\", \"response\": \"accepted\", \"result\": null}"
    http_version: 
  recorded_at: Wed, 03 Jul 2013 20:58:26 GMT
- request: 
    method: post
    uri: https://localhost/pulp/api/v2/consumers/010E99C0-3276-11E2-81C1-0800200C9A66/actions/content/install//
    body: 
      encoding: US-ASCII
      string: "{\"units\":[{\"type_id\":\"package_group\",\"unit_key\":{\"name\":\"mammals\"}}],\"options\":{\"importkeys\":true}}"
    headers: 
      Accept: 
      - application/json
      Accept-Encoding: 
      - gzip, deflate
      Content-Type: 
      - application/json
      Authorization: 
      - OAuth oauth_body_hash="2jmj7l5rSw0yVb%2FvlWAYkK%2FYBwk%3D", oauth_consumer_key="katello", oauth_nonce="keb0RRHAiRRvEIRWys0cz09hwCSQ1e91HziTDChUuA", oauth_signature="m8Cmkkni91AxXiZTxhJrRUJ%2BBkw%3D", oauth_signature_method="HMAC-SHA1", oauth_timestamp="1372885107", oauth_version="1.0"
      Pulp-User: 
      - admin
      Content-Length: 
      - "99"
      User-Agent: 
      - Ruby
  response: 
    status: 
      code: 202
      message: Accepted
    headers: 
      Date: 
      - Wed, 03 Jul 2013 20:58:27 GMT
      Server: 
      - Apache/2.4.4 (Fedora) OpenSSL/1.0.1e-fips mod_wsgi/3.4 Python/2.7.3
      Content-Encoding: 
      - utf-8
      Content-Length: 
      - "676"
      Content-Type: 
      - application/json
    body: 
      encoding: US-ASCII
      string: "{\"task_group_id\": null, \"exception\": null, \"traceback\": null, \"_href\": \"/pulp/api/v2/tasks/2cabf7ab-1796-4831-8c0a-15ec78b1eaae/\", \"task_id\": \"2cabf7ab-1796-4831-8c0a-15ec78b1eaae\", \"call_request_tags\": [\"pulp:consumer:010E99C0-3276-11E2-81C1-0800200C9A66\", \"pulp:action:unit_install\"], \"reasons\": [], \"start_time\": null, \"tags\": [\"pulp:consumer:010E99C0-3276-11E2-81C1-0800200C9A66\", \"pulp:action:unit_install\"], \"state\": \"waiting\", \"finish_time\": null, \"dependency_failures\": {}, \"schedule_id\": null, \"progress\": {}, \"call_request_group_id\": null, \"call_request_id\": \"2cabf7ab-1796-4831-8c0a-15ec78b1eaae\", \"principal_login\": \"admin\", \"response\": \"accepted\", \"result\": null}"
    http_version: 
  recorded_at: Wed, 03 Jul 2013 20:58:27 GMT
- request: 
    method: post
    uri: https://localhost/pulp/api/v2/consumers/010E99C0-3276-11E2-81C1-0800200C9A66/actions/content/uninstall//
    body: 
      encoding: US-ASCII
      string: "{\"units\":[{\"type_id\":\"package_group\",\"unit_key\":{\"name\":\"mammals\"}}],\"options\":{}}"
    headers: 
      Accept: 
      - application/json
      Accept-Encoding: 
      - gzip, deflate
      Content-Type: 
      - application/json
      Authorization: 
      - OAuth oauth_body_hash="2jmj7l5rSw0yVb%2FvlWAYkK%2FYBwk%3D", oauth_consumer_key="katello", oauth_nonce="BJNaHgGkiLPQiMtnn9PaaGpzB3QbJvN1zfu335Lavo", oauth_signature="dJmHOc%2BEFR67wrxDPr%2Fjx041cLE%3D", oauth_signature_method="HMAC-SHA1", oauth_timestamp="1372885108", oauth_version="1.0"
      Pulp-User: 
      - admin
      Content-Length: 
      - "82"
      User-Agent: 
      - Ruby
  response: 
    status: 
      code: 202
      message: Accepted
    headers: 
      Date: 
      - Wed, 03 Jul 2013 20:58:28 GMT
      Server: 
      - Apache/2.4.4 (Fedora) OpenSSL/1.0.1e-fips mod_wsgi/3.4 Python/2.7.3
      Content-Encoding: 
      - utf-8
      Content-Length: 
      - "680"
      Content-Type: 
      - application/json
    body: 
      encoding: US-ASCII
      string: "{\"task_group_id\": null, \"exception\": null, \"traceback\": null, \"_href\": \"/pulp/api/v2/tasks/f42db667-1328-4d10-bc49-f77c46d234d8/\", \"task_id\": \"f42db667-1328-4d10-bc49-f77c46d234d8\", \"call_request_tags\": [\"pulp:consumer:010E99C0-3276-11E2-81C1-0800200C9A66\", \"pulp:action:unit_uninstall\"], \"reasons\": [], \"start_time\": null, \"tags\": [\"pulp:consumer:010E99C0-3276-11E2-81C1-0800200C9A66\", \"pulp:action:unit_uninstall\"], \"state\": \"waiting\", \"finish_time\": null, \"dependency_failures\": {}, \"schedule_id\": null, \"progress\": {}, \"call_request_group_id\": null, \"call_request_id\": \"f42db667-1328-4d10-bc49-f77c46d234d8\", \"principal_login\": \"admin\", \"response\": \"accepted\", \"result\": null}"
    http_version: 
  recorded_at: Wed, 03 Jul 2013 20:58:28 GMT
- request: 
    method: post
    uri: https://localhost/pulp/api/v2/consumers/010E99C0-3276-11E2-81C1-0800200C9A66/actions/content/install//
    body: 
      encoding: US-ASCII
      string: "{\"units\":[{\"type_id\":\"rpm\",\"unit_key\":{\"name\":\"cheetah\"}}],\"options\":{\"importkeys\":true}}"
    headers: 
      Accept: 
      - application/json
      Accept-Encoding: 
      - gzip, deflate
      Content-Type: 
      - application/json
      Authorization: 
      - OAuth oauth_body_hash="2jmj7l5rSw0yVb%2FvlWAYkK%2FYBwk%3D", oauth_consumer_key="katello", oauth_nonce="oBnJvh7LBSHOFXZ3AxOqRvpb9DyfdQMPiP0PZsG93o", oauth_signature="DryQzV0gUipObVxhSoFbqEvl4LU%3D", oauth_signature_method="HMAC-SHA1", oauth_timestamp="1372885109", oauth_version="1.0"
      Pulp-User: 
      - admin
      Content-Length: 
      - "89"
      User-Agent: 
      - Ruby
  response: 
    status: 
      code: 202
      message: Accepted
    headers: 
      Date: 
      - Wed, 03 Jul 2013 20:58:29 GMT
      Server: 
      - Apache/2.4.4 (Fedora) OpenSSL/1.0.1e-fips mod_wsgi/3.4 Python/2.7.3
      Content-Encoding: 
      - utf-8
      Content-Length: 
      - "676"
      Content-Type: 
      - application/json
    body: 
      encoding: US-ASCII
      string: "{\"task_group_id\": null, \"exception\": null, \"traceback\": null, \"_href\": \"/pulp/api/v2/tasks/c09efaa7-c7ce-4b05-83d3-09680c4d0d85/\", \"task_id\": \"c09efaa7-c7ce-4b05-83d3-09680c4d0d85\", \"call_request_tags\": [\"pulp:consumer:010E99C0-3276-11E2-81C1-0800200C9A66\", \"pulp:action:unit_install\"], \"reasons\": [], \"start_time\": null, \"tags\": [\"pulp:consumer:010E99C0-3276-11E2-81C1-0800200C9A66\", \"pulp:action:unit_install\"], \"state\": \"waiting\", \"finish_time\": null, \"dependency_failures\": {}, \"schedule_id\": null, \"progress\": {}, \"call_request_group_id\": null, \"call_request_id\": \"c09efaa7-c7ce-4b05-83d3-09680c4d0d85\", \"principal_login\": \"admin\", \"response\": \"accepted\", \"result\": null}"
    http_version: 
  recorded_at: Wed, 03 Jul 2013 20:58:29 GMT
- request: 
    method: post
    uri: https://localhost/pulp/api/v2/consumers/010E99C0-3276-11E2-81C1-0800200C9A66/actions/content/uninstall//
    body: 
      encoding: US-ASCII
      string: "{\"units\":[{\"type_id\":\"rpm\",\"unit_key\":{\"name\":\"cheetah\"}}],\"options\":{}}"
    headers: 
      Accept: 
      - application/json
      Accept-Encoding: 
      - gzip, deflate
      Content-Type: 
      - application/json
      Authorization: 
      - OAuth oauth_body_hash="2jmj7l5rSw0yVb%2FvlWAYkK%2FYBwk%3D", oauth_consumer_key="katello", oauth_nonce="Mfa0WmB2H2V2WWo4tcSDx6h8ijSk91Os2Gh2spfBqY", oauth_signature="wI7swb2XvS2UShJzQkKe0qW9pmQ%3D", oauth_signature_method="HMAC-SHA1", oauth_timestamp="1372885109", oauth_version="1.0"
      Pulp-User: 
      - admin
      Content-Length: 
      - "72"
      User-Agent: 
      - Ruby
  response: 
    status: 
      code: 202
      message: Accepted
    headers: 
      Date: 
      - Wed, 03 Jul 2013 20:58:29 GMT
      Server: 
      - Apache/2.4.4 (Fedora) OpenSSL/1.0.1e-fips mod_wsgi/3.4 Python/2.7.3
      Content-Encoding: 
      - utf-8
      Content-Length: 
      - "680"
      Content-Type: 
      - application/json
    body: 
      encoding: US-ASCII
      string: "{\"task_group_id\": null, \"exception\": null, \"traceback\": null, \"_href\": \"/pulp/api/v2/tasks/ef131391-9829-44d1-a78a-051061cbfd2a/\", \"task_id\": \"ef131391-9829-44d1-a78a-051061cbfd2a\", \"call_request_tags\": [\"pulp:consumer:010E99C0-3276-11E2-81C1-0800200C9A66\", \"pulp:action:unit_uninstall\"], \"reasons\": [], \"start_time\": null, \"tags\": [\"pulp:consumer:010E99C0-3276-11E2-81C1-0800200C9A66\", \"pulp:action:unit_uninstall\"], \"state\": \"waiting\", \"finish_time\": null, \"dependency_failures\": {}, \"schedule_id\": null, \"progress\": {}, \"call_request_group_id\": null, \"call_request_id\": \"ef131391-9829-44d1-a78a-051061cbfd2a\", \"principal_login\": \"admin\", \"response\": \"accepted\", \"result\": null}"
    http_version: 
  recorded_at: Wed, 03 Jul 2013 20:58:29 GMT
- request: 
    method: post
    uri: https://localhost/pulp/api/v2/consumers/010E99C0-3276-11E2-81C1-0800200C9A66/actions/content/install//
    body: 
      encoding: US-ASCII
      string: "{\"units\":[{\"type_id\":\"rpm\",\"unit_key\":{\"name\":\"cheetah\"}}],\"options\":{\"importkeys\":true}}"
    headers: 
      Accept: 
      - application/json
      Accept-Encoding: 
      - gzip, deflate
      Content-Type: 
      - application/json
      Authorization: 
      - OAuth oauth_body_hash="2jmj7l5rSw0yVb%2FvlWAYkK%2FYBwk%3D", oauth_consumer_key="katello", oauth_nonce="GdYQNEqlPfxePMg5DT9mHVhzzIzQv8FMhpGahrQXPg", oauth_signature="F2KqvK6rNYuDBDvRQacJ8IA2jnk%3D", oauth_signature_method="HMAC-SHA1", oauth_timestamp="1372885110", oauth_version="1.0"
      Pulp-User: 
      - admin
      Content-Length: 
      - "89"
      User-Agent: 
      - Ruby
  response: 
    status: 
      code: 202
      message: Accepted
    headers: 
      Date: 
      - Wed, 03 Jul 2013 20:58:30 GMT
      Server: 
      - Apache/2.4.4 (Fedora) OpenSSL/1.0.1e-fips mod_wsgi/3.4 Python/2.7.3
      Content-Encoding: 
      - utf-8
      Content-Length: 
      - "676"
      Content-Type: 
      - application/json
    body: 
      encoding: US-ASCII
      string: "{\"task_group_id\": null, \"exception\": null, \"traceback\": null, \"_href\": \"/pulp/api/v2/tasks/949ac3db-87e4-4429-858b-aa94ec23435d/\", \"task_id\": \"949ac3db-87e4-4429-858b-aa94ec23435d\", \"call_request_tags\": [\"pulp:consumer:010E99C0-3276-11E2-81C1-0800200C9A66\", \"pulp:action:unit_install\"], \"reasons\": [], \"start_time\": null, \"tags\": [\"pulp:consumer:010E99C0-3276-11E2-81C1-0800200C9A66\", \"pulp:action:unit_install\"], \"state\": \"waiting\", \"finish_time\": null, \"dependency_failures\": {}, \"schedule_id\": null, \"progress\": {}, \"call_request_group_id\": null, \"call_request_id\": \"949ac3db-87e4-4429-858b-aa94ec23435d\", \"principal_login\": \"admin\", \"response\": \"accepted\", \"result\": null}"
    http_version: 
  recorded_at: Wed, 03 Jul 2013 20:58:30 GMT
- request: 
    method: post
    uri: https://localhost/pulp/api/v2/consumers/010E99C0-3276-11E2-81C1-0800200C9A66/actions/content/update//
    body: 
      encoding: US-ASCII
      string: "{\"units\":[{\"type_id\":\"rpm\",\"unit_key\":{\"name\":\"cheetah\"}}],\"options\":{\"importkeys\":true}}"
    headers: 
      Accept: 
      - application/json
      Accept-Encoding: 
      - gzip, deflate
      Content-Type: 
      - application/json
      Authorization: 
      - OAuth oauth_body_hash="2jmj7l5rSw0yVb%2FvlWAYkK%2FYBwk%3D", oauth_consumer_key="katello", oauth_nonce="hWI0QQ5q4OR9PhE0A9xu0eLfZPF5f8AAjGqUYhhkw", oauth_signature="%2Bq60CBjJW7xnjCleWvsjUk0Rp5w%3D", oauth_signature_method="HMAC-SHA1", oauth_timestamp="1372885111", oauth_version="1.0"
      Pulp-User: 
      - admin
      Content-Length: 
      - "89"
      User-Agent: 
      - Ruby
  response: 
    status: 
      code: 202
      message: Accepted
    headers: 
      Date: 
      - Wed, 03 Jul 2013 20:58:31 GMT
      Server: 
      - Apache/2.4.4 (Fedora) OpenSSL/1.0.1e-fips mod_wsgi/3.4 Python/2.7.3
      Content-Encoding: 
      - utf-8
      Content-Length: 
      - "674"
      Content-Type: 
      - application/json
    body: 
      encoding: US-ASCII
      string: "{\"task_group_id\": null, \"exception\": null, \"traceback\": null, \"_href\": \"/pulp/api/v2/tasks/aede853c-aa57-4edd-92e9-e83dd3c3331c/\", \"task_id\": \"aede853c-aa57-4edd-92e9-e83dd3c3331c\", \"call_request_tags\": [\"pulp:consumer:010E99C0-3276-11E2-81C1-0800200C9A66\", \"pulp:action:unit_update\"], \"reasons\": [], \"start_time\": null, \"tags\": [\"pulp:consumer:010E99C0-3276-11E2-81C1-0800200C9A66\", \"pulp:action:unit_update\"], \"state\": \"waiting\", \"finish_time\": null, \"dependency_failures\": {}, \"schedule_id\": null, \"progress\": {}, \"call_request_group_id\": null, \"call_request_id\": \"aede853c-aa57-4edd-92e9-e83dd3c3331c\", \"principal_login\": \"admin\", \"response\": \"accepted\", \"result\": null}"
    http_version: 
  recorded_at: Wed, 03 Jul 2013 20:58:31 GMT
- request: 
    method: post
    uri: https://localhost/pulp/api/v2/consumers/
    body: 
      encoding: US-ASCII
      string: "{\"id\":\"010E99C0-3276-11E2-81C1-0800200C9A66\",\"display_name\":\"Simple Server\"}"
    headers: 
      Accept: 
      - application/json
      Accept-Encoding: 
      - gzip, deflate
      Content-Type: 
      - application/json
      Authorization: 
      - OAuth oauth_body_hash="2jmj7l5rSw0yVb%2FvlWAYkK%2FYBwk%3D", oauth_consumer_key="katello", oauth_nonce="pk74yon6gVVDv2GtuuE4vOBkTv52fBq71teZnOjTbGk", oauth_signature="Y9HpfbJaDc8MGNGTBRiJj%2FLMRuM%3D", oauth_signature_method="HMAC-SHA1", oauth_timestamp="1372885113", oauth_version="1.0"
      Pulp-User: 
      - admin
      Content-Length: 
      - "76"
      User-Agent: 
      - Ruby
  response: 
    status: 
      code: 201
      message: Created
    headers: 
      Date: 
      - Wed, 03 Jul 2013 20:58:33 GMT
      Server: 
      - Apache/2.4.4 (Fedora) OpenSSL/1.0.1e-fips mod_wsgi/3.4 Python/2.7.3
      Location: 
      - "{'_href': u'/pulp/api/v2/consumers/010E99C0-3276-11E2-81C1-0800200C9A66/'}"
      Content-Length: 
      - "2195"
      Content-Type: 
      - application/json
    body: 
      encoding: US-ASCII
      string: "{\"display_name\": \"Simple Server\", \"description\": null, \"certificate\": \"-----BEGIN RSA PRIVATE KEY-----\\nMIICXQIBAAKBgQDCK4ax3faohbLy74cEPNaJOJeJ96UNTRPh3UhG0/9kIM4q+5hr\\n2ObpC/90X8P5HAYzNTBPw7yT0qfCDi9gYuceMxspESIn28jfi7JTw56YgcIUG3K1\\n+yEVzAAILb0XnvpyIqiRB+8hGRQl4pmXfP4O0VOyoNm6Q7FoxHHNOX5euwIDAQAB\\nAoGACQuYCb8qV21rCbAo3QSshdXyEUZNFRKLI5F4ZXxIwHRaxlvUHOoMz7x0WQqB\\nCaDJlSccKgsXRNeiYwLgKCBTXdrhwZ39HvymgXK/k4CwKiFlNzA6/H5Mu3m7j6kQ\\nyQyv3wo/Nj2vPPca+aauRy5brGfMNZdV5HJm6w071OEqGOECQQD5rbHUeYgXQSnl\\nmRlM/Z49YoJilJnQYpH6ABz21+Ikbl8f5alvJm7LuvWnOj2bCoeheQdhCH8uC0SX\\nXZGK6tTrAkEAxxYM2abICSne927R9jIOgyY/2GGc8IgynNWf3OKEF5vHB/BlNzlW\\nynXi3YxOrU3wt48V8ncbswIsNpBoiwZpcQJBALnXtM7vawHMKjBQ5ckt2fPc+CoC\\na/70760DGowNorD1Sm7Glng6Riv0zFad/i8CBnSFTp3GIkwWbQaxydx58OMCQFHU\\nDVoUhBnIHP4EjcYskuxy90D/9hqjUHJIF9oZPIPbonXv6BpHthWnWKUJO3leFLfN\\n1w5+yGLOXM/ckSu7afECQQDD5Mu8Bn4x3c6/mLpTkKOK4NtXpzjHn6bj1nqURmBi\\nW4DehqVTtshne8ed7xldhDiLbssQwT28gYGx1yQq8AcD\\n-----END RSA PRIVATE KEY-----\\n-----BEGIN CERTIFICATE-----\\nMIICpDCCAYwCAgDdMA0GCSqGSIb3DQEBBQUAMIGDMQswCQYDVQQGEwJVUzEXMBUG\\nA1UECBMOTm9ydGggQ2Fyb2xpbmExEDAOBgNVBAcTB1JhbGVpZ2gxEDAOBgNVBAoT\\nB1NvbWVPcmcxFDASBgNVBAsTC1NvbWVPcmdVbml0MSEwHwYDVQQDExhrYWZrYS51\\nc2Vyc3lzLnJlZGhhdC5jb20wHhcNMTMwNzAzMjA1ODQzWhcNMjMwNzAxMjA1ODQz\\nWjAvMS0wKwYDVQQDEyQwMTBFOTlDMC0zMjc2LTExRTItODFDMS0wODAwMjAwQzlB\\nNjYwgZ8wDQYJKoZIhvcNAQEBBQADgY0AMIGJAoGBAMIrhrHd9qiFsvLvhwQ81ok4\\nl4n3pQ1NE+HdSEbT/2Qgzir7mGvY5ukL/3Rfw/kcBjM1ME/DvJPSp8IOL2Bi5x4z\\nGykRIifbyN+LslPDnpiBwhQbcrX7IRXMAAgtvRee+nIiqJEH7yEZFCXimZd8/g7R\\nU7Kg2bpDsWjEcc05fl67AgMBAAEwDQYJKoZIhvcNAQEFBQADggEBACzcQdqRs1DS\\nIaNY2HKnjAWtBX+8JupbTFnzGW79umilThhJNWzC8xuY7lXzO50u4zpDHc+Cy5cu\\nhpXYaDnUw5JJbtzR7dae0jYGYmHVmNBgaLOdGO8n95p+1G8QmTcL9+gJ7x0OPQxN\\n+SkgX7rbdLPITuvMBLvr2QifF0SwMYB//aANOdTHJiKocx5tmYv1970VNfl4TMq8\\n4hS0CG64BXQ0KcA4rvdRjAe3FPjphpHqzzEpTDNzJOf/LjfdClFLYNEThR/nSbof\\ne0lYg7BieL7DTq+BQ3c0tOtO4EwQ32gn4aHfq2aNTFmDz0IeQobiX4y1x+qmneU/\\nk0iq+5HEz3c=\\n-----END CERTIFICATE-----\", \"_ns\": \"consumers\", \"notes\": {}, \"capabilities\": {}, \"_id\": {\"$oid\": \"51d49083196cbe5b68086d27\"}, \"id\": \"010E99C0-3276-11E2-81C1-0800200C9A66\", \"_href\": {\"_href\": \"/pulp/api/v2/consumers/010E99C0-3276-11E2-81C1-0800200C9A66/\"}}"
    http_version: 
  recorded_at: Wed, 03 Jul 2013 20:58:43 GMT
- request: 
    method: delete
    uri: https://localhost/pulp/api/v2/consumers/010E99C0-3276-11E2-81C1-0800200C9A66/
    body: 
      encoding: US-ASCII
      string: ""
    headers: 
      Accept: 
      - application/json
      Accept-Encoding: 
      - gzip, deflate
      Content-Type: 
      - application/json
      Authorization: 
      - OAuth oauth_consumer_key="katello", oauth_nonce="cwB85TxyzomCbggoX2lS6LiOBA7q7obEgwJ9iwBlAs", oauth_signature="SSSeLxHqGco6oKH3YI1cK69bMWE%3D", oauth_signature_method="HMAC-SHA1", oauth_timestamp="1372885123", oauth_version="1.0"
      Pulp-User: 
      - admin
      User-Agent: 
      - Ruby
  response: 
    status: 
      code: 200
      message: OK
    headers: 
      Date: 
      - Wed, 03 Jul 2013 20:58:43 GMT
      Server: 
      - Apache/2.4.4 (Fedora) OpenSSL/1.0.1e-fips mod_wsgi/3.4 Python/2.7.3
      Content-Length: 
      - "4"
      Content-Type: 
      - application/json
    body: 
      encoding: US-ASCII
      string: "null"
    http_version: 
  recorded_at: Wed, 03 Jul 2013 20:58:43 GMT
- request: 
    method: post
    uri: https://localhost/pulp/api/v2/consumers/
    body: 
      encoding: US-ASCII
      string: "{\"id\":\"010E99C0-3276-11E2-81C1-0800200C9A66\",\"display_name\":\"Simple Server\"}"
    headers: 
      Accept: 
      - application/json
      Accept-Encoding: 
      - gzip, deflate
      Content-Type: 
      - application/json
      Authorization: 
      - OAuth oauth_body_hash="2jmj7l5rSw0yVb%2FvlWAYkK%2FYBwk%3D", oauth_consumer_key="katello", oauth_nonce="ujntAnLuAjjxYzKjKgqVG1fXkzIhVUx3p3v95nsLQ", oauth_signature="upnoOA%2Bar5O%2F0EONL1Z8mgCps8I%3D", oauth_signature_method="HMAC-SHA1", oauth_timestamp="1372885123", oauth_version="1.0"
      Pulp-User: 
      - admin
      Content-Length: 
      - "76"
      User-Agent: 
      - Ruby
  response: 
    status: 
      code: 201
      message: Created
    headers: 
      Date: 
      - Wed, 03 Jul 2013 20:58:43 GMT
      Server: 
      - Apache/2.4.4 (Fedora) OpenSSL/1.0.1e-fips mod_wsgi/3.4 Python/2.7.3
      Location: 
      - "{'_href': u'/pulp/api/v2/consumers/010E99C0-3276-11E2-81C1-0800200C9A66/'}"
      Content-Length: 
      - "2195"
      Content-Type: 
      - application/json
    body: 
      encoding: US-ASCII
      string: "{\"display_name\": \"Simple Server\", \"description\": null, \"certificate\": \"-----BEGIN RSA PRIVATE KEY-----\\nMIICXAIBAAKBgQCmNDZ4JSde93+/mY1A0y42T4VqCF/Kl68ZxON17OkDkh06XsEJ\\nEIABzTtNLQZUO/vCZJKYA+EgTjdCh6Q/dD3D1aZ9mSpvh81/Dn2CDhStRWbdHKVE\\ng6bB0a25IyeM8TUAsNPYaiXEcRYFMADitgw6Z0WT22U9geRvtjQg7TopNwIDAQAB\\nAoGBAIjh4aZruxQ8tGrBdRNZmerC7XcZdIMvD9giTs91kacONKI5HbRwcWyKcXer\\nSFYhnMRJ/m3SbBwmLt7NRdm4y5Bk2hq0bYkhif0oEu8YR8R5QGOzQ/YA3lKTHt68\\nbe1Qn9foYQdSONriShOb/MAqf6KcMBpx9FO1Mzom3yKqFsRpAkEA2ky/u9GGzRet\\nV06BTN9odjirjfNh+XWeVcEupCVoZs2Y+A4YeLq3efEkOCe2nj8GHY/7OEEWYE3n\\nZZHy5H0LDQJBAMLoQTj0uxtPHfoYtdk3rLQHHK0HDXRn9cnc0GkLoTwMw98ItkQp\\noEaM7NDSXYqphwFtqW+9BPENyYZvn1A45FMCQEpWKlBd6EZ80pVRcWxpA1yGrby3\\n7VwSdmmDUEurRWMEjhuiSSkLhCEtQYUx2NkIYx+8APNGDsWaobqPuaOfBR0CQFVC\\nO6WqiF590WMhhAqs7AMkSUr3Fs+g2kefLBuHVtRp0RSzPue6Pb4ez0jZfMm3NrNN\\nQRz71jmMCmegVFRHTrkCQAmsKiqsE2KlOeyKubhCE7dlJ9NX35KJdBGT0z3l75J5\\nKnO8uTGsE+2/DuE9dQspj6f/zs5S/vxZxTd1YP7frTM=\\n-----END RSA PRIVATE KEY-----\\n-----BEGIN CERTIFICATE-----\\nMIICpDCCAYwCAgDeMA0GCSqGSIb3DQEBBQUAMIGDMQswCQYDVQQGEwJVUzEXMBUG\\nA1UECBMOTm9ydGggQ2Fyb2xpbmExEDAOBgNVBAcTB1JhbGVpZ2gxEDAOBgNVBAoT\\nB1NvbWVPcmcxFDASBgNVBAsTC1NvbWVPcmdVbml0MSEwHwYDVQQDExhrYWZrYS51\\nc2Vyc3lzLnJlZGhhdC5jb20wHhcNMTMwNzAzMjA1ODQzWhcNMjMwNzAxMjA1ODQz\\nWjAvMS0wKwYDVQQDEyQwMTBFOTlDMC0zMjc2LTExRTItODFDMS0wODAwMjAwQzlB\\nNjYwgZ8wDQYJKoZIhvcNAQEBBQADgY0AMIGJAoGBAKY0NnglJ173f7+ZjUDTLjZP\\nhWoIX8qXrxnE43Xs6QOSHTpewQkQgAHNO00tBlQ7+8JkkpgD4SBON0KHpD90PcPV\\npn2ZKm+HzX8OfYIOFK1FZt0cpUSDpsHRrbkjJ4zxNQCw09hqJcRxFgUwAOK2DDpn\\nRZPbZT2B5G+2NCDtOik3AgMBAAEwDQYJKoZIhvcNAQEFBQADggEBAG22mDJHD72x\\nqui29l4Ojs8ZZVO1BYq83FsYY7zJZKOmkGjlrddHtmr2hlEp+bpFABdpPbB+0N+q\\nv7T2M2zQzaBQgFjDnSaGse2PtoV1ssYUT3QuftIdZHF4OqNnQgrjBDMTMCYbu41d\\nt/PMSvGIeR1OiaSWDqz7+3WlvFaJcgb+5Fm/r8SBbfl2MVYUoPWh4lv3yfSlcMuL\\nA0xioLqq7fM2PTXyy+cycNOsfRfa5f2JE+ncI/MQDBMox2BXzcJ4xsfsumsF8L9e\\nQB1u4tj6QChcFyTi01+p0vhEZoa0jP1FAeAluQW31BI+Iqv1Dp0NuR4e8fDxEWyd\\nDjw/0y5o0q8=\\n-----END CERTIFICATE-----\", \"_ns\": \"consumers\", \"notes\": {}, \"capabilities\": {}, \"_id\": {\"$oid\": \"51d49083196cbe5b68086d43\"}, \"id\": \"010E99C0-3276-11E2-81C1-0800200C9A66\", \"_href\": {\"_href\": \"/pulp/api/v2/consumers/010E99C0-3276-11E2-81C1-0800200C9A66/\"}}"
    http_version: 
  recorded_at: Wed, 03 Jul 2013 20:58:44 GMT
- request: 
    method: delete
    uri: https://localhost/pulp/api/v2/consumers/010E99C0-3276-11E2-81C1-0800200C9A66/
    body: 
      encoding: US-ASCII
      string: ""
    headers: 
      Accept: 
      - application/json
      Accept-Encoding: 
      - gzip, deflate
      Content-Type: 
      - application/json
      Authorization: 
      - OAuth oauth_consumer_key="katello", oauth_nonce="5AujYP22EEdKX5jVuPXISpM0YQ2EqM2IdTD9UEYzTA", oauth_signature="cQgB7tz8sDZVXujPJyMUifR2OP4%3D", oauth_signature_method="HMAC-SHA1", oauth_timestamp="1372885124", oauth_version="1.0"
      Pulp-User: 
      - admin
      User-Agent: 
      - Ruby
  response: 
    status: 
      code: 200
      message: OK
    headers: 
      Date: 
      - Wed, 03 Jul 2013 20:58:44 GMT
      Server: 
      - Apache/2.4.4 (Fedora) OpenSSL/1.0.1e-fips mod_wsgi/3.4 Python/2.7.3
      Content-Length: 
      - "4"
      Content-Type: 
      - application/json
    body: 
      encoding: US-ASCII
      string: "null"
    http_version: 
  recorded_at: Wed, 03 Jul 2013 20:58:44 GMT
- request: 
    method: post
    uri: https://localhost/pulp/api/v2/consumers/
    body: 
      encoding: US-ASCII
      string: "{\"id\":\"010E99C0-3276-11E2-81C1-0800200C9A66\",\"display_name\":\"Simple Server\"}"
    headers: 
      Accept: 
      - application/json
      Accept-Encoding: 
      - gzip, deflate
      Content-Type: 
      - application/json
      Authorization: 
      - OAuth oauth_body_hash="2jmj7l5rSw0yVb%2FvlWAYkK%2FYBwk%3D", oauth_consumer_key="katello", oauth_nonce="26abjonNcIpN9VRKYqdPjcxruK2JYysrbBhvZyI", oauth_signature="GOssGmLiRrp%2BCuViDHY%2Fda6%2BWgE%3D", oauth_signature_method="HMAC-SHA1", oauth_timestamp="1372885124", oauth_version="1.0"
      Pulp-User: 
      - admin
      Content-Length: 
      - "76"
      User-Agent: 
      - Ruby
  response: 
    status: 
      code: 201
      message: Created
    headers: 
      Date: 
      - Wed, 03 Jul 2013 20:58:44 GMT
      Server: 
      - Apache/2.4.4 (Fedora) OpenSSL/1.0.1e-fips mod_wsgi/3.4 Python/2.7.3
      Location: 
      - "{'_href': u'/pulp/api/v2/consumers/010E99C0-3276-11E2-81C1-0800200C9A66/'}"
      Content-Length: 
      - "2195"
      Content-Type: 
      - application/json
    body: 
      encoding: US-ASCII
      string: "{\"display_name\": \"Simple Server\", \"description\": null, \"certificate\": \"-----BEGIN RSA PRIVATE KEY-----\\nMIICXQIBAAKBgQCrLwyQZElh4WSe+VaG9+oQ7Zzi1LtA64GiVPB/92TzsaPQfecN\\nbdhUma+3j2BgMYQzZtJaib2q80Yqqshate4/zvJCojQKCUHCk9oU7SfxwT8gnl7W\\nJPeN8iTGKBIoV9Wrm0c2logVwfHdL5B9UYmoZVwsOvUQimvo8XDkqrBgJQIDAQAB\\nAoGBAKqEiV1jqH1pyZNaB8kWNwB50KdbBNQcQ9tyBMdTpinhr65FW9zSqIVNOe39\\nUiE/8dJKAAvT3Szme+SQjlddll4zF0gZ9qKHK5kQVTqHPfW5eGfbEjYOrxI8i4Am\\n0tkIaPPHbYgJIpXASumOUi0m+1qmN4uwtXrwy1wOpgwzDocBAkEA4UMZWLAkL4V6\\nVrKSzdivT87+NydYaJ5ZPKLPIr/QrnFaMbBK0uAPLoOLohunEyPauQPSJFSAPC4W\\nYuieUVa+4QJBAMKK4BelruFjwCo2bA7yiXp8+9N203J+zRcVCkATo5d4jUyg4C1+\\nameaKzYugv6kCcpr/6yqQkaL4yj/bblQHcUCQGUJJo47+w8BjHzkfaosfX2Ld0Sf\\ntiy+kYH7+HI6nMwRdYYB752j98tCH1gnlQmltE3148R9zkKv3USh15jeEqECQQCL\\nLl4qrN+T4xCtYqgmfYC8AEUOQhn+9Rb3p5bgxuwoRxgYNZSNF786hcLajaYsVeGn\\nT2Lo/hpSbGxFfZDbnqTdAkARwzpc28ZzHGparzeLOmOXGecL1n/TZ5kowlPI7Y+X\\nEzQde+qgucXV9C6WeQAO2atbFn2sI6JmqxAhwBRZSgpN\\n-----END RSA PRIVATE KEY-----\\n-----BEGIN CERTIFICATE-----\\nMIICpDCCAYwCAgDfMA0GCSqGSIb3DQEBBQUAMIGDMQswCQYDVQQGEwJVUzEXMBUG\\nA1UECBMOTm9ydGggQ2Fyb2xpbmExEDAOBgNVBAcTB1JhbGVpZ2gxEDAOBgNVBAoT\\nB1NvbWVPcmcxFDASBgNVBAsTC1NvbWVPcmdVbml0MSEwHwYDVQQDExhrYWZrYS51\\nc2Vyc3lzLnJlZGhhdC5jb20wHhcNMTMwNzAzMjA1ODQ0WhcNMjMwNzAxMjA1ODQ0\\nWjAvMS0wKwYDVQQDEyQwMTBFOTlDMC0zMjc2LTExRTItODFDMS0wODAwMjAwQzlB\\nNjYwgZ8wDQYJKoZIhvcNAQEBBQADgY0AMIGJAoGBAKsvDJBkSWHhZJ75Vob36hDt\\nnOLUu0DrgaJU8H/3ZPOxo9B95w1t2FSZr7ePYGAxhDNm0lqJvarzRiqqyFq17j/O\\n8kKiNAoJQcKT2hTtJ/HBPyCeXtYk943yJMYoEihX1aubRzaWiBXB8d0vkH1Riahl\\nXCw69RCKa+jxcOSqsGAlAgMBAAEwDQYJKoZIhvcNAQEFBQADggEBAInIdIPhr0Vw\\nJuSfL61qVvggjSfZ0yL/0DijIKZilEEVqP7hxFbtuMyH7Lr2fN7QXFBavbJy8FSD\\nHDM3IjXwlZh/JBMjNhio65EwkpZiTnBLp5Um9FydR5SwBcscrMgedpwwgUj84QmA\\n3QK/3So+dvZ0BlC8N6HyI+LWu0gL7IOMZHi22S7GfsEFR1/5VBiQd+yw6uwMsEyv\\n8GOoX70V6tpX532HAgKJUmYeORIcqACQr4aJPb+jds4W/f2bnl1loJ+bDE5VsSf2\\nh6Ygl1t0xEsWBgHnZ0xJPydLj2Jr+dj/LTxFMJ/dToArQgJCnGboe80w1cnW9Gew\\nLkOSYANoFvo=\\n-----END CERTIFICATE-----\", \"_ns\": \"consumers\", \"notes\": {}, \"capabilities\": {}, \"_id\": {\"$oid\": \"51d49084196cbe5b68086d5f\"}, \"id\": \"010E99C0-3276-11E2-81C1-0800200C9A66\", \"_href\": {\"_href\": \"/pulp/api/v2/consumers/010E99C0-3276-11E2-81C1-0800200C9A66/\"}}"
    http_version: 
  recorded_at: Wed, 03 Jul 2013 20:58:44 GMT
- request: 
    method: post
    uri: https://localhost/pulp/api/v2/consumers/010E99C0-3276-11E2-81C1-0800200C9A66/profiles//
    body: 
      encoding: US-ASCII
      string: "{\"content_type\":\"rpm\",\"profile\":[{\"vendor\":\"FedoraHosted\",\"name\":\"elephant\",\"version\":\"0.3\",\"release\":\"0.8\",\"arch\":\"noarch\"}]}"
    headers: 
      Accept: 
      - application/json
      Accept-Encoding: 
      - gzip, deflate
      Content-Type: 
      - application/json
      Authorization: 
      - OAuth oauth_body_hash="2jmj7l5rSw0yVb%2FvlWAYkK%2FYBwk%3D", oauth_consumer_key="katello", oauth_nonce="cpWBJnW9v2IxUQKvUkV3rZU9A3WIhuvzelCfhgyeEYY", oauth_signature="nFfieR8Pi3on5hKc5gNra%2Blqd%2FM%3D", oauth_signature_method="HMAC-SHA1", oauth_timestamp="1372885124", oauth_version="1.0"
      Pulp-User: 
      - admin
      Content-Length: 
      - "126"
      User-Agent: 
      - Ruby
  response: 
    status: 
      code: 201
      message: Created
    headers: 
      Date: 
      - Wed, 03 Jul 2013 20:58:44 GMT
      Server: 
      - Apache/2.4.4 (Fedora) OpenSSL/1.0.1e-fips mod_wsgi/3.4 Python/2.7.3
      Location: 
      - /pulp/api/v2/consumers/010E99C0-3276-11E2-81C1-0800200C9A66/profiles/010E99C0-3276-11E2-81C1-0800200C9A66/rpm/
      Content-Length: 
      - "428"
      Content-Type: 
      - application/json
    body: 
      encoding: US-ASCII
      string: "{\"profile\": [{\"release\": \"0.8\", \"vendor\": \"FedoraHosted\", \"version\": \"0.3\", \"arch\": \"noarch\", \"name\": \"elephant\"}], \"_ns\": \"consumer_unit_profiles\", \"consumer_id\": \"010E99C0-3276-11E2-81C1-0800200C9A66\", \"content_type\": \"rpm\", \"_id\": {\"$oid\": \"51d48f8e196cbe5b680861de\"}, \"id\": \"51d48f8e196cbe5b680861de\", \"_href\": \"/pulp/api/v2/consumers/010E99C0-3276-11E2-81C1-0800200C9A66/profiles/010E99C0-3276-11E2-81C1-0800200C9A66/rpm/\"}"
    http_version: 
  recorded_at: Wed, 03 Jul 2013 20:58:45 GMT
- request: 
    method: post
    uri: https://localhost/pulp/api/v2/consumers/
    body: 
      encoding: US-ASCII
      string: "{\"id\":\"010E99C0-3276-11E2-81C1-0800200C9A66\",\"display_name\":\"Simple Server\"}"
    headers: 
      Accept: 
      - application/json
      Accept-Encoding: 
      - gzip, deflate
      Content-Type: 
      - application/json
      Authorization: 
      - OAuth oauth_body_hash="2jmj7l5rSw0yVb%2FvlWAYkK%2FYBwk%3D", oauth_consumer_key="katello", oauth_nonce="6BRqC8z1BwdZiQ0TXvCZ2V4VrQt3BAymnLGRSps5CMI", oauth_signature="epWKJsP12Q5sex1as6r%2FFDgjO5k%3D", oauth_signature_method="HMAC-SHA1", oauth_timestamp="1372885125", oauth_version="1.0"
      Pulp-User: 
      - admin
      Content-Length: 
      - "76"
      User-Agent: 
      - Ruby
  response: 
    status: 
      code: 201
      message: Created
    headers: 
      Date: 
      - Wed, 03 Jul 2013 20:58:45 GMT
      Server: 
      - Apache/2.4.4 (Fedora) OpenSSL/1.0.1e-fips mod_wsgi/3.4 Python/2.7.3
      Location: 
      - "{'_href': u'/pulp/api/v2/consumers/010E99C0-3276-11E2-81C1-0800200C9A66/'}"
      Content-Length: 
      - "2199"
      Content-Type: 
      - application/json
    body: 
      encoding: US-ASCII
      string: "{\"display_name\": \"Simple Server\", \"description\": null, \"certificate\": \"-----BEGIN RSA PRIVATE KEY-----\\nMIICXgIBAAKBgQC4Gj5ZEm1SakslJ2TK80x1bqEftFE2SJBTBc91WNrfRXML8tni\\nXWw6CtRgpmc964DnFBkrPqSH5+SfTnU8CUNBm+qvwEp1MIseXagnksOMRzz5kbX6\\niGifK55GL7W0noRlNFhfnAjnDrDoI8ajga3d4c6266SmsXTZgLHuzraR4QIDAQAB\\nAoGBAKdHUTdlwueLpVPRA4hUoThimQxRryj/rgOB2Arr/ZO5atuEge1orZnflTFs\\ngYqFnc5ZOLVOafkC/3ywsV0nnW9II2qsC/XH7DQ0CoeVzLxE7A290rNeGYJsn0SI\\nz1LJqX0WjVuulimjfpvk+Z7isuPtLuKoCce0AAtVsQVUW1AxAkEA6p11mMZ+cXPw\\nyvj2fAtXKPxavvbeuET3/SwDLdij1q3TW1Kiesdg4xLShHPaGiIER57YipeGMeMZ\\nGOZ6t2/e0wJBAMjiHfjZ0RHu8DdB7brSVjsfnAMeGGwE52rVCCTxxYIxO8fQ0QJL\\netBSX0aIZ7YgFlbIbyQ1jm0ROt6RRAWG4/sCQA8jrAP4ww4FIkOmvxkQDkbJyf1K\\npuKTKMGAho/9y8y9mMbq1StBFGJyw3zikO9gxI/ukyCWWIV9lxABR2fw4xsCQQCn\\nZi6d0j10GU4abhlCRsdPC59BxdGKKmgCUbYwuzzgqlBryapypB2a/hmhOEhcr86N\\n0Qc1AGBIqUQKdrlddbQDAkEA1DM11TJyS/+GWeYNv4eTW5MhtIJ/mkJdJYJ7ZhTA\\nbSeezha7q0RwXWWuGnuCsZzoFMxzyBxWZfrX0nD6wmMsjA==\\n-----END RSA PRIVATE KEY-----\\n-----BEGIN CERTIFICATE-----\\nMIICpDCCAYwCAgDgMA0GCSqGSIb3DQEBBQUAMIGDMQswCQYDVQQGEwJVUzEXMBUG\\nA1UECBMOTm9ydGggQ2Fyb2xpbmExEDAOBgNVBAcTB1JhbGVpZ2gxEDAOBgNVBAoT\\nB1NvbWVPcmcxFDASBgNVBAsTC1NvbWVPcmdVbml0MSEwHwYDVQQDExhrYWZrYS51\\nc2Vyc3lzLnJlZGhhdC5jb20wHhcNMTMwNzAzMjA1ODQ1WhcNMjMwNzAxMjA1ODQ1\\nWjAvMS0wKwYDVQQDEyQwMTBFOTlDMC0zMjc2LTExRTItODFDMS0wODAwMjAwQzlB\\nNjYwgZ8wDQYJKoZIhvcNAQEBBQADgY0AMIGJAoGBALgaPlkSbVJqSyUnZMrzTHVu\\noR+0UTZIkFMFz3VY2t9Fcwvy2eJdbDoK1GCmZz3rgOcUGSs+pIfn5J9OdTwJQ0Gb\\n6q/ASnUwix5dqCeSw4xHPPmRtfqIaJ8rnkYvtbSehGU0WF+cCOcOsOgjxqOBrd3h\\nzrbrpKaxdNmAse7OtpHhAgMBAAEwDQYJKoZIhvcNAQEFBQADggEBAGqgAEtbqw17\\nECH6tA7vbv5KxF25eF1c2xbky6XLpvjkbNjjsbX22J5Rp8AdrWLSaJOU46N/B4A3\\n3oOpWsg2tAdYtL6VCWiAqzZKmx1HUGLPf+F3tDA/XvVHjYIA857R2aRoZd5fqPI0\\nIiw8blDxyX4/vtT7rY2IuVsr7/PuuEPZ6prldat8l3uWJeczTm1jMSnHJEDVJGJY\\n/958NtzfTzzMuJqXC3l43lIl4T5ZpUzHudRxo9XR3dHNIuMbABlz8AIG+vekmyGZ\\n2Bmf9tbI9EFTBfxhMfwPkFi8XxkazxYi/5cCW5wtBiWxpc3vOLJ2+0E+6r7NacgL\\nQQVIq/W/aBM=\\n-----END CERTIFICATE-----\", \"_ns\": \"consumers\", \"notes\": {}, \"capabilities\": {}, \"_id\": {\"$oid\": \"51d49085196cbe5b68086d7c\"}, \"id\": \"010E99C0-3276-11E2-81C1-0800200C9A66\", \"_href\": {\"_href\": \"/pulp/api/v2/consumers/010E99C0-3276-11E2-81C1-0800200C9A66/\"}}"
    http_version: 
  recorded_at: Wed, 03 Jul 2013 20:58:45 GMT
- request: 
    method: put
    uri: https://localhost/pulp/api/v2/consumers/010E99C0-3276-11E2-81C1-0800200C9A66/
    body: 
      encoding: US-ASCII
      string: "{\"delta\":{\"display_name\":\"Not So Simple Server\"}}"
    headers: 
      Accept: 
      - application/json
      Accept-Encoding: 
      - gzip, deflate
      Content-Type: 
      - application/json
      Authorization: 
      - OAuth oauth_body_hash="2jmj7l5rSw0yVb%2FvlWAYkK%2FYBwk%3D", oauth_consumer_key="katello", oauth_nonce="BTBB2bK4awhwq6RAngix6OyEXzBiAjuoJwlOKoss6A", oauth_signature="GlLG0gO4SDantY%2FWklNGQdoTrAo%3D", oauth_signature_method="HMAC-SHA1", oauth_timestamp="1372885125", oauth_version="1.0"
      Pulp-User: 
      - admin
      Content-Length: 
      - "49"
      User-Agent: 
      - Ruby
  response: 
    status: 
      code: 200
      message: OK
    headers: 
      Date: 
      - Wed, 03 Jul 2013 20:58:45 GMT
      Server: 
      - Apache/2.4.4 (Fedora) OpenSSL/1.0.1e-fips mod_wsgi/3.4 Python/2.7.3
      Content-Length: 
      - "1289"
      Content-Type: 
      - application/json
    body: 
      encoding: US-ASCII
      string: "{\"display_name\": \"Not So Simple Server\", \"description\": null, \"certificate\": \"-----BEGIN CERTIFICATE-----\\nMIICpDCCAYwCAgDgMA0GCSqGSIb3DQEBBQUAMIGDMQswCQYDVQQGEwJVUzEXMBUG\\nA1UECBMOTm9ydGggQ2Fyb2xpbmExEDAOBgNVBAcTB1JhbGVpZ2gxEDAOBgNVBAoT\\nB1NvbWVPcmcxFDASBgNVBAsTC1NvbWVPcmdVbml0MSEwHwYDVQQDExhrYWZrYS51\\nc2Vyc3lzLnJlZGhhdC5jb20wHhcNMTMwNzAzMjA1ODQ1WhcNMjMwNzAxMjA1ODQ1\\nWjAvMS0wKwYDVQQDEyQwMTBFOTlDMC0zMjc2LTExRTItODFDMS0wODAwMjAwQzlB\\nNjYwgZ8wDQYJKoZIhvcNAQEBBQADgY0AMIGJAoGBALgaPlkSbVJqSyUnZMrzTHVu\\noR+0UTZIkFMFz3VY2t9Fcwvy2eJdbDoK1GCmZz3rgOcUGSs+pIfn5J9OdTwJQ0Gb\\n6q/ASnUwix5dqCeSw4xHPPmRtfqIaJ8rnkYvtbSehGU0WF+cCOcOsOgjxqOBrd3h\\nzrbrpKaxdNmAse7OtpHhAgMBAAEwDQYJKoZIhvcNAQEFBQADggEBAGqgAEtbqw17\\nECH6tA7vbv5KxF25eF1c2xbky6XLpvjkbNjjsbX22J5Rp8AdrWLSaJOU46N/B4A3\\n3oOpWsg2tAdYtL6VCWiAqzZKmx1HUGLPf+F3tDA/XvVHjYIA857R2aRoZd5fqPI0\\nIiw8blDxyX4/vtT7rY2IuVsr7/PuuEPZ6prldat8l3uWJeczTm1jMSnHJEDVJGJY\\n/958NtzfTzzMuJqXC3l43lIl4T5ZpUzHudRxo9XR3dHNIuMbABlz8AIG+vekmyGZ\\n2Bmf9tbI9EFTBfxhMfwPkFi8XxkazxYi/5cCW5wtBiWxpc3vOLJ2+0E+6r7NacgL\\nQQVIq/W/aBM=\\n-----END CERTIFICATE-----\", \"_ns\": \"consumers\", \"notes\": {}, \"capabilities\": {}, \"_id\": {\"$oid\": \"51d49085196cbe5b68086d7c\"}, \"id\": \"010E99C0-3276-11E2-81C1-0800200C9A66\", \"_href\": \"/pulp/api/v2/consumers/010E99C0-3276-11E2-81C1-0800200C9A66/\"}"
    http_version: 
  recorded_at: Wed, 03 Jul 2013 20:58:45 GMT
- request: 
    method: post
    uri: https://localhost/pulp/api/v2/consumers/
    body: 
      encoding: US-ASCII
      string: "{\"id\":\"010E99C0-3276-11E2-81C1-0800200C9A66\",\"display_name\":\"Simple Server\"}"
    headers: 
      Accept: 
      - application/json
      Accept-Encoding: 
      - gzip, deflate
      Content-Type: 
      - application/json
      Authorization: 
      - OAuth oauth_body_hash="2jmj7l5rSw0yVb%2FvlWAYkK%2FYBwk%3D", oauth_consumer_key="katello", oauth_nonce="YzF7wBKUffgGym7HlE3pS5j6fGtALR8FOG5FAoHUzY", oauth_signature="dnxD5w3D%2FPLXZ5w3QMlVornAYXg%3D", oauth_signature_method="HMAC-SHA1", oauth_timestamp="1372885126", oauth_version="1.0"
      Pulp-User: 
      - admin
      Content-Length: 
      - "76"
      User-Agent: 
      - Ruby
  response: 
    status: 
      code: 201
      message: Created
    headers: 
      Date: 
      - Wed, 03 Jul 2013 20:58:46 GMT
      Server: 
      - Apache/2.4.4 (Fedora) OpenSSL/1.0.1e-fips mod_wsgi/3.4 Python/2.7.3
      Location: 
      - "{'_href': u'/pulp/api/v2/consumers/010E99C0-3276-11E2-81C1-0800200C9A66/'}"
      Content-Length: 
      - "2199"
      Content-Type: 
      - application/json
    body: 
      encoding: US-ASCII
      string: "{\"display_name\": \"Simple Server\", \"description\": null, \"certificate\": \"-----BEGIN RSA PRIVATE KEY-----\\nMIICXwIBAAKBgQDDzy2iJi46G+5l7ZRTdQblwTaW37w6JGd24D6VC5nsHnUVNRRP\\neS67EcqBFZJ/MP3DUeGisMqAUB+JMMo9Va42yfmy+xHIg4Kk+jjvcSP7v50S8Ubu\\nY0a7nyWMC4ORthWY2AWJUEk4ZsERiMSMycC6eJv4VEBzjDPClY6kzTXTuQIDAQAB\\nAoGBAIWVQ8aJUaQnBf7XlAdToT8BD2LihCEOUN+SoF9CKOIi7TFootCNFcpdms9x\\njh3jqFul8s7w2VWsU7deZ7psR4q6yvX4mD1GmqQ0KgiJDHYQasm+8VjA2nRR8Z/F\\ntLeZL3Kfu6CuTFCrIogkfuZ2T10MCpfLOBRRZyxpBC8Rv/EBAkEA8p9gNqcjA0Vm\\nCoe1VSDfUXLtVBtEAixqUYCGrkiEvmN9wOugH7dRJAHkkyDlEAVyNLjE2h4NzqrU\\nYSA4nwLCiQJBAM6bCCPOmLpDzY+iln6awgbMPjmU1qxAqYYitCFqkTX/bY7Hu2Uy\\nGAwvQZ+tgm6n8bqhhvi7djvNibdUtprJ+7ECQQCKqTlkosro4K270Ol6mIno08T9\\nb4PDtjyhDdJrIrjy0ouZSVC/L5ao/If06jTfni0yInMmsUx0078DL1YM0pf5AkEA\\nmAUe4in72uJU+KErlxCMP7A9AOVxZ+FUW2xhmkzteAvwMyTn0Dgh1aVX5gQnewB8\\nL1T3GUHmZ25/LLRagF6qoQJBALnxabEO+HJH816yDtB10C/iqPbAxcoDFVhNpK9n\\nTro+zwvcR/InOwnlSWH7URt52fWyUE23j6LrE2iaUYirKrA=\\n-----END RSA PRIVATE KEY-----\\n-----BEGIN CERTIFICATE-----\\nMIICpDCCAYwCAgDhMA0GCSqGSIb3DQEBBQUAMIGDMQswCQYDVQQGEwJVUzEXMBUG\\nA1UECBMOTm9ydGggQ2Fyb2xpbmExEDAOBgNVBAcTB1JhbGVpZ2gxEDAOBgNVBAoT\\nB1NvbWVPcmcxFDASBgNVBAsTC1NvbWVPcmdVbml0MSEwHwYDVQQDExhrYWZrYS51\\nc2Vyc3lzLnJlZGhhdC5jb20wHhcNMTMwNzAzMjA1ODQ2WhcNMjMwNzAxMjA1ODQ2\\nWjAvMS0wKwYDVQQDEyQwMTBFOTlDMC0zMjc2LTExRTItODFDMS0wODAwMjAwQzlB\\nNjYwgZ8wDQYJKoZIhvcNAQEBBQADgY0AMIGJAoGBAMPPLaImLjob7mXtlFN1BuXB\\nNpbfvDokZ3bgPpULmewedRU1FE95LrsRyoEVkn8w/cNR4aKwyoBQH4kwyj1VrjbJ\\n+bL7EciDgqT6OO9xI/u/nRLxRu5jRrufJYwLg5G2FZjYBYlQSThmwRGIxIzJwLp4\\nm/hUQHOMM8KVjqTNNdO5AgMBAAEwDQYJKoZIhvcNAQEFBQADggEBAFe7MiJzqmQE\\nFIMHg9ZwHpXW+d4m1G0Ym/B3HPSNnnuVach8L0/ZnaowSfe3Eu71l+dkHCeMtkYy\\n5Gxiy4obpJ81nRhZU02RMCIWdi5f0asV1Upe6dZWZ/OUMTOh1zfbYu1YqpodTe+9\\nQKLlsrA8nTvPZ3lkvI/sqMjpen1MqyQhWT/+9GaS5LhkqneKu2+Li3CA5BtSvQf4\\nKh89RFn0fgaFROkkXH3WvlufEwhjsp94mSGYoacKgn/WrXCxzzG0uEssRo6OdraH\\n+7d0uLp9RNtOcVA64s3MUHpEPMt50D10sNjUn+J1utR0BQubjgc3aD/IdnOV/WLy\\n+EzoV58r22g=\\n-----END CERTIFICATE-----\", \"_ns\": \"consumers\", \"notes\": {}, \"capabilities\": {}, \"_id\": {\"$oid\": \"51d49086196cbe5b68086d99\"}, \"id\": \"010E99C0-3276-11E2-81C1-0800200C9A66\", \"_href\": {\"_href\": \"/pulp/api/v2/consumers/010E99C0-3276-11E2-81C1-0800200C9A66/\"}}"
    http_version: 
  recorded_at: Wed, 03 Jul 2013 20:58:46 GMT
recorded_with: VCR 2.5.0
