--- 
http_interactions: 
- request: 
    method: post
    uri: https://localhost/pulp/api/v2/content/units/erratum/search/
    body: 
      encoding: US-ASCII
      string: "{\"criteria\":{\"filters\":{\"_id\":{\"$in\":[\"b18fa55a-db84-401f-8661-16820fb47ffe\"]}}},\"include_repos\":true}"
    headers: 
      Accept: 
      - application/json
      Accept-Encoding: 
      - gzip, deflate
      Content-Type: 
      - application/json
      Authorization: 
      - OAuth oauth_body_hash="2jmj7l5rSw0yVb%2FvlWAYkK%2FYBwk%3D", oauth_consumer_key="katello", oauth_nonce="uEj2fa1Fv6iP6wnhW2RVwmCcM6svIObnGmDKSEGQ", oauth_signature="AQCqPt4ZydPeWA%2BDlyDoLTE%2BRUE%3D", oauth_signature_method="HMAC-SHA1", oauth_timestamp="1370533535", oauth_version="1.0"
      Pulp-User: 
      - admin
      Content-Length: 
      - "102"
      User-Agent: 
      - Ruby
  response: 
    status: 
      code: 200
      message: OK
    headers: 
      Date: 
      - Thu, 06 Jun 2013 15:45:35 GMT
      Server: 
      - Apache/2.4.4 (Fedora) OpenSSL/1.0.1e-fips mod_wsgi/3.4 Python/2.7.3
      Content-Length: 
      - "834"
      Content-Type: 
      - application/json
    body: 
      encoding: US-ASCII
      string: "[{\"issued\": \"2010-01-01 01:01:01\", \"references\": [], \"_content_type_id\": \"erratum\", \"id\": \"RHEA-2010:0002\", \"severity\": \"\", \"title\": \"One package errata\", \"version\": \"1\", \"reboot_suggested\": false, \"type\": \"security\", \"pkglist\": [{\"packages\": [{\"src\": \"http://www.fedoraproject.org\", \"name\": \"elephant\", \"filename\": \"elephant-0.3-0.8.noarch.rpm\", \"epoch\": null, \"version\": \"0.3\", \"release\": \"0.8\", \"arch\": \"noarch\"}], \"name\": \"1\", \"short\": \"\"}], \"status\": \"stable\", \"updated\": \"\", \"description\": \"One package errata\", \"pushcount\": 1, \"from_str\": \"lzap+pub@redhat.com\", \"_storage_path\": null, \"rights\": \"\", \"solution\": \"\", \"summary\": \"\", \"release\": \"1\", \"_id\": \"b18fa55a-db84-401f-8661-16820fb47ffe\", \"_href\": \"/pulp/api/v2/content/units/erratum/b18fa55a-db84-401f-8661-16820fb47ffe/\", \"children\": {}, \"repository_memberships\": [\"1\"]}]"
    http_version: 
  recorded_at: Thu, 06 Jun 2013 15:45:35 GMT
- request: 
    method: post
    uri: https://localhost/pulp/api/v2/content/units/erratum/search/
    body: 
      encoding: US-ASCII
      string: "{\"criteria\":{\"filters\":{\"_id\":{\"$in\":[\"b18fa55a-db84-401f-8661-16820fb47ffe\"]}}}}"
    headers: 
      Accept: 
      - application/json
      Accept-Encoding: 
      - gzip, deflate
      Content-Type: 
      - application/json
      Authorization: 
      - OAuth oauth_body_hash="2jmj7l5rSw0yVb%2FvlWAYkK%2FYBwk%3D", oauth_consumer_key="katello", oauth_nonce="WlKd3oafJDlIIG4f8WULdBTtgPRa1xCZpvpxsJKo0", oauth_signature="vuBuYbcdbDzBtaw7V2X7zJbRL%2BE%3D", oauth_signature_method="HMAC-SHA1", oauth_timestamp="1370533535", oauth_version="1.0"
      Pulp-User: 
      - admin
      Content-Length: 
      - "81"
      User-Agent: 
      - Ruby
  response: 
    status: 
      code: 200
      message: OK
    headers: 
      Date: 
      - Thu, 06 Jun 2013 15:45:35 GMT
      Server: 
      - Apache/2.4.4 (Fedora) OpenSSL/1.0.1e-fips mod_wsgi/3.4 Python/2.7.3
      Content-Length: 
      - "801"
      Content-Type: 
      - application/json
    body: 
      encoding: US-ASCII
      string: "[{\"issued\": \"2010-01-01 01:01:01\", \"references\": [], \"_content_type_id\": \"erratum\", \"id\": \"RHEA-2010:0002\", \"severity\": \"\", \"title\": \"One package errata\", \"version\": \"1\", \"reboot_suggested\": false, \"type\": \"security\", \"pkglist\": [{\"packages\": [{\"src\": \"http://www.fedoraproject.org\", \"name\": \"elephant\", \"filename\": \"elephant-0.3-0.8.noarch.rpm\", \"epoch\": null, \"version\": \"0.3\", \"release\": \"0.8\", \"arch\": \"noarch\"}], \"name\": \"1\", \"short\": \"\"}], \"status\": \"stable\", \"updated\": \"\", \"description\": \"One package errata\", \"pushcount\": 1, \"from_str\": \"lzap+pub@redhat.com\", \"_storage_path\": null, \"rights\": \"\", \"solution\": \"\", \"summary\": \"\", \"release\": \"1\", \"_id\": \"b18fa55a-db84-401f-8661-16820fb47ffe\", \"_href\": \"/pulp/api/v2/content/units/erratum/b18fa55a-db84-401f-8661-16820fb47ffe/\", \"children\": {}}]"
    http_version: 
  recorded_at: Thu, 06 Jun 2013 15:45:35 GMT
- request: 
    method: post
    uri: https://localhost/pulp/api/v2/content/units/erratum/search/
    body: 
      encoding: US-ASCII
      string: "{\"criteria\":{\"filters\":{\"_id\":{\"$in\":[\"b18fa55a-db84-401f-8661-16820fb47ffe\"]}}},\"include_repos\":true}"
    headers: 
      Accept: 
      - application/json
      Accept-Encoding: 
      - gzip, deflate
      Content-Type: 
      - application/json
      Authorization: 
      - OAuth oauth_body_hash="2jmj7l5rSw0yVb%2FvlWAYkK%2FYBwk%3D", oauth_consumer_key="katello", oauth_nonce="PpjgB4QTBu9ff0WDaEJSMJTRKztBaP0M1kcGcm1DyTI", oauth_signature="qU9cgC64z49msHJMZljYVnLYrN0%3D", oauth_signature_method="HMAC-SHA1", oauth_timestamp="1370533535", oauth_version="1.0"
      Pulp-User: 
      - admin
      Content-Length: 
      - "102"
      User-Agent: 
      - Ruby
  response: 
    status: 
      code: 200
      message: OK
    headers: 
      Date: 
      - Thu, 06 Jun 2013 15:45:36 GMT
      Server: 
      - Apache/2.4.4 (Fedora) OpenSSL/1.0.1e-fips mod_wsgi/3.4 Python/2.7.3
      Content-Length: 
      - "834"
      Content-Type: 
      - application/json
    body: 
      encoding: US-ASCII
      string: "[{\"issued\": \"2010-01-01 01:01:01\", \"references\": [], \"_content_type_id\": \"erratum\", \"id\": \"RHEA-2010:0002\", \"severity\": \"\", \"title\": \"One package errata\", \"version\": \"1\", \"reboot_suggested\": false, \"type\": \"security\", \"pkglist\": [{\"packages\": [{\"src\": \"http://www.fedoraproject.org\", \"name\": \"elephant\", \"filename\": \"elephant-0.3-0.8.noarch.rpm\", \"epoch\": null, \"version\": \"0.3\", \"release\": \"0.8\", \"arch\": \"noarch\"}], \"name\": \"1\", \"short\": \"\"}], \"status\": \"stable\", \"updated\": \"\", \"description\": \"One package errata\", \"pushcount\": 1, \"from_str\": \"lzap+pub@redhat.com\", \"_storage_path\": null, \"rights\": \"\", \"solution\": \"\", \"summary\": \"\", \"release\": \"1\", \"_id\": \"b18fa55a-db84-401f-8661-16820fb47ffe\", \"_href\": \"/pulp/api/v2/content/units/erratum/b18fa55a-db84-401f-8661-16820fb47ffe/\", \"children\": {}, \"repository_memberships\": [\"1\"]}]"
    http_version: 
  recorded_at: Thu, 06 Jun 2013 15:45:36 GMT
- request: 
    method: post
    uri: https://localhost/pulp/api/v2/content/units/erratum/search/
    body: 
      encoding: US-ASCII
      string: "{\"criteria\":{\"filters\":{\"_id\":{\"$in\":[\"b18fa55a-db84-401f-8661-16820fb47ffe\"]}}},\"include_repos\":true}"
    headers: 
      Accept: 
      - application/json
      Accept-Encoding: 
      - gzip, deflate
      Content-Type: 
      - application/json
      Authorization: 
      - OAuth oauth_body_hash="2jmj7l5rSw0yVb%2FvlWAYkK%2FYBwk%3D", oauth_consumer_key="katello", oauth_nonce="H9MKX7zUPmHLB0vcbMS0KQL7nxUWvV1FAusa2PFKvps", oauth_signature="6IgjQjWk0veZGArIooji8GnQAjs%3D", oauth_signature_method="HMAC-SHA1", oauth_timestamp="1370533536", oauth_version="1.0"
      Pulp-User: 
      - admin
      Content-Length: 
      - "102"
      User-Agent: 
      - Ruby
  response: 
    status: 
      code: 200
      message: OK
    headers: 
      Date: 
      - Thu, 06 Jun 2013 15:45:36 GMT
      Server: 
      - Apache/2.4.4 (Fedora) OpenSSL/1.0.1e-fips mod_wsgi/3.4 Python/2.7.3
      Content-Length: 
      - "834"
      Content-Type: 
      - application/json
    body: 
      encoding: US-ASCII
      string: "[{\"issued\": \"2010-01-01 01:01:01\", \"references\": [], \"_content_type_id\": \"erratum\", \"id\": \"RHEA-2010:0002\", \"severity\": \"\", \"title\": \"One package errata\", \"version\": \"1\", \"reboot_suggested\": false, \"type\": \"security\", \"pkglist\": [{\"packages\": [{\"src\": \"http://www.fedoraproject.org\", \"name\": \"elephant\", \"filename\": \"elephant-0.3-0.8.noarch.rpm\", \"epoch\": null, \"version\": \"0.3\", \"release\": \"0.8\", \"arch\": \"noarch\"}], \"name\": \"1\", \"short\": \"\"}], \"status\": \"stable\", \"updated\": \"\", \"description\": \"One package errata\", \"pushcount\": 1, \"from_str\": \"lzap+pub@redhat.com\", \"_storage_path\": null, \"rights\": \"\", \"solution\": \"\", \"summary\": \"\", \"release\": \"1\", \"_id\": \"b18fa55a-db84-401f-8661-16820fb47ffe\", \"_href\": \"/pulp/api/v2/content/units/erratum/b18fa55a-db84-401f-8661-16820fb47ffe/\", \"children\": {}, \"repository_memberships\": [\"1\"]}]"
    http_version: 
  recorded_at: Thu, 06 Jun 2013 15:45:36 GMT
- request: 
    method: post
    uri: https://localhost/pulp/api/v2/repositories/1/search/units/
    body: 
      encoding: US-ASCII
      string: "{\"criteria\":{\"type_ids\":[\"erratum\"],\"fields\":{\"unit\":[],\"association\":[\"unit_id\"]}}}"
    headers: 
      Accept: 
      - application/json
      Accept-Encoding: 
      - gzip, deflate
      Content-Type: 
      - application/json
      Authorization: 
      - OAuth oauth_body_hash="2jmj7l5rSw0yVb%2FvlWAYkK%2FYBwk%3D", oauth_consumer_key="katello", oauth_nonce="ewR0phv2HMQNYDdMvww2mJyGn9jIENw1tBluT1lbw", oauth_signature="mO%2BmBMbKr4Z7T5XP25g0aNfcIxs%3D", oauth_signature_method="HMAC-SHA1", oauth_timestamp="1370533539", oauth_version="1.0"
      Pulp-User: 
      - admin
      Content-Length: 
      - "84"
      User-Agent: 
      - Ruby
  response: 
    status: 
      code: 200
      message: OK
    headers: 
      Date: 
      - Thu, 06 Jun 2013 15:45:39 GMT
      Server: 
      - Apache/2.4.4 (Fedora) OpenSSL/1.0.1e-fips mod_wsgi/3.4 Python/2.7.3
      Content-Length: 
      - "372"
      Content-Type: 
      - application/json
    body: 
      encoding: US-ASCII
      string: "[{\"_id\": {\"$oid\": \"51b0aea2196cbe7f35f42c65\"}, \"unit_id\": \"94c66464-f06b-48e2-87ce-37f9f7895be4\", \"unit_type_id\": \"erratum\", \"metadata\": {\"_id\": \"94c66464-f06b-48e2-87ce-37f9f7895be4\"}}, {\"_id\": {\"$oid\": \"51b0aea2196cbe7f35f42c67\"}, \"unit_id\": \"b18fa55a-db84-401f-8661-16820fb47ffe\", \"unit_type_id\": \"erratum\", \"metadata\": {\"_id\": \"b18fa55a-db84-401f-8661-16820fb47ffe\"}}]"
    http_version: 
  recorded_at: Thu, 06 Jun 2013 15:45:40 GMT
- request: 
    method: post
    uri: https://localhost/pulp/api/v2/content/units/erratum/search/
    body: 
      encoding: US-ASCII
      string: "{\"criteria\":{\"filters\":{\"_id\":{\"$in\":[\"94c66464-f06b-48e2-87ce-37f9f7895be4\",\"b18fa55a-db84-401f-8661-16820fb47ffe\"]}}},\"include_repos\":true}"
    headers: 
      Accept: 
      - application/json
      Accept-Encoding: 
      - gzip, deflate
      Content-Type: 
      - application/json
      Authorization: 
      - OAuth oauth_body_hash="2jmj7l5rSw0yVb%2FvlWAYkK%2FYBwk%3D", oauth_consumer_key="katello", oauth_nonce="Ajvnv9nKKNBopgAr5jzteHapwqfg4Os4ExQxd3Ww", oauth_signature="Yi9vr8eyRTc3r0Egpo8PYOlQE38%3D", oauth_signature_method="HMAC-SHA1", oauth_timestamp="1370533540", oauth_version="1.0"
      Pulp-User: 
      - admin
      Content-Length: 
      - "141"
      User-Agent: 
      - Ruby
  response: 
    status: 
      code: 200
      message: OK
    headers: 
      Date: 
      - Thu, 06 Jun 2013 15:45:40 GMT
      Server: 
      - Apache/2.4.4 (Fedora) OpenSSL/1.0.1e-fips mod_wsgi/3.4 Python/2.7.3
      Content-Length: 
      - "1443"
      Content-Type: 
      - application/json
    body: 
      encoding: US-ASCII
      string: "[{\"issued\": \"2010-01-01 01:01:01\", \"references\": [], \"_content_type_id\": \"erratum\", \"id\": \"RHEA-2010:0001\", \"severity\": \"\", \"title\": \"Empty errata\", \"version\": \"1\", \"reboot_suggested\": false, \"type\": \"security\", \"pkglist\": [], \"status\": \"stable\", \"updated\": \"\", \"description\": \"Empty errata\", \"pushcount\": 1, \"from_str\": \"lzap+pub@redhat.com\", \"_storage_path\": null, \"rights\": \"\", \"solution\": \"\", \"summary\": \"\", \"release\": \"1\", \"_id\": \"94c66464-f06b-48e2-87ce-37f9f7895be4\", \"_href\": \"/pulp/api/v2/content/units/erratum/94c66464-f06b-48e2-87ce-37f9f7895be4/\", \"children\": {}, \"repository_memberships\": [\"1\"]}, {\"issued\": \"2010-01-01 01:01:01\", \"references\": [], \"_content_type_id\": \"erratum\", \"id\": \"RHEA-2010:0002\", \"severity\": \"\", \"title\": \"One package errata\", \"version\": \"1\", \"reboot_suggested\": false, \"type\": \"security\", \"pkglist\": [{\"packages\": [{\"src\": \"http://www.fedoraproject.org\", \"name\": \"elephant\", \"filename\": \"elephant-0.3-0.8.noarch.rpm\", \"epoch\": null, \"version\": \"0.3\", \"release\": \"0.8\", \"arch\": \"noarch\"}], \"name\": \"1\", \"short\": \"\"}], \"status\": \"stable\", \"updated\": \"\", \"description\": \"One package errata\", \"pushcount\": 1, \"from_str\": \"lzap+pub@redhat.com\", \"_storage_path\": null, \"rights\": \"\", \"solution\": \"\", \"summary\": \"\", \"release\": \"1\", \"_id\": \"b18fa55a-db84-401f-8661-16820fb47ffe\", \"_href\": \"/pulp/api/v2/content/units/erratum/b18fa55a-db84-401f-8661-16820fb47ffe/\", \"children\": {}, \"repository_memberships\": [\"1\"]}]"
    http_version: 
  recorded_at: Thu, 06 Jun 2013 15:45:40 GMT
recorded_with: VCR 2.4.0
