--- 
http_interactions: 
- request: 
    method: post
    uri: https://abed.usersys.redhat.com/pulp/api/v2/repositories/acme_corporation_label-staging_label-org_default_label-fedora_label-fedora_17_x86_64_label/actions/associate/
    body: 
      encoding: US-ASCII
      string: "{\"source_repo_id\":\"1\",\"criteria\":{\"type_ids\":[\"rpm\"],\"filters\":{}}}"
    headers: 
      Accept: 
      - application/json
      Accept-Encoding: 
      - gzip, deflate
      Content-Type: 
      - application/json
      Authorization: 
      - OAuth oauth_body_hash="2jmj7l5rSw0yVb%2FvlWAYkK%2FYBwk%3D", oauth_consumer_key="katello", oauth_nonce="UQPpk73WfQX9TF9OGu4hYOP9zn5X4cZ7cMh3TDhk", oauth_signature="X%2FysBQ9luvmgA7gL%2BKeDk9UUpUg%3D", oauth_signature_method="HMAC-SHA1", oauth_timestamp="1364277417", oauth_version="1.0"
      Pulp-User: 
      - admin
      Content-Length: 
      - "67"
      User-Agent: 
      - Ruby
  response: 
    status: 
      code: 202
      message: Accepted
    headers: 
      Date: 
      - Tue, 26 Mar 2013 05:56:57 GMT
      Server: 
      - Apache/2.2.15 (Red Hat)
      Content-Encoding: 
      - utf-8
      Content-Length: 
      - "824"
      Content-Type: 
      - application/json
    body: 
      encoding: US-ASCII
      string: "{\"task_group_id\": null, \"exception\": null, \"traceback\": null, \"_href\": \"/pulp/api/v2/tasks/87f472e1-fd63-468d-b324-ca817e382b2e/\", \"task_id\": \"87f472e1-fd63-468d-b324-ca817e382b2e\", \"call_request_tags\": [\"pulp:repository:acme_corporation_label-staging_label-org_default_label-fedora_label-fedora_17_x86_64_label\", \"pulp:repository:1\", \"pulp:action:associate\"], \"reasons\": [], \"start_time\": null, \"tags\": [\"pulp:repository:acme_corporation_label-staging_label-org_default_label-fedora_label-fedora_17_x86_64_label\", \"pulp:repository:1\", \"pulp:action:associate\"], \"state\": \"waiting\", \"finish_time\": null, \"dependency_failures\": {}, \"schedule_id\": null, \"progress\": {}, \"call_request_group_id\": null, \"call_request_id\": \"87f472e1-fd63-468d-b324-ca817e382b2e\", \"principal_login\": \"admin\", \"response\": \"accepted\", \"result\": null}"
    http_version: 
  recorded_at: Tue, 26 Mar 2013 05:56:57 GMT
- request: 
    method: post
    uri: https://abed.usersys.redhat.com/pulp/api/v2/repositories/acme_corporation_label-staging_label-org_default_label-fedora_label-fedora_17_x86_64_label/actions/associate/
    body: 
      encoding: US-ASCII
      string: "{\"source_repo_id\":\"1\",\"criteria\":{\"type_ids\":[\"erratum\"],\"filters\":{}}}"
    headers: 
      Accept: 
      - application/json
      Accept-Encoding: 
      - gzip, deflate
      Content-Type: 
      - application/json
      Authorization: 
      - OAuth oauth_body_hash="2jmj7l5rSw0yVb%2FvlWAYkK%2FYBwk%3D", oauth_consumer_key="katello", oauth_nonce="KN5FScsGdJYeHK81gfycJbnhj8y1ugBys8i7vGduI", oauth_signature="tZaNGL%2BcDddNnyx%2FApnXG2s94q8%3D", oauth_signature_method="HMAC-SHA1", oauth_timestamp="1364277417", oauth_version="1.0"
      Pulp-User: 
      - admin
      Content-Length: 
      - "71"
      User-Agent: 
      - Ruby
  response: 
    status: 
      code: 202
      message: Accepted
    headers: 
      Date: 
      - Tue, 26 Mar 2013 05:56:57 GMT
      Server: 
      - Apache/2.2.15 (Red Hat)
      Content-Encoding: 
      - utf-8
      Content-Length: 
      - "824"
      Content-Type: 
      - application/json
    body: 
      encoding: US-ASCII
      string: "{\"task_group_id\": null, \"exception\": null, \"traceback\": null, \"_href\": \"/pulp/api/v2/tasks/f7382c41-60cc-4b57-95a1-2adff4589def/\", \"task_id\": \"f7382c41-60cc-4b57-95a1-2adff4589def\", \"call_request_tags\": [\"pulp:repository:acme_corporation_label-staging_label-org_default_label-fedora_label-fedora_17_x86_64_label\", \"pulp:repository:1\", \"pulp:action:associate\"], \"reasons\": [], \"start_time\": null, \"tags\": [\"pulp:repository:acme_corporation_label-staging_label-org_default_label-fedora_label-fedora_17_x86_64_label\", \"pulp:repository:1\", \"pulp:action:associate\"], \"state\": \"waiting\", \"finish_time\": null, \"dependency_failures\": {}, \"schedule_id\": null, \"progress\": {}, \"call_request_group_id\": null, \"call_request_id\": \"f7382c41-60cc-4b57-95a1-2adff4589def\", \"principal_login\": \"admin\", \"response\": \"accepted\", \"result\": null}"
    http_version: 
  recorded_at: Tue, 26 Mar 2013 05:56:57 GMT
- request: 
    method: post
    uri: https://abed.usersys.redhat.com/pulp/api/v2/repositories/acme_corporation_label-staging_label-org_default_label-fedora_label-fedora_17_x86_64_label/actions/associate/
    body: 
      encoding: US-ASCII
      string: "{\"source_repo_id\":\"1\",\"criteria\":{\"type_ids\":[\"distribution\"],\"filters\":{}}}"
    headers: 
      Accept: 
      - application/json
      Accept-Encoding: 
      - gzip, deflate
      Content-Type: 
      - application/json
      Authorization: 
      - OAuth oauth_body_hash="2jmj7l5rSw0yVb%2FvlWAYkK%2FYBwk%3D", oauth_consumer_key="katello", oauth_nonce="d0YkFpjhUJlvOedBXK1f4bUdelEQ6mhFNbNs9aXH7h8", oauth_signature="jdA0C%2Bhlg0wrgGdazHWrGIsz8Z8%3D", oauth_signature_method="HMAC-SHA1", oauth_timestamp="1364277417", oauth_version="1.0"
      Pulp-User: 
      - admin
      Content-Length: 
      - "76"
      User-Agent: 
      - Ruby
  response: 
    status: 
      code: 202
      message: Accepted
    headers: 
      Date: 
      - Tue, 26 Mar 2013 05:56:57 GMT
      Server: 
      - Apache/2.2.15 (Red Hat)
      Content-Encoding: 
      - utf-8
      Content-Length: 
      - "824"
      Content-Type: 
      - application/json
    body: 
      encoding: US-ASCII
      string: "{\"task_group_id\": null, \"exception\": null, \"traceback\": null, \"_href\": \"/pulp/api/v2/tasks/6d9815f7-5cef-4adc-bc40-f96f7088c04e/\", \"task_id\": \"6d9815f7-5cef-4adc-bc40-f96f7088c04e\", \"call_request_tags\": [\"pulp:repository:acme_corporation_label-staging_label-org_default_label-fedora_label-fedora_17_x86_64_label\", \"pulp:repository:1\", \"pulp:action:associate\"], \"reasons\": [], \"start_time\": null, \"tags\": [\"pulp:repository:acme_corporation_label-staging_label-org_default_label-fedora_label-fedora_17_x86_64_label\", \"pulp:repository:1\", \"pulp:action:associate\"], \"state\": \"waiting\", \"finish_time\": null, \"dependency_failures\": {}, \"schedule_id\": null, \"progress\": {}, \"call_request_group_id\": null, \"call_request_id\": \"6d9815f7-5cef-4adc-bc40-f96f7088c04e\", \"principal_login\": \"admin\", \"response\": \"accepted\", \"result\": null}"
    http_version: 
  recorded_at: Tue, 26 Mar 2013 05:56:57 GMT
- request: 
    method: post
    uri: https://abed.usersys.redhat.com/pulp/api/v2/repositories/acme_corporation_label-staging_label-org_default_label-fedora_label-fedora_17_x86_64_label/actions/associate/
    body: 
      encoding: US-ASCII
      string: "{\"source_repo_id\":\"1\",\"criteria\":{\"type_ids\":[\"package_group\"],\"filters\":{}}}"
    headers: 
      Accept: 
      - application/json
      Accept-Encoding: 
      - gzip, deflate
      Content-Type: 
      - application/json
      Authorization: 
      - OAuth oauth_body_hash="2jmj7l5rSw0yVb%2FvlWAYkK%2FYBwk%3D", oauth_consumer_key="katello", oauth_nonce="Jzehi1wmZsz0dr1Xl6vhBPqzNHncBO8xyQVj1nRkk", oauth_signature="v88rGXHRQJCIuNOFSfRLEznurDU%3D", oauth_signature_method="HMAC-SHA1", oauth_timestamp="1364277417", oauth_version="1.0"
      Pulp-User: 
      - admin
      Content-Length: 
      - "77"
      User-Agent: 
      - Ruby
  response: 
    status: 
      code: 202
      message: Accepted
    headers: 
      Date: 
      - Tue, 26 Mar 2013 05:56:57 GMT
      Server: 
      - Apache/2.2.15 (Red Hat)
      Content-Encoding: 
      - utf-8
      Content-Length: 
      - "824"
      Content-Type: 
      - application/json
    body: 
      encoding: US-ASCII
      string: "{\"task_group_id\": null, \"exception\": null, \"traceback\": null, \"_href\": \"/pulp/api/v2/tasks/a07648df-1aed-4f96-a5e6-f6bee8766328/\", \"task_id\": \"a07648df-1aed-4f96-a5e6-f6bee8766328\", \"call_request_tags\": [\"pulp:repository:acme_corporation_label-staging_label-org_default_label-fedora_label-fedora_17_x86_64_label\", \"pulp:repository:1\", \"pulp:action:associate\"], \"reasons\": [], \"start_time\": null, \"tags\": [\"pulp:repository:acme_corporation_label-staging_label-org_default_label-fedora_label-fedora_17_x86_64_label\", \"pulp:repository:1\", \"pulp:action:associate\"], \"state\": \"waiting\", \"finish_time\": null, \"dependency_failures\": {}, \"schedule_id\": null, \"progress\": {}, \"call_request_group_id\": null, \"call_request_id\": \"a07648df-1aed-4f96-a5e6-f6bee8766328\", \"principal_login\": \"admin\", \"response\": \"accepted\", \"result\": null}"
    http_version: 
  recorded_at: Tue, 26 Mar 2013 05:56:57 GMT
- request: 
    method: delete
    uri: https://abed.usersys.redhat.com/pulp/api/v2/repositories/acme_corporation_label-staging_label-org_default_label-fedora_label-fedora_17_x86_64_label/
    body: 
      encoding: US-ASCII
      string: ""
    headers: 
      Accept: 
      - application/json
      Accept-Encoding: 
      - gzip, deflate
      Content-Type: 
      - application/json
      Authorization: 
      - OAuth oauth_consumer_key="katello", oauth_nonce="dEhvEmn3kVnDwojWn8vmsZHUDO7i51slm653k0IxiEs", oauth_signature="L6TzxamshwXNmeYyuZar%2FRXlRGU%3D", oauth_signature_method="HMAC-SHA1", oauth_timestamp="1364277420", oauth_version="1.0"
      Pulp-User: 
      - admin
      User-Agent: 
      - Ruby
  response: 
    status: 
      code: 202
      message: Accepted
    headers: 
      Date: 
      - Tue, 26 Mar 2013 05:57:00 GMT
      Server: 
      - Apache/2.2.15 (Red Hat)
      Content-Encoding: 
      - utf-8
      Content-Length: 
      - "852"
      Content-Type: 
      - application/json
    body: 
      encoding: US-ASCII
      string: "[{\"task_group_id\": \"6a7d07ed-3b06-4c36-86c7-d85aaa485ff5\", \"exception\": null, \"traceback\": null, \"_href\": \"/pulp/api/v2/task_groups/6a7d07ed-3b06-4c36-86c7-d85aaa485ff5/\", \"task_id\": \"3ffb6c6b-f5d6-42fe-b229-969de3549668\", \"call_request_tags\": [\"pulp:repository:acme_corporation_label-staging_label-org_default_label-fedora_label-fedora_17_x86_64_label\", \"pulp:action:delete\"], \"reasons\": [], \"start_time\": null, \"tags\": [\"pulp:repository:acme_corporation_label-staging_label-org_default_label-fedora_label-fedora_17_x86_64_label\", \"pulp:action:delete\"], \"state\": \"waiting\", \"finish_time\": null, \"dependency_failures\": {}, \"schedule_id\": null, \"progress\": {}, \"call_request_group_id\": \"6a7d07ed-3b06-4c36-86c7-d85aaa485ff5\", \"call_request_id\": \"3ffb6c6b-f5d6-42fe-b229-969de3549668\", \"principal_login\": \"admin\", \"response\": \"accepted\", \"result\": null}]"
    http_version: 
  recorded_at: Tue, 26 Mar 2013 05:57:00 GMT
- request: 
    method: post
    uri: https://abed.usersys.redhat.com/pulp/api/v2/repositories/
    body: 
      encoding: US-ASCII
      string: "{\"id\":\"1\",\"display_name\":\"Fedora 17 x86_64\",\"importer_type_id\":\"yum_importer\",\"importer_config\":{\"ssl_ca_cert\":null,\"ssl_client_cert\":null,\"ssl_client_key\":null,\"feed_url\":\"file:///home/jlsherri/git/katello/src/test/fixtures/zoo5\"},\"distributors\":[{\"distributor_type\":\"yum_distributor\",\"distributor_config\":{\"relative_url\":\"/test_path/\",\"http\":false,\"https\":true,\"protected\":true},\"auto_publish\":false,\"distributor_id\":\"1\"}]}"
    headers: 
      Accept: 
      - application/json
      Accept-Encoding: 
      - gzip, deflate
      Content-Type: 
      - application/json
      Authorization: 
      - OAuth oauth_body_hash="2jmj7l5rSw0yVb%2FvlWAYkK%2FYBwk%3D", oauth_consumer_key="katello", oauth_nonce="TQQ4GVLCHRuq6RcA23Byb0IoAw6aa6Jn0oUdPBdEE1Y", oauth_signature="OY%2Bi%2FAO2iU96jRdvRnPZxvuyFyc%3D", oauth_signature_method="HMAC-SHA1", oauth_timestamp="1364277421", oauth_version="1.0"
      Pulp-User: 
      - admin
      Content-Length: 
      - "425"
      User-Agent: 
      - Ruby
  response: 
    status: 
      code: 201
      message: Created
    headers: 
      Date: 
      - Tue, 26 Mar 2013 05:57:01 GMT
      Server: 
      - Apache/2.2.15 (Red Hat)
      Location: 
      - "1"
      Content-Length: 
      - "228"
      Content-Type: 
      - application/json
    body: 
      encoding: US-ASCII
      string: "{\"scratchpad\": {}, \"display_name\": \"Fedora 17 x86_64\", \"description\": null, \"_ns\": \"repos\", \"notes\": {}, \"content_unit_counts\": {}, \"_id\": {\"$oid\": \"515138ad5ca0133d08003065\"}, \"id\": \"1\", \"_href\": \"/pulp/api/v2/repositories/1/\"}"
    http_version: 
  recorded_at: Tue, 26 Mar 2013 05:57:01 GMT
- request: 
    method: post
    uri: https://abed.usersys.redhat.com/pulp/api/v2/repositories/1/actions/sync/
    body: 
      encoding: US-ASCII
      string: "{\"override_config\":{\"num_threads\":4}}"
    headers: 
      Accept: 
      - application/json
      Accept-Encoding: 
      - gzip, deflate
      Content-Type: 
      - application/json
      Authorization: 
      - OAuth oauth_body_hash="2jmj7l5rSw0yVb%2FvlWAYkK%2FYBwk%3D", oauth_consumer_key="katello", oauth_nonce="P7KXUv04H2BFmfqTnoCXO6cKbPu87LPtjwfwEFqPQ", oauth_signature="1KO3PZO7pHvIVWyieP1r0x0wMRM%3D", oauth_signature_method="HMAC-SHA1", oauth_timestamp="1364277421", oauth_version="1.0"
      Pulp-User: 
      - admin
      Content-Length: 
      - "37"
      User-Agent: 
      - Ruby
  response: 
    status: 
      code: 202
      message: Accepted
    headers: 
      Date: 
      - Tue, 26 Mar 2013 05:57:01 GMT
      Server: 
      - Apache/2.2.15 (Red Hat)
      Content-Encoding: 
      - utf-8
      Content-Length: 
      - "670"
      Content-Type: 
      - application/json
    body: 
      encoding: US-ASCII
      string: "[{\"task_group_id\": \"3ac62c8d-4fd8-433c-9055-a1eb9bf8e61a\", \"exception\": null, \"traceback\": null, \"_href\": \"/pulp/api/v2/task_groups/3ac62c8d-4fd8-433c-9055-a1eb9bf8e61a/\", \"task_id\": \"f236587a-2356-4ea9-86ec-8eb6494c50cf\", \"call_request_tags\": [\"pulp:repository:1\", \"pulp:action:sync\"], \"reasons\": [], \"start_time\": null, \"tags\": [\"pulp:repository:1\", \"pulp:action:sync\"], \"state\": \"waiting\", \"finish_time\": null, \"dependency_failures\": {}, \"schedule_id\": null, \"progress\": {}, \"call_request_group_id\": \"3ac62c8d-4fd8-433c-9055-a1eb9bf8e61a\", \"call_request_id\": \"f236587a-2356-4ea9-86ec-8eb6494c50cf\", \"principal_login\": \"admin\", \"response\": \"accepted\", \"result\": null}]"
    http_version: 
  recorded_at: Tue, 26 Mar 2013 05:57:01 GMT
- request: 
    method: post
    uri: https://abed.usersys.redhat.com/pulp/api/v2/repositories/
    body: 
      encoding: US-ASCII
      string: "{\"id\":\"1\",\"display_name\":\"Fedora 17 x86_64\",\"importer_type_id\":\"yum_importer\",\"importer_config\":{\"ssl_ca_cert\":null,\"ssl_client_cert\":null,\"ssl_client_key\":null,\"feed_url\":\"file:///home/jlsherri/git/katello/src/test/fixtures/zoo5\"},\"distributors\":[{\"distributor_type\":\"yum_distributor\",\"distributor_config\":{\"relative_url\":\"/test_path/\",\"http\":false,\"https\":true,\"protected\":true},\"auto_publish\":false,\"distributor_id\":\"1\"}]}"
    headers: 
      Accept: 
      - application/json
      Accept-Encoding: 
      - gzip, deflate
      Content-Type: 
      - application/json
      Authorization: 
      - OAuth oauth_body_hash="2jmj7l5rSw0yVb%2FvlWAYkK%2FYBwk%3D", oauth_consumer_key="katello", oauth_nonce="Mx98RptCsPZz5oZTqbRUH0AFdOsfzaVZhFMZyo4D5A", oauth_signature="Rtl6XxYaV6El5ylITx0MPa7wAfE%3D", oauth_signature_method="HMAC-SHA1", oauth_timestamp="1364277434", oauth_version="1.0"
      Pulp-User: 
      - admin
      Content-Length: 
      - "425"
      User-Agent: 
      - Ruby
  response: 
    status: 
      code: 201
      message: Created
    headers: 
      Date: 
      - Tue, 26 Mar 2013 05:57:14 GMT
      Server: 
      - Apache/2.2.15 (Red Hat)
      Location: 
      - "1"
      Content-Length: 
      - "228"
      Content-Type: 
      - application/json
    body: 
      encoding: US-ASCII
      string: "{\"scratchpad\": {}, \"display_name\": \"Fedora 17 x86_64\", \"description\": null, \"_ns\": \"repos\", \"notes\": {}, \"content_unit_counts\": {}, \"_id\": {\"$oid\": \"515138ba5ca0133d08003190\"}, \"id\": \"1\", \"_href\": \"/pulp/api/v2/repositories/1/\"}"
    http_version: 
  recorded_at: Tue, 26 Mar 2013 05:57:14 GMT
- request: 
    method: delete
    uri: https://abed.usersys.redhat.com/pulp/api/v2/repositories/1/
    body: 
      encoding: US-ASCII
      string: ""
    headers: 
      Accept: 
      - application/json
      Accept-Encoding: 
      - gzip, deflate
      Content-Type: 
      - application/json
      Authorization: 
      - OAuth oauth_consumer_key="katello", oauth_nonce="RtXPdAN0uFwr9V2XfwzijibJizDQbLQ28L5Mmjzs", oauth_signature="bUFTepJmva%2B%2BPIzRtl8EoeF9ytc%3D", oauth_signature_method="HMAC-SHA1", oauth_timestamp="1364277436", oauth_version="1.0"
      Pulp-User: 
      - admin
      User-Agent: 
      - Ruby
  response: 
    status: 
      code: 202
      message: Accepted
    headers: 
      Date: 
      - Tue, 26 Mar 2013 05:57:16 GMT
      Server: 
      - Apache/2.2.15 (Red Hat)
      Content-Encoding: 
      - utf-8
      Content-Length: 
      - "674"
      Content-Type: 
      - application/json
    body: 
      encoding: US-ASCII
      string: "[{\"task_group_id\": \"38c58669-6c63-4006-bf85-10aa02c5e71d\", \"exception\": null, \"traceback\": null, \"_href\": \"/pulp/api/v2/task_groups/38c58669-6c63-4006-bf85-10aa02c5e71d/\", \"task_id\": \"2b2d6413-55a5-4798-a4a0-b23ec69cbf90\", \"call_request_tags\": [\"pulp:repository:1\", \"pulp:action:delete\"], \"reasons\": [], \"start_time\": null, \"tags\": [\"pulp:repository:1\", \"pulp:action:delete\"], \"state\": \"waiting\", \"finish_time\": null, \"dependency_failures\": {}, \"schedule_id\": null, \"progress\": {}, \"call_request_group_id\": \"38c58669-6c63-4006-bf85-10aa02c5e71d\", \"call_request_id\": \"2b2d6413-55a5-4798-a4a0-b23ec69cbf90\", \"principal_login\": \"admin\", \"response\": \"accepted\", \"result\": null}]"
    http_version: 
  recorded_at: Tue, 26 Mar 2013 05:57:16 GMT
recorded_with: VCR 2.4.0
