--- 
http_interactions: 
- request: 
    method: post
    uri: https://localhost/pulp/api/v2/users/
    body: 
      encoding: US-ASCII
      string: "{\"login\":\"batman\",\"name\":\"batman\",\"password\":\"qupYTUoQzN3E7vOQ\"}"
    headers: 
      Accept: 
      - application/json
      Accept-Encoding: 
      - gzip, deflate
      Content-Type: 
      - application/json
      Authorization: 
      - OAuth oauth_body_hash="2jmj7l5rSw0yVb%2FvlWAYkK%2FYBwk%3D", oauth_consumer_key="katello", oauth_nonce="bGY9Yfmu2EEINiUvyUuz8nhPMe3mRchdl1g5wfIjzGU", oauth_signature="upgrNvAyuuqhDW1qvMip1eF%2B640%3D", oauth_signature_method="HMAC-SHA1", oauth_timestamp="1373298203", oauth_version="1.0"
      Pulp-User: 
      - admin
      Content-Length: 
      - "64"
      User-Agent: 
      - Ruby
  response: 
    status: 
      code: 201
      message: Created
    headers: 
      Date: 
      - Mon, 08 Jul 2013 15:43:23 GMT
      Server: 
      - Apache/2.4.4 (Fedora) OpenSSL/1.0.1e-fips mod_wsgi/3.4 Python/2.7.3
      Location: 
      - batman
      Content-Length: 
      - "184"
      Content-Type: 
      - application/json
    body: 
      encoding: US-ASCII
      string: "{\"_id\": {\"$oid\": \"51dade1b196cbe793976ba72\"}, \"name\": \"batman\", \"roles\": [], \"_ns\": \"users\", \"login\": \"batman\", \"id\": \"51dade1b196cbe793976ba72\", \"_href\": \"/pulp/api/v2/users/batman/\"}"
    http_version: 
  recorded_at: Mon, 08 Jul 2013 15:43:23 GMT
- request: 
    method: delete
    uri: https://localhost/pulp/api/v2/users/batman/
    body: 
      encoding: US-ASCII
      string: ""
    headers: 
      Accept: 
      - application/json
      Accept-Encoding: 
      - gzip, deflate
      Content-Type: 
      - application/json
      Authorization: 
      - OAuth oauth_consumer_key="katello", oauth_nonce="rfhgZiLH0WpQM5D6UQCPO5zc78JEWRO6MUMJ5WCwFw", oauth_signature="GG0QSDHcx%2FUNUdnWEcay29fLMSY%3D", oauth_signature_method="HMAC-SHA1", oauth_timestamp="1373298204", oauth_version="1.0"
      Pulp-User: 
      - admin
      User-Agent: 
      - Ruby
  response: 
    status: 
      code: 200
      message: OK
    headers: 
      Date: 
      - Mon, 08 Jul 2013 15:43:24 GMT
      Server: 
      - Apache/2.4.4 (Fedora) OpenSSL/1.0.1e-fips mod_wsgi/3.4 Python/2.7.3
      Content-Length: 
      - "4"
      Content-Type: 
      - application/json
    body: 
      encoding: US-ASCII
      string: "null"
    http_version: 
  recorded_at: Mon, 08 Jul 2013 15:43:24 GMT
- request: 
    method: delete
    uri: https://localhost/pulp/api/v2/roles/super-users/users/batman/
    body: 
      encoding: US-ASCII
      string: ""
    headers: 
      Accept: 
      - application/json
      Accept-Encoding: 
      - gzip, deflate
      Content-Type: 
      - application/json
      Authorization: 
      - OAuth oauth_consumer_key="katello", oauth_nonce="LNNMdj1VSXcu1o8GBZsqGAgoAZl7TEQWgLFPKJ4", oauth_signature="tGRjLS84kSujdqDCfJe%2FIXew%2FGo%3D", oauth_signature_method="HMAC-SHA1", oauth_timestamp="1373298205", oauth_version="1.0"
      Pulp-User: 
      - admin
      User-Agent: 
      - Ruby
  response: 
    status: 
      code: 200
      message: OK
    headers: 
      Date: 
      - Mon, 08 Jul 2013 15:43:25 GMT
      Server: 
      - Apache/2.4.4 (Fedora) OpenSSL/1.0.1e-fips mod_wsgi/3.4 Python/2.7.3
      Content-Length: 
      - "4"
      Content-Type: 
      - application/json
    body: 
      encoding: US-ASCII
      string: "null"
    http_version: 
  recorded_at: Mon, 08 Jul 2013 15:43:25 GMT
- request: 
    method: post
    uri: https://localhost/pulp/api/v2/roles/super-users/users/
    body: 
      encoding: US-ASCII
      string: "{\"login\":\"batman\"}"
    headers: 
      Accept: 
      - application/json
      Accept-Encoding: 
      - gzip, deflate
      Content-Type: 
      - application/json
      Authorization: 
      - OAuth oauth_body_hash="2jmj7l5rSw0yVb%2FvlWAYkK%2FYBwk%3D", oauth_consumer_key="katello", oauth_nonce="gWArEGvqK2g2D7H5mFeN7f6mzrpObJwQeh7q1qtN0", oauth_signature="H0Sq7Xa2qNmkc%2FR6xRZkmueN1MA%3D", oauth_signature_method="HMAC-SHA1", oauth_timestamp="1373298205", oauth_version="1.0"
      Pulp-User: 
      - admin
      Content-Length: 
      - "18"
      User-Agent: 
      - Ruby
  response: 
    status: 
      code: 200
      message: OK
    headers: 
      Date: 
      - Mon, 08 Jul 2013 15:43:26 GMT
      Server: 
      - Apache/2.4.4 (Fedora) OpenSSL/1.0.1e-fips mod_wsgi/3.4 Python/2.7.3
      Content-Length: 
      - "4"
      Content-Type: 
      - application/json
    body: 
      encoding: US-ASCII
      string: "null"
    http_version: 
  recorded_at: Mon, 08 Jul 2013 15:43:26 GMT
recorded_with: VCR 2.5.0
