--- 
http_interactions: 
- request: 
    method: get
    uri: https://localhost/pulp/api/v2/tasks/124708ba-74f6-4026-a46a-879e685d80ed/
    body: 
      encoding: US-ASCII
      string: ""
    headers: 
      Accept: 
      - application/json
      Accept-Encoding: 
      - gzip, deflate
      Content-Type: 
      - application/json
      Authorization: 
      - OAuth oauth_consumer_key="katello", oauth_nonce="q1cZzs5xf441Ol3l4dI3HGiqXoRoQSqpTgT2gnMwcg", oauth_signature="p2ICmkYPdAg78X3RS1ruNjrXOsI%3D", oauth_signature_method="HMAC-SHA1", oauth_timestamp="1386107629", oauth_version="1.0"
      Pulp-User: 
      - admin
      User-Agent: 
      - Ruby
  response: 
    status: 
      code: 200
      message: OK
    headers: 
      Date: 
      - Tue, 03 Dec 2013 21:53:49 GMT
      Server: 
      - Apache/2.2.15 (Red Hat)
      Content-Length: 
      - "1148"
      Content-Type: 
      - application/json
    body: 
      encoding: US-ASCII
      string: "{\"task_group_id\": \"bef220aa-a8ee-436d-867f-df177d7aab15\", \"exception\": null, \"traceback\": null, \"_href\": \"/pulp/api/v2/tasks/124708ba-74f6-4026-a46a-879e685d80ed/\", \"task_id\": \"124708ba-74f6-4026-a46a-879e685d80ed\", \"call_request_tags\": [\"pulp:repository:4\", \"pulp:action:sync\"], \"reasons\": [], \"start_time\": \"2013-12-03T21:53:49Z\", \"tags\": [\"pulp:repository:4\", \"pulp:action:sync\"], \"state\": \"running\", \"finish_time\": null, \"dependency_failures\": {}, \"schedule_id\": null, \"progress\": {\"puppet_importer\": {\"modules\": {\"finished_count\": 3, \"state\": \"running\", \"traceback\": null, \"error_count\": 0, \"error\": \"None\", \"execution_time\": null, \"total_count\": 4, \"error_message\": null, \"individual_errors\": null}, \"metadata\": {\"query_finished_count\": 1, \"state\": \"success\", \"error_message\": null, \"error\": \"None\", \"execution_time\": 0, \"query_total_count\": 1, \"current_query\": \"http://davidd.fedorapeople.org/repos/random_puppet/modules.json\", \"traceback\": null}}}, \"call_request_group_id\": \"bef220aa-a8ee-436d-867f-df177d7aab15\", \"call_request_id\": \"124708ba-74f6-4026-a46a-879e685d80ed\", \"principal_login\": \"admin\", \"response\": \"accepted\", \"result\": null}"
    http_version: 
  recorded_at: Tue, 03 Dec 2013 21:53:50 GMT
- request: 
    method: get
    uri: https://localhost/pulp/api/v2/tasks/124708ba-74f6-4026-a46a-879e685d80ed/
    body: 
      encoding: US-ASCII
      string: ""
    headers: 
      Accept: 
      - application/json
      Accept-Encoding: 
      - gzip, deflate
      Content-Type: 
      - application/json
      Authorization: 
      - OAuth oauth_consumer_key="katello", oauth_nonce="IhbHTey1fvTG1qCkaWyuvgZFM8LMugdZdivwJE11fw", oauth_signature="oreStyVcx2KDg%2BSE30ccDhEdg5g%3D", oauth_signature_method="HMAC-SHA1", oauth_timestamp="1386107631", oauth_version="1.0"
      Pulp-User: 
      - admin
      User-Agent: 
      - Ruby
  response: 
    status: 
      code: 200
      message: OK
    headers: 
      Date: 
      - Tue, 03 Dec 2013 21:53:51 GMT
      Server: 
      - Apache/2.2.15 (Red Hat)
      Content-Length: 
      - "1643"
      Content-Type: 
      - application/json
    body: 
      encoding: US-ASCII
      string: "{\"task_group_id\": \"bef220aa-a8ee-436d-867f-df177d7aab15\", \"exception\": null, \"traceback\": null, \"_href\": \"/pulp/api/v2/tasks/124708ba-74f6-4026-a46a-879e685d80ed/\", \"task_id\": \"124708ba-74f6-4026-a46a-879e685d80ed\", \"call_request_tags\": [\"pulp:repository:4\", \"pulp:action:sync\"], \"reasons\": [], \"start_time\": \"2013-12-03T21:53:49Z\", \"tags\": [\"pulp:repository:4\", \"pulp:action:sync\"], \"state\": \"finished\", \"finish_time\": \"2013-12-03T21:53:50Z\", \"dependency_failures\": {}, \"schedule_id\": null, \"progress\": {\"puppet_importer\": {\"modules\": {\"finished_count\": 4, \"state\": \"success\", \"traceback\": null, \"error_count\": 0, \"error\": \"None\", \"execution_time\": 0, \"total_count\": 4, \"error_message\": null, \"individual_errors\": null}, \"metadata\": {\"query_finished_count\": 1, \"state\": \"success\", \"error_message\": null, \"error\": \"None\", \"execution_time\": 0, \"query_total_count\": 1, \"current_query\": \"http://davidd.fedorapeople.org/repos/random_puppet/modules.json\", \"traceback\": null}}}, \"call_request_group_id\": \"bef220aa-a8ee-436d-867f-df177d7aab15\", \"call_request_id\": \"124708ba-74f6-4026-a46a-879e685d80ed\", \"principal_login\": \"admin\", \"response\": \"accepted\", \"result\": {\"importer_id\": \"puppet_importer\", \"exception\": null, \"repo_id\": \"4\", \"traceback\": null, \"started\": \"2013-12-03T16:53:49-05:00\", \"_ns\": \"repo_sync_results\", \"completed\": \"2013-12-03T16:53:50-05:00\", \"importer_type_id\": \"puppet_importer\", \"error_message\": null, \"summary\": {\"total_execution_time\": 0}, \"added_count\": 4, \"result\": \"success\", \"updated_count\": 0, \"details\": {\"finished_count\": 4, \"total_count\": 4, \"error_count\": 0}, \"id\": \"529e52ee4b261653f90a0687\", \"removed_count\": 0}}"
    http_version: 
  recorded_at: Tue, 03 Dec 2013 21:53:51 GMT
- request: 
    method: post
    uri: https://localhost/pulp/api/v2/repositories/
    body: 
      encoding: US-ASCII
      string: "{\"id\":\"5\",\"display_name\":\"P Forge\",\"importer_type_id\":\"puppet_importer\",\"importer_config\":{},\"notes\":{\"_repo-type\":\"puppet-repo\"},\"distributors\":[{\"distributor_type\":\"puppet_install_distributor\",\"distributor_config\":{\"install_path\":\"/etc/puppet/environments/KT_dev_label_org_default_label_30237652/modules\",\"auto_publish\":true},\"auto_publish\":true,\"distributor_id\":\"5\"},{\"distributor_type\":\"nodes_http_distributor\",\"distributor_config\":{},\"auto_publish\":true,\"distributor_id\":\"5_nodes\"}]}"
    headers: 
      Accept: 
      - application/json
      Accept-Encoding: 
      - gzip, deflate
      Content-Type: 
      - application/json
      Authorization: 
      - OAuth oauth_body_hash="2jmj7l5rSw0yVb%2FvlWAYkK%2FYBwk%3D", oauth_consumer_key="katello", oauth_nonce="5TV2Kg4W6FRjDL4wmnWrxNSKokFvzzMKMaC4Lz1G13A", oauth_signature="ZdaVxwL%2B63RqqSAynb3uvNFo6gM%3D", oauth_signature_method="HMAC-SHA1", oauth_timestamp="1386107632", oauth_version="1.0"
      Pulp-User: 
      - admin
      Content-Length: 
      - "488"
      User-Agent: 
      - Ruby
  response: 
    status: 
      code: 201
      message: Created
    headers: 
      Date: 
      - Tue, 03 Dec 2013 21:53:52 GMT
      Server: 
      - Apache/2.2.15 (Red Hat)
      Location: 
      - "5"
      Content-Length: 
      - "246"
      Content-Type: 
      - application/json
    body: 
      encoding: US-ASCII
      string: "{\"scratchpad\": {}, \"display_name\": \"P Forge\", \"description\": null, \"_ns\": \"repos\", \"notes\": {\"_repo-type\": \"puppet-repo\"}, \"content_unit_counts\": {}, \"_id\": {\"$oid\": \"529e52f04b261653f90a0698\"}, \"id\": \"5\", \"_href\": \"/pulp/api/v2/repositories/5/\"}"
    http_version: 
  recorded_at: Tue, 03 Dec 2013 21:53:52 GMT
- request: 
    method: delete
    uri: https://localhost/pulp/api/v2/repositories/5/
    body: 
      encoding: US-ASCII
      string: ""
    headers: 
      Accept: 
      - application/json
      Accept-Encoding: 
      - gzip, deflate
      Content-Type: 
      - application/json
      Authorization: 
      - OAuth oauth_consumer_key="katello", oauth_nonce="jrFpgf5ZMoGeswFGyFuprKRvEkpDVGq7A9hDBIwNfc", oauth_signature="S95p%2BdRWaOq1RYNnsSZ9IrMJE2E%3D", oauth_signature_method="HMAC-SHA1", oauth_timestamp="1386107632", oauth_version="1.0"
      Pulp-User: 
      - admin
      User-Agent: 
      - Ruby
  response: 
    status: 
      code: 202
      message: Accepted
    headers: 
      Date: 
      - Tue, 03 Dec 2013 21:53:52 GMT
      Server: 
      - Apache/2.2.15 (Red Hat)
      Content-Encoding:
      - utf-8
      Content-Length: 
      - "674"
      Content-Type: 
      - application/json
    body: 
      encoding: US-ASCII
      string: "[{\"task_group_id\": \"1924c37c-a05a-4695-b6b0-287547045f76\", \"exception\": null, \"traceback\": null, \"_href\": \"/pulp/api/v2/task_groups/1924c37c-a05a-4695-b6b0-287547045f76/\", \"task_id\": \"944e627f-a45d-406c-97a3-c1e939d7a258\", \"call_request_tags\": [\"pulp:repository:5\", \"pulp:action:delete\"], \"reasons\": [], \"start_time\": null, \"tags\": [\"pulp:repository:5\", \"pulp:action:delete\"], \"state\": \"waiting\", \"finish_time\": null, \"dependency_failures\": {}, \"schedule_id\": null, \"progress\": {}, \"call_request_group_id\": \"1924c37c-a05a-4695-b6b0-287547045f76\", \"call_request_id\": \"944e627f-a45d-406c-97a3-c1e939d7a258\", \"principal_login\": \"admin\", \"response\": \"accepted\", \"result\": null}]"
    http_version: 
  recorded_at: Tue, 03 Dec 2013 21:53:52 GMT
- request: 
    method: get
    uri: https://localhost/pulp/api/v2/tasks/54fdfc4e-2a03-44c9-baf3-5a3cb673a0b4/
    body: 
      encoding: US-ASCII
      string: ""
    headers: 
      Accept: 
      - application/json
      Accept-Encoding: 
      - gzip, deflate
      Content-Type: 
      - application/json
      Authorization: 
      - OAuth oauth_consumer_key="katello", oauth_nonce="2MgbEM2RQ4bQLQz9VAGjiN4FBDyAK1K0zgvVUxzjJfg", oauth_signature="N%2F1iDz7KYkYYkLjOqslNkXQwwpM%3D", oauth_signature_method="HMAC-SHA1", oauth_timestamp="1386107633", oauth_version="1.0"
      Pulp-User: 
      - admin
      User-Agent: 
      - Ruby
  response: 
    status: 
      code: 200
      message: OK
    headers: 
      Date: 
      - Tue, 03 Dec 2013 21:53:53 GMT
      Server: 
      - Apache/2.2.15 (Red Hat)
      Content-Length: 
      - "1643"
      Content-Type: 
      - application/json
    body: 
      encoding: US-ASCII
      string: "{\"task_group_id\": \"9c55b45b-cf48-4f0e-80c8-a45f554c2f23\", \"exception\": null, \"traceback\": null, \"_href\": \"/pulp/api/v2/tasks/54fdfc4e-2a03-44c9-baf3-5a3cb673a0b4/\", \"task_id\": \"54fdfc4e-2a03-44c9-baf3-5a3cb673a0b4\", \"call_request_tags\": [\"pulp:repository:4\", \"pulp:action:sync\"], \"reasons\": [], \"start_time\": \"2013-12-03T21:53:53Z\", \"tags\": [\"pulp:repository:4\", \"pulp:action:sync\"], \"state\": \"finished\", \"finish_time\": \"2013-12-03T21:53:53Z\", \"dependency_failures\": {}, \"schedule_id\": null, \"progress\": {\"puppet_importer\": {\"modules\": {\"finished_count\": 4, \"state\": \"success\", \"traceback\": null, \"error_count\": 0, \"error\": \"None\", \"execution_time\": 0, \"total_count\": 4, \"error_message\": null, \"individual_errors\": null}, \"metadata\": {\"query_finished_count\": 1, \"state\": \"success\", \"error_message\": null, \"error\": \"None\", \"execution_time\": 0, \"query_total_count\": 1, \"current_query\": \"http://davidd.fedorapeople.org/repos/random_puppet/modules.json\", \"traceback\": null}}}, \"call_request_group_id\": \"9c55b45b-cf48-4f0e-80c8-a45f554c2f23\", \"call_request_id\": \"54fdfc4e-2a03-44c9-baf3-5a3cb673a0b4\", \"principal_login\": \"admin\", \"response\": \"accepted\", \"result\": {\"importer_id\": \"puppet_importer\", \"exception\": null, \"repo_id\": \"4\", \"traceback\": null, \"started\": \"2013-12-03T16:53:53-05:00\", \"_ns\": \"repo_sync_results\", \"completed\": \"2013-12-03T16:53:53-05:00\", \"importer_type_id\": \"puppet_importer\", \"error_message\": null, \"summary\": {\"total_execution_time\": 0}, \"added_count\": 0, \"result\": \"success\", \"updated_count\": 4, \"details\": {\"finished_count\": 4, \"total_count\": 4, \"error_count\": 0}, \"id\": \"529e52f14b261653f90a06d6\", \"removed_count\": 0}}"
    http_version: 
  recorded_at: Tue, 03 Dec 2013 21:53:53 GMT
- request: 
    method: get
    uri: https://localhost/pulp/api/v2/tasks/764735d4-ef8e-4fc5-ba3f-10fb7c87a469/
    body: 
      encoding: US-ASCII
      string: ""
    headers: 
      Accept: 
      - application/json
      Accept-Encoding: 
      - gzip, deflate
      Content-Type: 
      - application/json
      Authorization: 
      - OAuth oauth_consumer_key="katello", oauth_nonce="1XnsJvF82ATSCer49AXg8bDga9xzk9z5vkRFaXbtRg", oauth_signature="21c6h%2ByS0k5gbqen8Dv53nSIseo%3D", oauth_signature_method="HMAC-SHA1", oauth_timestamp="1386107635", oauth_version="1.0"
      Pulp-User: 
      - admin
      User-Agent: 
      - Ruby
  response: 
    status: 
      code: 200
      message: OK
    headers: 
      Date: 
      - Tue, 03 Dec 2013 21:53:55 GMT
      Server: 
      - Apache/2.2.15 (Red Hat)
      Content-Length: 
      - "1148"
      Content-Type: 
      - application/json
    body: 
      encoding: US-ASCII
      string: "{\"task_group_id\": \"19771d24-e8fc-4674-ae7a-2f6b6839422f\", \"exception\": null, \"traceback\": null, \"_href\": \"/pulp/api/v2/tasks/764735d4-ef8e-4fc5-ba3f-10fb7c87a469/\", \"task_id\": \"764735d4-ef8e-4fc5-ba3f-10fb7c87a469\", \"call_request_tags\": [\"pulp:repository:4\", \"pulp:action:sync\"], \"reasons\": [], \"start_time\": \"2013-12-03T21:53:55Z\", \"tags\": [\"pulp:repository:4\", \"pulp:action:sync\"], \"state\": \"running\", \"finish_time\": null, \"dependency_failures\": {}, \"schedule_id\": null, \"progress\": {\"puppet_importer\": {\"modules\": {\"finished_count\": 2, \"state\": \"running\", \"traceback\": null, \"error_count\": 0, \"error\": \"None\", \"execution_time\": null, \"total_count\": 4, \"error_message\": null, \"individual_errors\": null}, \"metadata\": {\"query_finished_count\": 1, \"state\": \"success\", \"error_message\": null, \"error\": \"None\", \"execution_time\": 0, \"query_total_count\": 1, \"current_query\": \"http://davidd.fedorapeople.org/repos/random_puppet/modules.json\", \"traceback\": null}}}, \"call_request_group_id\": \"19771d24-e8fc-4674-ae7a-2f6b6839422f\", \"call_request_id\": \"764735d4-ef8e-4fc5-ba3f-10fb7c87a469\", \"principal_login\": \"admin\", \"response\": \"accepted\", \"result\": null}"
    http_version: 
  recorded_at: Tue, 03 Dec 2013 21:53:55 GMT
- request: 
    method: get
    uri: https://localhost/pulp/api/v2/tasks/764735d4-ef8e-4fc5-ba3f-10fb7c87a469/
    body: 
      encoding: US-ASCII
      string: ""
    headers: 
      Accept: 
      - application/json
      Accept-Encoding: 
      - gzip, deflate
      Content-Type: 
      - application/json
      Authorization: 
      - OAuth oauth_consumer_key="katello", oauth_nonce="MGdrGWwm4DholoObqZkpPFzuUU9u6Rv9udH4Bp3QA", oauth_signature="4Nb5dWkvxbAbGehJ%2FT%2BEOsAq6bo%3D", oauth_signature_method="HMAC-SHA1", oauth_timestamp="1386107637", oauth_version="1.0"
      Pulp-User: 
      - admin
      User-Agent: 
      - Ruby
  response: 
    status: 
      code: 200
      message: OK
    headers: 
      Date: 
      - Tue, 03 Dec 2013 21:53:57 GMT
      Server: 
      - Apache/2.2.15 (Red Hat)
      Content-Length: 
      - "1643"
      Content-Type: 
      - application/json
    body: 
      encoding: US-ASCII
      string: "{\"task_group_id\": \"19771d24-e8fc-4674-ae7a-2f6b6839422f\", \"exception\": null, \"traceback\": null, \"_href\": \"/pulp/api/v2/tasks/764735d4-ef8e-4fc5-ba3f-10fb7c87a469/\", \"task_id\": \"764735d4-ef8e-4fc5-ba3f-10fb7c87a469\", \"call_request_tags\": [\"pulp:repository:4\", \"pulp:action:sync\"], \"reasons\": [], \"start_time\": \"2013-12-03T21:53:55Z\", \"tags\": [\"pulp:repository:4\", \"pulp:action:sync\"], \"state\": \"finished\", \"finish_time\": \"2013-12-03T21:53:55Z\", \"dependency_failures\": {}, \"schedule_id\": null, \"progress\": {\"puppet_importer\": {\"modules\": {\"finished_count\": 4, \"state\": \"success\", \"traceback\": null, \"error_count\": 0, \"error\": \"None\", \"execution_time\": 0, \"total_count\": 4, \"error_message\": null, \"individual_errors\": null}, \"metadata\": {\"query_finished_count\": 1, \"state\": \"success\", \"error_message\": null, \"error\": \"None\", \"execution_time\": 0, \"query_total_count\": 1, \"current_query\": \"http://davidd.fedorapeople.org/repos/random_puppet/modules.json\", \"traceback\": null}}}, \"call_request_group_id\": \"19771d24-e8fc-4674-ae7a-2f6b6839422f\", \"call_request_id\": \"764735d4-ef8e-4fc5-ba3f-10fb7c87a469\", \"principal_login\": \"admin\", \"response\": \"accepted\", \"result\": {\"importer_id\": \"puppet_importer\", \"exception\": null, \"repo_id\": \"4\", \"traceback\": null, \"started\": \"2013-12-03T16:53:55-05:00\", \"_ns\": \"repo_sync_results\", \"completed\": \"2013-12-03T16:53:55-05:00\", \"importer_type_id\": \"puppet_importer\", \"error_message\": null, \"summary\": {\"total_execution_time\": 0}, \"added_count\": 0, \"result\": \"success\", \"updated_count\": 4, \"details\": {\"finished_count\": 4, \"total_count\": 4, \"error_count\": 0}, \"id\": \"529e52f34b261653f90a070d\", \"removed_count\": 0}}"
    http_version: 
  recorded_at: Tue, 03 Dec 2013 21:53:57 GMT
- request: 
    method: post
    uri: https://localhost/pulp/api/v2/repositories/
    body: 
      encoding: US-ASCII
      string: "{\"id\":\"4\",\"display_name\":\"P Forge\",\"importer_type_id\":\"puppet_importer\",\"importer_config\":{\"feed\":\"http://davidd.fedorapeople.org/repos/random_puppet/\"},\"notes\":{\"_repo-type\":\"puppet-repo\"},\"distributors\":[{\"distributor_type\":\"puppet_install_distributor\",\"distributor_config\":{\"install_path\":\"/etc/puppet/environments/KT_library_label_published_library_view_405955044/modules\",\"auto_publish\":true},\"auto_publish\":true,\"distributor_id\":\"4\"},{\"distributor_type\":\"nodes_http_distributor\",\"distributor_config\":{},\"auto_publish\":true,\"distributor_id\":\"4_nodes\"}]}"
    headers: 
      Accept: 
      - application/json
      Accept-Encoding: 
      - gzip, deflate
      Content-Type: 
      - application/json
      Authorization: 
      - OAuth oauth_body_hash="2jmj7l5rSw0yVb%2FvlWAYkK%2FYBwk%3D", oauth_consumer_key="katello", oauth_nonce="ZUSHEP5lcg2vCiamMHYmEvo1lIrnBjkxmOPYQDnG2E", oauth_signature="v0QIkcUX0p1Ee1dCCWkke4ne69I%3D", oauth_signature_method="HMAC-SHA1", oauth_timestamp="1386107638", oauth_version="1.0"
      Pulp-User: 
      - admin
      Content-Length: 
      - "558"
      User-Agent: 
      - Ruby
  response: 
    status: 
      code: 201
      message: Created
    headers: 
      Date: 
      - Tue, 03 Dec 2013 21:53:58 GMT
      Server: 
      - Apache/2.2.15 (Red Hat)
      Location: 
      - "4"
      Content-Length: 
      - "246"
      Content-Type: 
      - application/json
    body: 
      encoding: US-ASCII
      string: "{\"scratchpad\": {}, \"display_name\": \"P Forge\", \"description\": null, \"_ns\": \"repos\", \"notes\": {\"_repo-type\": \"puppet-repo\"}, \"content_unit_counts\": {}, \"_id\": {\"$oid\": \"529e52f64b261653f90a072b\"}, \"id\": \"4\", \"_href\": \"/pulp/api/v2/repositories/4/\"}"
    http_version: 
  recorded_at: Tue, 03 Dec 2013 21:53:58 GMT
- request: 
    method: post
    uri: https://localhost/pulp/api/v2/repositories/4/actions/sync/
    body: 
      encoding: US-ASCII
      string: "{\"override_config\":{\"num_threads\":4}}"
    headers: 
      Accept: 
      - application/json
      Accept-Encoding: 
      - gzip, deflate
      Content-Type: 
      - application/json
      Authorization: 
      - OAuth oauth_body_hash="2jmj7l5rSw0yVb%2FvlWAYkK%2FYBwk%3D", oauth_consumer_key="katello", oauth_nonce="1on872xpOvTvqBkmHfYVgG3mMHcIdgQr0Mur46GCXr0", oauth_signature="qNVhwSdixTGggzcR5oCZI1b10Fw%3D", oauth_signature_method="HMAC-SHA1", oauth_timestamp="1386107638", oauth_version="1.0"
      Pulp-User: 
      - admin
      Content-Length: 
      - "37"
      User-Agent: 
      - Ruby
  response: 
    status: 
      code: 202
      message: Accepted
    headers: 
      Date: 
      - Tue, 03 Dec 2013 21:53:59 GMT
      Server: 
      - Apache/2.2.15 (Red Hat)
      Content-Encoding: 
      - utf-8
      Content-Length: 
      - "2134"
      Content-Type: 
      - application/json
    body: 
      encoding: US-ASCII
      string: "[{\"task_group_id\": \"47d4eb63-3cc1-499b-963a-55237cfe01c4\", \"exception\": null, \"traceback\": null, \"_href\": \"/pulp/api/v2/task_groups/47d4eb63-3cc1-499b-963a-55237cfe01c4/\", \"task_id\": \"3f6753e7-194d-49ac-8ba2-e89bcf806b5c\", \"call_request_tags\": [\"pulp:repository:4\", \"pulp:action:sync\"], \"reasons\": [], \"start_time\": null, \"tags\": [\"pulp:repository:4\", \"pulp:action:sync\"], \"state\": \"running\", \"finish_time\": null, \"dependency_failures\": {}, \"schedule_id\": null, \"progress\": {}, \"call_request_group_id\": \"47d4eb63-3cc1-499b-963a-55237cfe01c4\", \"call_request_id\": \"3f6753e7-194d-49ac-8ba2-e89bcf806b5c\", \"principal_login\": \"admin\", \"response\": \"accepted\", \"result\": null}, {\"task_group_id\": \"47d4eb63-3cc1-499b-963a-55237cfe01c4\", \"exception\": null, \"traceback\": null, \"_href\": \"/pulp/api/v2/task_groups/47d4eb63-3cc1-499b-963a-55237cfe01c4/\", \"task_id\": \"a44da6f6-7d38-4811-9353-169f010953ec\", \"call_request_tags\": [\"pulp:repository:4\", \"pulp:action:auto_publish\", \"pulp:action:publish\"], \"reasons\": [], \"start_time\": null, \"tags\": [\"pulp:repository:4\", \"pulp:action:auto_publish\", \"pulp:action:publish\"], \"state\": \"waiting\", \"finish_time\": null, \"dependency_failures\": {}, \"schedule_id\": null, \"progress\": {}, \"call_request_group_id\": \"47d4eb63-3cc1-499b-963a-55237cfe01c4\", \"call_request_id\": \"a44da6f6-7d38-4811-9353-169f010953ec\", \"principal_login\": \"admin\", \"response\": \"accepted\", \"result\": null}, {\"task_group_id\": \"47d4eb63-3cc1-499b-963a-55237cfe01c4\", \"exception\": null, \"traceback\": null, \"_href\": \"/pulp/api/v2/task_groups/47d4eb63-3cc1-499b-963a-55237cfe01c4/\", \"task_id\": \"f2cf4960-bdea-4be9-ac7b-6853174abcc4\", \"call_request_tags\": [\"pulp:repository:4\", \"pulp:action:auto_publish\", \"pulp:action:publish\"], \"reasons\": [], \"start_time\": null, \"tags\": [\"pulp:repository:4\", \"pulp:action:auto_publish\", \"pulp:action:publish\"], \"state\": \"waiting\", \"finish_time\": null, \"dependency_failures\": {}, \"schedule_id\": null, \"progress\": {}, \"call_request_group_id\": \"47d4eb63-3cc1-499b-963a-55237cfe01c4\", \"call_request_id\": \"f2cf4960-bdea-4be9-ac7b-6853174abcc4\", \"principal_login\": \"admin\", \"response\": \"accepted\", \"result\": null}]"
    http_version: 
  recorded_at: Tue, 03 Dec 2013 21:53:59 GMT
- request: 
    method: get
    uri: https://localhost/pulp/api/v2/tasks/3f6753e7-194d-49ac-8ba2-e89bcf806b5c/
    body: 
      encoding: US-ASCII
      string: ""
    headers: 
      Accept: 
      - application/json
      Accept-Encoding: 
      - gzip, deflate
      Content-Type: 
      - application/json
      Authorization: 
      - OAuth oauth_consumer_key="katello", oauth_nonce="yowgJL28UIL83696WSuzEuHmGmpNYJAPXD5p3Vy304", oauth_signature="Ar6%2FXuAYMF%2FLXb04e2bn1MfPTaQ%3D", oauth_signature_method="HMAC-SHA1", oauth_timestamp="1386107639", oauth_version="1.0"
      Pulp-User: 
      - admin
      User-Agent: 
      - Ruby
  response: 
    status: 
      code: 200
      message: OK
    headers: 
      Date: 
      - Tue, 03 Dec 2013 21:53:59 GMT
      Server: 
      - Apache/2.2.15 (Red Hat)
      Content-Length: 
      - "1643"
      Content-Type: 
      - application/json
    body: 
      encoding: US-ASCII
      string: "{\"task_group_id\": \"47d4eb63-3cc1-499b-963a-55237cfe01c4\", \"exception\": null, \"traceback\": null, \"_href\": \"/pulp/api/v2/tasks/3f6753e7-194d-49ac-8ba2-e89bcf806b5c/\", \"task_id\": \"3f6753e7-194d-49ac-8ba2-e89bcf806b5c\", \"call_request_tags\": [\"pulp:repository:4\", \"pulp:action:sync\"], \"reasons\": [], \"start_time\": \"2013-12-03T21:53:59Z\", \"tags\": [\"pulp:repository:4\", \"pulp:action:sync\"], \"state\": \"finished\", \"finish_time\": \"2013-12-03T21:53:59Z\", \"dependency_failures\": {}, \"schedule_id\": null, \"progress\": {\"puppet_importer\": {\"modules\": {\"finished_count\": 4, \"state\": \"success\", \"traceback\": null, \"error_count\": 0, \"error\": \"None\", \"execution_time\": 0, \"total_count\": 4, \"error_message\": null, \"individual_errors\": null}, \"metadata\": {\"query_finished_count\": 1, \"state\": \"success\", \"error_message\": null, \"error\": \"None\", \"execution_time\": 0, \"query_total_count\": 1, \"current_query\": \"http://davidd.fedorapeople.org/repos/random_puppet/modules.json\", \"traceback\": null}}}, \"call_request_group_id\": \"47d4eb63-3cc1-499b-963a-55237cfe01c4\", \"call_request_id\": \"3f6753e7-194d-49ac-8ba2-e89bcf806b5c\", \"principal_login\": \"admin\", \"response\": \"accepted\", \"result\": {\"importer_id\": \"puppet_importer\", \"exception\": null, \"repo_id\": \"4\", \"traceback\": null, \"started\": \"2013-12-03T16:53:59-05:00\", \"_ns\": \"repo_sync_results\", \"completed\": \"2013-12-03T16:53:59-05:00\", \"importer_type_id\": \"puppet_importer\", \"error_message\": null, \"summary\": {\"total_execution_time\": 0}, \"added_count\": 0, \"result\": \"success\", \"updated_count\": 4, \"details\": {\"finished_count\": 4, \"total_count\": 4, \"error_count\": 0}, \"id\": \"529e52f74b261653f90a0748\", \"removed_count\": 0}}"
    http_version: 
  recorded_at: Tue, 03 Dec 2013 21:53:59 GMT
- request: 
    method: post
    uri: https://localhost/pulp/api/v2/repositories/4/search/units/
    body: 
      encoding: US-ASCII
      string: "{\"criteria\":{\"type_ids\":[\"puppet_module\"],\"fields\":{\"unit\":[],\"association\":[\"unit_id\"]}}}"
    headers: 
      Accept: 
      - application/json
      Accept-Encoding: 
      - gzip, deflate
      Content-Type: 
      - application/json
      Authorization: 
      - OAuth oauth_body_hash="2jmj7l5rSw0yVb%2FvlWAYkK%2FYBwk%3D", oauth_consumer_key="katello", oauth_nonce="sjXo79SmwUKOxmjrDoftRAHPG70Ay4fYXSJGX74NkM", oauth_signature="UtiQY1t6RHmfnQ5bAL7d3iLlr%2B0%3D", oauth_signature_method="HMAC-SHA1", oauth_timestamp="1386107640", oauth_version="1.0"
      Pulp-User: 
      - admin
      Content-Length: 
      - "90"
      User-Agent: 
      - Ruby
  response: 
    status: 
      code: 200
      message: OK
    headers: 
      Date: 
      - Tue, 03 Dec 2013 21:54:00 GMT
      Server: 
      - Apache/2.2.15 (Red Hat)
      Content-Length: 
      - "768"
      Content-Type: 
      - application/json
    body: 
      encoding: US-ASCII
      string: "[{\"metadata\": {\"_id\": \"a429eef2-12dc-41b9-ba3a-d92e3e94d116\"}, \"_id\": {\"$oid\": \"529e52f74b261653f90a0745\"}, \"unit_id\": \"a429eef2-12dc-41b9-ba3a-d92e3e94d116\", \"unit_type_id\": \"puppet_module\"}, {\"metadata\": {\"_id\": \"821f1e42-0b22-42c9-a60b-9773f686cc18\"}, \"_id\": {\"$oid\": \"529e52f74b261653f90a0747\"}, \"unit_id\": \"821f1e42-0b22-42c9-a60b-9773f686cc18\", \"unit_type_id\": \"puppet_module\"}, {\"metadata\": {\"_id\": \"60d212de-5331-4086-8444-5f29ae80fbfc\"}, \"_id\": {\"$oid\": \"529e52f74b261653f90a0746\"}, \"unit_id\": \"60d212de-5331-4086-8444-5f29ae80fbfc\", \"unit_type_id\": \"puppet_module\"}, {\"metadata\": {\"_id\": \"36c763b6-0c79-4a11-801c-8fcc1b9eb8f4\"}, \"_id\": {\"$oid\": \"529e52f74b261653f90a0744\"}, \"unit_id\": \"36c763b6-0c79-4a11-801c-8fcc1b9eb8f4\", \"unit_type_id\": \"puppet_module\"}]"
    http_version: 
  recorded_at: Tue, 03 Dec 2013 21:54:00 GMT
- request: 
    method: post
    uri: https://localhost/pulp/api/v2/content/units/puppet_module/search/
    body: 
      encoding: US-ASCII
      string: "{\"criteria\":{\"filters\":{\"_id\":{\"$in\":[\"a429eef2-12dc-41b9-ba3a-d92e3e94d116\",\"821f1e42-0b22-42c9-a60b-9773f686cc18\",\"60d212de-5331-4086-8444-5f29ae80fbfc\",\"36c763b6-0c79-4a11-801c-8fcc1b9eb8f4\"]}}},\"include_repos\":true}"
    headers: 
      Accept: 
      - application/json
      Accept-Encoding: 
      - gzip, deflate
      Content-Type: 
      - application/json
      Authorization: 
      - OAuth oauth_body_hash="2jmj7l5rSw0yVb%2FvlWAYkK%2FYBwk%3D", oauth_consumer_key="katello", oauth_nonce="On9Ff88rsJfz6aqVgnVIlDKF9w1aT8R9u56grf0EE", oauth_signature="0xUfcGec9CPZR3JLePXw2FUIGFc%3D", oauth_signature_method="HMAC-SHA1", oauth_timestamp="1386107640", oauth_version="1.0"
      Pulp-User: 
      - admin
      Content-Length: 
      - "219"
      User-Agent: 
      - Ruby
  response: 
    status: 
      code: 200
      message: OK
    headers: 
      Date: 
      - Tue, 03 Dec 2013 21:54:00 GMT
      Server: 
      - Apache/2.2.15 (Red Hat)
      Content-Length: 
      - "9008"
      Content-Type: 
      - application/json
    body: 
      encoding: US-ASCII
      string: "[{\"repository_memberships\": [\"4\"], \"_storage_path\": \"/var/lib/pulp/content/puppet_module/5UbZ3r0-samba-0.2.0.tar.gz\", \"tag_list\": [\"samba\"], \"description\": \"This puppet module manages samba configuration.\\n\\nIt has been tested only for samba managing shares, tough it does not care about the content of your config file.\\n\\nTested on CentOS 6.2, RHEL 6.2, CentOS 5.8.\", \"license\": \"GPL v3\", \"author\": \"5UbZ3r0\", \"_last_updated\": \"2013-12-03T21:53:59Z\", \"project_page\": \"https://github.com/5Ub-Z3r0/puppet-samba\", \"summary\": \"A puppet module that manages samba\", \"_href\": \"/pulp/api/v2/content/units/puppet_module/36c763b6-0c79-4a11-801c-8fcc1b9eb8f4/\", \"source\": \"https://github.com/5Ub-Z3r0/puppet-samba\", \"dependencies\": [], \"version\": \"0.2.0\", \"_content_type_id\": \"puppet_module\", \"checksums\": [[\"manifests/service.pp\", \"192c819791e2042703891e51a61d314a\"], [\"manifests/params.pp\", \"f41d11e7dbbde67a2cf4d29cf6783a55\"], [\"spec/spec.opts\", \"a600ded995d948e393fbe2320ba8e51c\"], [\"tests/init.pp\", \"4dcc2868cb9740c32eb68f345a7b7194\"], [\"spec/spec_helper.rb\", \"ca19ec4f451ebc7fdb035b52eae6e909\"], [\"manifests/conf.pp\", \"ad4b285a6736aebebb6fa59e38ddded1\"], [\"Modulefile\", \"d309ee315176ea3f923480c286e3a55b\"], [\"manifests/install.pp\", \"c929e13f546bcdb3f02efede9db1af9b\"], [\"manifests/init.pp\", \"f658b594ac88da9026c675bfe0310d57\"], [\"README\", \"627fbb57eb8d94308f01a11430418fb6\"]], \"_id\": \"36c763b6-0c79-4a11-801c-8fcc1b9eb8f4\", \"children\": {}, \"types\": [], \"name\": \"samba\"}, {\"repository_memberships\": [\"4\"], \"_storage_path\": \"/var/lib/pulp/content/puppet_module/5UbZ3r0-pureftpd-1.0.2.tar.gz\", \"tag_list\": [\"pure-ftpd\", \"ldap\", \"ftp\", \"rhel\"], \"description\": \"Manage Pure-FTPd via Puppet\", \"license\": \"Apache License, Version 2.0\", \"author\": \"5UbZ3r0\", \"_last_updated\": \"2013-12-03T21:53:59Z\", \"project_page\": \"https://github.com/saz/puppet-pureftpd\", \"summary\": \"\", \"_href\": \"/pulp/api/v2/content/units/puppet_module/60d212de-5331-4086-8444-5f29ae80fbfc/\", \"source\": \"\", \"dependencies\": [], \"version\": \"1.0.2\", \"_content_type_id\": \"puppet_module\", \"checksums\": [[\"spec\\\\unit\\\\puppet\\\\type\\\\README.markdown\", \"de26a7643813abd6c2e7e28071b1ef94\"], [\"spec\\\\unit\\\\puppet\\\\provider\\\\README.markdown\", \"e52668944ee6af2fb5d5b9e798342645\"], [\"tests\\\\init.pp\", \"5d6e84bd06e23c4d565782db67e333ec\"], [\"files\\\\debian\\\\PAMAuthentication\", \"eb4585ad9fe0426781ed7c49252f8225\"], [\"files\\\\debian\\\\ChrootEveryone\", \"eb4585ad9fe0426781ed7c49252f8225\"], [\"manifests\\\\service.pp\", \"722d62651e6c61da4330332b6382f5a9\"], [\"spec\\\\spec.opts\", \"a600ded995d948e393fbe2320ba8e51c\"], [\"manifests\\\\install.pp\", \"51caa25f90a479cd501824362b9bdba1\"], [\"files\\\\debian\\\\MaxClientsNumber\", \"2a52a5e65fc3c43f409550dfad1f904f\"], [\"files\\\\debian\\\\DontResolve\", \"eb4585ad9fe0426781ed7c49252f8225\"], [\"files\\\\debian\\\\NoAnonymous\", \"eb4585ad9fe0426781ed7c49252f8225\"], [\"spec\\\\README.markdown\", \"32a1fc0121c28aff554ef5d422b8b51e\"], [\"files\\\\debian\\\\AltLog\", \"a3d7f89dc916062234237acf75bde97d\"], [\"README.md\", \"9cbb945c6ce73031b00b1c5269cbb638\"], [\"manifests\\\\params.pp\", \"e7b3cf3a6115e96a6f76d3ff2c545625\"], [\"templates\\\\default_config.erb\", \"222945189c5b8d4efa9fe2c3cc01f435\"], [\"files\\\\debian\\\\VerboseLog\", \"7fa3b767c460b54a2be4d49030b349c7\"], [\"files\\\\debian\\\\PureDB\", \"6db5965698527e1f140dfc73ed40d47c\"], [\"manifests\\\\config.pp\", \"b12d6331349d217bbba684a0c5652620\"], [\"files\\\\debian\\\\UnixAuthentication\", \"eb4585ad9fe0426781ed7c49252f8225\"], [\"manifests\\\\init.pp\", \"61675a905c40641e70d6f74985fda8c8\"], [\"Modulefile\", \"decaaab32a9931c3565a6fc47f26a740\"], [\"files\\\\debian\\\\MinUID\", \"4fbafd6948b6529caa2b78e476359875\"], [\"spec\\\\spec_helper.rb\", \"ca19ec4f451ebc7fdb035b52eae6e909\"]], \"_id\": \"60d212de-5331-4086-8444-5f29ae80fbfc\", \"children\": {}, \"types\": [], \"name\": \"pureftpd\"}, {\"repository_memberships\": [\"4\"], \"_storage_path\": \"/var/lib/pulp/content/puppet_module/5UbZ3r0-httpd-0.2.0.tar.gz\", \"tag_list\": [\"httpd\", \"apache\"], \"description\": \"This module handles a standard httpd installation.\\n\\nIt has optional classes if you want to install and configure mod_ssl, php, mod_spdy or httpd-dev.\\n\\nIt has been tested on CentOS 6.2 and CentOS 5.8.\\nIt could work also on debian, but that needs to be tested.\", \"license\": \"GPL v3\", \"author\": \"5UbZ3r0\", \"_last_updated\": \"2013-12-03T21:53:59Z\", \"project_page\": \"\", \"summary\": \"This module handles a standard httpd installation.\", \"_href\": \"/pulp/api/v2/content/units/puppet_module/821f1e42-0b22-42c9-a60b-9773f686cc18/\", \"source\": \"\", \"dependencies\": [], \"version\": \"0.2.0\", \"_content_type_id\": \"puppet_module\", \"checksums\": [[\"files/spdy/mod-spdy-beta_current_i386.rpm\", \"4abdee35392c1c6d329def2017393403\"], [\"manifests/params.pp\", \"d02eb87a3ed69ff638ca028b67001621\"], [\"manifests/ssl.pp\", \"6d8a9caf1a13132b6cd2464da606281b\"], [\"manifests/init.pp\", \"fcd8c8f976710eac6532adc2f28bfa44\"], [\"manifests/dev.pp\", \"13e0564d366f27694b115f8112406429\"], [\"manifests/vhost.pp\", \"6eac84201d239436c386fe2adf4c4252\"], [\"templates/httpd.conf.RHEL.erb\", \"4cbcc29765356aeb9a01beece6738fe8\"], [\"files/spdy/mod-spdy-beta_current_x86_64.rpm\", \"6d25d03bfb8249f7c6dcd9906909c995\"], [\"templates/localized-error-pages.Debian.erb\", \"578dfd537911a7b8ddcd485640452ac3\"], [\"files/deflate.conf\", \"1fc678aa967f4fd3c8238c9111019a1d\"], [\"manifests/spdy.pp\", \"ef792b41408236aeda7f57a427f574eb\"], [\"templates/vhost-default.conf.erb\", \"ed64a53af0d7bad762176a98c9ea3e62\"], [\"README\", \"4c9b436e48a447d634eb821c06fff6fc\"], [\"spec/spec.opts\", \"a600ded995d948e393fbe2320ba8e51c\"], [\"templates/ssl.conf.RHEL.erb\", \"f116618fb85ffdda3cef1fcf5a8210c8\"], [\"templates/php.ini.RHEL.erb\", \"25cbb760e5fcf81165fbc33ce98fe6d9\"], [\"lib/puppet/provider/a2mod/modfix.rb\", \"f4536cdca68d15a235cbb1e0b67e4406\"], [\"files/error/error.html\", \"3af8411c82a0725c0ba6ba0fa681bd08\"], [\"files/spdy/mod-spdy-beta_current_i386.deb\", \"7d72474e3983f390daf89f1289e08521\"], [\"lib/puppet/provider/a2mod/a2mod.rb\", \"0acf42d3d670a9915c5a3f46ae7335f1\"], [\"manifests/php.pp\", \"56ea7f297aaacdde001d3529051b3c0e\"], [\"files/spdy/mod-spdy-beta_current_amd64.deb\", \"834c85038ae50260da3a070cfa0cdbdf\"], [\"Modulefile\", \"ea33e2d7fe4d97eafa07172c92c130db\"], [\"spec/spec_helper.rb\", \"ca19ec4f451ebc7fdb035b52eae6e909\"], [\"templates/php.ini.Debian.erb\", \"180a39ca262e132c6d431973986d7e39\"], [\"lib/puppet/type/a2mod.rb\", \"adcf754a076153442eac2beb42736547\"]], \"_id\": \"821f1e42-0b22-42c9-a60b-9773f686cc18\", \"children\": {}, \"types\": [{\"doc\": \"Manage Apache 2 modules on Debian and Ubuntu\", \"name\": \"a2mod\", \"parameters\": [{\"doc\": \"The name of the module to be managed\", \"name\": \"name\"}], \"providers\": [{\"doc\": \"Manage Apache 2 modules on Debian and Ubuntu\", \"name\": \"a2mod\"}, {\"doc\": \"Dummy provider for A2mod.\\n\\n    Fake nil resources when there is no crontab binary available. Allows\\n    puppetd to run on a bootstrapped machine before a Cron package has been\\n    installed. Workaround for: http://projects.puppetlabs.com/issues/2384\\n    \", \"name\": \"modfix\"}]}], \"name\": \"httpd\"}, {\"repository_memberships\": [\"4\"], \"_storage_path\": \"/var/lib/pulp/content/puppet_module/5UbZ3r0-cron-0.0.1.tar.gz\", \"tag_list\": [\"linux\", \"cron,\"], \"description\": \"This puppet module manages the scheduling of task trough cron.\\nIt has shortcuts  classes for hourly (/etc/cron.hourly), daily (/etc/cron.daily), weekly (/etc/cron.daily) and monthly (/etc/cron.monthly) schedulation.\\n\\nIt has been tested only ...\\n\\nTested on CentOS 6.2, RHEL 6.2, CentOS 5.8.\\n\\nRequirements:\\n\\n * [Facter](http://www.puppetlabs.com/puppet/related-projects/facter/) 1.6.1 or greater (versions that support the osfamily fact)\\n * [puppetlabs/stdlib] for the validate_absolute_path statement\\n\\nTodo:\\n- Set up and install cron in the - very unlikely - case that it's not installed;\\n- Make cron::task work with windows.\", \"license\": \"GPL v3\", \"author\": \"5UbZ3r0\", \"_last_updated\": \"2013-12-03T21:53:59Z\", \"project_page\": \"https://github.com/5Ub-Z3r0/puppet-cron\", \"summary\": \"Puppet module that manages scheduling of task trough cron\", \"_href\": \"/pulp/api/v2/content/units/puppet_module/a429eef2-12dc-41b9-ba3a-d92e3e94d116/\", \"source\": \"https://github.com/5Ub-Z3r0/puppet-cron.git\", \"dependencies\": [{\"name\": \"puppetlabs/stdlib\", \"version_requirement\": \">=3.0.0\"}], \"version\": \"0.0.1\", \"_content_type_id\": \"puppet_module\", \"checksums\": [[\"manifests/daily.pp\", \"96ffd0e592de3f5dd054de3755a8bcff\"], [\"spec/spec.opts\", \"a600ded995d948e393fbe2320ba8e51c\"], [\"manifests/monthly.pp\", \"b9900f6e2db0854f34c66930287db700\"], [\"manifests/task.pp\", \"4cb4aa49df8c90619d9039992a516c07\"], [\"spec/spec_helper.rb\", \"ca19ec4f451ebc7fdb035b52eae6e909\"], [\"tests/init.pp\", \"4bcb7e03aced8bb468351a45e8e9bc76\"], [\"manifests/params.pp\", \"d5924918fc059daa47aa355534a4b434\"], [\"manifests/weekly.pp\", \"7d34a00d629575ee2e4f4bd58eab1d40\"], [\"Modulefile\", \"18c9208e77a3c43b4df65ae8bb3bf804\"], [\"manifests/init.pp\", \"8c3e10bc3e2465908436f1aa771f039b\"], [\"manifests/hourly.pp\", \"7a17621a731750c40c872e7a5b6f4442\"], [\"README\", \"491e63a9cf75f825369528983caae87a\"]], \"_id\": \"a429eef2-12dc-41b9-ba3a-d92e3e94d116\", \"children\": {}, \"types\": [], \"name\": \"cron\"}]"
    http_version: 
  recorded_at: Tue, 03 Dec 2013 21:54:00 GMT
- request: 
    method: delete
    uri: https://localhost/pulp/api/v2/repositories/4/
    body: 
      encoding: US-ASCII
      string: ""
    headers: 
      Accept: 
      - application/json
      Accept-Encoding: 
      - gzip, deflate
      Content-Type: 
      - application/json
      Authorization: 
      - OAuth oauth_consumer_key="katello", oauth_nonce="3du14O0ZuDKlbC9fFMV9b5yT56pqvTZwbXbfhumdo", oauth_signature="M0UoWzSOj%2FyI5JiQnarGu8%2BtWIk%3D", oauth_signature_method="HMAC-SHA1", oauth_timestamp="1386107640", oauth_version="1.0"
      Pulp-User: 
      - admin
      User-Agent: 
      - Ruby
  response: 
    status: 
      code: 202
      message: Accepted
    headers: 
      Date: 
      - Tue, 03 Dec 2013 21:54:00 GMT
      Server: 
      - Apache/2.2.15 (Red Hat)
      Content-Encoding: 
      - utf-8
      Content-Length: 
      - "674"
      Content-Type: 
      - application/json
    body: 
      encoding: US-ASCII
      string: "[{\"task_group_id\": \"ba891a7b-5430-4bbd-8151-e9dac7073e89\", \"exception\": null, \"traceback\": null, \"_href\": \"/pulp/api/v2/task_groups/ba891a7b-5430-4bbd-8151-e9dac7073e89/\", \"task_id\": \"ca819e9f-d158-4126-afbf-5dd0b5e1496a\", \"call_request_tags\": [\"pulp:repository:4\", \"pulp:action:delete\"], \"reasons\": [], \"start_time\": null, \"tags\": [\"pulp:repository:4\", \"pulp:action:delete\"], \"state\": \"waiting\", \"finish_time\": null, \"dependency_failures\": {}, \"schedule_id\": null, \"progress\": {}, \"call_request_group_id\": \"ba891a7b-5430-4bbd-8151-e9dac7073e89\", \"call_request_id\": \"ca819e9f-d158-4126-afbf-5dd0b5e1496a\", \"principal_login\": \"admin\", \"response\": \"accepted\", \"result\": null}]"
    http_version: 
  recorded_at: Tue, 03 Dec 2013 21:54:00 GMT
recorded_with: VCR 2.7.0
