--- 
http_interactions: 
- request: 
    method: get
    uri: https://localhost/pulp/api/v2/tasks/0955489e-d65e-46b9-951d-6fe305db59fc/
    body: 
      encoding: US-ASCII
      string: ""
    headers: 
      Accept: 
      - application/json
      Accept-Encoding: 
      - gzip, deflate
      Content-Type: 
      - application/json
      Authorization: 
      - OAuth oauth_consumer_key="katello", oauth_nonce="c63EPds1nrSazWIJriSMdyLREHmMVGU5LvFfs0ERoY", oauth_signature="kL%2BzzVPN23g8RVqO%2FymVa4sy82o%3D", oauth_signature_method="HMAC-SHA1", oauth_timestamp="1376660220", oauth_version="1.0"
      Pulp-User: 
      - admin
      User-Agent: 
      - Ruby
  response: 
    status: 
      code: 200
      message: OK
    headers: 
      Date: 
      - Fri, 16 Aug 2013 13:37:01 GMT
      Server: 
      - Apache/2.4.4 (Fedora) OpenSSL/1.0.1e-fips PHP/5.4.13 mod_wsgi/3.4 Python/2.7.3 mod_perl/2.0.8-dev Perl/v5.16.2
      Content-Length: 
      - "859"
      Content-Type: 
      - application/json
    body: 
      encoding: US-ASCII
      string: "{\"task_group_id\": null, \"exception\": null, \"traceback\": null, \"_href\": \"/pulp/api/v2/tasks/0955489e-d65e-46b9-951d-6fe305db59fc/\", \"task_id\": \"0955489e-d65e-46b9-951d-6fe305db59fc\", \"call_request_tags\": [\"pulp:repository:acme_corporation_label-staging_label-org_default_label-fedora_label-fedora_17_x86_64_label\", \"pulp:repository:1\", \"pulp:action:associate\"], \"reasons\": [], \"start_time\": \"2013-08-16T13:37:00Z\", \"tags\": [\"pulp:repository:acme_corporation_label-staging_label-org_default_label-fedora_label-fedora_17_x86_64_label\", \"pulp:repository:1\", \"pulp:action:associate\"], \"state\": \"finished\", \"finish_time\": \"2013-08-16T13:37:00Z\", \"dependency_failures\": {}, \"schedule_id\": null, \"progress\": {}, \"call_request_group_id\": null, \"call_request_id\": \"0955489e-d65e-46b9-951d-6fe305db59fc\", \"principal_login\": \"admin\", \"response\": \"accepted\", \"result\": []}"
    http_version: 
  recorded_at: Fri, 16 Aug 2013 13:37:01 GMT
- request: 
    method: get
    uri: https://localhost/pulp/api/v2/tasks/83fca373-2d4f-4b15-a675-e2b8975c6516/
    body: 
      encoding: US-ASCII
      string: ""
    headers: 
      Accept: 
      - application/json
      Accept-Encoding: 
      - gzip, deflate
      Content-Type: 
      - application/json
      Authorization: 
      - OAuth oauth_consumer_key="katello", oauth_nonce="WpzhWswAdEQUBwEcbtJk2GWG9qIpxnSovz6Dts7Gwh8", oauth_signature="FmLV7CEPe28n0Ihe1yOgm26Pv9g%3D", oauth_signature_method="HMAC-SHA1", oauth_timestamp="1376660221", oauth_version="1.0"
      Pulp-User: 
      - admin
      User-Agent: 
      - Ruby
  response: 
    status: 
      code: 200
      message: OK
    headers: 
      Date: 
      - Fri, 16 Aug 2013 13:37:01 GMT
      Server: 
      - Apache/2.4.4 (Fedora) OpenSSL/1.0.1e-fips PHP/5.4.13 mod_wsgi/3.4 Python/2.7.3 mod_perl/2.0.8-dev Perl/v5.16.2
      Content-Length: 
      - "859"
      Content-Type: 
      - application/json
    body: 
      encoding: US-ASCII
      string: "{\"task_group_id\": null, \"exception\": null, \"traceback\": null, \"_href\": \"/pulp/api/v2/tasks/83fca373-2d4f-4b15-a675-e2b8975c6516/\", \"task_id\": \"83fca373-2d4f-4b15-a675-e2b8975c6516\", \"call_request_tags\": [\"pulp:repository:acme_corporation_label-staging_label-org_default_label-fedora_label-fedora_17_x86_64_label\", \"pulp:repository:1\", \"pulp:action:associate\"], \"reasons\": [], \"start_time\": \"2013-08-16T13:37:00Z\", \"tags\": [\"pulp:repository:acme_corporation_label-staging_label-org_default_label-fedora_label-fedora_17_x86_64_label\", \"pulp:repository:1\", \"pulp:action:associate\"], \"state\": \"finished\", \"finish_time\": \"2013-08-16T13:37:00Z\", \"dependency_failures\": {}, \"schedule_id\": null, \"progress\": {}, \"call_request_group_id\": null, \"call_request_id\": \"83fca373-2d4f-4b15-a675-e2b8975c6516\", \"principal_login\": \"admin\", \"response\": \"accepted\", \"result\": []}"
    http_version: 
  recorded_at: Fri, 16 Aug 2013 13:37:01 GMT
- request: 
    method: get
    uri: https://localhost/pulp/api/v2/tasks/88d09311-6616-4fad-b7ed-679acc69cb45/
    body: 
      encoding: US-ASCII
      string: ""
    headers: 
      Accept: 
      - application/json
      Accept-Encoding: 
      - gzip, deflate
      Content-Type: 
      - application/json
      Authorization: 
      - OAuth oauth_consumer_key="katello", oauth_nonce="aUJKLniAuylVhsPFvSY8rrjtW7dyYF3tWwPLwU51HU4", oauth_signature="Mz%2BrCOVTFF4Fbk6s3LIB1sDQNO8%3D", oauth_signature_method="HMAC-SHA1", oauth_timestamp="1376660222", oauth_version="1.0"
      Pulp-User: 
      - admin
      User-Agent: 
      - Ruby
  response: 
    status: 
      code: 200
      message: OK
    headers: 
      Date: 
      - Fri, 16 Aug 2013 13:37:02 GMT
      Server: 
      - Apache/2.4.4 (Fedora) OpenSSL/1.0.1e-fips PHP/5.4.13 mod_wsgi/3.4 Python/2.7.3 mod_perl/2.0.8-dev Perl/v5.16.2
      Content-Length: 
      - "859"
      Content-Type: 
      - application/json
    body: 
      encoding: US-ASCII
      string: "{\"task_group_id\": null, \"exception\": null, \"traceback\": null, \"_href\": \"/pulp/api/v2/tasks/88d09311-6616-4fad-b7ed-679acc69cb45/\", \"task_id\": \"88d09311-6616-4fad-b7ed-679acc69cb45\", \"call_request_tags\": [\"pulp:repository:acme_corporation_label-staging_label-org_default_label-fedora_label-fedora_17_x86_64_label\", \"pulp:repository:1\", \"pulp:action:associate\"], \"reasons\": [], \"start_time\": \"2013-08-16T13:37:00Z\", \"tags\": [\"pulp:repository:acme_corporation_label-staging_label-org_default_label-fedora_label-fedora_17_x86_64_label\", \"pulp:repository:1\", \"pulp:action:associate\"], \"state\": \"finished\", \"finish_time\": \"2013-08-16T13:37:00Z\", \"dependency_failures\": {}, \"schedule_id\": null, \"progress\": {}, \"call_request_group_id\": null, \"call_request_id\": \"88d09311-6616-4fad-b7ed-679acc69cb45\", \"principal_login\": \"admin\", \"response\": \"accepted\", \"result\": []}"
    http_version: 
  recorded_at: Fri, 16 Aug 2013 13:37:02 GMT
- request: 
    method: get
    uri: https://localhost/pulp/api/v2/tasks/8ee8396f-b865-49de-9a1e-783e519264b4/
    body: 
      encoding: US-ASCII
      string: ""
    headers: 
      Accept: 
      - application/json
      Accept-Encoding: 
      - gzip, deflate
      Content-Type: 
      - application/json
      Authorization: 
      - OAuth oauth_consumer_key="katello", oauth_nonce="XItO12TMTQmYJ2oy1wowU4gsD3YODZk6wu5LMMYRKcg", oauth_signature="WYceeSNizGNtrpRyc99j23LWt5Y%3D", oauth_signature_method="HMAC-SHA1", oauth_timestamp="1376660222", oauth_version="1.0"
      Pulp-User: 
      - admin
      User-Agent: 
      - Ruby
  response: 
    status: 
      code: 200
      message: OK
    headers: 
      Date: 
      - Fri, 16 Aug 2013 13:37:02 GMT
      Server: 
      - Apache/2.4.4 (Fedora) OpenSSL/1.0.1e-fips PHP/5.4.13 mod_wsgi/3.4 Python/2.7.3 mod_perl/2.0.8-dev Perl/v5.16.2
      Content-Length: 
      - "859"
      Content-Type: 
      - application/json
    body: 
      encoding: US-ASCII
      string: "{\"task_group_id\": null, \"exception\": null, \"traceback\": null, \"_href\": \"/pulp/api/v2/tasks/8ee8396f-b865-49de-9a1e-783e519264b4/\", \"task_id\": \"8ee8396f-b865-49de-9a1e-783e519264b4\", \"call_request_tags\": [\"pulp:repository:acme_corporation_label-staging_label-org_default_label-fedora_label-fedora_17_x86_64_label\", \"pulp:repository:1\", \"pulp:action:associate\"], \"reasons\": [], \"start_time\": \"2013-08-16T13:37:00Z\", \"tags\": [\"pulp:repository:acme_corporation_label-staging_label-org_default_label-fedora_label-fedora_17_x86_64_label\", \"pulp:repository:1\", \"pulp:action:associate\"], \"state\": \"finished\", \"finish_time\": \"2013-08-16T13:37:00Z\", \"dependency_failures\": {}, \"schedule_id\": null, \"progress\": {}, \"call_request_group_id\": null, \"call_request_id\": \"8ee8396f-b865-49de-9a1e-783e519264b4\", \"principal_login\": \"admin\", \"response\": \"accepted\", \"result\": []}"
    http_version: 
  recorded_at: Fri, 16 Aug 2013 13:37:02 GMT
- request: 
    method: get
    uri: https://localhost/pulp/api/v2/tasks/3348d8ad-f7ca-4d74-88a1-165dc5595888/
    body: 
      encoding: US-ASCII
      string: ""
    headers: 
      Accept: 
      - application/json
      Accept-Encoding: 
      - gzip, deflate
      Content-Type: 
      - application/json
      Authorization: 
      - OAuth oauth_consumer_key="katello", oauth_nonce="CPaMROlRs6JfhvsMgNngN2y4kIlb5uEIVfpvrI56w", oauth_signature="sx2H1%2BIhvQH2F32d73xYCDVZ0qk%3D", oauth_signature_method="HMAC-SHA1", oauth_timestamp="1376660223", oauth_version="1.0"
      Pulp-User: 
      - admin
      User-Agent: 
      - Ruby
  response: 
    status: 
      code: 200
      message: OK
    headers: 
      Date: 
      - Fri, 16 Aug 2013 13:37:03 GMT
      Server: 
      - Apache/2.4.4 (Fedora) OpenSSL/1.0.1e-fips PHP/5.4.13 mod_wsgi/3.4 Python/2.7.3 mod_perl/2.0.8-dev Perl/v5.16.2
      Content-Length: 
      - "859"
      Content-Type: 
      - application/json
    body: 
      encoding: US-ASCII
      string: "{\"task_group_id\": null, \"exception\": null, \"traceback\": null, \"_href\": \"/pulp/api/v2/tasks/3348d8ad-f7ca-4d74-88a1-165dc5595888/\", \"task_id\": \"3348d8ad-f7ca-4d74-88a1-165dc5595888\", \"call_request_tags\": [\"pulp:repository:acme_corporation_label-staging_label-org_default_label-fedora_label-fedora_17_x86_64_label\", \"pulp:repository:1\", \"pulp:action:associate\"], \"reasons\": [], \"start_time\": \"2013-08-16T13:37:01Z\", \"tags\": [\"pulp:repository:acme_corporation_label-staging_label-org_default_label-fedora_label-fedora_17_x86_64_label\", \"pulp:repository:1\", \"pulp:action:associate\"], \"state\": \"finished\", \"finish_time\": \"2013-08-16T13:37:01Z\", \"dependency_failures\": {}, \"schedule_id\": null, \"progress\": {}, \"call_request_group_id\": null, \"call_request_id\": \"3348d8ad-f7ca-4d74-88a1-165dc5595888\", \"principal_login\": \"admin\", \"response\": \"accepted\", \"result\": []}"
    http_version: 
  recorded_at: Fri, 16 Aug 2013 13:37:03 GMT
- request: 
    method: get
    uri: https://localhost/pulp/api/v2/tasks/824c3dff-83f8-4bfd-be6c-633c6d1e6e5a/
    body: 
      encoding: US-ASCII
      string: ""
    headers: 
      Accept: 
      - application/json
      Accept-Encoding: 
      - gzip, deflate
      Content-Type: 
      - application/json
      Authorization: 
      - OAuth oauth_consumer_key="katello", oauth_nonce="8PQ1YXEK2cqHbNNDlxrPYH2syzOy28pGh7SC68e7r0", oauth_signature="lp6f7OthJkNM2EZTeJzx%2FMIcZic%3D", oauth_signature_method="HMAC-SHA1", oauth_timestamp="1376660223", oauth_version="1.0"
      Pulp-User: 
      - admin
      User-Agent: 
      - Ruby
  response: 
    status: 
      code: 200
      message: OK
    headers: 
      Date: 
      - Fri, 16 Aug 2013 13:37:03 GMT
      Server: 
      - Apache/2.4.4 (Fedora) OpenSSL/1.0.1e-fips PHP/5.4.13 mod_wsgi/3.4 Python/2.7.3 mod_perl/2.0.8-dev Perl/v5.16.2
      Content-Length: 
      - "1111"
      Content-Type: 
      - application/json
    body: 
      encoding: US-ASCII
      string: "{\"task_group_id\": \"2d254f9d-738d-4a41-a466-72dbfc8908d9\", \"exception\": null, \"traceback\": null, \"_href\": \"/pulp/api/v2/tasks/824c3dff-83f8-4bfd-be6c-633c6d1e6e5a/\", \"task_id\": \"824c3dff-83f8-4bfd-be6c-633c6d1e6e5a\", \"call_request_tags\": [\"pulp:repository:1\", \"pulp:action:sync\"], \"reasons\": [], \"start_time\": \"2013-08-16T13:37:03Z\", \"tags\": [\"pulp:repository:1\", \"pulp:action:sync\"], \"state\": \"running\", \"finish_time\": null, \"dependency_failures\": {}, \"schedule_id\": null, \"progress\": {\"yum_importer\": {\"content\": {\"size_total\": 17872, \"items_left\": 8, \"items_total\": 8, \"state\": \"IN_PROGRESS\", \"size_left\": 17872, \"details\": {\"rpm_total\": 8, \"rpm_done\": 0, \"drpm_total\": 0, \"drpm_done\": 0}, \"error_details\": []}, \"comps\": {\"state\": \"NOT_STARTED\"}, \"distribution\": {\"items_total\": 0, \"state\": \"NOT_STARTED\", \"error_details\": [], \"items_left\": 0}, \"errata\": {\"state\": \"NOT_STARTED\"}, \"metadata\": {\"state\": \"FINISHED\"}}}, \"call_request_group_id\": \"2d254f9d-738d-4a41-a466-72dbfc8908d9\", \"call_request_id\": \"824c3dff-83f8-4bfd-be6c-633c6d1e6e5a\", \"principal_login\": \"admin\", \"response\": \"accepted\", \"result\": null}"
    http_version: 
  recorded_at: Fri, 16 Aug 2013 13:37:03 GMT
- request: 
    method: get
    uri: https://localhost/pulp/api/v2/tasks/824c3dff-83f8-4bfd-be6c-633c6d1e6e5a/
    body: 
      encoding: US-ASCII
      string: ""
    headers: 
      Accept: 
      - application/json
      Accept-Encoding: 
      - gzip, deflate
      Content-Type: 
      - application/json
      Authorization: 
      - OAuth oauth_consumer_key="katello", oauth_nonce="HXTI7mwBoxQWe2qiXd1DHMikRkZGb6vYrGZ1vJ3Uo1w", oauth_signature="lpGWMldLKLrs4vhr8APoL8Zq8EE%3D", oauth_signature_method="HMAC-SHA1", oauth_timestamp="1376660224", oauth_version="1.0"
      Pulp-User: 
      - admin
      User-Agent: 
      - Ruby
  response: 
    status: 
      code: 200
      message: OK
    headers: 
      Date: 
      - Fri, 16 Aug 2013 13:37:04 GMT
      Server: 
      - Apache/2.4.4 (Fedora) OpenSSL/1.0.1e-fips PHP/5.4.13 mod_wsgi/3.4 Python/2.7.3 mod_perl/2.0.8-dev Perl/v5.16.2
      Content-Length: 
      - "2076"
      Content-Type: 
      - application/json
    body: 
      encoding: US-ASCII
      string: "{\"task_group_id\": \"2d254f9d-738d-4a41-a466-72dbfc8908d9\", \"exception\": null, \"traceback\": null, \"_href\": \"/pulp/api/v2/tasks/824c3dff-83f8-4bfd-be6c-633c6d1e6e5a/\", \"task_id\": \"824c3dff-83f8-4bfd-be6c-633c6d1e6e5a\", \"call_request_tags\": [\"pulp:repository:1\", \"pulp:action:sync\"], \"reasons\": [], \"start_time\": \"2013-08-16T13:37:03Z\", \"tags\": [\"pulp:repository:1\", \"pulp:action:sync\"], \"state\": \"finished\", \"finish_time\": \"2013-08-16T13:37:04Z\", \"dependency_failures\": {}, \"schedule_id\": null, \"progress\": {\"yum_importer\": {\"content\": {\"size_total\": 17872, \"items_left\": 0, \"items_total\": 8, \"state\": \"FINISHED\", \"size_left\": 0, \"details\": {\"rpm_total\": 8, \"rpm_done\": 8, \"drpm_total\": 0, \"drpm_done\": 0}, \"error_details\": []}, \"comps\": {\"state\": \"FINISHED\"}, \"distribution\": {\"items_total\": 3, \"state\": \"FINISHED\", \"error_details\": [], \"items_left\": 0}, \"errata\": {\"state\": \"FINISHED\"}, \"metadata\": {\"state\": \"FINISHED\"}}}, \"call_request_group_id\": \"2d254f9d-738d-4a41-a466-72dbfc8908d9\", \"call_request_id\": \"824c3dff-83f8-4bfd-be6c-633c6d1e6e5a\", \"principal_login\": \"admin\", \"response\": \"accepted\", \"result\": {\"importer_id\": \"yum_importer\", \"exception\": null, \"repo_id\": \"1\", \"traceback\": null, \"started\": \"2013-08-16T09:37:03-04:00\", \"_ns\": \"repo_sync_results\", \"completed\": \"2013-08-16T09:37:04-04:00\", \"importer_type_id\": \"yum_importer\", \"error_message\": null, \"summary\": {\"content\": {\"state\": \"FINISHED\"}, \"comps\": {\"state\": \"FINISHED\"}, \"distribution\": {\"state\": \"FINISHED\"}, \"errata\": {\"state\": \"FINISHED\"}, \"metadata\": {\"state\": \"FINISHED\"}}, \"added_count\": 0, \"result\": \"success\", \"updated_count\": 14, \"details\": {\"content\": {\"size_total\": 17872, \"items_left\": 0, \"items_total\": 8, \"state\": \"FINISHED\", \"size_left\": 0, \"details\": {\"rpm_total\": 8, \"rpm_done\": 8, \"drpm_total\": 0, \"drpm_done\": 0}, \"error_details\": []}, \"comps\": {\"state\": \"FINISHED\"}, \"distribution\": {\"items_total\": 3, \"state\": \"FINISHED\", \"error_details\": [], \"items_left\": 0}, \"errata\": {\"state\": \"FINISHED\"}, \"metadata\": {\"state\": \"FINISHED\"}}, \"id\": \"520e2b008084e85ccf768340\", \"removed_count\": 0}}"
    http_version: 
  recorded_at: Fri, 16 Aug 2013 13:37:04 GMT
- request: 
    method: get
    uri: https://localhost/pulp/api/v2/tasks/2fa46854-e798-44d0-bc52-1fdd6f9b7c5d/
    body: 
      encoding: US-ASCII
      string: ""
    headers: 
      Accept: 
      - application/json
      Accept-Encoding: 
      - gzip, deflate
      Content-Type: 
      - application/json
      Authorization: 
      - OAuth oauth_consumer_key="katello", oauth_nonce="jGlBLUvQ9tv9fnEGsZXcPsW9MBLh3YFAxRd5Nh0QRVY", oauth_signature="XpSavqjTwu1nn8Uk09vtwzQeqVs%3D", oauth_signature_method="HMAC-SHA1", oauth_timestamp="1376660226", oauth_version="1.0"
      Pulp-User: 
      - admin
      User-Agent: 
      - Ruby
  response: 
    status: 
      code: 200
      message: OK
    headers: 
      Date: 
      - Fri, 16 Aug 2013 13:37:06 GMT
      Server: 
      - Apache/2.4.4 (Fedora) OpenSSL/1.0.1e-fips PHP/5.4.13 mod_wsgi/3.4 Python/2.7.3 mod_perl/2.0.8-dev Perl/v5.16.2
      Content-Length: 
      - "1106"
      Content-Type: 
      - application/json
    body: 
      encoding: US-ASCII
      string: "{\"task_group_id\": \"c6897b51-a72e-4535-a99e-2b9f2dcf2898\", \"exception\": null, \"traceback\": null, \"_href\": \"/pulp/api/v2/tasks/2fa46854-e798-44d0-bc52-1fdd6f9b7c5d/\", \"task_id\": \"2fa46854-e798-44d0-bc52-1fdd6f9b7c5d\", \"call_request_tags\": [\"pulp:repository:1\", \"pulp:action:sync\"], \"reasons\": [], \"start_time\": \"2013-08-16T13:37:06Z\", \"tags\": [\"pulp:repository:1\", \"pulp:action:sync\"], \"state\": \"running\", \"finish_time\": null, \"dependency_failures\": {}, \"schedule_id\": null, \"progress\": {\"yum_importer\": {\"content\": {\"size_total\": 0, \"items_left\": 0, \"items_total\": 0, \"state\": \"NOT_STARTED\", \"size_left\": 0, \"details\": {\"rpm_total\": 0, \"rpm_done\": 0, \"drpm_total\": 0, \"drpm_done\": 0}, \"error_details\": []}, \"comps\": {\"state\": \"NOT_STARTED\"}, \"distribution\": {\"items_total\": 0, \"state\": \"NOT_STARTED\", \"error_details\": [], \"items_left\": 0}, \"errata\": {\"state\": \"NOT_STARTED\"}, \"metadata\": {\"state\": \"IN_PROGRESS\"}}}, \"call_request_group_id\": \"c6897b51-a72e-4535-a99e-2b9f2dcf2898\", \"call_request_id\": \"2fa46854-e798-44d0-bc52-1fdd6f9b7c5d\", \"principal_login\": \"admin\", \"response\": \"accepted\", \"result\": null}"
    http_version: 
  recorded_at: Fri, 16 Aug 2013 13:37:06 GMT
- request: 
    method: get
    uri: https://localhost/pulp/api/v2/tasks/2fa46854-e798-44d0-bc52-1fdd6f9b7c5d/
    body: 
      encoding: US-ASCII
      string: ""
    headers: 
      Accept: 
      - application/json
      Accept-Encoding: 
      - gzip, deflate
      Content-Type: 
      - application/json
      Authorization: 
      - OAuth oauth_consumer_key="katello", oauth_nonce="sdHT0sxvr3TopygGsAWKAZEcN84kHV5gio9RRW92PGg", oauth_signature="bDxXCdSkzG30aHsumS3P2v3XKQ4%3D", oauth_signature_method="HMAC-SHA1", oauth_timestamp="1376660226", oauth_version="1.0"
      Pulp-User: 
      - admin
      User-Agent: 
      - Ruby
  response: 
    status: 
      code: 200
      message: OK
    headers: 
      Date: 
      - Fri, 16 Aug 2013 13:37:06 GMT
      Server: 
      - Apache/2.4.4 (Fedora) OpenSSL/1.0.1e-fips PHP/5.4.13 mod_wsgi/3.4 Python/2.7.3 mod_perl/2.0.8-dev Perl/v5.16.2
      Content-Length: 
      - "2076"
      Content-Type: 
      - application/json
    body: 
      encoding: US-ASCII
      string: "{\"task_group_id\": \"c6897b51-a72e-4535-a99e-2b9f2dcf2898\", \"exception\": null, \"traceback\": null, \"_href\": \"/pulp/api/v2/tasks/2fa46854-e798-44d0-bc52-1fdd6f9b7c5d/\", \"task_id\": \"2fa46854-e798-44d0-bc52-1fdd6f9b7c5d\", \"call_request_tags\": [\"pulp:repository:1\", \"pulp:action:sync\"], \"reasons\": [], \"start_time\": \"2013-08-16T13:37:06Z\", \"tags\": [\"pulp:repository:1\", \"pulp:action:sync\"], \"state\": \"finished\", \"finish_time\": \"2013-08-16T13:37:06Z\", \"dependency_failures\": {}, \"schedule_id\": null, \"progress\": {\"yum_importer\": {\"content\": {\"size_total\": 17872, \"items_left\": 0, \"items_total\": 8, \"state\": \"FINISHED\", \"size_left\": 0, \"details\": {\"rpm_total\": 8, \"rpm_done\": 8, \"drpm_total\": 0, \"drpm_done\": 0}, \"error_details\": []}, \"comps\": {\"state\": \"FINISHED\"}, \"distribution\": {\"items_total\": 3, \"state\": \"FINISHED\", \"error_details\": [], \"items_left\": 0}, \"errata\": {\"state\": \"FINISHED\"}, \"metadata\": {\"state\": \"FINISHED\"}}}, \"call_request_group_id\": \"c6897b51-a72e-4535-a99e-2b9f2dcf2898\", \"call_request_id\": \"2fa46854-e798-44d0-bc52-1fdd6f9b7c5d\", \"principal_login\": \"admin\", \"response\": \"accepted\", \"result\": {\"importer_id\": \"yum_importer\", \"exception\": null, \"repo_id\": \"1\", \"traceback\": null, \"started\": \"2013-08-16T09:37:06-04:00\", \"_ns\": \"repo_sync_results\", \"completed\": \"2013-08-16T09:37:06-04:00\", \"importer_type_id\": \"yum_importer\", \"error_message\": null, \"summary\": {\"content\": {\"state\": \"FINISHED\"}, \"comps\": {\"state\": \"FINISHED\"}, \"distribution\": {\"state\": \"FINISHED\"}, \"errata\": {\"state\": \"FINISHED\"}, \"metadata\": {\"state\": \"FINISHED\"}}, \"added_count\": 0, \"result\": \"success\", \"updated_count\": 14, \"details\": {\"content\": {\"size_total\": 17872, \"items_left\": 0, \"items_total\": 8, \"state\": \"FINISHED\", \"size_left\": 0, \"details\": {\"rpm_total\": 8, \"rpm_done\": 8, \"drpm_total\": 0, \"drpm_done\": 0}, \"error_details\": []}, \"comps\": {\"state\": \"FINISHED\"}, \"distribution\": {\"items_total\": 3, \"state\": \"FINISHED\", \"error_details\": [], \"items_left\": 0}, \"errata\": {\"state\": \"FINISHED\"}, \"metadata\": {\"state\": \"FINISHED\"}}, \"id\": \"520e2b028084e85ccf768407\", \"removed_count\": 0}}"
    http_version: 
  recorded_at: Fri, 16 Aug 2013 13:37:06 GMT
- request: 
    method: get
    uri: https://localhost/pulp/api/v2/tasks/32aee2cc-5730-4323-864d-fce491775efe/
    body: 
      encoding: US-ASCII
      string: ""
    headers: 
      Accept: 
      - application/json
      Accept-Encoding: 
      - gzip, deflate
      Content-Type: 
      - application/json
      Authorization: 
      - OAuth oauth_consumer_key="katello", oauth_nonce="K9PkqlIEWMeCuDecCkf0zd8sS2G5oV5R0CJG1N2CPZc", oauth_signature="9sEo%2BoPR2lT4Eql%2FxY6gRR13gP0%3D", oauth_signature_method="HMAC-SHA1", oauth_timestamp="1376660228", oauth_version="1.0"
      Pulp-User: 
      - admin
      User-Agent: 
      - Ruby
  response: 
    status: 
      code: 200
      message: OK
    headers: 
      Date: 
      - Fri, 16 Aug 2013 13:37:08 GMT
      Server: 
      - Apache/2.4.4 (Fedora) OpenSSL/1.0.1e-fips PHP/5.4.13 mod_wsgi/3.4 Python/2.7.3 mod_perl/2.0.8-dev Perl/v5.16.2
      Content-Length: 
      - "2670"
      Content-Type: 
      - application/json
    body: 
      encoding: US-ASCII
      string: "{\"task_group_id\": null, \"exception\": null, \"traceback\": null, \"_href\": \"/pulp/api/v2/tasks/32aee2cc-5730-4323-864d-fce491775efe/\", \"task_id\": \"32aee2cc-5730-4323-864d-fce491775efe\", \"call_request_tags\": [\"pulp:repository:acme_corporation_label-staging_label-org_default_label-fedora_label-fedora_17_x86_64_label\", \"pulp:repository:1\", \"pulp:action:associate\"], \"reasons\": [], \"start_time\": \"2013-08-16T13:37:07Z\", \"tags\": [\"pulp:repository:acme_corporation_label-staging_label-org_default_label-fedora_label-fedora_17_x86_64_label\", \"pulp:repository:1\", \"pulp:action:associate\"], \"state\": \"finished\", \"finish_time\": \"2013-08-16T13:37:07Z\", \"dependency_failures\": {}, \"schedule_id\": null, \"progress\": {}, \"call_request_group_id\": null, \"call_request_id\": \"32aee2cc-5730-4323-864d-fce491775efe\", \"principal_login\": \"admin\", \"response\": \"accepted\", \"result\": [{\"unit_key\": {\"name\": \"cheetah\", \"checksum\": \"422d0baa0cd9d7713ae796e886a23e17f578f924f74880debdbb7d65fb368dae\", \"epoch\": \"0\", \"version\": \"0.3\", \"release\": \"0.8\", \"arch\": \"noarch\", \"checksumtype\": \"sha256\"}, \"type_id\": \"rpm\"}, {\"unit_key\": {\"name\": \"elephant\", \"checksum\": \"3e1c70cd1b421328acaf6397cb3d16145306bb95f65d1b095fc31372a0a701f3\", \"epoch\": \"0\", \"version\": \"0.3\", \"release\": \"0.8\", \"arch\": \"noarch\", \"checksumtype\": \"sha256\"}, \"type_id\": \"rpm\"}, {\"unit_key\": {\"name\": \"giraffe\", \"checksum\": \"f25d67d1d9da04f12e57ca323247b43891ac46533e355b82de6d1922009f9f14\", \"epoch\": \"0\", \"version\": \"0.3\", \"release\": \"0.8\", \"arch\": \"noarch\", \"checksumtype\": \"sha256\"}, \"type_id\": \"rpm\"}, {\"unit_key\": {\"name\": \"lion\", \"checksum\": \"12400dc95c23a4c160725a908716cd3fcdd7a8981585437ab64cd62efa3e4ae4\", \"epoch\": \"0\", \"version\": \"0.3\", \"release\": \"0.8\", \"arch\": \"noarch\", \"checksumtype\": \"sha256\"}, \"type_id\": \"rpm\"}, {\"unit_key\": {\"name\": \"monkey\", \"checksum\": \"0e8fa50d0128fbabc7ccc5632e3fa25d39b0280169f6166cb8e2c84de8501db1\", \"epoch\": \"0\", \"version\": \"0.3\", \"release\": \"0.8\", \"arch\": \"noarch\", \"checksumtype\": \"sha256\"}, \"type_id\": \"rpm\"}, {\"unit_key\": {\"name\": \"penguin\", \"checksum\": \"3fcb2c927de9e13bf68469032a28b139d3e5ad2e58564fc210fd6e48635be694\", \"epoch\": \"0\", \"version\": \"0.3\", \"release\": \"0.8\", \"arch\": \"noarch\", \"checksumtype\": \"sha256\"}, \"type_id\": \"rpm\"}, {\"unit_key\": {\"name\": \"squirrel\", \"checksum\": \"251768bdd15f13d78487c27638aa6aecd01551e253756093cde1c0ae878a17d2\", \"epoch\": \"0\", \"version\": \"0.3\", \"release\": \"0.8\", \"arch\": \"noarch\", \"checksumtype\": \"sha256\"}, \"type_id\": \"rpm\"}, {\"unit_key\": {\"name\": \"walrus\", \"checksum\": \"6e8d6dc057e3e2c9819f0dc7e6c7b7f86bf2e8571bba414adec7fb621a461dfd\", \"epoch\": \"0\", \"version\": \"0.3\", \"release\": \"0.8\", \"arch\": \"noarch\", \"checksumtype\": \"sha256\"}, \"type_id\": \"rpm\"}]}"
    http_version: 
  recorded_at: Fri, 16 Aug 2013 13:37:08 GMT
- request: 
    method: get
    uri: https://localhost/pulp/api/v2/tasks/4544d998-d1a0-430e-b32a-466ec94fdc29/
    body: 
      encoding: US-ASCII
      string: ""
    headers: 
      Accept: 
      - application/json
      Accept-Encoding: 
      - gzip, deflate
      Content-Type: 
      - application/json
      Authorization: 
      - OAuth oauth_consumer_key="katello", oauth_nonce="qOBsdIFDkEPkgDzXijCIFn509fsHICI0vPpf703IiY", oauth_signature="BvH4IiSipD%2FPcZKoyyPhlVvlaYc%3D", oauth_signature_method="HMAC-SHA1", oauth_timestamp="1376660228", oauth_version="1.0"
      Pulp-User: 
      - admin
      User-Agent: 
      - Ruby
  response: 
    status: 
      code: 200
      message: OK
    headers: 
      Date: 
      - Fri, 16 Aug 2013 13:37:09 GMT
      Server: 
      - Apache/2.4.4 (Fedora) OpenSSL/1.0.1e-fips PHP/5.4.13 mod_wsgi/3.4 Python/2.7.3 mod_perl/2.0.8-dev Perl/v5.16.2
      Content-Length: 
      - "1032"
      Content-Type: 
      - application/json
    body: 
      encoding: US-ASCII
      string: "{\"task_group_id\": null, \"exception\": null, \"traceback\": null, \"_href\": \"/pulp/api/v2/tasks/4544d998-d1a0-430e-b32a-466ec94fdc29/\", \"task_id\": \"4544d998-d1a0-430e-b32a-466ec94fdc29\", \"call_request_tags\": [\"pulp:repository:acme_corporation_label-staging_label-org_default_label-fedora_label-fedora_17_x86_64_label\", \"pulp:repository:1\", \"pulp:action:associate\"], \"reasons\": [], \"start_time\": \"2013-08-16T13:37:08Z\", \"tags\": [\"pulp:repository:acme_corporation_label-staging_label-org_default_label-fedora_label-fedora_17_x86_64_label\", \"pulp:repository:1\", \"pulp:action:associate\"], \"state\": \"finished\", \"finish_time\": \"2013-08-16T13:37:08Z\", \"dependency_failures\": {}, \"schedule_id\": null, \"progress\": {}, \"call_request_group_id\": null, \"call_request_id\": \"4544d998-d1a0-430e-b32a-466ec94fdc29\", \"principal_login\": \"admin\", \"response\": \"accepted\", \"result\": [{\"unit_key\": {\"arch\": \"x86_64\", \"version\": \"16\", \"variant\": \"TestVariant\", \"id\": \"ks-Test Family-TestVariant-16-x86_64\", \"family\": \"Test Family\"}, \"type_id\": \"distribution\"}]}"
    http_version: 
  recorded_at: Fri, 16 Aug 2013 13:37:09 GMT
- request: 
    method: get
    uri: https://localhost/pulp/api/v2/tasks/7ba9e416-7330-493d-98a7-2b4d02b2fee5/
    body: 
      encoding: US-ASCII
      string: ""
    headers: 
      Accept: 
      - application/json
      Accept-Encoding: 
      - gzip, deflate
      Content-Type: 
      - application/json
      Authorization: 
      - OAuth oauth_consumer_key="katello", oauth_nonce="SyjBWoYZn8kzYvxMeLObot0PvZGnpgiKgzHa8xshQ", oauth_signature="mhzW3qFT%2BtPeuKQz%2B8%2BW8KL8NWs%3D", oauth_signature_method="HMAC-SHA1", oauth_timestamp="1376660229", oauth_version="1.0"
      Pulp-User: 
      - admin
      User-Agent: 
      - Ruby
  response: 
    status: 
      code: 200
      message: OK
    headers: 
      Date: 
      - Fri, 16 Aug 2013 13:37:09 GMT
      Server: 
      - Apache/2.4.4 (Fedora) OpenSSL/1.0.1e-fips PHP/5.4.13 mod_wsgi/3.4 Python/2.7.3 mod_perl/2.0.8-dev Perl/v5.16.2
      Content-Length: 
      - "981"
      Content-Type: 
      - application/json
    body: 
      encoding: US-ASCII
      string: "{\"task_group_id\": null, \"exception\": null, \"traceback\": null, \"_href\": \"/pulp/api/v2/tasks/7ba9e416-7330-493d-98a7-2b4d02b2fee5/\", \"task_id\": \"7ba9e416-7330-493d-98a7-2b4d02b2fee5\", \"call_request_tags\": [\"pulp:repository:acme_corporation_label-staging_label-org_default_label-fedora_label-fedora_17_x86_64_label\", \"pulp:repository:1\", \"pulp:action:associate\"], \"reasons\": [], \"start_time\": \"2013-08-16T13:37:08Z\", \"tags\": [\"pulp:repository:acme_corporation_label-staging_label-org_default_label-fedora_label-fedora_17_x86_64_label\", \"pulp:repository:1\", \"pulp:action:associate\"], \"state\": \"finished\", \"finish_time\": \"2013-08-16T13:37:08Z\", \"dependency_failures\": {}, \"schedule_id\": null, \"progress\": {}, \"call_request_group_id\": null, \"call_request_id\": \"7ba9e416-7330-493d-98a7-2b4d02b2fee5\", \"principal_login\": \"admin\", \"response\": \"accepted\", \"result\": [{\"unit_key\": {\"id\": \"RHEA-2010:0001\"}, \"type_id\": \"erratum\"}, {\"unit_key\": {\"id\": \"RHEA-2010:0002\"}, \"type_id\": \"erratum\"}]}"
    http_version: 
  recorded_at: Fri, 16 Aug 2013 13:37:09 GMT
- request: 
    method: get
    uri: https://localhost/pulp/api/v2/tasks/3b170874-4d51-487b-b27c-7074d2683668/
    body: 
      encoding: US-ASCII
      string: ""
    headers: 
      Accept: 
      - application/json
      Accept-Encoding: 
      - gzip, deflate
      Content-Type: 
      - application/json
      Authorization: 
      - OAuth oauth_consumer_key="katello", oauth_nonce="R9O6c7MuKan2IUKkcJWfeafsPErsKyBQ17ZxXMPJytg", oauth_signature="Cn52aI5XnqmhYVM3rOZaNU6ZPAA%3D", oauth_signature_method="HMAC-SHA1", oauth_timestamp="1376660230", oauth_version="1.0"
      Pulp-User: 
      - admin
      User-Agent: 
      - Ruby
  response: 
    status: 
      code: 200
      message: OK
    headers: 
      Date: 
      - Fri, 16 Aug 2013 13:37:10 GMT
      Server: 
      - Apache/2.4.4 (Fedora) OpenSSL/1.0.1e-fips PHP/5.4.13 mod_wsgi/3.4 Python/2.7.3 mod_perl/2.0.8-dev Perl/v5.16.2
      Content-Length: 
      - "1185"
      Content-Type: 
      - application/json
    body: 
      encoding: US-ASCII
      string: "{\"task_group_id\": null, \"exception\": null, \"traceback\": null, \"_href\": \"/pulp/api/v2/tasks/3b170874-4d51-487b-b27c-7074d2683668/\", \"task_id\": \"3b170874-4d51-487b-b27c-7074d2683668\", \"call_request_tags\": [\"pulp:repository:acme_corporation_label-staging_label-org_default_label-fedora_label-fedora_17_x86_64_label\", \"pulp:repository:1\", \"pulp:action:associate\"], \"reasons\": [], \"start_time\": \"2013-08-16T13:37:08Z\", \"tags\": [\"pulp:repository:acme_corporation_label-staging_label-org_default_label-fedora_label-fedora_17_x86_64_label\", \"pulp:repository:1\", \"pulp:action:associate\"], \"state\": \"finished\", \"finish_time\": \"2013-08-16T13:37:08Z\", \"dependency_failures\": {}, \"schedule_id\": null, \"progress\": {}, \"call_request_group_id\": null, \"call_request_id\": \"3b170874-4d51-487b-b27c-7074d2683668\", \"principal_login\": \"admin\", \"response\": \"accepted\", \"result\": [{\"unit_key\": {\"repo_id\": \"acme_corporation_label-staging_label-org_default_label-fedora_label-fedora_17_x86_64_label\", \"id\": \"bird\"}, \"type_id\": \"package_group\"}, {\"unit_key\": {\"repo_id\": \"acme_corporation_label-staging_label-org_default_label-fedora_label-fedora_17_x86_64_label\", \"id\": \"mammal\"}, \"type_id\": \"package_group\"}]}"
    http_version: 
  recorded_at: Fri, 16 Aug 2013 13:37:10 GMT
- request: 
    method: get
    uri: https://localhost/pulp/api/v2/tasks/cbbd247a-bea0-49bf-bcf8-05a8090dbe72/
    body: 
      encoding: US-ASCII
      string: ""
    headers: 
      Accept: 
      - application/json
      Accept-Encoding: 
      - gzip, deflate
      Content-Type: 
      - application/json
      Authorization: 
      - OAuth oauth_consumer_key="katello", oauth_nonce="OBv3kzQE8jS1Kbv6GSXVy7vuB5GoKm524rewzHVqk", oauth_signature="5m1395hvyZd1%2BgzIj9r%2FXd8M4Ag%3D", oauth_signature_method="HMAC-SHA1", oauth_timestamp="1376660230", oauth_version="1.0"
      Pulp-User: 
      - admin
      User-Agent: 
      - Ruby
  response: 
    status: 
      code: 200
      message: OK
    headers: 
      Date: 
      - Fri, 16 Aug 2013 13:37:10 GMT
      Server: 
      - Apache/2.4.4 (Fedora) OpenSSL/1.0.1e-fips PHP/5.4.13 mod_wsgi/3.4 Python/2.7.3 mod_perl/2.0.8-dev Perl/v5.16.2
      Content-Length: 
      - "859"
      Content-Type: 
      - application/json
    body: 
      encoding: US-ASCII
      string: "{\"task_group_id\": null, \"exception\": null, \"traceback\": null, \"_href\": \"/pulp/api/v2/tasks/cbbd247a-bea0-49bf-bcf8-05a8090dbe72/\", \"task_id\": \"cbbd247a-bea0-49bf-bcf8-05a8090dbe72\", \"call_request_tags\": [\"pulp:repository:acme_corporation_label-staging_label-org_default_label-fedora_label-fedora_17_x86_64_label\", \"pulp:repository:1\", \"pulp:action:associate\"], \"reasons\": [], \"start_time\": \"2013-08-16T13:37:08Z\", \"tags\": [\"pulp:repository:acme_corporation_label-staging_label-org_default_label-fedora_label-fedora_17_x86_64_label\", \"pulp:repository:1\", \"pulp:action:associate\"], \"state\": \"finished\", \"finish_time\": \"2013-08-16T13:37:08Z\", \"dependency_failures\": {}, \"schedule_id\": null, \"progress\": {}, \"call_request_group_id\": null, \"call_request_id\": \"cbbd247a-bea0-49bf-bcf8-05a8090dbe72\", \"principal_login\": \"admin\", \"response\": \"accepted\", \"result\": []}"
    http_version: 
  recorded_at: Fri, 16 Aug 2013 13:37:10 GMT
- request: 
    method: get
    uri: https://localhost/pulp/api/v2/tasks/4ff8e967-5c96-4c3a-b1f4-9b277d881741/
    body: 
      encoding: US-ASCII
      string: ""
    headers: 
      Accept: 
      - application/json
      Accept-Encoding: 
      - gzip, deflate
      Content-Type: 
      - application/json
      Authorization: 
      - OAuth oauth_consumer_key="katello", oauth_nonce="flnuai5vFkuraStCV3nSf6KvbLuJEwdh86pGRh4", oauth_signature="jCR0h76o0SOeU5Mixe86wkQnFnY%3D", oauth_signature_method="HMAC-SHA1", oauth_timestamp="1376660232", oauth_version="1.0"
      Pulp-User: 
      - admin
      User-Agent: 
      - Ruby
  response: 
    status: 
      code: 200
      message: OK
    headers: 
      Date: 
      - Fri, 16 Aug 2013 13:37:12 GMT
      Server: 
      - Apache/2.4.4 (Fedora) OpenSSL/1.0.1e-fips PHP/5.4.13 mod_wsgi/3.4 Python/2.7.3 mod_perl/2.0.8-dev Perl/v5.16.2
      Content-Length: 
      - "1111"
      Content-Type: 
      - application/json
    body: 
      encoding: US-ASCII
      string: "{\"task_group_id\": \"b94b0d03-6bda-43fd-a91a-0f745fc69585\", \"exception\": null, \"traceback\": null, \"_href\": \"/pulp/api/v2/tasks/4ff8e967-5c96-4c3a-b1f4-9b277d881741/\", \"task_id\": \"4ff8e967-5c96-4c3a-b1f4-9b277d881741\", \"call_request_tags\": [\"pulp:repository:1\", \"pulp:action:sync\"], \"reasons\": [], \"start_time\": \"2013-08-16T13:37:12Z\", \"tags\": [\"pulp:repository:1\", \"pulp:action:sync\"], \"state\": \"running\", \"finish_time\": null, \"dependency_failures\": {}, \"schedule_id\": null, \"progress\": {\"yum_importer\": {\"content\": {\"size_total\": 17872, \"items_left\": 7, \"items_total\": 8, \"state\": \"IN_PROGRESS\", \"size_left\": 15640, \"details\": {\"rpm_total\": 8, \"rpm_done\": 1, \"drpm_total\": 0, \"drpm_done\": 0}, \"error_details\": []}, \"comps\": {\"state\": \"NOT_STARTED\"}, \"distribution\": {\"items_total\": 0, \"state\": \"NOT_STARTED\", \"error_details\": [], \"items_left\": 0}, \"errata\": {\"state\": \"NOT_STARTED\"}, \"metadata\": {\"state\": \"FINISHED\"}}}, \"call_request_group_id\": \"b94b0d03-6bda-43fd-a91a-0f745fc69585\", \"call_request_id\": \"4ff8e967-5c96-4c3a-b1f4-9b277d881741\", \"principal_login\": \"admin\", \"response\": \"accepted\", \"result\": null}"
    http_version: 
  recorded_at: Fri, 16 Aug 2013 13:37:12 GMT
- request: 
    method: get
    uri: https://localhost/pulp/api/v2/tasks/4ff8e967-5c96-4c3a-b1f4-9b277d881741/
    body: 
      encoding: US-ASCII
      string: ""
    headers: 
      Accept: 
      - application/json
      Accept-Encoding: 
      - gzip, deflate
      Content-Type: 
      - application/json
      Authorization: 
      - OAuth oauth_consumer_key="katello", oauth_nonce="cBDcWtTkMLFj7YJve0Orrltxf625qwGZci3oa0", oauth_signature="nELvxp2PDQokjlKqpW9ualSHSrk%3D", oauth_signature_method="HMAC-SHA1", oauth_timestamp="1376660233", oauth_version="1.0"
      Pulp-User: 
      - admin
      User-Agent: 
      - Ruby
  response: 
    status: 
      code: 200
      message: OK
    headers: 
      Date: 
      - Fri, 16 Aug 2013 13:37:13 GMT
      Server: 
      - Apache/2.4.4 (Fedora) OpenSSL/1.0.1e-fips PHP/5.4.13 mod_wsgi/3.4 Python/2.7.3 mod_perl/2.0.8-dev Perl/v5.16.2
      Content-Length: 
      - "2076"
      Content-Type: 
      - application/json
    body: 
      encoding: US-ASCII
      string: "{\"task_group_id\": \"b94b0d03-6bda-43fd-a91a-0f745fc69585\", \"exception\": null, \"traceback\": null, \"_href\": \"/pulp/api/v2/tasks/4ff8e967-5c96-4c3a-b1f4-9b277d881741/\", \"task_id\": \"4ff8e967-5c96-4c3a-b1f4-9b277d881741\", \"call_request_tags\": [\"pulp:repository:1\", \"pulp:action:sync\"], \"reasons\": [], \"start_time\": \"2013-08-16T13:37:12Z\", \"tags\": [\"pulp:repository:1\", \"pulp:action:sync\"], \"state\": \"finished\", \"finish_time\": \"2013-08-16T13:37:12Z\", \"dependency_failures\": {}, \"schedule_id\": null, \"progress\": {\"yum_importer\": {\"content\": {\"size_total\": 17872, \"items_left\": 0, \"items_total\": 8, \"state\": \"FINISHED\", \"size_left\": 0, \"details\": {\"rpm_total\": 8, \"rpm_done\": 8, \"drpm_total\": 0, \"drpm_done\": 0}, \"error_details\": []}, \"comps\": {\"state\": \"FINISHED\"}, \"distribution\": {\"items_total\": 3, \"state\": \"FINISHED\", \"error_details\": [], \"items_left\": 0}, \"errata\": {\"state\": \"FINISHED\"}, \"metadata\": {\"state\": \"FINISHED\"}}}, \"call_request_group_id\": \"b94b0d03-6bda-43fd-a91a-0f745fc69585\", \"call_request_id\": \"4ff8e967-5c96-4c3a-b1f4-9b277d881741\", \"principal_login\": \"admin\", \"response\": \"accepted\", \"result\": {\"importer_id\": \"yum_importer\", \"exception\": null, \"repo_id\": \"1\", \"traceback\": null, \"started\": \"2013-08-16T09:37:12-04:00\", \"_ns\": \"repo_sync_results\", \"completed\": \"2013-08-16T09:37:12-04:00\", \"importer_type_id\": \"yum_importer\", \"error_message\": null, \"summary\": {\"content\": {\"state\": \"FINISHED\"}, \"comps\": {\"state\": \"FINISHED\"}, \"distribution\": {\"state\": \"FINISHED\"}, \"errata\": {\"state\": \"FINISHED\"}, \"metadata\": {\"state\": \"FINISHED\"}}, \"added_count\": 0, \"result\": \"success\", \"updated_count\": 14, \"details\": {\"content\": {\"size_total\": 17872, \"items_left\": 0, \"items_total\": 8, \"state\": \"FINISHED\", \"size_left\": 0, \"details\": {\"rpm_total\": 8, \"rpm_done\": 8, \"drpm_total\": 0, \"drpm_done\": 0}, \"error_details\": []}, \"comps\": {\"state\": \"FINISHED\"}, \"distribution\": {\"items_total\": 3, \"state\": \"FINISHED\", \"error_details\": [], \"items_left\": 0}, \"errata\": {\"state\": \"FINISHED\"}, \"metadata\": {\"state\": \"FINISHED\"}}, \"id\": \"520e2b088084e85ccf7684c7\", \"removed_count\": 0}}"
    http_version: 
  recorded_at: Fri, 16 Aug 2013 13:37:13 GMT
- request: 
    method: get
    uri: https://localhost/pulp/api/v2/tasks/495d4b99-3a64-47e0-8b3f-7d447ca72c07/
    body: 
      encoding: US-ASCII
      string: ""
    headers: 
      Accept: 
      - application/json
      Accept-Encoding: 
      - gzip, deflate
      Content-Type: 
      - application/json
      Authorization: 
      - OAuth oauth_consumer_key="katello", oauth_nonce="Wa4Ome4JW6kt3wgZfSzmorgy11yu2veESVJGgTbd6Nw", oauth_signature="eZvpX%2BsHUlSM1SVNesRslXS7Jhk%3D", oauth_signature_method="HMAC-SHA1", oauth_timestamp="1376660234", oauth_version="1.0"
      Pulp-User: 
      - admin
      User-Agent: 
      - Ruby
  response: 
    status: 
      code: 200
      message: OK
    headers: 
      Date: 
      - Fri, 16 Aug 2013 13:37:14 GMT
      Server: 
      - Apache/2.4.4 (Fedora) OpenSSL/1.0.1e-fips PHP/5.4.13 mod_wsgi/3.4 Python/2.7.3 mod_perl/2.0.8-dev Perl/v5.16.2
      Content-Length: 
      - "2492"
      Content-Type: 
      - application/json
    body: 
      encoding: US-ASCII
      string: "{\"task_group_id\": null, \"exception\": null, \"traceback\": null, \"_href\": \"/pulp/api/v2/tasks/495d4b99-3a64-47e0-8b3f-7d447ca72c07/\", \"task_id\": \"495d4b99-3a64-47e0-8b3f-7d447ca72c07\", \"call_request_tags\": [\"pulp:repository:2\", \"pulp:repository:1\", \"pulp:action:associate\"], \"reasons\": [], \"start_time\": \"2013-08-16T13:37:14Z\", \"tags\": [\"pulp:repository:2\", \"pulp:repository:1\", \"pulp:action:associate\"], \"state\": \"finished\", \"finish_time\": \"2013-08-16T13:37:14Z\", \"dependency_failures\": {}, \"schedule_id\": null, \"progress\": {}, \"call_request_group_id\": null, \"call_request_id\": \"495d4b99-3a64-47e0-8b3f-7d447ca72c07\", \"principal_login\": \"admin\", \"response\": \"accepted\", \"result\": [{\"unit_key\": {\"name\": \"cheetah\", \"checksum\": \"422d0baa0cd9d7713ae796e886a23e17f578f924f74880debdbb7d65fb368dae\", \"epoch\": \"0\", \"version\": \"0.3\", \"release\": \"0.8\", \"arch\": \"noarch\", \"checksumtype\": \"sha256\"}, \"type_id\": \"rpm\"}, {\"unit_key\": {\"name\": \"elephant\", \"checksum\": \"3e1c70cd1b421328acaf6397cb3d16145306bb95f65d1b095fc31372a0a701f3\", \"epoch\": \"0\", \"version\": \"0.3\", \"release\": \"0.8\", \"arch\": \"noarch\", \"checksumtype\": \"sha256\"}, \"type_id\": \"rpm\"}, {\"unit_key\": {\"name\": \"giraffe\", \"checksum\": \"f25d67d1d9da04f12e57ca323247b43891ac46533e355b82de6d1922009f9f14\", \"epoch\": \"0\", \"version\": \"0.3\", \"release\": \"0.8\", \"arch\": \"noarch\", \"checksumtype\": \"sha256\"}, \"type_id\": \"rpm\"}, {\"unit_key\": {\"name\": \"lion\", \"checksum\": \"12400dc95c23a4c160725a908716cd3fcdd7a8981585437ab64cd62efa3e4ae4\", \"epoch\": \"0\", \"version\": \"0.3\", \"release\": \"0.8\", \"arch\": \"noarch\", \"checksumtype\": \"sha256\"}, \"type_id\": \"rpm\"}, {\"unit_key\": {\"name\": \"monkey\", \"checksum\": \"0e8fa50d0128fbabc7ccc5632e3fa25d39b0280169f6166cb8e2c84de8501db1\", \"epoch\": \"0\", \"version\": \"0.3\", \"release\": \"0.8\", \"arch\": \"noarch\", \"checksumtype\": \"sha256\"}, \"type_id\": \"rpm\"}, {\"unit_key\": {\"name\": \"penguin\", \"checksum\": \"3fcb2c927de9e13bf68469032a28b139d3e5ad2e58564fc210fd6e48635be694\", \"epoch\": \"0\", \"version\": \"0.3\", \"release\": \"0.8\", \"arch\": \"noarch\", \"checksumtype\": \"sha256\"}, \"type_id\": \"rpm\"}, {\"unit_key\": {\"name\": \"squirrel\", \"checksum\": \"251768bdd15f13d78487c27638aa6aecd01551e253756093cde1c0ae878a17d2\", \"epoch\": \"0\", \"version\": \"0.3\", \"release\": \"0.8\", \"arch\": \"noarch\", \"checksumtype\": \"sha256\"}, \"type_id\": \"rpm\"}, {\"unit_key\": {\"name\": \"walrus\", \"checksum\": \"6e8d6dc057e3e2c9819f0dc7e6c7b7f86bf2e8571bba414adec7fb621a461dfd\", \"epoch\": \"0\", \"version\": \"0.3\", \"release\": \"0.8\", \"arch\": \"noarch\", \"checksumtype\": \"sha256\"}, \"type_id\": \"rpm\"}]}"
    http_version: 
  recorded_at: Fri, 16 Aug 2013 13:37:14 GMT
- request: 
    method: get
    uri: https://localhost/pulp/api/v2/tasks/3b97aff2-0980-4b6e-acbb-e00e96507634/
    body: 
      encoding: US-ASCII
      string: ""
    headers: 
      Accept: 
      - application/json
      Accept-Encoding: 
      - gzip, deflate
      Content-Type: 
      - application/json
      Authorization: 
      - OAuth oauth_consumer_key="katello", oauth_nonce="bpJHrqwXgVj7qx6jrNF5tpAxTFVkCbSoyiLM0fxyg", oauth_signature="9L50iN8IPhX4VrTOs4MyB0BcmtI%3D", oauth_signature_method="HMAC-SHA1", oauth_timestamp="1376660235", oauth_version="1.0"
      Pulp-User: 
      - admin
      User-Agent: 
      - Ruby
  response: 
    status: 
      code: 200
      message: OK
    headers: 
      Date: 
      - Fri, 16 Aug 2013 13:37:15 GMT
      Server: 
      - Apache/2.4.4 (Fedora) OpenSSL/1.0.1e-fips PHP/5.4.13 mod_wsgi/3.4 Python/2.7.3 mod_perl/2.0.8-dev Perl/v5.16.2
      Content-Length: 
      - "854"
      Content-Type: 
      - application/json
    body: 
      encoding: US-ASCII
      string: "{\"task_group_id\": null, \"exception\": null, \"traceback\": null, \"_href\": \"/pulp/api/v2/tasks/3b97aff2-0980-4b6e-acbb-e00e96507634/\", \"task_id\": \"3b97aff2-0980-4b6e-acbb-e00e96507634\", \"call_request_tags\": [\"pulp:repository:2\", \"pulp:repository:1\", \"pulp:action:associate\"], \"reasons\": [], \"start_time\": \"2013-08-16T13:37:14Z\", \"tags\": [\"pulp:repository:2\", \"pulp:repository:1\", \"pulp:action:associate\"], \"state\": \"finished\", \"finish_time\": \"2013-08-16T13:37:14Z\", \"dependency_failures\": {}, \"schedule_id\": null, \"progress\": {}, \"call_request_group_id\": null, \"call_request_id\": \"3b97aff2-0980-4b6e-acbb-e00e96507634\", \"principal_login\": \"admin\", \"response\": \"accepted\", \"result\": [{\"unit_key\": {\"arch\": \"x86_64\", \"version\": \"16\", \"variant\": \"TestVariant\", \"id\": \"ks-Test Family-TestVariant-16-x86_64\", \"family\": \"Test Family\"}, \"type_id\": \"distribution\"}]}"
    http_version: 
  recorded_at: Fri, 16 Aug 2013 13:37:15 GMT
- request: 
    method: get
    uri: https://localhost/pulp/api/v2/tasks/1d61e79b-9d8b-4fba-8541-a53bf87f5842/
    body: 
      encoding: US-ASCII
      string: ""
    headers: 
      Accept: 
      - application/json
      Accept-Encoding: 
      - gzip, deflate
      Content-Type: 
      - application/json
      Authorization: 
      - OAuth oauth_consumer_key="katello", oauth_nonce="7rNd6tX3Rw46YnlWMAMUGtFgpy11pgulVPZXqJ6OS4", oauth_signature="87GRABq7dPNRDb%2BIzOl6RFsgBec%3D", oauth_signature_method="HMAC-SHA1", oauth_timestamp="1376660235", oauth_version="1.0"
      Pulp-User: 
      - admin
      User-Agent: 
      - Ruby
  response: 
    status: 
      code: 200
      message: OK
    headers: 
      Date: 
      - Fri, 16 Aug 2013 13:37:15 GMT
      Server: 
      - Apache/2.4.4 (Fedora) OpenSSL/1.0.1e-fips PHP/5.4.13 mod_wsgi/3.4 Python/2.7.3 mod_perl/2.0.8-dev Perl/v5.16.2
      Content-Length: 
      - "803"
      Content-Type: 
      - application/json
    body: 
      encoding: US-ASCII
      string: "{\"task_group_id\": null, \"exception\": null, \"traceback\": null, \"_href\": \"/pulp/api/v2/tasks/1d61e79b-9d8b-4fba-8541-a53bf87f5842/\", \"task_id\": \"1d61e79b-9d8b-4fba-8541-a53bf87f5842\", \"call_request_tags\": [\"pulp:repository:2\", \"pulp:repository:1\", \"pulp:action:associate\"], \"reasons\": [], \"start_time\": \"2013-08-16T13:37:14Z\", \"tags\": [\"pulp:repository:2\", \"pulp:repository:1\", \"pulp:action:associate\"], \"state\": \"finished\", \"finish_time\": \"2013-08-16T13:37:14Z\", \"dependency_failures\": {}, \"schedule_id\": null, \"progress\": {}, \"call_request_group_id\": null, \"call_request_id\": \"1d61e79b-9d8b-4fba-8541-a53bf87f5842\", \"principal_login\": \"admin\", \"response\": \"accepted\", \"result\": [{\"unit_key\": {\"id\": \"RHEA-2010:0001\"}, \"type_id\": \"erratum\"}, {\"unit_key\": {\"id\": \"RHEA-2010:0002\"}, \"type_id\": \"erratum\"}]}"
    http_version: 
  recorded_at: Fri, 16 Aug 2013 13:37:16 GMT
- request: 
    method: get
    uri: https://localhost/pulp/api/v2/tasks/f5d9e0fa-ca70-4bd6-a4cc-c3038315635b/
    body: 
      encoding: US-ASCII
      string: ""
    headers: 
      Accept: 
      - application/json
      Accept-Encoding: 
      - gzip, deflate
      Content-Type: 
      - application/json
      Authorization: 
      - OAuth oauth_consumer_key="katello", oauth_nonce="I1TrGostrMGI8fSaBnkrWTaaXBWOQdankrsCrjDY", oauth_signature="gADG0TpS6tMgigDibbPTBmtt%2BQU%3D", oauth_signature_method="HMAC-SHA1", oauth_timestamp="1376660236", oauth_version="1.0"
      Pulp-User: 
      - admin
      User-Agent: 
      - Ruby
  response: 
    status: 
      code: 200
      message: OK
    headers: 
      Date: 
      - Fri, 16 Aug 2013 13:37:16 GMT
      Server: 
      - Apache/2.4.4 (Fedora) OpenSSL/1.0.1e-fips PHP/5.4.13 mod_wsgi/3.4 Python/2.7.3 mod_perl/2.0.8-dev Perl/v5.16.2
      Content-Length: 
      - "829"
      Content-Type: 
      - application/json
    body: 
      encoding: US-ASCII
      string: "{\"task_group_id\": null, \"exception\": null, \"traceback\": null, \"_href\": \"/pulp/api/v2/tasks/f5d9e0fa-ca70-4bd6-a4cc-c3038315635b/\", \"task_id\": \"f5d9e0fa-ca70-4bd6-a4cc-c3038315635b\", \"call_request_tags\": [\"pulp:repository:2\", \"pulp:repository:1\", \"pulp:action:associate\"], \"reasons\": [], \"start_time\": \"2013-08-16T13:37:14Z\", \"tags\": [\"pulp:repository:2\", \"pulp:repository:1\", \"pulp:action:associate\"], \"state\": \"finished\", \"finish_time\": \"2013-08-16T13:37:14Z\", \"dependency_failures\": {}, \"schedule_id\": null, \"progress\": {}, \"call_request_group_id\": null, \"call_request_id\": \"f5d9e0fa-ca70-4bd6-a4cc-c3038315635b\", \"principal_login\": \"admin\", \"response\": \"accepted\", \"result\": [{\"unit_key\": {\"repo_id\": \"2\", \"id\": \"bird\"}, \"type_id\": \"package_group\"}, {\"unit_key\": {\"repo_id\": \"2\", \"id\": \"mammal\"}, \"type_id\": \"package_group\"}]}"
    http_version: 
  recorded_at: Fri, 16 Aug 2013 13:37:16 GMT
- request: 
    method: get
    uri: https://localhost/pulp/api/v2/tasks/0f2d14c8-f6bd-47d2-b6d5-b27132c3cfbe/
    body: 
      encoding: US-ASCII
      string: ""
    headers: 
      Accept: 
      - application/json
      Accept-Encoding: 
      - gzip, deflate
      Content-Type: 
      - application/json
      Authorization: 
      - OAuth oauth_consumer_key="katello", oauth_nonce="kOBMVn2I6sIX8mfFsInqSqvrBQf7sc6g52lBqu6E0", oauth_signature="UYbF%2FKiDwMjmAvFguTBf0IiCOAc%3D", oauth_signature_method="HMAC-SHA1", oauth_timestamp="1376660237", oauth_version="1.0"
      Pulp-User: 
      - admin
      User-Agent: 
      - Ruby
  response: 
    status: 
      code: 200
      message: OK
    headers: 
      Date: 
      - Fri, 16 Aug 2013 13:37:17 GMT
      Server: 
      - Apache/2.4.4 (Fedora) OpenSSL/1.0.1e-fips PHP/5.4.13 mod_wsgi/3.4 Python/2.7.3 mod_perl/2.0.8-dev Perl/v5.16.2
      Content-Length: 
      - "681"
      Content-Type: 
      - application/json
    body: 
      encoding: US-ASCII
      string: "{\"task_group_id\": null, \"exception\": null, \"traceback\": null, \"_href\": \"/pulp/api/v2/tasks/0f2d14c8-f6bd-47d2-b6d5-b27132c3cfbe/\", \"task_id\": \"0f2d14c8-f6bd-47d2-b6d5-b27132c3cfbe\", \"call_request_tags\": [\"pulp:repository:2\", \"pulp:repository:1\", \"pulp:action:associate\"], \"reasons\": [], \"start_time\": \"2013-08-16T13:37:14Z\", \"tags\": [\"pulp:repository:2\", \"pulp:repository:1\", \"pulp:action:associate\"], \"state\": \"finished\", \"finish_time\": \"2013-08-16T13:37:14Z\", \"dependency_failures\": {}, \"schedule_id\": null, \"progress\": {}, \"call_request_group_id\": null, \"call_request_id\": \"0f2d14c8-f6bd-47d2-b6d5-b27132c3cfbe\", \"principal_login\": \"admin\", \"response\": \"accepted\", \"result\": []}"
    http_version: 
  recorded_at: Fri, 16 Aug 2013 13:37:17 GMT
- request: 
    method: get
    uri: https://localhost/pulp/api/v2/tasks/baac33e4-afe8-4638-9407-11f76f40ab11/
    body: 
      encoding: US-ASCII
      string: ""
    headers: 
      Accept: 
      - application/json
      Accept-Encoding: 
      - gzip, deflate
      Content-Type: 
      - application/json
      Authorization: 
      - OAuth oauth_consumer_key="katello", oauth_nonce="DQ3ZiRrsQG49DMJuRDs56qk2GH32ElgjWKBGzXDWIrI", oauth_signature="prCh%2FNrG4MtnRU1DSZx87nFk7uY%3D", oauth_signature_method="HMAC-SHA1", oauth_timestamp="1376660240", oauth_version="1.0"
      Pulp-User: 
      - admin
      User-Agent: 
      - Ruby
  response: 
    status: 
      code: 200
      message: OK
    headers: 
      Date: 
      - Fri, 16 Aug 2013 13:37:20 GMT
      Server: 
      - Apache/2.4.4 (Fedora) OpenSSL/1.0.1e-fips PHP/5.4.13 mod_wsgi/3.4 Python/2.7.3 mod_perl/2.0.8-dev Perl/v5.16.2
      Content-Length: 
      - "2670"
      Content-Type: 
      - application/json
    body: 
      encoding: US-ASCII
      string: "{\"task_group_id\": null, \"exception\": null, \"traceback\": null, \"_href\": \"/pulp/api/v2/tasks/baac33e4-afe8-4638-9407-11f76f40ab11/\", \"task_id\": \"baac33e4-afe8-4638-9407-11f76f40ab11\", \"call_request_tags\": [\"pulp:repository:acme_corporation_label-staging_label-org_default_label-fedora_label-fedora_17_x86_64_label\", \"pulp:repository:1\", \"pulp:action:associate\"], \"reasons\": [], \"start_time\": \"2013-08-16T13:37:20Z\", \"tags\": [\"pulp:repository:acme_corporation_label-staging_label-org_default_label-fedora_label-fedora_17_x86_64_label\", \"pulp:repository:1\", \"pulp:action:associate\"], \"state\": \"finished\", \"finish_time\": \"2013-08-16T13:37:20Z\", \"dependency_failures\": {}, \"schedule_id\": null, \"progress\": {}, \"call_request_group_id\": null, \"call_request_id\": \"baac33e4-afe8-4638-9407-11f76f40ab11\", \"principal_login\": \"admin\", \"response\": \"accepted\", \"result\": [{\"unit_key\": {\"name\": \"cheetah\", \"checksum\": \"422d0baa0cd9d7713ae796e886a23e17f578f924f74880debdbb7d65fb368dae\", \"epoch\": \"0\", \"version\": \"0.3\", \"release\": \"0.8\", \"arch\": \"noarch\", \"checksumtype\": \"sha256\"}, \"type_id\": \"rpm\"}, {\"unit_key\": {\"name\": \"elephant\", \"checksum\": \"3e1c70cd1b421328acaf6397cb3d16145306bb95f65d1b095fc31372a0a701f3\", \"epoch\": \"0\", \"version\": \"0.3\", \"release\": \"0.8\", \"arch\": \"noarch\", \"checksumtype\": \"sha256\"}, \"type_id\": \"rpm\"}, {\"unit_key\": {\"name\": \"giraffe\", \"checksum\": \"f25d67d1d9da04f12e57ca323247b43891ac46533e355b82de6d1922009f9f14\", \"epoch\": \"0\", \"version\": \"0.3\", \"release\": \"0.8\", \"arch\": \"noarch\", \"checksumtype\": \"sha256\"}, \"type_id\": \"rpm\"}, {\"unit_key\": {\"name\": \"lion\", \"checksum\": \"12400dc95c23a4c160725a908716cd3fcdd7a8981585437ab64cd62efa3e4ae4\", \"epoch\": \"0\", \"version\": \"0.3\", \"release\": \"0.8\", \"arch\": \"noarch\", \"checksumtype\": \"sha256\"}, \"type_id\": \"rpm\"}, {\"unit_key\": {\"name\": \"monkey\", \"checksum\": \"0e8fa50d0128fbabc7ccc5632e3fa25d39b0280169f6166cb8e2c84de8501db1\", \"epoch\": \"0\", \"version\": \"0.3\", \"release\": \"0.8\", \"arch\": \"noarch\", \"checksumtype\": \"sha256\"}, \"type_id\": \"rpm\"}, {\"unit_key\": {\"name\": \"penguin\", \"checksum\": \"3fcb2c927de9e13bf68469032a28b139d3e5ad2e58564fc210fd6e48635be694\", \"epoch\": \"0\", \"version\": \"0.3\", \"release\": \"0.8\", \"arch\": \"noarch\", \"checksumtype\": \"sha256\"}, \"type_id\": \"rpm\"}, {\"unit_key\": {\"name\": \"squirrel\", \"checksum\": \"251768bdd15f13d78487c27638aa6aecd01551e253756093cde1c0ae878a17d2\", \"epoch\": \"0\", \"version\": \"0.3\", \"release\": \"0.8\", \"arch\": \"noarch\", \"checksumtype\": \"sha256\"}, \"type_id\": \"rpm\"}, {\"unit_key\": {\"name\": \"walrus\", \"checksum\": \"6e8d6dc057e3e2c9819f0dc7e6c7b7f86bf2e8571bba414adec7fb621a461dfd\", \"epoch\": \"0\", \"version\": \"0.3\", \"release\": \"0.8\", \"arch\": \"noarch\", \"checksumtype\": \"sha256\"}, \"type_id\": \"rpm\"}]}"
    http_version: 
  recorded_at: Fri, 16 Aug 2013 13:37:20 GMT
- request: 
    method: get
    uri: https://localhost/pulp/api/v2/tasks/9c73a7cf-9aa1-4e20-98a6-f3763c719802/
    body: 
      encoding: US-ASCII
      string: ""
    headers: 
      Accept: 
      - application/json
      Accept-Encoding: 
      - gzip, deflate
      Content-Type: 
      - application/json
      Authorization: 
      - OAuth oauth_consumer_key="katello", oauth_nonce="6tYmDYtcMPXdG1LeCbMKAwEyYdZ1b52fmwB5VW4Bo", oauth_signature="LWSqXodYFs9MF%2FmGUFIEa4HC7eI%3D", oauth_signature_method="HMAC-SHA1", oauth_timestamp="1376660241", oauth_version="1.0"
      Pulp-User: 
      - admin
      User-Agent: 
      - Ruby
  response: 
    status: 
      code: 200
      message: OK
    headers: 
      Date: 
      - Fri, 16 Aug 2013 13:37:21 GMT
      Server: 
      - Apache/2.4.4 (Fedora) OpenSSL/1.0.1e-fips PHP/5.4.13 mod_wsgi/3.4 Python/2.7.3 mod_perl/2.0.8-dev Perl/v5.16.2
      Content-Length: 
      - "1032"
      Content-Type: 
      - application/json
    body: 
      encoding: US-ASCII
      string: "{\"task_group_id\": null, \"exception\": null, \"traceback\": null, \"_href\": \"/pulp/api/v2/tasks/9c73a7cf-9aa1-4e20-98a6-f3763c719802/\", \"task_id\": \"9c73a7cf-9aa1-4e20-98a6-f3763c719802\", \"call_request_tags\": [\"pulp:repository:acme_corporation_label-staging_label-org_default_label-fedora_label-fedora_17_x86_64_label\", \"pulp:repository:1\", \"pulp:action:associate\"], \"reasons\": [], \"start_time\": \"2013-08-16T13:37:20Z\", \"tags\": [\"pulp:repository:acme_corporation_label-staging_label-org_default_label-fedora_label-fedora_17_x86_64_label\", \"pulp:repository:1\", \"pulp:action:associate\"], \"state\": \"finished\", \"finish_time\": \"2013-08-16T13:37:20Z\", \"dependency_failures\": {}, \"schedule_id\": null, \"progress\": {}, \"call_request_group_id\": null, \"call_request_id\": \"9c73a7cf-9aa1-4e20-98a6-f3763c719802\", \"principal_login\": \"admin\", \"response\": \"accepted\", \"result\": [{\"unit_key\": {\"arch\": \"x86_64\", \"version\": \"16\", \"variant\": \"TestVariant\", \"id\": \"ks-Test Family-TestVariant-16-x86_64\", \"family\": \"Test Family\"}, \"type_id\": \"distribution\"}]}"
    http_version: 
  recorded_at: Fri, 16 Aug 2013 13:37:21 GMT
- request: 
    method: get
    uri: https://localhost/pulp/api/v2/tasks/7a9706d1-beaa-4ff5-a370-e14ab7ec0486/
    body: 
      encoding: US-ASCII
      string: ""
    headers: 
      Accept: 
      - application/json
      Accept-Encoding: 
      - gzip, deflate
      Content-Type: 
      - application/json
      Authorization: 
      - OAuth oauth_consumer_key="katello", oauth_nonce="txFm0l9NIAOESN5UbxsSGkGhCozalYyP8maXHsmZfn4", oauth_signature="cyGqCRQRa%2FHEg2fvod716EFaAhk%3D", oauth_signature_method="HMAC-SHA1", oauth_timestamp="1376660241", oauth_version="1.0"
      Pulp-User: 
      - admin
      User-Agent: 
      - Ruby
  response: 
    status: 
      code: 200
      message: OK
    headers: 
      Date: 
      - Fri, 16 Aug 2013 13:37:21 GMT
      Server: 
      - Apache/2.4.4 (Fedora) OpenSSL/1.0.1e-fips PHP/5.4.13 mod_wsgi/3.4 Python/2.7.3 mod_perl/2.0.8-dev Perl/v5.16.2
      Content-Length: 
      - "981"
      Content-Type: 
      - application/json
    body: 
      encoding: US-ASCII
      string: "{\"task_group_id\": null, \"exception\": null, \"traceback\": null, \"_href\": \"/pulp/api/v2/tasks/7a9706d1-beaa-4ff5-a370-e14ab7ec0486/\", \"task_id\": \"7a9706d1-beaa-4ff5-a370-e14ab7ec0486\", \"call_request_tags\": [\"pulp:repository:acme_corporation_label-staging_label-org_default_label-fedora_label-fedora_17_x86_64_label\", \"pulp:repository:1\", \"pulp:action:associate\"], \"reasons\": [], \"start_time\": \"2013-08-16T13:37:20Z\", \"tags\": [\"pulp:repository:acme_corporation_label-staging_label-org_default_label-fedora_label-fedora_17_x86_64_label\", \"pulp:repository:1\", \"pulp:action:associate\"], \"state\": \"finished\", \"finish_time\": \"2013-08-16T13:37:20Z\", \"dependency_failures\": {}, \"schedule_id\": null, \"progress\": {}, \"call_request_group_id\": null, \"call_request_id\": \"7a9706d1-beaa-4ff5-a370-e14ab7ec0486\", \"principal_login\": \"admin\", \"response\": \"accepted\", \"result\": [{\"unit_key\": {\"id\": \"RHEA-2010:0001\"}, \"type_id\": \"erratum\"}, {\"unit_key\": {\"id\": \"RHEA-2010:0002\"}, \"type_id\": \"erratum\"}]}"
    http_version: 
  recorded_at: Fri, 16 Aug 2013 13:37:21 GMT
- request: 
    method: get
    uri: https://localhost/pulp/api/v2/tasks/337cabce-c59c-482d-b7a0-6a9dd066ea4e/
    body: 
      encoding: US-ASCII
      string: ""
    headers: 
      Accept: 
      - application/json
      Accept-Encoding: 
      - gzip, deflate
      Content-Type: 
      - application/json
      Authorization: 
      - OAuth oauth_consumer_key="katello", oauth_nonce="HPGjUqxGkffZzLoE8jrWmNtL6nHr48pnHDN6e7To", oauth_signature="tP6a8Ictoyzmnq4DPeqUQ9r5o4k%3D", oauth_signature_method="HMAC-SHA1", oauth_timestamp="1376660242", oauth_version="1.0"
      Pulp-User: 
      - admin
      User-Agent: 
      - Ruby
  response: 
    status: 
      code: 200
      message: OK
    headers: 
      Date: 
      - Fri, 16 Aug 2013 13:37:22 GMT
      Server: 
      - Apache/2.4.4 (Fedora) OpenSSL/1.0.1e-fips PHP/5.4.13 mod_wsgi/3.4 Python/2.7.3 mod_perl/2.0.8-dev Perl/v5.16.2
      Content-Length: 
      - "1185"
      Content-Type: 
      - application/json
    body: 
      encoding: US-ASCII
      string: "{\"task_group_id\": null, \"exception\": null, \"traceback\": null, \"_href\": \"/pulp/api/v2/tasks/337cabce-c59c-482d-b7a0-6a9dd066ea4e/\", \"task_id\": \"337cabce-c59c-482d-b7a0-6a9dd066ea4e\", \"call_request_tags\": [\"pulp:repository:acme_corporation_label-staging_label-org_default_label-fedora_label-fedora_17_x86_64_label\", \"pulp:repository:1\", \"pulp:action:associate\"], \"reasons\": [], \"start_time\": \"2013-08-16T13:37:20Z\", \"tags\": [\"pulp:repository:acme_corporation_label-staging_label-org_default_label-fedora_label-fedora_17_x86_64_label\", \"pulp:repository:1\", \"pulp:action:associate\"], \"state\": \"finished\", \"finish_time\": \"2013-08-16T13:37:20Z\", \"dependency_failures\": {}, \"schedule_id\": null, \"progress\": {}, \"call_request_group_id\": null, \"call_request_id\": \"337cabce-c59c-482d-b7a0-6a9dd066ea4e\", \"principal_login\": \"admin\", \"response\": \"accepted\", \"result\": [{\"unit_key\": {\"repo_id\": \"acme_corporation_label-staging_label-org_default_label-fedora_label-fedora_17_x86_64_label\", \"id\": \"bird\"}, \"type_id\": \"package_group\"}, {\"unit_key\": {\"repo_id\": \"acme_corporation_label-staging_label-org_default_label-fedora_label-fedora_17_x86_64_label\", \"id\": \"mammal\"}, \"type_id\": \"package_group\"}]}"
    http_version: 
  recorded_at: Fri, 16 Aug 2013 13:37:22 GMT
- request: 
    method: get
    uri: https://localhost/pulp/api/v2/tasks/4ead12c0-fcec-45ea-a215-3289acd87a04/
    body: 
      encoding: US-ASCII
      string: ""
    headers: 
      Accept: 
      - application/json
      Accept-Encoding: 
      - gzip, deflate
      Content-Type: 
      - application/json
      Authorization: 
      - OAuth oauth_consumer_key="katello", oauth_nonce="Qj0GCvhWHSYzOqvgn01Ej46joQZLchlcnnjTtk1Shw", oauth_signature="2wjxllU%2FOePYrfE5BxjVKjQ%2Fsz4%3D", oauth_signature_method="HMAC-SHA1", oauth_timestamp="1376660243", oauth_version="1.0"
      Pulp-User: 
      - admin
      User-Agent: 
      - Ruby
  response: 
    status: 
      code: 200
      message: OK
    headers: 
      Date: 
      - Fri, 16 Aug 2013 13:37:23 GMT
      Server: 
      - Apache/2.4.4 (Fedora) OpenSSL/1.0.1e-fips PHP/5.4.13 mod_wsgi/3.4 Python/2.7.3 mod_perl/2.0.8-dev Perl/v5.16.2
      Content-Length: 
      - "859"
      Content-Type: 
      - application/json
    body: 
      encoding: US-ASCII
      string: "{\"task_group_id\": null, \"exception\": null, \"traceback\": null, \"_href\": \"/pulp/api/v2/tasks/4ead12c0-fcec-45ea-a215-3289acd87a04/\", \"task_id\": \"4ead12c0-fcec-45ea-a215-3289acd87a04\", \"call_request_tags\": [\"pulp:repository:acme_corporation_label-staging_label-org_default_label-fedora_label-fedora_17_x86_64_label\", \"pulp:repository:1\", \"pulp:action:associate\"], \"reasons\": [], \"start_time\": \"2013-08-16T13:37:20Z\", \"tags\": [\"pulp:repository:acme_corporation_label-staging_label-org_default_label-fedora_label-fedora_17_x86_64_label\", \"pulp:repository:1\", \"pulp:action:associate\"], \"state\": \"finished\", \"finish_time\": \"2013-08-16T13:37:20Z\", \"dependency_failures\": {}, \"schedule_id\": null, \"progress\": {}, \"call_request_group_id\": null, \"call_request_id\": \"4ead12c0-fcec-45ea-a215-3289acd87a04\", \"principal_login\": \"admin\", \"response\": \"accepted\", \"result\": []}"
    http_version: 
  recorded_at: Fri, 16 Aug 2013 13:37:23 GMT
- request: 
    method: get
    uri: https://localhost/pulp/api/v2/tasks/624b7c6e-590b-40d6-91d8-5699f7170cc3/
    body: 
      encoding: US-ASCII
      string: ""
    headers: 
      Accept: 
      - application/json
      Accept-Encoding: 
      - gzip, deflate
      Content-Type: 
      - application/json
      Authorization: 
      - OAuth oauth_consumer_key="katello", oauth_nonce="lys2kScEt7br0gQfqTz6mIfOgZ6juF7HqEhxFsOQzEE", oauth_signature="%2Fe%2BcjsHoVlA6i2I8UaxtYuLTtSk%3D", oauth_signature_method="HMAC-SHA1", oauth_timestamp="1376660245", oauth_version="1.0"
      Pulp-User: 
      - admin
      User-Agent: 
      - Ruby
  response: 
    status: 
      code: 200
      message: OK
    headers: 
      Date: 
      - Fri, 16 Aug 2013 13:37:25 GMT
      Server: 
      - Apache/2.4.4 (Fedora) OpenSSL/1.0.1e-fips PHP/5.4.13 mod_wsgi/3.4 Python/2.7.3 mod_perl/2.0.8-dev Perl/v5.16.2
      Content-Length: 
      - "1111"
      Content-Type: 
      - application/json
    body: 
      encoding: US-ASCII
      string: "{\"task_group_id\": \"d9bf1c89-117e-46f1-b42e-3165a1dfd50f\", \"exception\": null, \"traceback\": null, \"_href\": \"/pulp/api/v2/tasks/624b7c6e-590b-40d6-91d8-5699f7170cc3/\", \"task_id\": \"624b7c6e-590b-40d6-91d8-5699f7170cc3\", \"call_request_tags\": [\"pulp:repository:1\", \"pulp:action:sync\"], \"reasons\": [], \"start_time\": \"2013-08-16T13:37:25Z\", \"tags\": [\"pulp:repository:1\", \"pulp:action:sync\"], \"state\": \"running\", \"finish_time\": null, \"dependency_failures\": {}, \"schedule_id\": null, \"progress\": {\"yum_importer\": {\"content\": {\"size_total\": 17872, \"items_left\": 8, \"items_total\": 8, \"state\": \"IN_PROGRESS\", \"size_left\": 17872, \"details\": {\"rpm_total\": 8, \"rpm_done\": 0, \"drpm_total\": 0, \"drpm_done\": 0}, \"error_details\": []}, \"comps\": {\"state\": \"NOT_STARTED\"}, \"distribution\": {\"items_total\": 0, \"state\": \"NOT_STARTED\", \"error_details\": [], \"items_left\": 0}, \"errata\": {\"state\": \"NOT_STARTED\"}, \"metadata\": {\"state\": \"FINISHED\"}}}, \"call_request_group_id\": \"d9bf1c89-117e-46f1-b42e-3165a1dfd50f\", \"call_request_id\": \"624b7c6e-590b-40d6-91d8-5699f7170cc3\", \"principal_login\": \"admin\", \"response\": \"accepted\", \"result\": null}"
    http_version: 
  recorded_at: Fri, 16 Aug 2013 13:37:25 GMT
- request: 
    method: get
    uri: https://localhost/pulp/api/v2/tasks/624b7c6e-590b-40d6-91d8-5699f7170cc3/
    body: 
      encoding: US-ASCII
      string: ""
    headers: 
      Accept: 
      - application/json
      Accept-Encoding: 
      - gzip, deflate
      Content-Type: 
      - application/json
      Authorization: 
      - OAuth oauth_consumer_key="katello", oauth_nonce="Uv6nobiSajx9pmeLPcR4QdlMunpLAzPzOhaMM15sA", oauth_signature="an8RTpwlZtrehhQHt7HMD%2BhbWqw%3D", oauth_signature_method="HMAC-SHA1", oauth_timestamp="1376660245", oauth_version="1.0"
      Pulp-User: 
      - admin
      User-Agent: 
      - Ruby
  response: 
    status: 
      code: 200
      message: OK
    headers: 
      Date: 
      - Fri, 16 Aug 2013 13:37:25 GMT
      Server: 
      - Apache/2.4.4 (Fedora) OpenSSL/1.0.1e-fips PHP/5.4.13 mod_wsgi/3.4 Python/2.7.3 mod_perl/2.0.8-dev Perl/v5.16.2
      Content-Length: 
      - "2076"
      Content-Type: 
      - application/json
    body: 
      encoding: US-ASCII
      string: "{\"task_group_id\": \"d9bf1c89-117e-46f1-b42e-3165a1dfd50f\", \"exception\": null, \"traceback\": null, \"_href\": \"/pulp/api/v2/tasks/624b7c6e-590b-40d6-91d8-5699f7170cc3/\", \"task_id\": \"624b7c6e-590b-40d6-91d8-5699f7170cc3\", \"call_request_tags\": [\"pulp:repository:1\", \"pulp:action:sync\"], \"reasons\": [], \"start_time\": \"2013-08-16T13:37:25Z\", \"tags\": [\"pulp:repository:1\", \"pulp:action:sync\"], \"state\": \"finished\", \"finish_time\": \"2013-08-16T13:37:25Z\", \"dependency_failures\": {}, \"schedule_id\": null, \"progress\": {\"yum_importer\": {\"content\": {\"size_total\": 17872, \"items_left\": 0, \"items_total\": 8, \"state\": \"FINISHED\", \"size_left\": 0, \"details\": {\"rpm_total\": 8, \"rpm_done\": 8, \"drpm_total\": 0, \"drpm_done\": 0}, \"error_details\": []}, \"comps\": {\"state\": \"FINISHED\"}, \"distribution\": {\"items_total\": 3, \"state\": \"FINISHED\", \"error_details\": [], \"items_left\": 0}, \"errata\": {\"state\": \"FINISHED\"}, \"metadata\": {\"state\": \"FINISHED\"}}}, \"call_request_group_id\": \"d9bf1c89-117e-46f1-b42e-3165a1dfd50f\", \"call_request_id\": \"624b7c6e-590b-40d6-91d8-5699f7170cc3\", \"principal_login\": \"admin\", \"response\": \"accepted\", \"result\": {\"importer_id\": \"yum_importer\", \"exception\": null, \"repo_id\": \"1\", \"traceback\": null, \"started\": \"2013-08-16T09:37:25-04:00\", \"_ns\": \"repo_sync_results\", \"completed\": \"2013-08-16T09:37:25-04:00\", \"importer_type_id\": \"yum_importer\", \"error_message\": null, \"summary\": {\"content\": {\"state\": \"FINISHED\"}, \"comps\": {\"state\": \"FINISHED\"}, \"distribution\": {\"state\": \"FINISHED\"}, \"errata\": {\"state\": \"FINISHED\"}, \"metadata\": {\"state\": \"FINISHED\"}}, \"added_count\": 0, \"result\": \"success\", \"updated_count\": 14, \"details\": {\"content\": {\"size_total\": 17872, \"items_left\": 0, \"items_total\": 8, \"state\": \"FINISHED\", \"size_left\": 0, \"details\": {\"rpm_total\": 8, \"rpm_done\": 8, \"drpm_total\": 0, \"drpm_done\": 0}, \"error_details\": []}, \"comps\": {\"state\": \"FINISHED\"}, \"distribution\": {\"items_total\": 3, \"state\": \"FINISHED\", \"error_details\": [], \"items_left\": 0}, \"errata\": {\"state\": \"FINISHED\"}, \"metadata\": {\"state\": \"FINISHED\"}}, \"id\": \"520e2b158084e85ccf768609\", \"removed_count\": 0}}"
    http_version: 
  recorded_at: Fri, 16 Aug 2013 13:37:25 GMT
recorded_with: VCR 2.5.0
