--- 
recorded_with: VCR 2.4.0
http_interactions: 
- request: 
    method: post
    uri: https://dhcp231-16.rdu.redhat.com/pulp/api/v2/content/units/erratum/search/
    body: 
      string: "{\"criteria\":{\"filters\":{\"_id\":{\"$in\":[\"0ba6a947-aa20-49e7-8763-99fb4d4bd51b\"]}}},\"include_repos\":true}"
    headers: 
      Content-Length: 
      - "102"
      Content-Type: 
      - application/json
      Accept: 
      - application/json
      Pulp-User: 
      - admin
      Authorization: 
      - OAuth oauth_body_hash="2jmj7l5rSw0yVb%2FvlWAYkK%2FYBwk%3D", oauth_consumer_key="katello", oauth_nonce="jfWnUGZRpYiPgr2nVEKzNYlmYMwkLTIM5IUoeKaVw", oauth_signature="nkDx5dnhnqoaAWrH8xkxTgyHd5w%3D", oauth_signature_method="HMAC-SHA1", oauth_timestamp="1363829933", oauth_version="1.0"
      Accept-Encoding: 
      - gzip, deflate
  response: 
    status: 
      code: 200
      message: OK
    headers: 
      Content-Length: 
      - "834"
      Content-Type: 
      - application/json
      Date: 
      - Thu, 21 Mar 2013 01:38:53 GMT
      Server: 
      - Apache/2.2.22 (Fedora)
    body: 
      string: "[{\"issued\": \"2010-01-01 01:01:01\", \"references\": [], \"_content_type_id\": \"erratum\", \"id\": \"RHEA-2010:0002\", \"severity\": \"\", \"title\": \"One package errata\", \"version\": \"1\", \"reboot_suggested\": false, \"type\": \"security\", \"pkglist\": [{\"packages\": [{\"src\": \"http://www.fedoraproject.org\", \"name\": \"elephant\", \"filename\": \"elephant-0.3-0.8.noarch.rpm\", \"epoch\": null, \"version\": \"0.3\", \"release\": \"0.8\", \"arch\": \"noarch\"}], \"name\": \"1\", \"short\": \"\"}], \"status\": \"stable\", \"updated\": \"\", \"description\": \"One package errata\", \"pushcount\": 1, \"from_str\": \"lzap+pub@redhat.com\", \"_storage_path\": null, \"rights\": \"\", \"solution\": \"\", \"summary\": \"\", \"release\": \"1\", \"_id\": \"0ba6a947-aa20-49e7-8763-99fb4d4bd51b\", \"_href\": \"/pulp/api/v2/content/units/erratum/0ba6a947-aa20-49e7-8763-99fb4d4bd51b/\", \"children\": {}, \"repository_memberships\": [\"1\"]}]"
    http_version: 
  recorded_at: Thu, 21 Mar 2013 01:38:53 GMT
- request: 
    method: post
    uri: https://dhcp231-16.rdu.redhat.com/pulp/api/v2/content/units/erratum/search/
    body: 
      string: "{\"criteria\":{\"filters\":{\"_id\":{\"$in\":[\"0ba6a947-aa20-49e7-8763-99fb4d4bd51b\"]}}},\"include_repos\":true}"
    headers: 
      Content-Length: 
      - "102"
      Content-Type: 
      - application/json
      Accept: 
      - application/json
      Pulp-User: 
      - admin
      Authorization: 
      - OAuth oauth_body_hash="2jmj7l5rSw0yVb%2FvlWAYkK%2FYBwk%3D", oauth_consumer_key="katello", oauth_nonce="TjB6jXxVYooZg0mhCi5EgQk07uGaKbhc6HEPxyku1E", oauth_signature="TjwTx4ipBM6EsmzS4YkrHuZR%2F0k%3D", oauth_signature_method="HMAC-SHA1", oauth_timestamp="1363829933", oauth_version="1.0"
      Accept-Encoding: 
      - gzip, deflate
  response: 
    status: 
      code: 200
      message: OK
    headers: 
      Content-Length: 
      - "834"
      Content-Type: 
      - application/json
      Date: 
      - Thu, 21 Mar 2013 01:38:53 GMT
      Server: 
      - Apache/2.2.22 (Fedora)
    body: 
      string: "[{\"issued\": \"2010-01-01 01:01:01\", \"references\": [], \"_content_type_id\": \"erratum\", \"id\": \"RHEA-2010:0002\", \"severity\": \"\", \"title\": \"One package errata\", \"version\": \"1\", \"reboot_suggested\": false, \"type\": \"security\", \"pkglist\": [{\"packages\": [{\"src\": \"http://www.fedoraproject.org\", \"name\": \"elephant\", \"filename\": \"elephant-0.3-0.8.noarch.rpm\", \"epoch\": null, \"version\": \"0.3\", \"release\": \"0.8\", \"arch\": \"noarch\"}], \"name\": \"1\", \"short\": \"\"}], \"status\": \"stable\", \"updated\": \"\", \"description\": \"One package errata\", \"pushcount\": 1, \"from_str\": \"lzap+pub@redhat.com\", \"_storage_path\": null, \"rights\": \"\", \"solution\": \"\", \"summary\": \"\", \"release\": \"1\", \"_id\": \"0ba6a947-aa20-49e7-8763-99fb4d4bd51b\", \"_href\": \"/pulp/api/v2/content/units/erratum/0ba6a947-aa20-49e7-8763-99fb4d4bd51b/\", \"children\": {}, \"repository_memberships\": [\"1\"]}]"
    http_version: 
  recorded_at: Thu, 21 Mar 2013 01:38:53 GMT
- request: 
    method: post
    uri: https://dhcp231-16.rdu.redhat.com/pulp/api/v2/content/units/erratum/search/
    body: 
      string: "{\"criteria\":{\"filters\":{\"_id\":{\"$in\":[\"0ba6a947-aa20-49e7-8763-99fb4d4bd51b\"]}}},\"include_repos\":true}"
    headers: 
      Content-Length: 
      - "102"
      Content-Type: 
      - application/json
      Accept: 
      - application/json
      Pulp-User: 
      - admin
      Authorization: 
      - OAuth oauth_body_hash="2jmj7l5rSw0yVb%2FvlWAYkK%2FYBwk%3D", oauth_consumer_key="katello", oauth_nonce="uGLcRBvrH2RaEn1PcAImGdd5iCeqOPxKoapqZ6FULk", oauth_signature="y168pHyRRSmRQO30be7G6w5JUgU%3D", oauth_signature_method="HMAC-SHA1", oauth_timestamp="1363829933", oauth_version="1.0"
      Accept-Encoding: 
      - gzip, deflate
  response: 
    status: 
      code: 200
      message: OK
    headers: 
      Content-Length: 
      - "834"
      Content-Type: 
      - application/json
      Date: 
      - Thu, 21 Mar 2013 01:38:53 GMT
      Server: 
      - Apache/2.2.22 (Fedora)
    body: 
      string: "[{\"issued\": \"2010-01-01 01:01:01\", \"references\": [], \"_content_type_id\": \"erratum\", \"id\": \"RHEA-2010:0002\", \"severity\": \"\", \"title\": \"One package errata\", \"version\": \"1\", \"reboot_suggested\": false, \"type\": \"security\", \"pkglist\": [{\"packages\": [{\"src\": \"http://www.fedoraproject.org\", \"name\": \"elephant\", \"filename\": \"elephant-0.3-0.8.noarch.rpm\", \"epoch\": null, \"version\": \"0.3\", \"release\": \"0.8\", \"arch\": \"noarch\"}], \"name\": \"1\", \"short\": \"\"}], \"status\": \"stable\", \"updated\": \"\", \"description\": \"One package errata\", \"pushcount\": 1, \"from_str\": \"lzap+pub@redhat.com\", \"_storage_path\": null, \"rights\": \"\", \"solution\": \"\", \"summary\": \"\", \"release\": \"1\", \"_id\": \"0ba6a947-aa20-49e7-8763-99fb4d4bd51b\", \"_href\": \"/pulp/api/v2/content/units/erratum/0ba6a947-aa20-49e7-8763-99fb4d4bd51b/\", \"children\": {}, \"repository_memberships\": [\"1\"]}]"
    http_version: 
  recorded_at: Thu, 21 Mar 2013 01:38:53 GMT
- request: 
    method: post
    uri: https://dhcp231-16.rdu.redhat.com/pulp/api/v2/repositories/1/search/units/
    body: 
      string: "{\"criteria\":{\"type_ids\":[\"erratum\"]}}"
    headers: 
      Content-Length: 
      - "37"
      Content-Type: 
      - application/json
      Accept: 
      - application/json
      Pulp-User: 
      - admin
      Authorization: 
      - OAuth oauth_body_hash="2jmj7l5rSw0yVb%2FvlWAYkK%2FYBwk%3D", oauth_consumer_key="katello", oauth_nonce="9DVZBm6YUJN6hTc7t5OhBTvPpH3zkkhmtRCglWpUY", oauth_signature="CAqEVqYIVshw0he2g8ne9ZRc74M%3D", oauth_signature_method="HMAC-SHA1", oauth_timestamp="1363829937", oauth_version="1.0"
      Accept-Encoding: 
      - gzip, deflate
  response: 
    status: 
      code: 200
      message: OK
    headers: 
      Content-Length: 
      - "1903"
      Content-Type: 
      - application/json
      Date: 
      - Thu, 21 Mar 2013 01:38:57 GMT
      Server: 
      - Apache/2.2.22 (Fedora)
    body: 
      string: "[{\"updated\": \"2013-03-21T05:38:55Z\", \"repo_id\": \"1\", \"created\": \"2013-03-21T05:38:55Z\", \"_ns\": \"repo_content_units\", \"unit_id\": \"01a8e05e-0d02-4a61-81d5-98d582fe0c38\", \"unit_type_id\": \"erratum\", \"owner_type\": \"importer\", \"_id\": {\"$oid\": \"514a64af9c60ed64a3003f6d\"}, \"id\": \"514a64af9c60ed64a3003f6d\", \"owner_id\": \"yum_importer\", \"metadata\": {\"issued\": \"2010-01-01 01:01:01\", \"references\": [], \"_content_type_id\": \"erratum\", \"id\": \"RHEA-2010:0001\", \"severity\": \"\", \"title\": \"Empty errata\", \"_ns\": \"units_erratum\", \"version\": \"1\", \"reboot_suggested\": false, \"type\": \"security\", \"pkglist\": [], \"status\": \"stable\", \"updated\": \"\", \"description\": \"Empty errata\", \"pushcount\": 1, \"from_str\": \"lzap+pub@redhat.com\", \"_storage_path\": null, \"rights\": \"\", \"solution\": \"\", \"summary\": \"\", \"release\": \"1\", \"_id\": \"01a8e05e-0d02-4a61-81d5-98d582fe0c38\"}}, {\"updated\": \"2013-03-21T05:38:55Z\", \"repo_id\": \"1\", \"created\": \"2013-03-21T05:38:55Z\", \"_ns\": \"repo_content_units\", \"unit_id\": \"0ba6a947-aa20-49e7-8763-99fb4d4bd51b\", \"unit_type_id\": \"erratum\", \"owner_type\": \"importer\", \"_id\": {\"$oid\": \"514a64af9c60ed64a3003f6f\"}, \"id\": \"514a64af9c60ed64a3003f6f\", \"owner_id\": \"yum_importer\", \"metadata\": {\"issued\": \"2010-01-01 01:01:01\", \"references\": [], \"_content_type_id\": \"erratum\", \"id\": \"RHEA-2010:0002\", \"severity\": \"\", \"title\": \"One package errata\", \"_ns\": \"units_erratum\", \"version\": \"1\", \"reboot_suggested\": false, \"type\": \"security\", \"pkglist\": [{\"packages\": [{\"src\": \"http://www.fedoraproject.org\", \"name\": \"elephant\", \"filename\": \"elephant-0.3-0.8.noarch.rpm\", \"epoch\": null, \"version\": \"0.3\", \"release\": \"0.8\", \"arch\": \"noarch\"}], \"name\": \"1\", \"short\": \"\"}], \"status\": \"stable\", \"updated\": \"\", \"description\": \"One package errata\", \"pushcount\": 1, \"from_str\": \"lzap+pub@redhat.com\", \"_storage_path\": null, \"rights\": \"\", \"solution\": \"\", \"summary\": \"\", \"release\": \"1\", \"_id\": \"0ba6a947-aa20-49e7-8763-99fb4d4bd51b\"}}]"
    http_version: 
  recorded_at: Thu, 21 Mar 2013 01:38:57 GMT
- request: 
    method: post
    uri: https://dhcp231-16.rdu.redhat.com/pulp/api/v2/content/units/erratum/search/
    body: 
      string: "{\"criteria\":{\"filters\":{\"_id\":{\"$in\":[\"01a8e05e-0d02-4a61-81d5-98d582fe0c38\",\"0ba6a947-aa20-49e7-8763-99fb4d4bd51b\"]}}},\"include_repos\":true}"
    headers: 
      Content-Length: 
      - "141"
      Content-Type: 
      - application/json
      Accept: 
      - application/json
      Pulp-User: 
      - admin
      Authorization: 
      - OAuth oauth_body_hash="2jmj7l5rSw0yVb%2FvlWAYkK%2FYBwk%3D", oauth_consumer_key="katello", oauth_nonce="0GkRfYvjXzqXK3LIsQ7hPdZAWatrOHiIF6s8FMoKs", oauth_signature="okl66cMkhMqb1BJNQqbUwzkZwj0%3D", oauth_signature_method="HMAC-SHA1", oauth_timestamp="1363829937", oauth_version="1.0"
      Accept-Encoding: 
      - gzip, deflate
  response: 
    status: 
      code: 200
      message: OK
    headers: 
      Content-Length: 
      - "1443"
      Content-Type: 
      - application/json
      Date: 
      - Thu, 21 Mar 2013 01:38:57 GMT
      Server: 
      - Apache/2.2.22 (Fedora)
    body: 
      string: "[{\"issued\": \"2010-01-01 01:01:01\", \"references\": [], \"_content_type_id\": \"erratum\", \"id\": \"RHEA-2010:0001\", \"severity\": \"\", \"title\": \"Empty errata\", \"version\": \"1\", \"reboot_suggested\": false, \"type\": \"security\", \"pkglist\": [], \"status\": \"stable\", \"updated\": \"\", \"description\": \"Empty errata\", \"pushcount\": 1, \"from_str\": \"lzap+pub@redhat.com\", \"_storage_path\": null, \"rights\": \"\", \"solution\": \"\", \"summary\": \"\", \"release\": \"1\", \"_id\": \"01a8e05e-0d02-4a61-81d5-98d582fe0c38\", \"_href\": \"/pulp/api/v2/content/units/erratum/01a8e05e-0d02-4a61-81d5-98d582fe0c38/\", \"children\": {}, \"repository_memberships\": [\"1\"]}, {\"issued\": \"2010-01-01 01:01:01\", \"references\": [], \"_content_type_id\": \"erratum\", \"id\": \"RHEA-2010:0002\", \"severity\": \"\", \"title\": \"One package errata\", \"version\": \"1\", \"reboot_suggested\": false, \"type\": \"security\", \"pkglist\": [{\"packages\": [{\"src\": \"http://www.fedoraproject.org\", \"name\": \"elephant\", \"filename\": \"elephant-0.3-0.8.noarch.rpm\", \"epoch\": null, \"version\": \"0.3\", \"release\": \"0.8\", \"arch\": \"noarch\"}], \"name\": \"1\", \"short\": \"\"}], \"status\": \"stable\", \"updated\": \"\", \"description\": \"One package errata\", \"pushcount\": 1, \"from_str\": \"lzap+pub@redhat.com\", \"_storage_path\": null, \"rights\": \"\", \"solution\": \"\", \"summary\": \"\", \"release\": \"1\", \"_id\": \"0ba6a947-aa20-49e7-8763-99fb4d4bd51b\", \"_href\": \"/pulp/api/v2/content/units/erratum/0ba6a947-aa20-49e7-8763-99fb4d4bd51b/\", \"children\": {}, \"repository_memberships\": [\"1\"]}]"
    http_version: 
  recorded_at: Thu, 21 Mar 2013 01:38:57 GMT
