--- 
http_interactions: 
- request: 
    method: get
    uri: https://localhost/pulp/api/v2/tasks/538a7ef8-c262-4967-9e0c-2f0cb7669d02/
    body: 
      encoding: US-ASCII
      string: ""
    headers: 
      Accept: 
      - application/json
      Accept-Encoding: 
      - gzip, deflate
      Content-Type: 
      - application/json
      Authorization: 
      - OAuth oauth_consumer_key="katello", oauth_nonce="O1tJlC7ejdmmmy1eNrgm8bjL52UfZKileF7hzetglA", oauth_signature="%2By83Jung31Xn7w736CMB6t5ZuLE%3D", oauth_signature_method="HMAC-SHA1", oauth_timestamp="1371490162", oauth_version="1.0"
      Pulp-User: 
      - admin
      User-Agent: 
      - Ruby
  response: 
    status: 
      code: 200
      message: OK
    headers: 
      Date: 
      - Mon, 17 Jun 2013 17:29:22 GMT
      Server: 
      - Apache/2.4.4 (Fedora) OpenSSL/1.0.1e-fips PHP/5.4.14 mod_wsgi/3.4 Python/2.7.3 mod_perl/2.0.8-dev Perl/v5.16.3
      Content-Length: 
      - "839"
      Content-Type: 
      - application/json
    body: 
      encoding: US-ASCII
      string: "{\"task_group_id\": \"4204a52e-6c20-4caf-a5e1-12fd728129ff\", \"exception\": null, \"traceback\": null, \"_href\": \"/pulp/api/v2/tasks/538a7ef8-c262-4967-9e0c-2f0cb7669d02/\", \"task_id\": \"538a7ef8-c262-4967-9e0c-2f0cb7669d02\", \"call_request_tags\": [\"pulp:repository:1\", \"pulp:action:sync\"], \"reasons\": [], \"start_time\": \"2013-06-17T17:29:21Z\", \"tags\": [\"pulp:repository:1\", \"pulp:action:sync\"], \"state\": \"running\", \"finish_time\": null, \"dependency_failures\": {}, \"schedule_id\": null, \"progress\": {\"yum_importer\": {\"content\": {\"state\": \"NOT_STARTED\"}, \"comps\": {\"state\": \"NOT_STARTED\"}, \"errata\": {\"state\": \"NOT_STARTED\"}, \"metadata\": {\"state\": \"FINISHED\"}}}, \"call_request_group_id\": \"4204a52e-6c20-4caf-a5e1-12fd728129ff\", \"call_request_id\": \"538a7ef8-c262-4967-9e0c-2f0cb7669d02\", \"principal_login\": \"admin\", \"response\": \"accepted\", \"result\": null}"
    http_version: 
  recorded_at: Mon, 17 Jun 2013 17:29:22 GMT
- request: 
    method: get
    uri: https://localhost/pulp/api/v2/tasks/538a7ef8-c262-4967-9e0c-2f0cb7669d02/
    body: 
      encoding: US-ASCII
      string: ""
    headers: 
      Accept: 
      - application/json
      Accept-Encoding: 
      - gzip, deflate
      Content-Type: 
      - application/json
      Authorization: 
      - OAuth oauth_consumer_key="katello", oauth_nonce="6IvM5mVLkMC8vK5f9rmD8JvEn4u3OzlcqCSYPLas", oauth_signature="fzsNBvLLAInzXa3sqsu64Thf96Y%3D", oauth_signature_method="HMAC-SHA1", oauth_timestamp="1371490163", oauth_version="1.0"
      Pulp-User: 
      - admin
      User-Agent: 
      - Ruby
  response: 
    status: 
      code: 200
      message: OK
    headers: 
      Date: 
      - Mon, 17 Jun 2013 17:29:23 GMT
      Server: 
      - Apache/2.4.4 (Fedora) OpenSSL/1.0.1e-fips PHP/5.4.14 mod_wsgi/3.4 Python/2.7.3 mod_perl/2.0.8-dev Perl/v5.16.3
      Content-Length: 
      - "1442"
      Content-Type: 
      - application/json
    body: 
      encoding: US-ASCII
      string: "{\"task_group_id\": \"4204a52e-6c20-4caf-a5e1-12fd728129ff\", \"exception\": null, \"traceback\": null, \"_href\": \"/pulp/api/v2/tasks/538a7ef8-c262-4967-9e0c-2f0cb7669d02/\", \"task_id\": \"538a7ef8-c262-4967-9e0c-2f0cb7669d02\", \"call_request_tags\": [\"pulp:repository:1\", \"pulp:action:sync\"], \"reasons\": [], \"start_time\": \"2013-06-17T17:29:21Z\", \"tags\": [\"pulp:repository:1\", \"pulp:action:sync\"], \"state\": \"running\", \"finish_time\": null, \"dependency_failures\": {}, \"schedule_id\": null, \"progress\": {\"yum_importer\": {\"content\": {\"num_success\": 11, \"size_total\": 17872, \"items_left\": 0, \"items_total\": 11, \"state\": \"IN_PROGRESS\", \"size_left\": 0, \"details\": {\"tree_file\": {\"num_success\": 3, \"size_total\": 0, \"items_left\": 0, \"items_total\": 3, \"size_left\": 0, \"num_error\": 0}, \"rpm\": {\"num_success\": 8, \"size_total\": 17872, \"items_left\": 0, \"items_total\": 8, \"size_left\": 0, \"num_error\": 0}, \"delta_rpm\": {\"num_success\": 0, \"size_total\": 0, \"items_left\": 0, \"items_total\": 0, \"size_left\": 0, \"num_error\": 0}, \"file\": {\"num_success\": 0, \"size_total\": 0, \"items_left\": 0, \"items_total\": 0, \"size_left\": 0, \"num_error\": 0}}, \"error_details\": [], \"num_error\": 0}, \"comps\": {\"state\": \"NOT_STARTED\"}, \"errata\": {\"state\": \"NOT_STARTED\"}, \"metadata\": {\"state\": \"FINISHED\"}}}, \"call_request_group_id\": \"4204a52e-6c20-4caf-a5e1-12fd728129ff\", \"call_request_id\": \"538a7ef8-c262-4967-9e0c-2f0cb7669d02\", \"principal_login\": \"admin\", \"response\": \"accepted\", \"result\": null}"
    http_version: 
  recorded_at: Mon, 17 Jun 2013 17:29:23 GMT
- request: 
    method: get
    uri: https://localhost/pulp/api/v2/tasks/538a7ef8-c262-4967-9e0c-2f0cb7669d02/
    body: 
      encoding: US-ASCII
      string: ""
    headers: 
      Accept: 
      - application/json
      Accept-Encoding: 
      - gzip, deflate
      Content-Type: 
      - application/json
      Authorization: 
      - OAuth oauth_consumer_key="katello", oauth_nonce="rx14HaRYHaKoS7Iq0waeMfRCiAacHUrnBG1KYm2V7o", oauth_signature="SwQs%2BzyK6KjezkQmqnYnzVSgUYk%3D", oauth_signature_method="HMAC-SHA1", oauth_timestamp="1371490163", oauth_version="1.0"
      Pulp-User: 
      - admin
      User-Agent: 
      - Ruby
  response: 
    status: 
      code: 200
      message: OK
    headers: 
      Date: 
      - Mon, 17 Jun 2013 17:29:23 GMT
      Server: 
      - Apache/2.4.4 (Fedora) OpenSSL/1.0.1e-fips PHP/5.4.14 mod_wsgi/3.4 Python/2.7.3 mod_perl/2.0.8-dev Perl/v5.16.3
      Content-Length: 
      - "3489"
      Content-Type: 
      - application/json
    body: 
      encoding: US-ASCII
      string: "{\"task_group_id\": \"4204a52e-6c20-4caf-a5e1-12fd728129ff\", \"exception\": null, \"traceback\": null, \"_href\": \"/pulp/api/v2/tasks/538a7ef8-c262-4967-9e0c-2f0cb7669d02/\", \"task_id\": \"538a7ef8-c262-4967-9e0c-2f0cb7669d02\", \"call_request_tags\": [\"pulp:repository:1\", \"pulp:action:sync\"], \"reasons\": [], \"start_time\": \"2013-06-17T17:29:21Z\", \"tags\": [\"pulp:repository:1\", \"pulp:action:sync\"], \"state\": \"finished\", \"finish_time\": \"2013-06-17T17:29:23Z\", \"dependency_failures\": {}, \"schedule_id\": null, \"progress\": {\"yum_importer\": {\"content\": {\"num_success\": 11, \"size_total\": 17872, \"items_left\": 0, \"items_total\": 11, \"state\": \"FINISHED\", \"size_left\": 0, \"details\": {\"tree_file\": {\"num_success\": 3, \"size_total\": 0, \"items_left\": 0, \"items_total\": 3, \"size_left\": 0, \"num_error\": 0}, \"rpm\": {\"num_success\": 8, \"size_total\": 17872, \"items_left\": 0, \"items_total\": 8, \"size_left\": 0, \"num_error\": 0}, \"delta_rpm\": {\"num_success\": 0, \"size_total\": 0, \"items_left\": 0, \"items_total\": 0, \"size_left\": 0, \"num_error\": 0}, \"file\": {\"num_success\": 0, \"size_total\": 0, \"items_left\": 0, \"items_total\": 0, \"size_left\": 0, \"num_error\": 0}}, \"error_details\": [], \"num_error\": 0}, \"comps\": {\"state\": \"FINISHED\"}, \"errata\": {\"state\": \"FINISHED\", \"num_errata\": 2}, \"metadata\": {\"state\": \"FINISHED\"}}}, \"call_request_group_id\": \"4204a52e-6c20-4caf-a5e1-12fd728129ff\", \"call_request_id\": \"538a7ef8-c262-4967-9e0c-2f0cb7669d02\", \"principal_login\": \"admin\", \"response\": \"accepted\", \"result\": {\"importer_id\": \"yum_importer\", \"exception\": null, \"repo_id\": \"1\", \"traceback\": null, \"started\": \"2013-06-17T13:29:21-04:00\", \"_ns\": \"repo_sync_results\", \"completed\": \"2013-06-17T13:29:23-04:00\", \"importer_type_id\": \"yum_importer\", \"error_message\": null, \"summary\": {\"comps\": {\"time_total_sec\": 0.025185108184814453, \"num_orphaned_groups\": 0, \"num_available_groups\": 2, \"num_new_groups\": 2, \"num_new_categories\": 1, \"num_orphaned_categories\": 0, \"num_available_categories\": 1}, \"packages\": {\"num_synced_new_rpms\": 8, \"num_resynced_distribution_files\": 0, \"num_not_synced_srpms\": 0, \"num_synced_new_distributions_files\": 3, \"num_rpms\": 8, \"num_not_synced_drpms\": 0, \"time_total_sec\": 1.3168010711669922, \"num_orphaned_distributions\": 0, \"num_orphaned_rpms\": 0, \"num_synced_new_srpms\": 0, \"num_synced_new_drpms\": 0, \"num_resynced_distributions\": 0, \"num_orphaned_srpms\": 0, \"num_resynced_rpms\": 0, \"num_synced_new_distributions\": 1, \"num_orphaned_drpms\": 0, \"num_resynced_srpms\": 0, \"num_resynced_drpms\": 0, \"removal_errors\": [], \"num_not_synced_rpms\": 0}, \"errata\": {\"errata_time_total_sec\": 0.030113935470581055, \"num_existing_errata\": 0, \"num_orphaned_errata\": 0, \"num_new_errata\": 0}}, \"added_count\": 0, \"result\": \"success\", \"updated_count\": 14, \"details\": {\"comps\": {}, \"packages\": {\"time_download_sec\": 0.5371110439300537, \"not_synced\": [], \"time_metadata_sec\": 0.4732069969177246, \"size_total\": 17872, \"sync_report\": {\"errors\": 0, \"size_total\": 17872, \"successes\": 11, \"downloads\": 0, \"items_left\": 0, \"items_total\": 11, \"error_details\": [], \"details\": {\"tree_file\": {\"num_success\": 3, \"total_count\": 3, \"items_left\": 0, \"size_left\": 0, \"total_size_bytes\": 0, \"num_error\": 0}, \"rpm\": {\"num_success\": 8, \"total_count\": 8, \"items_left\": 0, \"size_left\": 0, \"total_size_bytes\": 17872, \"num_error\": 0}}, \"size_left\": 0}}, \"errata\": {\"num_bugfix_errata\": 0, \"link_report\": {\"missing_rpms\": [], \"linked_units\": []}, \"num_security_errata\": 0, \"num_enhancement_errata\": 0}}, \"id\": \"51bf4773d60ea32d37405466\", \"removed_count\": 0}}"
    http_version: 
  recorded_at: Mon, 17 Jun 2013 17:29:23 GMT
- request: 
    method: get
    uri: https://localhost/pulp/api/v2/tasks/3fbd56e6-e1d6-4a7a-a8d9-a877588dc9e2/
    body: 
      encoding: US-ASCII
      string: ""
    headers: 
      Accept: 
      - application/json
      Accept-Encoding: 
      - gzip, deflate
      Content-Type: 
      - application/json
      Authorization: 
      - OAuth oauth_consumer_key="katello", oauth_nonce="ipIGMUbPqw4enhIMr2yLuOGWJbckmdmkVld50Dw0nU", oauth_signature="XbTU2PNyknvE3pjUBcTGOaK0yzU%3D", oauth_signature_method="HMAC-SHA1", oauth_timestamp="1371490167", oauth_version="1.0"
      Pulp-User: 
      - admin
      User-Agent: 
      - Ruby
  response: 
    status: 
      code: 200
      message: OK
    headers: 
      Date: 
      - Mon, 17 Jun 2013 17:29:27 GMT
      Server: 
      - Apache/2.4.4 (Fedora) OpenSSL/1.0.1e-fips PHP/5.4.14 mod_wsgi/3.4 Python/2.7.3 mod_perl/2.0.8-dev Perl/v5.16.3
      Content-Length: 
      - "842"
      Content-Type: 
      - application/json
    body: 
      encoding: US-ASCII
      string: "{\"task_group_id\": \"808d7b8b-9f7c-4185-baf7-b952604e5be8\", \"exception\": null, \"traceback\": null, \"_href\": \"/pulp/api/v2/tasks/3fbd56e6-e1d6-4a7a-a8d9-a877588dc9e2/\", \"task_id\": \"3fbd56e6-e1d6-4a7a-a8d9-a877588dc9e2\", \"call_request_tags\": [\"pulp:repository:1\", \"pulp:action:sync\"], \"reasons\": [], \"start_time\": \"2013-06-17T17:29:27Z\", \"tags\": [\"pulp:repository:1\", \"pulp:action:sync\"], \"state\": \"running\", \"finish_time\": null, \"dependency_failures\": {}, \"schedule_id\": null, \"progress\": {\"yum_importer\": {\"content\": {\"state\": \"NOT_STARTED\"}, \"comps\": {\"state\": \"NOT_STARTED\"}, \"errata\": {\"state\": \"NOT_STARTED\"}, \"metadata\": {\"state\": \"IN_PROGRESS\"}}}, \"call_request_group_id\": \"808d7b8b-9f7c-4185-baf7-b952604e5be8\", \"call_request_id\": \"3fbd56e6-e1d6-4a7a-a8d9-a877588dc9e2\", \"principal_login\": \"admin\", \"response\": \"accepted\", \"result\": null}"
    http_version: 
  recorded_at: Mon, 17 Jun 2013 17:29:27 GMT
- request: 
    method: get
    uri: https://localhost/pulp/api/v2/tasks/3fbd56e6-e1d6-4a7a-a8d9-a877588dc9e2/
    body: 
      encoding: US-ASCII
      string: ""
    headers: 
      Accept: 
      - application/json
      Accept-Encoding: 
      - gzip, deflate
      Content-Type: 
      - application/json
      Authorization: 
      - OAuth oauth_consumer_key="katello", oauth_nonce="Mu2epfYV4eSSzdM3NMBIqriB1FzYI6m2XIHiYlgMso", oauth_signature="uzXiXmp65jQZQILezS4RumlY8Gg%3D", oauth_signature_method="HMAC-SHA1", oauth_timestamp="1371490167", oauth_version="1.0"
      Pulp-User: 
      - admin
      User-Agent: 
      - Ruby
  response: 
    status: 
      code: 200
      message: OK
    headers: 
      Date: 
      - Mon, 17 Jun 2013 17:29:27 GMT
      Server: 
      - Apache/2.4.4 (Fedora) OpenSSL/1.0.1e-fips PHP/5.4.14 mod_wsgi/3.4 Python/2.7.3 mod_perl/2.0.8-dev Perl/v5.16.3
      Content-Length: 
      - "1450"
      Content-Type: 
      - application/json
    body: 
      encoding: US-ASCII
      string: "{\"task_group_id\": \"808d7b8b-9f7c-4185-baf7-b952604e5be8\", \"exception\": null, \"traceback\": null, \"_href\": \"/pulp/api/v2/tasks/3fbd56e6-e1d6-4a7a-a8d9-a877588dc9e2/\", \"task_id\": \"3fbd56e6-e1d6-4a7a-a8d9-a877588dc9e2\", \"call_request_tags\": [\"pulp:repository:1\", \"pulp:action:sync\"], \"reasons\": [], \"start_time\": \"2013-06-17T17:29:27Z\", \"tags\": [\"pulp:repository:1\", \"pulp:action:sync\"], \"state\": \"running\", \"finish_time\": null, \"dependency_failures\": {}, \"schedule_id\": null, \"progress\": {\"yum_importer\": {\"content\": {\"num_success\": 0, \"size_total\": 17872, \"items_left\": 11, \"items_total\": 11, \"state\": \"IN_PROGRESS\", \"size_left\": 17872, \"details\": {\"tree_file\": {\"num_success\": 0, \"size_total\": 0, \"items_left\": 3, \"items_total\": 3, \"size_left\": 0, \"num_error\": 0}, \"rpm\": {\"num_success\": 0, \"size_total\": 17872, \"items_left\": 8, \"items_total\": 8, \"size_left\": 17872, \"num_error\": 0}, \"delta_rpm\": {\"num_success\": 0, \"size_total\": 0, \"items_left\": 0, \"items_total\": 0, \"size_left\": 0, \"num_error\": 0}, \"file\": {\"num_success\": 0, \"size_total\": 0, \"items_left\": 0, \"items_total\": 0, \"size_left\": 0, \"num_error\": 0}}, \"error_details\": [], \"num_error\": 0}, \"comps\": {\"state\": \"NOT_STARTED\"}, \"errata\": {\"state\": \"NOT_STARTED\"}, \"metadata\": {\"state\": \"FINISHED\"}}}, \"call_request_group_id\": \"808d7b8b-9f7c-4185-baf7-b952604e5be8\", \"call_request_id\": \"3fbd56e6-e1d6-4a7a-a8d9-a877588dc9e2\", \"principal_login\": \"admin\", \"response\": \"accepted\", \"result\": null}"
    http_version: 
  recorded_at: Mon, 17 Jun 2013 17:29:28 GMT
- request: 
    method: get
    uri: https://localhost/pulp/api/v2/tasks/3fbd56e6-e1d6-4a7a-a8d9-a877588dc9e2/
    body: 
      encoding: US-ASCII
      string: ""
    headers: 
      Accept: 
      - application/json
      Accept-Encoding: 
      - gzip, deflate
      Content-Type: 
      - application/json
      Authorization: 
      - OAuth oauth_consumer_key="katello", oauth_nonce="m9qPcT89If5EMNGcUjO4J7iHdhrUYE9uvRflIcJFvo", oauth_signature="4nJunyQEM0ZcfKeW0U8T9eVfu5k%3D", oauth_signature_method="HMAC-SHA1", oauth_timestamp="1371490168", oauth_version="1.0"
      Pulp-User: 
      - admin
      User-Agent: 
      - Ruby
  response: 
    status: 
      code: 200
      message: OK
    headers: 
      Date: 
      - Mon, 17 Jun 2013 17:29:28 GMT
      Server: 
      - Apache/2.4.4 (Fedora) OpenSSL/1.0.1e-fips PHP/5.4.14 mod_wsgi/3.4 Python/2.7.3 mod_perl/2.0.8-dev Perl/v5.16.3
      Content-Length: 
      - "1453"
      Content-Type: 
      - application/json
    body: 
      encoding: US-ASCII
      string: "{\"task_group_id\": \"808d7b8b-9f7c-4185-baf7-b952604e5be8\", \"exception\": null, \"traceback\": null, \"_href\": \"/pulp/api/v2/tasks/3fbd56e6-e1d6-4a7a-a8d9-a877588dc9e2/\", \"task_id\": \"3fbd56e6-e1d6-4a7a-a8d9-a877588dc9e2\", \"call_request_tags\": [\"pulp:repository:1\", \"pulp:action:sync\"], \"reasons\": [], \"start_time\": \"2013-06-17T17:29:27Z\", \"tags\": [\"pulp:repository:1\", \"pulp:action:sync\"], \"state\": \"running\", \"finish_time\": null, \"dependency_failures\": {}, \"schedule_id\": null, \"progress\": {\"yum_importer\": {\"content\": {\"num_success\": 11, \"size_total\": 17872, \"items_left\": 0, \"items_total\": 11, \"state\": \"FINISHED\", \"size_left\": 0, \"details\": {\"tree_file\": {\"num_success\": 3, \"size_total\": 0, \"items_left\": 0, \"items_total\": 3, \"size_left\": 0, \"num_error\": 0}, \"rpm\": {\"num_success\": 8, \"size_total\": 17872, \"items_left\": 0, \"items_total\": 8, \"size_left\": 0, \"num_error\": 0}, \"delta_rpm\": {\"num_success\": 0, \"size_total\": 0, \"items_left\": 0, \"items_total\": 0, \"size_left\": 0, \"num_error\": 0}, \"file\": {\"num_success\": 0, \"size_total\": 0, \"items_left\": 0, \"items_total\": 0, \"size_left\": 0, \"num_error\": 0}}, \"error_details\": [], \"num_error\": 0}, \"comps\": {\"state\": \"IN_PROGRESS\"}, \"errata\": {\"state\": \"FINISHED\", \"num_errata\": 2}, \"metadata\": {\"state\": \"FINISHED\"}}}, \"call_request_group_id\": \"808d7b8b-9f7c-4185-baf7-b952604e5be8\", \"call_request_id\": \"3fbd56e6-e1d6-4a7a-a8d9-a877588dc9e2\", \"principal_login\": \"admin\", \"response\": \"accepted\", \"result\": null}"
    http_version: 
  recorded_at: Mon, 17 Jun 2013 17:29:28 GMT
- request: 
    method: get
    uri: https://localhost/pulp/api/v2/tasks/3fbd56e6-e1d6-4a7a-a8d9-a877588dc9e2/
    body: 
      encoding: US-ASCII
      string: ""
    headers: 
      Accept: 
      - application/json
      Accept-Encoding: 
      - gzip, deflate
      Content-Type: 
      - application/json
      Authorization: 
      - OAuth oauth_consumer_key="katello", oauth_nonce="kOLXNIDSjexf9qFoBViqQAOlz5970CEJDehoAComU", oauth_signature="j4sVTY2Qhty%2BcGh%2F5hufm2Gikjg%3D", oauth_signature_method="HMAC-SHA1", oauth_timestamp="1371490169", oauth_version="1.0"
      Pulp-User: 
      - admin
      User-Agent: 
      - Ruby
  response: 
    status: 
      code: 200
      message: OK
    headers: 
      Date: 
      - Mon, 17 Jun 2013 17:29:29 GMT
      Server: 
      - Apache/2.4.4 (Fedora) OpenSSL/1.0.1e-fips PHP/5.4.14 mod_wsgi/3.4 Python/2.7.3 mod_perl/2.0.8-dev Perl/v5.16.3
      Content-Length: 
      - "3481"
      Content-Type: 
      - application/json
    body: 
      encoding: US-ASCII
      string: "{\"task_group_id\": \"808d7b8b-9f7c-4185-baf7-b952604e5be8\", \"exception\": null, \"traceback\": null, \"_href\": \"/pulp/api/v2/tasks/3fbd56e6-e1d6-4a7a-a8d9-a877588dc9e2/\", \"task_id\": \"3fbd56e6-e1d6-4a7a-a8d9-a877588dc9e2\", \"call_request_tags\": [\"pulp:repository:1\", \"pulp:action:sync\"], \"reasons\": [], \"start_time\": \"2013-06-17T17:29:27Z\", \"tags\": [\"pulp:repository:1\", \"pulp:action:sync\"], \"state\": \"finished\", \"finish_time\": \"2013-06-17T17:29:28Z\", \"dependency_failures\": {}, \"schedule_id\": null, \"progress\": {\"yum_importer\": {\"content\": {\"num_success\": 11, \"size_total\": 17872, \"items_left\": 0, \"items_total\": 11, \"state\": \"FINISHED\", \"size_left\": 0, \"details\": {\"tree_file\": {\"num_success\": 3, \"size_total\": 0, \"items_left\": 0, \"items_total\": 3, \"size_left\": 0, \"num_error\": 0}, \"rpm\": {\"num_success\": 8, \"size_total\": 17872, \"items_left\": 0, \"items_total\": 8, \"size_left\": 0, \"num_error\": 0}, \"delta_rpm\": {\"num_success\": 0, \"size_total\": 0, \"items_left\": 0, \"items_total\": 0, \"size_left\": 0, \"num_error\": 0}, \"file\": {\"num_success\": 0, \"size_total\": 0, \"items_left\": 0, \"items_total\": 0, \"size_left\": 0, \"num_error\": 0}}, \"error_details\": [], \"num_error\": 0}, \"comps\": {\"state\": \"FINISHED\"}, \"errata\": {\"state\": \"FINISHED\", \"num_errata\": 2}, \"metadata\": {\"state\": \"FINISHED\"}}}, \"call_request_group_id\": \"808d7b8b-9f7c-4185-baf7-b952604e5be8\", \"call_request_id\": \"3fbd56e6-e1d6-4a7a-a8d9-a877588dc9e2\", \"principal_login\": \"admin\", \"response\": \"accepted\", \"result\": {\"importer_id\": \"yum_importer\", \"exception\": null, \"repo_id\": \"1\", \"traceback\": null, \"started\": \"2013-06-17T13:29:27-04:00\", \"_ns\": \"repo_sync_results\", \"completed\": \"2013-06-17T13:29:28-04:00\", \"importer_type_id\": \"yum_importer\", \"error_message\": null, \"summary\": {\"comps\": {\"time_total_sec\": 0.032958984375, \"num_orphaned_groups\": 0, \"num_available_groups\": 2, \"num_new_groups\": 2, \"num_new_categories\": 1, \"num_orphaned_categories\": 0, \"num_available_categories\": 1}, \"packages\": {\"num_synced_new_rpms\": 8, \"num_resynced_distribution_files\": 0, \"num_not_synced_srpms\": 0, \"num_synced_new_distributions_files\": 3, \"num_rpms\": 8, \"num_not_synced_drpms\": 0, \"time_total_sec\": 1.745203971862793, \"num_orphaned_distributions\": 0, \"num_orphaned_rpms\": 0, \"num_synced_new_srpms\": 0, \"num_synced_new_drpms\": 0, \"num_resynced_distributions\": 0, \"num_orphaned_srpms\": 0, \"num_resynced_rpms\": 0, \"num_synced_new_distributions\": 1, \"num_orphaned_drpms\": 0, \"num_resynced_srpms\": 0, \"num_resynced_drpms\": 0, \"removal_errors\": [], \"num_not_synced_rpms\": 0}, \"errata\": {\"errata_time_total_sec\": 0.03212094306945801, \"num_existing_errata\": 0, \"num_orphaned_errata\": 0, \"num_new_errata\": 0}}, \"added_count\": 0, \"result\": \"success\", \"updated_count\": 14, \"details\": {\"comps\": {}, \"packages\": {\"time_download_sec\": 1.0596001148223877, \"not_synced\": [], \"time_metadata_sec\": 0.3740670680999756, \"size_total\": 17872, \"sync_report\": {\"errors\": 0, \"size_total\": 17872, \"successes\": 11, \"downloads\": 0, \"items_left\": 0, \"items_total\": 11, \"error_details\": [], \"details\": {\"tree_file\": {\"num_success\": 3, \"total_count\": 3, \"items_left\": 0, \"size_left\": 0, \"total_size_bytes\": 0, \"num_error\": 0}, \"rpm\": {\"num_success\": 8, \"total_count\": 8, \"items_left\": 0, \"size_left\": 0, \"total_size_bytes\": 17872, \"num_error\": 0}}, \"size_left\": 0}}, \"errata\": {\"num_bugfix_errata\": 0, \"link_report\": {\"missing_rpms\": [], \"linked_units\": []}, \"num_security_errata\": 0, \"num_enhancement_errata\": 0}}, \"id\": \"51bf4778d60ea32d374054f0\", \"removed_count\": 0}}"
    http_version: 
  recorded_at: Mon, 17 Jun 2013 17:29:29 GMT
- request: 
    method: get
    uri: https://localhost/pulp/api/v2/tasks/3978988a-6c7d-43a8-9257-843e4c7828eb/
    body: 
      encoding: US-ASCII
      string: ""
    headers: 
      Accept: 
      - application/json
      Accept-Encoding: 
      - gzip, deflate
      Content-Type: 
      - application/json
      Authorization: 
      - OAuth oauth_consumer_key="katello", oauth_nonce="DmzpNjpI49O7bafp3tUEgN27We7vls4XrNLZR9mjus", oauth_signature="0GCT5SpRogBMFnbr5vSUdHTTHN8%3D", oauth_signature_method="HMAC-SHA1", oauth_timestamp="1371490180", oauth_version="1.0"
      Pulp-User: 
      - admin
      User-Agent: 
      - Ruby
  response: 
    status: 
      code: 200
      message: OK
    headers: 
      Date: 
      - Mon, 17 Jun 2013 17:29:40 GMT
      Server: 
      - Apache/2.4.4 (Fedora) OpenSSL/1.0.1e-fips PHP/5.4.14 mod_wsgi/3.4 Python/2.7.3 mod_perl/2.0.8-dev Perl/v5.16.3
      Content-Length: 
      - "842"
      Content-Type: 
      - application/json
    body: 
      encoding: US-ASCII
      string: "{\"task_group_id\": \"85fcb4a7-2a88-4737-af42-5b16c95ff41f\", \"exception\": null, \"traceback\": null, \"_href\": \"/pulp/api/v2/tasks/3978988a-6c7d-43a8-9257-843e4c7828eb/\", \"task_id\": \"3978988a-6c7d-43a8-9257-843e4c7828eb\", \"call_request_tags\": [\"pulp:repository:1\", \"pulp:action:sync\"], \"reasons\": [], \"start_time\": \"2013-06-17T17:29:40Z\", \"tags\": [\"pulp:repository:1\", \"pulp:action:sync\"], \"state\": \"running\", \"finish_time\": null, \"dependency_failures\": {}, \"schedule_id\": null, \"progress\": {\"yum_importer\": {\"content\": {\"state\": \"NOT_STARTED\"}, \"comps\": {\"state\": \"NOT_STARTED\"}, \"errata\": {\"state\": \"NOT_STARTED\"}, \"metadata\": {\"state\": \"IN_PROGRESS\"}}}, \"call_request_group_id\": \"85fcb4a7-2a88-4737-af42-5b16c95ff41f\", \"call_request_id\": \"3978988a-6c7d-43a8-9257-843e4c7828eb\", \"principal_login\": \"admin\", \"response\": \"accepted\", \"result\": null}"
    http_version: 
  recorded_at: Mon, 17 Jun 2013 17:29:40 GMT
- request: 
    method: get
    uri: https://localhost/pulp/api/v2/tasks/3978988a-6c7d-43a8-9257-843e4c7828eb/
    body: 
      encoding: US-ASCII
      string: ""
    headers: 
      Accept: 
      - application/json
      Accept-Encoding: 
      - gzip, deflate
      Content-Type: 
      - application/json
      Authorization: 
      - OAuth oauth_consumer_key="katello", oauth_nonce="PRtSDTu1vymfudxGCx4LtigozFnCA6nWU1wj5BkKVg", oauth_signature="i%2FwO9M%2FBSinFSwQki%2FTBadhfz%2F8%3D", oauth_signature_method="HMAC-SHA1", oauth_timestamp="1371490181", oauth_version="1.0"
      Pulp-User: 
      - admin
      User-Agent: 
      - Ruby
  response: 
    status: 
      code: 200
      message: OK
    headers: 
      Date: 
      - Mon, 17 Jun 2013 17:29:41 GMT
      Server: 
      - Apache/2.4.4 (Fedora) OpenSSL/1.0.1e-fips PHP/5.4.14 mod_wsgi/3.4 Python/2.7.3 mod_perl/2.0.8-dev Perl/v5.16.3
      Content-Length: 
      - "1450"
      Content-Type: 
      - application/json
    body: 
      encoding: US-ASCII
      string: "{\"task_group_id\": \"85fcb4a7-2a88-4737-af42-5b16c95ff41f\", \"exception\": null, \"traceback\": null, \"_href\": \"/pulp/api/v2/tasks/3978988a-6c7d-43a8-9257-843e4c7828eb/\", \"task_id\": \"3978988a-6c7d-43a8-9257-843e4c7828eb\", \"call_request_tags\": [\"pulp:repository:1\", \"pulp:action:sync\"], \"reasons\": [], \"start_time\": \"2013-06-17T17:29:40Z\", \"tags\": [\"pulp:repository:1\", \"pulp:action:sync\"], \"state\": \"running\", \"finish_time\": null, \"dependency_failures\": {}, \"schedule_id\": null, \"progress\": {\"yum_importer\": {\"content\": {\"num_success\": 0, \"size_total\": 17872, \"items_left\": 11, \"items_total\": 11, \"state\": \"IN_PROGRESS\", \"size_left\": 17872, \"details\": {\"tree_file\": {\"num_success\": 0, \"size_total\": 0, \"items_left\": 3, \"items_total\": 3, \"size_left\": 0, \"num_error\": 0}, \"rpm\": {\"num_success\": 0, \"size_total\": 17872, \"items_left\": 8, \"items_total\": 8, \"size_left\": 17872, \"num_error\": 0}, \"delta_rpm\": {\"num_success\": 0, \"size_total\": 0, \"items_left\": 0, \"items_total\": 0, \"size_left\": 0, \"num_error\": 0}, \"file\": {\"num_success\": 0, \"size_total\": 0, \"items_left\": 0, \"items_total\": 0, \"size_left\": 0, \"num_error\": 0}}, \"error_details\": [], \"num_error\": 0}, \"comps\": {\"state\": \"NOT_STARTED\"}, \"errata\": {\"state\": \"NOT_STARTED\"}, \"metadata\": {\"state\": \"FINISHED\"}}}, \"call_request_group_id\": \"85fcb4a7-2a88-4737-af42-5b16c95ff41f\", \"call_request_id\": \"3978988a-6c7d-43a8-9257-843e4c7828eb\", \"principal_login\": \"admin\", \"response\": \"accepted\", \"result\": null}"
    http_version: 
  recorded_at: Mon, 17 Jun 2013 17:29:41 GMT
- request: 
    method: get
    uri: https://localhost/pulp/api/v2/tasks/3978988a-6c7d-43a8-9257-843e4c7828eb/
    body: 
      encoding: US-ASCII
      string: ""
    headers: 
      Accept: 
      - application/json
      Accept-Encoding: 
      - gzip, deflate
      Content-Type: 
      - application/json
      Authorization: 
      - OAuth oauth_consumer_key="katello", oauth_nonce="Auz6UCBGW6jusbsUlIPrSswWfTGr9VZifPUDLO3xKFc", oauth_signature="7tdCetNDAj0sG8fUkG6E39LCK6E%3D", oauth_signature_method="HMAC-SHA1", oauth_timestamp="1371490181", oauth_version="1.0"
      Pulp-User: 
      - admin
      User-Agent: 
      - Ruby
  response: 
    status: 
      code: 200
      message: OK
    headers: 
      Date: 
      - Mon, 17 Jun 2013 17:29:41 GMT
      Server: 
      - Apache/2.4.4 (Fedora) OpenSSL/1.0.1e-fips PHP/5.4.14 mod_wsgi/3.4 Python/2.7.3 mod_perl/2.0.8-dev Perl/v5.16.3
      Content-Length: 
      - "1439"
      Content-Type: 
      - application/json
    body: 
      encoding: US-ASCII
      string: "{\"task_group_id\": \"85fcb4a7-2a88-4737-af42-5b16c95ff41f\", \"exception\": null, \"traceback\": null, \"_href\": \"/pulp/api/v2/tasks/3978988a-6c7d-43a8-9257-843e4c7828eb/\", \"task_id\": \"3978988a-6c7d-43a8-9257-843e4c7828eb\", \"call_request_tags\": [\"pulp:repository:1\", \"pulp:action:sync\"], \"reasons\": [], \"start_time\": \"2013-06-17T17:29:40Z\", \"tags\": [\"pulp:repository:1\", \"pulp:action:sync\"], \"state\": \"running\", \"finish_time\": null, \"dependency_failures\": {}, \"schedule_id\": null, \"progress\": {\"yum_importer\": {\"content\": {\"num_success\": 11, \"size_total\": 17872, \"items_left\": 0, \"items_total\": 11, \"state\": \"FINISHED\", \"size_left\": 0, \"details\": {\"tree_file\": {\"num_success\": 3, \"size_total\": 0, \"items_left\": 0, \"items_total\": 3, \"size_left\": 0, \"num_error\": 0}, \"rpm\": {\"num_success\": 8, \"size_total\": 17872, \"items_left\": 0, \"items_total\": 8, \"size_left\": 0, \"num_error\": 0}, \"delta_rpm\": {\"num_success\": 0, \"size_total\": 0, \"items_left\": 0, \"items_total\": 0, \"size_left\": 0, \"num_error\": 0}, \"file\": {\"num_success\": 0, \"size_total\": 0, \"items_left\": 0, \"items_total\": 0, \"size_left\": 0, \"num_error\": 0}}, \"error_details\": [], \"num_error\": 0}, \"comps\": {\"state\": \"NOT_STARTED\"}, \"errata\": {\"state\": \"NOT_STARTED\"}, \"metadata\": {\"state\": \"FINISHED\"}}}, \"call_request_group_id\": \"85fcb4a7-2a88-4737-af42-5b16c95ff41f\", \"call_request_id\": \"3978988a-6c7d-43a8-9257-843e4c7828eb\", \"principal_login\": \"admin\", \"response\": \"accepted\", \"result\": null}"
    http_version: 
  recorded_at: Mon, 17 Jun 2013 17:29:41 GMT
- request: 
    method: get
    uri: https://localhost/pulp/api/v2/tasks/3978988a-6c7d-43a8-9257-843e4c7828eb/
    body: 
      encoding: US-ASCII
      string: ""
    headers: 
      Accept: 
      - application/json
      Accept-Encoding: 
      - gzip, deflate
      Content-Type: 
      - application/json
      Authorization: 
      - OAuth oauth_consumer_key="katello", oauth_nonce="26gbOYZf6UJ1if8Dv56n8w7wTYDsQI2uyeoTqwutc", oauth_signature="%2FAgucFTIy11Vte1rxhN55iNALwY%3D", oauth_signature_method="HMAC-SHA1", oauth_timestamp="1371490182", oauth_version="1.0"
      Pulp-User: 
      - admin
      User-Agent: 
      - Ruby
  response: 
    status: 
      code: 200
      message: OK
    headers: 
      Date: 
      - Mon, 17 Jun 2013 17:29:42 GMT
      Server: 
      - Apache/2.4.4 (Fedora) OpenSSL/1.0.1e-fips PHP/5.4.14 mod_wsgi/3.4 Python/2.7.3 mod_perl/2.0.8-dev Perl/v5.16.3
      Content-Length: 
      - "3489"
      Content-Type: 
      - application/json
    body: 
      encoding: US-ASCII
      string: "{\"task_group_id\": \"85fcb4a7-2a88-4737-af42-5b16c95ff41f\", \"exception\": null, \"traceback\": null, \"_href\": \"/pulp/api/v2/tasks/3978988a-6c7d-43a8-9257-843e4c7828eb/\", \"task_id\": \"3978988a-6c7d-43a8-9257-843e4c7828eb\", \"call_request_tags\": [\"pulp:repository:1\", \"pulp:action:sync\"], \"reasons\": [], \"start_time\": \"2013-06-17T17:29:40Z\", \"tags\": [\"pulp:repository:1\", \"pulp:action:sync\"], \"state\": \"finished\", \"finish_time\": \"2013-06-17T17:29:41Z\", \"dependency_failures\": {}, \"schedule_id\": null, \"progress\": {\"yum_importer\": {\"content\": {\"num_success\": 11, \"size_total\": 17872, \"items_left\": 0, \"items_total\": 11, \"state\": \"FINISHED\", \"size_left\": 0, \"details\": {\"tree_file\": {\"num_success\": 3, \"size_total\": 0, \"items_left\": 0, \"items_total\": 3, \"size_left\": 0, \"num_error\": 0}, \"rpm\": {\"num_success\": 8, \"size_total\": 17872, \"items_left\": 0, \"items_total\": 8, \"size_left\": 0, \"num_error\": 0}, \"delta_rpm\": {\"num_success\": 0, \"size_total\": 0, \"items_left\": 0, \"items_total\": 0, \"size_left\": 0, \"num_error\": 0}, \"file\": {\"num_success\": 0, \"size_total\": 0, \"items_left\": 0, \"items_total\": 0, \"size_left\": 0, \"num_error\": 0}}, \"error_details\": [], \"num_error\": 0}, \"comps\": {\"state\": \"FINISHED\"}, \"errata\": {\"state\": \"FINISHED\", \"num_errata\": 2}, \"metadata\": {\"state\": \"FINISHED\"}}}, \"call_request_group_id\": \"85fcb4a7-2a88-4737-af42-5b16c95ff41f\", \"call_request_id\": \"3978988a-6c7d-43a8-9257-843e4c7828eb\", \"principal_login\": \"admin\", \"response\": \"accepted\", \"result\": {\"importer_id\": \"yum_importer\", \"exception\": null, \"repo_id\": \"1\", \"traceback\": null, \"started\": \"2013-06-17T13:29:40-04:00\", \"_ns\": \"repo_sync_results\", \"completed\": \"2013-06-17T13:29:41-04:00\", \"importer_type_id\": \"yum_importer\", \"error_message\": null, \"summary\": {\"comps\": {\"time_total_sec\": 0.025455951690673828, \"num_orphaned_groups\": 0, \"num_available_groups\": 2, \"num_new_groups\": 2, \"num_new_categories\": 1, \"num_orphaned_categories\": 0, \"num_available_categories\": 1}, \"packages\": {\"num_synced_new_rpms\": 8, \"num_resynced_distribution_files\": 0, \"num_not_synced_srpms\": 0, \"num_synced_new_distributions_files\": 3, \"num_rpms\": 8, \"num_not_synced_drpms\": 0, \"time_total_sec\": 1.5562820434570312, \"num_orphaned_distributions\": 0, \"num_orphaned_rpms\": 0, \"num_synced_new_srpms\": 0, \"num_synced_new_drpms\": 0, \"num_resynced_distributions\": 0, \"num_orphaned_srpms\": 0, \"num_resynced_rpms\": 0, \"num_synced_new_distributions\": 1, \"num_orphaned_drpms\": 0, \"num_resynced_srpms\": 0, \"num_resynced_drpms\": 0, \"removal_errors\": [], \"num_not_synced_rpms\": 0}, \"errata\": {\"errata_time_total_sec\": 0.029777050018310547, \"num_existing_errata\": 0, \"num_orphaned_errata\": 0, \"num_new_errata\": 0}}, \"added_count\": 0, \"result\": \"success\", \"updated_count\": 14, \"details\": {\"comps\": {}, \"packages\": {\"time_download_sec\": 0.5652279853820801, \"not_synced\": [], \"time_metadata_sec\": 0.7079792022705078, \"size_total\": 17872, \"sync_report\": {\"errors\": 0, \"size_total\": 17872, \"successes\": 11, \"downloads\": 0, \"items_left\": 0, \"items_total\": 11, \"error_details\": [], \"details\": {\"tree_file\": {\"num_success\": 3, \"total_count\": 3, \"items_left\": 0, \"size_left\": 0, \"total_size_bytes\": 0, \"num_error\": 0}, \"rpm\": {\"num_success\": 8, \"total_count\": 8, \"items_left\": 0, \"size_left\": 0, \"total_size_bytes\": 17872, \"num_error\": 0}}, \"size_left\": 0}}, \"errata\": {\"num_bugfix_errata\": 0, \"link_report\": {\"missing_rpms\": [], \"linked_units\": []}, \"num_security_errata\": 0, \"num_enhancement_errata\": 0}}, \"id\": \"51bf4785d60ea32d37405688\", \"removed_count\": 0}}"
    http_version: 
  recorded_at: Mon, 17 Jun 2013 17:29:43 GMT
- request: 
    method: get
    uri: https://localhost/pulp/api/v2/tasks/
    body: 
      encoding: US-ASCII
      string: ""
    headers: 
      Accept: 
      - application/json
      Accept-Encoding: 
      - gzip, deflate
      Content-Type: 
      - application/json
      Authorization: 
      - OAuth oauth_consumer_key="katello", oauth_nonce="R7vpuWLHJaLRB0T6wuSCgx7XRpmQ7p56IaTVwebrCGg", oauth_signature="pXZPcZtKZbqW4%2BFKD9oGL%2FYFE8Q%3D", oauth_signature_method="HMAC-SHA1", oauth_timestamp="1371490188", oauth_version="1.0"
      Pulp-User: 
      - admin
      User-Agent: 
      - Ruby
  response: 
    status: 
      code: 200
      message: OK
    headers: 
      Date: 
      - Mon, 17 Jun 2013 17:29:48 GMT
      Server: 
      - Apache/2.4.4 (Fedora) OpenSSL/1.0.1e-fips PHP/5.4.14 mod_wsgi/3.4 Python/2.7.3 mod_perl/2.0.8-dev Perl/v5.16.3
      Content-Length: 
      - "43824"
      Content-Type: 
      - application/json
    body: 
      encoding: US-ASCII
      string: "[{\"task_group_id\": \"bfc64ff4-ea31-42db-b70a-ff93e303442b\", \"exception\": [\"RequestTimeout: ('682ea11e-1d46-4031-ae14-6f8d3b4c085f', 0)\\n\"], \"traceback\": \"Traceback (most recent call last):\\n\\n  File \\\"/usr/lib/python2.7/site-packages/gofer/rmi/async.py\\\", line 451, in process\\n    raise RequestTimeout(sn, je.idx)\\n\\nRequestTimeout: ('682ea11e-1d46-4031-ae14-6f8d3b4c085f', 0)\\n\", \"task_id\": \"ee4ea6ec-8a12-41fe-b7c6-c1456fc297da\", \"call_request_tags\": [\"pulp:consumer:010E99C0-3276-11E2-81C1-0800200C9A66\", \"pulp:repository:1\", \"pulp:repository_distributor:1\", \"pulp:action:agent_unbind\"], \"reasons\": [], \"start_time\": \"2013-06-17T17:29:26Z\", \"tags\": [\"pulp:consumer:010E99C0-3276-11E2-81C1-0800200C9A66\", \"pulp:repository:1\", \"pulp:repository_distributor:1\", \"pulp:action:agent_unbind\"], \"state\": \"error\", \"finish_time\": \"2013-06-17T17:29:28Z\", \"dependency_failures\": {}, \"schedule_id\": null, \"progress\": {}, \"call_request_group_id\": \"bfc64ff4-ea31-42db-b70a-ff93e303442b\", \"call_request_id\": \"ee4ea6ec-8a12-41fe-b7c6-c1456fc297da\", \"principal_login\": \"admin\", \"response\": \"accepted\", \"result\": null}, {\"task_group_id\": \"bfc64ff4-ea31-42db-b70a-ff93e303442b\", \"exception\": [\"Exception: outstanding actions, not deleted\\n\"], \"traceback\": [\"  File \\\"/usr/lib/python2.7/site-packages/pulp/server/dispatch/task.py\\\", line 138, in _run\\n    result = call(*args, **kwargs)\\n\", \"  File \\\"/usr/lib/python2.7/site-packages/pulp/server/managers/consumer/bind.py\\\", line 299, in delete\\n    raise Exception, 'outstanding actions, not deleted'\\n\"], \"task_id\": \"a2e9ebed-9868-43fc-b37c-f93c68ae8bea\", \"call_request_tags\": [\"pulp:consumer:010E99C0-3276-11E2-81C1-0800200C9A66\", \"pulp:repository:1\", \"pulp:repository_distributor:1\", \"pulp:action:delete_binding\"], \"reasons\": [], \"start_time\": \"2013-06-17T17:29:28Z\", \"tags\": [\"pulp:consumer:010E99C0-3276-11E2-81C1-0800200C9A66\", \"pulp:repository:1\", \"pulp:repository_distributor:1\", \"pulp:action:delete_binding\"], \"state\": \"error\", \"finish_time\": \"2013-06-17T17:29:28Z\", \"dependency_failures\": {}, \"schedule_id\": null, \"progress\": {}, \"call_request_group_id\": \"bfc64ff4-ea31-42db-b70a-ff93e303442b\", \"call_request_id\": \"a2e9ebed-9868-43fc-b37c-f93c68ae8bea\", \"principal_login\": \"admin\", \"response\": \"accepted\", \"result\": null}, {\"task_group_id\": \"808d7b8b-9f7c-4185-baf7-b952604e5be8\", \"exception\": null, \"traceback\": null, \"task_id\": \"3fbd56e6-e1d6-4a7a-a8d9-a877588dc9e2\", \"call_request_tags\": [\"pulp:repository:1\", \"pulp:action:sync\"], \"reasons\": [], \"start_time\": \"2013-06-17T17:29:27Z\", \"tags\": [\"pulp:repository:1\", \"pulp:action:sync\"], \"state\": \"finished\", \"finish_time\": \"2013-06-17T17:29:28Z\", \"dependency_failures\": {}, \"schedule_id\": null, \"progress\": {\"yum_importer\": {\"content\": {\"num_success\": 11, \"size_total\": 17872, \"items_left\": 0, \"items_total\": 11, \"state\": \"FINISHED\", \"size_left\": 0, \"details\": {\"tree_file\": {\"num_success\": 3, \"size_total\": 0, \"items_left\": 0, \"items_total\": 3, \"size_left\": 0, \"num_error\": 0}, \"rpm\": {\"num_success\": 8, \"size_total\": 17872, \"items_left\": 0, \"items_total\": 8, \"size_left\": 0, \"num_error\": 0}, \"delta_rpm\": {\"num_success\": 0, \"size_total\": 0, \"items_left\": 0, \"items_total\": 0, \"size_left\": 0, \"num_error\": 0}, \"file\": {\"num_success\": 0, \"size_total\": 0, \"items_left\": 0, \"items_total\": 0, \"size_left\": 0, \"num_error\": 0}}, \"error_details\": [], \"num_error\": 0}, \"comps\": {\"state\": \"FINISHED\"}, \"errata\": {\"state\": \"FINISHED\", \"num_errata\": 2}, \"metadata\": {\"state\": \"FINISHED\"}}}, \"call_request_group_id\": \"808d7b8b-9f7c-4185-baf7-b952604e5be8\", \"call_request_id\": \"3fbd56e6-e1d6-4a7a-a8d9-a877588dc9e2\", \"principal_login\": \"admin\", \"response\": \"accepted\", \"result\": {\"importer_id\": \"yum_importer\", \"exception\": null, \"repo_id\": \"1\", \"traceback\": null, \"started\": \"2013-06-17T13:29:27-04:00\", \"_ns\": \"repo_sync_results\", \"completed\": \"2013-06-17T13:29:28-04:00\", \"importer_type_id\": \"yum_importer\", \"error_message\": null, \"summary\": {\"comps\": {\"time_total_sec\": 0.032958984375, \"num_orphaned_groups\": 0, \"num_available_groups\": 2, \"num_new_groups\": 2, \"num_new_categories\": 1, \"num_orphaned_categories\": 0, \"num_available_categories\": 1}, \"packages\": {\"num_synced_new_rpms\": 8, \"num_resynced_distribution_files\": 0, \"num_not_synced_srpms\": 0, \"num_synced_new_distributions_files\": 3, \"num_rpms\": 8, \"num_not_synced_drpms\": 0, \"time_total_sec\": 1.745203971862793, \"num_orphaned_distributions\": 0, \"num_orphaned_rpms\": 0, \"num_synced_new_srpms\": 0, \"num_synced_new_drpms\": 0, \"num_resynced_distributions\": 0, \"num_orphaned_srpms\": 0, \"num_resynced_rpms\": 0, \"num_synced_new_distributions\": 1, \"num_orphaned_drpms\": 0, \"num_resynced_srpms\": 0, \"num_resynced_drpms\": 0, \"removal_errors\": [], \"num_not_synced_rpms\": 0}, \"errata\": {\"errata_time_total_sec\": 0.03212094306945801, \"num_existing_errata\": 0, \"num_orphaned_errata\": 0, \"num_new_errata\": 0}}, \"added_count\": 0, \"result\": \"success\", \"updated_count\": 14, \"details\": {\"comps\": {}, \"packages\": {\"time_download_sec\": 1.0596001148223877, \"not_synced\": [], \"time_metadata_sec\": 0.3740670680999756, \"size_total\": 17872, \"sync_report\": {\"errors\": 0, \"size_total\": 17872, \"successes\": 11, \"downloads\": 0, \"items_left\": 0, \"items_total\": 11, \"error_details\": [], \"details\": {\"tree_file\": {\"num_success\": 3, \"total_count\": 3, \"items_left\": 0, \"size_left\": 0, \"total_size_bytes\": 0, \"num_error\": 0}, \"rpm\": {\"num_success\": 8, \"total_count\": 8, \"items_left\": 0, \"size_left\": 0, \"total_size_bytes\": 17872, \"num_error\": 0}}, \"size_left\": 0}}, \"errata\": {\"num_bugfix_errata\": 0, \"link_report\": {\"missing_rpms\": [], \"linked_units\": []}, \"num_security_errata\": 0, \"num_enhancement_errata\": 0}}, \"id\": \"51bf4778d60ea32d374054f0\", \"removed_count\": 0}}, {\"task_group_id\": null, \"exception\": null, \"traceback\": null, \"task_id\": \"dd7c1ae0-91a2-44f6-935b-092fd1fffd87\", \"call_request_tags\": [\"pulp:consumer:010E99C0-3276-11E2-81C1-0800200C9A66\", \"pulp:action:delete\"], \"reasons\": [{\"operation\": \"read\", \"resource_type\": \"consumer\", \"resource_id\": \"010E99C0-3276-11E2-81C1-0800200C9A66\"}], \"start_time\": \"2013-06-17T17:29:29Z\", \"tags\": [\"pulp:consumer:010E99C0-3276-11E2-81C1-0800200C9A66\", \"pulp:action:delete\"], \"state\": \"finished\", \"finish_time\": \"2013-06-17T17:29:29Z\", \"dependency_failures\": {}, \"schedule_id\": null, \"progress\": {}, \"call_request_group_id\": null, \"call_request_id\": \"dd7c1ae0-91a2-44f6-935b-092fd1fffd87\", \"principal_login\": \"admin\", \"response\": \"postponed\", \"result\": null}, {\"task_group_id\": null, \"exception\": null, \"traceback\": null, \"task_id\": \"d467889d-e9df-4357-a42a-ef8bb9a9fba8\", \"call_request_tags\": [\"pulp:consumer:010E99C0-3276-11E2-81C1-0800200C9A66\", \"pulp:action:create\"], \"reasons\": [], \"start_time\": \"2013-06-17T17:29:31Z\", \"tags\": [\"pulp:consumer:010E99C0-3276-11E2-81C1-0800200C9A66\", \"pulp:action:create\"], \"state\": \"finished\", \"finish_time\": \"2013-06-17T17:29:31Z\", \"dependency_failures\": {}, \"schedule_id\": null, \"progress\": {}, \"call_request_group_id\": null, \"call_request_id\": \"d467889d-e9df-4357-a42a-ef8bb9a9fba8\", \"principal_login\": \"admin\", \"response\": \"accepted\", \"result\": \"****\"}, {\"task_group_id\": null, \"exception\": null, \"traceback\": null, \"task_id\": \"7e708899-cf91-46bf-9780-8c9b1188ab37\", \"call_request_tags\": [\"pulp:consumer:010E99C0-3276-11E2-81C1-0800200C9A66\", \"pulp:action:delete\"], \"reasons\": [], \"start_time\": \"2013-06-17T17:29:31Z\", \"tags\": [\"pulp:consumer:010E99C0-3276-11E2-81C1-0800200C9A66\", \"pulp:action:delete\"], \"state\": \"finished\", \"finish_time\": \"2013-06-17T17:29:31Z\", \"dependency_failures\": {}, \"schedule_id\": null, \"progress\": {}, \"call_request_group_id\": null, \"call_request_id\": \"7e708899-cf91-46bf-9780-8c9b1188ab37\", \"principal_login\": \"admin\", \"response\": \"accepted\", \"result\": null}, {\"task_group_id\": \"808d7b8b-9f7c-4185-baf7-b952604e5be8\", \"exception\": null, \"traceback\": null, \"task_id\": \"ce55f47d-1fb0-47d2-8bc2-a6d1688fe59b\", \"call_request_tags\": [\"pulp:repository:1\", \"pulp:action:auto_publish\", \"pulp:action:publish\"], \"reasons\": [], \"start_time\": \"2013-06-17T17:29:29Z\", \"tags\": [\"pulp:repository:1\", \"pulp:action:auto_publish\", \"pulp:action:publish\"], \"state\": \"finished\", \"finish_time\": \"2013-06-17T17:29:31Z\", \"dependency_failures\": {}, \"schedule_id\": null, \"progress\": {\"1\": {\"publish_http\": {\"state\": \"SKIPPED\"}, \"publish_https\": {\"state\": \"FINISHED\"}, \"distribution\": {\"num_success\": 3, \"items_left\": 0, \"items_total\": 3, \"state\": \"FINISHED\", \"error_details\": [], \"num_error\": 0}, \"packages\": {\"num_success\": 8, \"items_left\": 0, \"items_total\": 8, \"state\": \"FINISHED\", \"error_details\": [], \"num_error\": 0}, \"packagegroups\": {\"state\": \"NOT_STARTED\"}, \"metadata\": {\"state\": \"FINISHED\"}}}, \"call_request_group_id\": \"808d7b8b-9f7c-4185-baf7-b952604e5be8\", \"call_request_id\": \"ce55f47d-1fb0-47d2-8bc2-a6d1688fe59b\", \"principal_login\": \"admin\", \"response\": \"accepted\", \"result\": null}, {\"task_group_id\": \"cd345e04-0b1a-42b6-b2ed-3b7b47772a0e\", \"exception\": null, \"traceback\": null, \"task_id\": \"85423974-7c52-4833-a4f3-011d07761d12\", \"call_request_tags\": [\"pulp:repository:1\", \"pulp:action:delete\"], \"reasons\": [], \"start_time\": \"2013-06-17T17:29:31Z\", \"tags\": [\"pulp:repository:1\", \"pulp:action:delete\"], \"state\": \"finished\", \"finish_time\": \"2013-06-17T17:29:31Z\", \"dependency_failures\": {}, \"schedule_id\": null, \"progress\": {}, \"call_request_group_id\": \"cd345e04-0b1a-42b6-b2ed-3b7b47772a0e\", \"call_request_id\": \"85423974-7c52-4833-a4f3-011d07761d12\", \"principal_login\": \"admin\", \"response\": \"accepted\", \"result\": null}, {\"task_group_id\": null, \"exception\": null, \"traceback\": null, \"task_id\": \"c9309a23-82de-4c11-b731-bda0c119ed6b\", \"call_request_tags\": [\"pulp:consumer:010E99C0-3276-11E2-81C1-0800200C9A66\", \"pulp:action:create\"], \"reasons\": [], \"start_time\": \"2013-06-17T17:29:31Z\", \"tags\": [\"pulp:consumer:010E99C0-3276-11E2-81C1-0800200C9A66\", \"pulp:action:create\"], \"state\": \"finished\", \"finish_time\": \"2013-06-17T17:29:32Z\", \"dependency_failures\": {}, \"schedule_id\": null, \"progress\": {}, \"call_request_group_id\": null, \"call_request_id\": \"c9309a23-82de-4c11-b731-bda0c119ed6b\", \"principal_login\": \"admin\", \"response\": \"accepted\", \"result\": \"****\"}, {\"task_group_id\": null, \"exception\": null, \"traceback\": null, \"task_id\": \"4a80afd0-90ce-4fc3-a9d8-1a2c4951a690\", \"call_request_tags\": [\"pulp:consumer_group_type:simple_group\"], \"reasons\": [], \"start_time\": \"2013-06-17T17:29:32Z\", \"tags\": [\"pulp:consumer_group_type:simple_group\"], \"state\": \"finished\", \"finish_time\": \"2013-06-17T17:29:32Z\", \"dependency_failures\": {}, \"schedule_id\": null, \"progress\": {}, \"call_request_group_id\": null, \"call_request_id\": \"4a80afd0-90ce-4fc3-a9d8-1a2c4951a690\", \"principal_login\": \"admin\", \"response\": \"accepted\", \"result\": {\"scratchpad\": null, \"display_name\": null, \"description\": \"Super administrator with all access.\", \"_ns\": \"consumer_groups\", \"notes\": {}, \"consumer_ids\": [\"010E99C0-3276-11E2-81C1-0800200C9A66\"], \"_id\": {\"$oid\": \"51bf477cd60ea32d37405532\"}, \"id\": \"simple_group\", \"_href\": \"/pulp/api/v2/consumer_groups/simple_group/\"}}, {\"task_group_id\": null, \"exception\": null, \"traceback\": null, \"task_id\": \"2da269e3-aca0-42c0-8301-b43cbe0affad\", \"call_request_tags\": [\"pulp:consumer_group_type:simple_group\"], \"reasons\": [], \"start_time\": \"2013-06-17T17:29:32Z\", \"tags\": [\"pulp:consumer_group_type:simple_group\"], \"state\": \"finished\", \"finish_time\": \"2013-06-17T17:29:32Z\", \"dependency_failures\": {}, \"schedule_id\": null, \"progress\": {}, \"call_request_group_id\": null, \"call_request_id\": \"2da269e3-aca0-42c0-8301-b43cbe0affad\", \"principal_login\": \"admin\", \"response\": \"accepted\", \"result\": null}, {\"task_group_id\": null, \"exception\": null, \"traceback\": null, \"task_id\": \"9313cef5-9901-44d5-bfa7-a0b4e4b113a7\", \"call_request_tags\": [\"pulp:consumer:010E99C0-3276-11E2-81C1-0800200C9A66\", \"pulp:action:delete\"], \"reasons\": [], \"start_time\": \"2013-06-17T17:29:32Z\", \"tags\": [\"pulp:consumer:010E99C0-3276-11E2-81C1-0800200C9A66\", \"pulp:action:delete\"], \"state\": \"finished\", \"finish_time\": \"2013-06-17T17:29:32Z\", \"dependency_failures\": {}, \"schedule_id\": null, \"progress\": {}, \"call_request_group_id\": null, \"call_request_id\": \"9313cef5-9901-44d5-bfa7-a0b4e4b113a7\", \"principal_login\": \"admin\", \"response\": \"accepted\", \"result\": null}, {\"task_group_id\": null, \"exception\": null, \"traceback\": null, \"task_id\": \"b70e3aa8-1589-4141-9d24-4d09575e607f\", \"call_request_tags\": [\"pulp:consumer:010E99C0-3276-11E2-81C1-0800200C9A66\", \"pulp:action:create\"], \"reasons\": [], \"start_time\": \"2013-06-17T17:29:32Z\", \"tags\": [\"pulp:consumer:010E99C0-3276-11E2-81C1-0800200C9A66\", \"pulp:action:create\"], \"state\": \"finished\", \"finish_time\": \"2013-06-17T17:29:32Z\", \"dependency_failures\": {}, \"schedule_id\": null, \"progress\": {}, \"call_request_group_id\": null, \"call_request_id\": \"b70e3aa8-1589-4141-9d24-4d09575e607f\", \"principal_login\": \"admin\", \"response\": \"accepted\", \"result\": \"****\"}, {\"task_group_id\": null, \"exception\": null, \"traceback\": null, \"task_id\": \"e1a39677-9f32-434d-9599-eeab73c037e8\", \"call_request_tags\": [\"pulp:consumer_group_type:simple_group\"], \"reasons\": [], \"start_time\": \"2013-06-17T17:29:33Z\", \"tags\": [\"pulp:consumer_group_type:simple_group\"], \"state\": \"finished\", \"finish_time\": \"2013-06-17T17:29:33Z\", \"dependency_failures\": {}, \"schedule_id\": null, \"progress\": {}, \"call_request_group_id\": null, \"call_request_id\": \"e1a39677-9f32-434d-9599-eeab73c037e8\", \"principal_login\": \"admin\", \"response\": \"accepted\", \"result\": {\"scratchpad\": null, \"display_name\": null, \"description\": \"Super administrator with all access.\", \"_ns\": \"consumer_groups\", \"notes\": {}, \"consumer_ids\": [\"010E99C0-3276-11E2-81C1-0800200C9A66\"], \"_id\": {\"$oid\": \"51bf477dd60ea32d37405558\"}, \"id\": \"simple_group\", \"_href\": \"/pulp/api/v2/consumer_groups/simple_group/\"}}, {\"task_group_id\": null, \"exception\": null, \"traceback\": null, \"task_id\": \"5495b693-41fe-4b10-8a11-b87babe21180\", \"call_request_tags\": [\"pulp:consumer_group_type:simple_group\", \"pulp:action:consumer_group_associate\"], \"reasons\": [], \"start_time\": \"2013-06-17T17:29:33Z\", \"tags\": [\"pulp:consumer_group_type:simple_group\", \"pulp:action:consumer_group_associate\"], \"state\": \"finished\", \"finish_time\": \"2013-06-17T17:29:33Z\", \"dependency_failures\": {}, \"schedule_id\": null, \"progress\": {}, \"call_request_group_id\": null, \"call_request_id\": \"5495b693-41fe-4b10-8a11-b87babe21180\", \"principal_login\": \"admin\", \"response\": \"accepted\", \"result\": [\"010E99C0-3276-11E2-81C1-0800200C9A66\"]}, {\"task_group_id\": null, \"exception\": null, \"traceback\": null, \"task_id\": \"aa48c5ec-786a-4253-b985-d99d93cfd9dd\", \"call_request_tags\": [\"pulp:consumer:010E99C0-3276-11E2-81C1-0800200C9A66\", \"pulp:action:delete\"], \"reasons\": [], \"start_time\": \"2013-06-17T17:29:33Z\", \"tags\": [\"pulp:consumer:010E99C0-3276-11E2-81C1-0800200C9A66\", \"pulp:action:delete\"], \"state\": \"finished\", \"finish_time\": \"2013-06-17T17:29:33Z\", \"dependency_failures\": {}, \"schedule_id\": null, \"progress\": {}, \"call_request_group_id\": null, \"call_request_id\": \"aa48c5ec-786a-4253-b985-d99d93cfd9dd\", \"principal_login\": \"admin\", \"response\": \"accepted\", \"result\": null}, {\"task_group_id\": null, \"exception\": null, \"traceback\": null, \"task_id\": \"7ef2c994-4d35-48ac-8112-95a89d0b55f8\", \"call_request_tags\": [\"pulp:consumer_group_type:simple_group\"], \"reasons\": [], \"start_time\": \"2013-06-17T17:29:34Z\", \"tags\": [\"pulp:consumer_group_type:simple_group\"], \"state\": \"finished\", \"finish_time\": \"2013-06-17T17:29:34Z\", \"dependency_failures\": {}, \"schedule_id\": null, \"progress\": {}, \"call_request_group_id\": null, \"call_request_id\": \"7ef2c994-4d35-48ac-8112-95a89d0b55f8\", \"principal_login\": \"admin\", \"response\": \"accepted\", \"result\": null}, {\"task_group_id\": null, \"exception\": null, \"traceback\": null, \"task_id\": \"d0e0746a-3318-4561-90a0-67a030e6d079\", \"call_request_tags\": [\"pulp:consumer:010E99C0-3276-11E2-81C1-0800200C9A66\", \"pulp:action:create\"], \"reasons\": [], \"start_time\": \"2013-06-17T17:29:34Z\", \"tags\": [\"pulp:consumer:010E99C0-3276-11E2-81C1-0800200C9A66\", \"pulp:action:create\"], \"state\": \"finished\", \"finish_time\": \"2013-06-17T17:29:34Z\", \"dependency_failures\": {}, \"schedule_id\": null, \"progress\": {}, \"call_request_group_id\": null, \"call_request_id\": \"d0e0746a-3318-4561-90a0-67a030e6d079\", \"principal_login\": \"admin\", \"response\": \"accepted\", \"result\": \"****\"}, {\"task_group_id\": null, \"exception\": null, \"traceback\": null, \"task_id\": \"d3b3dd58-1fd6-4466-9f8d-afb1f735e2db\", \"call_request_tags\": [\"pulp:consumer_group_type:simple_group\"], \"reasons\": [], \"start_time\": \"2013-06-17T17:29:34Z\", \"tags\": [\"pulp:consumer_group_type:simple_group\"], \"state\": \"finished\", \"finish_time\": \"2013-06-17T17:29:34Z\", \"dependency_failures\": {}, \"schedule_id\": null, \"progress\": {}, \"call_request_group_id\": null, \"call_request_id\": \"d3b3dd58-1fd6-4466-9f8d-afb1f735e2db\", \"principal_login\": \"admin\", \"response\": \"accepted\", \"result\": {\"scratchpad\": null, \"display_name\": null, \"description\": \"Super administrator with all access.\", \"_ns\": \"consumer_groups\", \"notes\": {}, \"consumer_ids\": [\"010E99C0-3276-11E2-81C1-0800200C9A66\"], \"_id\": {\"$oid\": \"51bf477ed60ea32d37405588\"}, \"id\": \"simple_group\", \"_href\": \"/pulp/api/v2/consumer_groups/simple_group/\"}}, {\"task_group_id\": null, \"exception\": null, \"traceback\": null, \"task_id\": \"0963041a-034f-4fdd-b296-5fa349fde33e\", \"call_request_tags\": [\"pulp:consumer_group_type:simple_group\", \"pulp:action:consumer_group_associate\"], \"reasons\": [], \"start_time\": \"2013-06-17T17:29:35Z\", \"tags\": [\"pulp:consumer_group_type:simple_group\", \"pulp:action:consumer_group_associate\"], \"state\": \"finished\", \"finish_time\": \"2013-06-17T17:29:35Z\", \"dependency_failures\": {}, \"schedule_id\": null, \"progress\": {}, \"call_request_group_id\": null, \"call_request_id\": \"0963041a-034f-4fdd-b296-5fa349fde33e\", \"principal_login\": \"admin\", \"response\": \"accepted\", \"result\": [\"010E99C0-3276-11E2-81C1-0800200C9A66\"]}, {\"task_group_id\": null, \"exception\": null, \"traceback\": null, \"task_id\": \"9d1a4797-edf8-4312-962f-b912dca0f0f8\", \"call_request_tags\": [\"pulp:consumer_group_type:simple_group\", \"pulp:action:consumer_group_unassociate\"], \"reasons\": [], \"start_time\": \"2013-06-17T17:29:35Z\", \"tags\": [\"pulp:consumer_group_type:simple_group\", \"pulp:action:consumer_group_unassociate\"], \"state\": \"finished\", \"finish_time\": \"2013-06-17T17:29:35Z\", \"dependency_failures\": {}, \"schedule_id\": null, \"progress\": {}, \"call_request_group_id\": null, \"call_request_id\": \"9d1a4797-edf8-4312-962f-b912dca0f0f8\", \"principal_login\": \"admin\", \"response\": \"accepted\", \"result\": [\"010E99C0-3276-11E2-81C1-0800200C9A66\"]}, {\"task_group_id\": null, \"exception\": null, \"traceback\": null, \"task_id\": \"89e9d002-7279-4c93-8a6a-8a5ef33e37b7\", \"call_request_tags\": [\"pulp:consumer:010E99C0-3276-11E2-81C1-0800200C9A66\", \"pulp:action:delete\"], \"reasons\": [], \"start_time\": \"2013-06-17T17:29:35Z\", \"tags\": [\"pulp:consumer:010E99C0-3276-11E2-81C1-0800200C9A66\", \"pulp:action:delete\"], \"state\": \"finished\", \"finish_time\": \"2013-06-17T17:29:35Z\", \"dependency_failures\": {}, \"schedule_id\": null, \"progress\": {}, \"call_request_group_id\": null, \"call_request_id\": \"89e9d002-7279-4c93-8a6a-8a5ef33e37b7\", \"principal_login\": \"admin\", \"response\": \"accepted\", \"result\": null}, {\"task_group_id\": null, \"exception\": null, \"traceback\": null, \"task_id\": \"41440ca1-f750-4a9a-9800-9803b090c12a\", \"call_request_tags\": [\"pulp:consumer_group_type:simple_group\"], \"reasons\": [], \"start_time\": \"2013-06-17T17:29:35Z\", \"tags\": [\"pulp:consumer_group_type:simple_group\"], \"state\": \"finished\", \"finish_time\": \"2013-06-17T17:29:35Z\", \"dependency_failures\": {}, \"schedule_id\": null, \"progress\": {}, \"call_request_group_id\": null, \"call_request_id\": \"41440ca1-f750-4a9a-9800-9803b090c12a\", \"principal_login\": \"admin\", \"response\": \"accepted\", \"result\": null}, {\"task_group_id\": null, \"exception\": null, \"traceback\": null, \"task_id\": \"77748caa-f966-4b96-8749-b4de2fa79194\", \"call_request_tags\": [\"pulp:consumer:010E99C0-3276-11E2-81C1-0800200C9A66\", \"pulp:action:create\"], \"reasons\": [], \"start_time\": \"2013-06-17T17:29:35Z\", \"tags\": [\"pulp:consumer:010E99C0-3276-11E2-81C1-0800200C9A66\", \"pulp:action:create\"], \"state\": \"finished\", \"finish_time\": \"2013-06-17T17:29:35Z\", \"dependency_failures\": {}, \"schedule_id\": null, \"progress\": {}, \"call_request_group_id\": null, \"call_request_id\": \"77748caa-f966-4b96-8749-b4de2fa79194\", \"principal_login\": \"admin\", \"response\": \"accepted\", \"result\": \"****\"}, {\"task_group_id\": null, \"exception\": null, \"traceback\": null, \"task_id\": \"de2bccca-99bf-4464-b0ad-53baa1e95c14\", \"call_request_tags\": [\"pulp:consumer_group_type:simple_group\"], \"reasons\": [], \"start_time\": \"2013-06-17T17:29:36Z\", \"tags\": [\"pulp:consumer_group_type:simple_group\"], \"state\": \"finished\", \"finish_time\": \"2013-06-17T17:29:36Z\", \"dependency_failures\": {}, \"schedule_id\": null, \"progress\": {}, \"call_request_group_id\": null, \"call_request_id\": \"de2bccca-99bf-4464-b0ad-53baa1e95c14\", \"principal_login\": \"admin\", \"response\": \"accepted\", \"result\": {\"scratchpad\": null, \"display_name\": null, \"description\": \"Super administrator with all access.\", \"_ns\": \"consumer_groups\", \"notes\": {}, \"consumer_ids\": [\"010E99C0-3276-11E2-81C1-0800200C9A66\"], \"_id\": {\"$oid\": \"51bf4780d60ea32d374055c1\"}, \"id\": \"simple_group\", \"_href\": \"/pulp/api/v2/consumer_groups/simple_group/\"}}, {\"task_group_id\": null, \"exception\": null, \"traceback\": null, \"task_id\": \"d47efa51-2c6c-44ab-ba16-b5e75bf40470\", \"call_request_tags\": [\"pulp:consumer_group_type:simple_group\", \"pulp:action:consumer_group_associate\"], \"reasons\": [], \"start_time\": \"2013-06-17T17:29:36Z\", \"tags\": [\"pulp:consumer_group_type:simple_group\", \"pulp:action:consumer_group_associate\"], \"state\": \"finished\", \"finish_time\": \"2013-06-17T17:29:36Z\", \"dependency_failures\": {}, \"schedule_id\": null, \"progress\": {}, \"call_request_group_id\": null, \"call_request_id\": \"d47efa51-2c6c-44ab-ba16-b5e75bf40470\", \"principal_login\": \"admin\", \"response\": \"accepted\", \"result\": [\"010E99C0-3276-11E2-81C1-0800200C9A66\"]}, {\"task_group_id\": null, \"exception\": null, \"traceback\": null, \"task_id\": \"3f6037ed-7737-4312-8a87-5f8f2a7acb0a\", \"call_request_tags\": [\"pulp:consumer:010E99C0-3276-11E2-81C1-0800200C9A66\", \"pulp:action:delete\"], \"reasons\": [], \"start_time\": \"2013-06-17T17:29:36Z\", \"tags\": [\"pulp:consumer:010E99C0-3276-11E2-81C1-0800200C9A66\", \"pulp:action:delete\"], \"state\": \"finished\", \"finish_time\": \"2013-06-17T17:29:36Z\", \"dependency_failures\": {}, \"schedule_id\": null, \"progress\": {}, \"call_request_group_id\": null, \"call_request_id\": \"3f6037ed-7737-4312-8a87-5f8f2a7acb0a\", \"principal_login\": \"admin\", \"response\": \"accepted\", \"result\": null}, {\"task_group_id\": null, \"exception\": null, \"traceback\": null, \"task_id\": \"102a2261-759a-4471-ad48-7d38e1872e7a\", \"call_request_tags\": [\"pulp:consumer_group_type:simple_group\"], \"reasons\": [], \"start_time\": \"2013-06-17T17:29:36Z\", \"tags\": [\"pulp:consumer_group_type:simple_group\"], \"state\": \"finished\", \"finish_time\": \"2013-06-17T17:29:36Z\", \"dependency_failures\": {}, \"schedule_id\": null, \"progress\": {}, \"call_request_group_id\": null, \"call_request_id\": \"102a2261-759a-4471-ad48-7d38e1872e7a\", \"principal_login\": \"admin\", \"response\": \"accepted\", \"result\": null}, {\"task_group_id\": null, \"exception\": null, \"traceback\": null, \"task_id\": \"1b1c28f1-78fb-4869-a15d-98fbd8bb7502\", \"call_request_tags\": [\"pulp:consumer:010E99C0-3276-11E2-81C1-0800200C9A66\", \"pulp:action:create\"], \"reasons\": [], \"start_time\": \"2013-06-17T17:29:36Z\", \"tags\": [\"pulp:consumer:010E99C0-3276-11E2-81C1-0800200C9A66\", \"pulp:action:create\"], \"state\": \"finished\", \"finish_time\": \"2013-06-17T17:29:36Z\", \"dependency_failures\": {}, \"schedule_id\": null, \"progress\": {}, \"call_request_group_id\": null, \"call_request_id\": \"1b1c28f1-78fb-4869-a15d-98fbd8bb7502\", \"principal_login\": \"admin\", \"response\": \"accepted\", \"result\": \"****\"}, {\"task_group_id\": null, \"exception\": null, \"traceback\": null, \"task_id\": \"7e21f68d-af0b-47bd-9681-c9b58b771114\", \"call_request_tags\": [\"pulp:consumer_group_type:simple_group\"], \"reasons\": [], \"start_time\": \"2013-06-17T17:29:37Z\", \"tags\": [\"pulp:consumer_group_type:simple_group\"], \"state\": \"finished\", \"finish_time\": \"2013-06-17T17:29:37Z\", \"dependency_failures\": {}, \"schedule_id\": null, \"progress\": {}, \"call_request_group_id\": null, \"call_request_id\": \"7e21f68d-af0b-47bd-9681-c9b58b771114\", \"principal_login\": \"admin\", \"response\": \"accepted\", \"result\": {\"scratchpad\": null, \"display_name\": null, \"description\": \"Super administrator with all access.\", \"_ns\": \"consumer_groups\", \"notes\": {}, \"consumer_ids\": [\"010E99C0-3276-11E2-81C1-0800200C9A66\"], \"_id\": {\"$oid\": \"51bf4781d60ea32d374055f1\"}, \"id\": \"simple_group\", \"_href\": \"/pulp/api/v2/consumer_groups/simple_group/\"}}, {\"task_group_id\": null, \"exception\": null, \"traceback\": null, \"task_id\": \"3696d24b-d5b6-431e-b2e6-14cf9075c8a2\", \"call_request_tags\": [\"pulp:consumer_group_type:simple_group\", \"pulp:action:consumer_group_associate\"], \"reasons\": [], \"start_time\": \"2013-06-17T17:29:37Z\", \"tags\": [\"pulp:consumer_group_type:simple_group\", \"pulp:action:consumer_group_associate\"], \"state\": \"finished\", \"finish_time\": \"2013-06-17T17:29:37Z\", \"dependency_failures\": {}, \"schedule_id\": null, \"progress\": {}, \"call_request_group_id\": null, \"call_request_id\": \"3696d24b-d5b6-431e-b2e6-14cf9075c8a2\", \"principal_login\": \"admin\", \"response\": \"accepted\", \"result\": [\"010E99C0-3276-11E2-81C1-0800200C9A66\"]}, {\"task_group_id\": null, \"exception\": null, \"traceback\": null, \"task_id\": \"c1153de1-0804-4b7e-9657-edf8aed99b96\", \"call_request_tags\": [\"pulp:consumer_group_type:simple_group\", \"pulp:action:consumer_group_unassociate\"], \"reasons\": [], \"start_time\": \"2013-06-17T17:29:37Z\", \"tags\": [\"pulp:consumer_group_type:simple_group\", \"pulp:action:consumer_group_unassociate\"], \"state\": \"finished\", \"finish_time\": \"2013-06-17T17:29:37Z\", \"dependency_failures\": {}, \"schedule_id\": null, \"progress\": {}, \"call_request_group_id\": null, \"call_request_id\": \"c1153de1-0804-4b7e-9657-edf8aed99b96\", \"principal_login\": \"admin\", \"response\": \"accepted\", \"result\": [\"010E99C0-3276-11E2-81C1-0800200C9A66\"]}, {\"task_group_id\": null, \"exception\": null, \"traceback\": null, \"task_id\": \"718bbde0-07ef-42f9-9777-d9a4074c58fe\", \"call_request_tags\": [\"pulp:consumer:010E99C0-3276-11E2-81C1-0800200C9A66\", \"pulp:action:delete\"], \"reasons\": [], \"start_time\": \"2013-06-17T17:29:37Z\", \"tags\": [\"pulp:consumer:010E99C0-3276-11E2-81C1-0800200C9A66\", \"pulp:action:delete\"], \"state\": \"finished\", \"finish_time\": \"2013-06-17T17:29:37Z\", \"dependency_failures\": {}, \"schedule_id\": null, \"progress\": {}, \"call_request_group_id\": null, \"call_request_id\": \"718bbde0-07ef-42f9-9777-d9a4074c58fe\", \"principal_login\": \"admin\", \"response\": \"accepted\", \"result\": null}, {\"task_group_id\": null, \"exception\": null, \"traceback\": null, \"task_id\": \"af0d44df-572b-477f-ba40-67d87346256b\", \"call_request_tags\": [\"pulp:consumer_group_type:simple_group\"], \"reasons\": [], \"start_time\": \"2013-06-17T17:29:37Z\", \"tags\": [\"pulp:consumer_group_type:simple_group\"], \"state\": \"finished\", \"finish_time\": \"2013-06-17T17:29:37Z\", \"dependency_failures\": {}, \"schedule_id\": null, \"progress\": {}, \"call_request_group_id\": null, \"call_request_id\": \"af0d44df-572b-477f-ba40-67d87346256b\", \"principal_login\": \"admin\", \"response\": \"accepted\", \"result\": null}, {\"task_group_id\": null, \"exception\": null, \"traceback\": null, \"task_id\": \"074d2007-51f8-4e17-b5c1-167e62eb2829\", \"call_request_tags\": [\"pulp:consumer:010E99C0-3276-11E2-81C1-0800200C9A66\", \"pulp:action:create\"], \"reasons\": [], \"start_time\": \"2013-06-17T17:29:38Z\", \"tags\": [\"pulp:consumer:010E99C0-3276-11E2-81C1-0800200C9A66\", \"pulp:action:create\"], \"state\": \"finished\", \"finish_time\": \"2013-06-17T17:29:38Z\", \"dependency_failures\": {}, \"schedule_id\": null, \"progress\": {}, \"call_request_group_id\": null, \"call_request_id\": \"074d2007-51f8-4e17-b5c1-167e62eb2829\", \"principal_login\": \"admin\", \"response\": \"accepted\", \"result\": \"****\"}, {\"task_group_id\": null, \"exception\": null, \"traceback\": null, \"task_id\": \"be39f08f-1ad7-4a89-a3e6-97124dec23df\", \"call_request_tags\": [\"pulp:consumer_group_type:simple_group\"], \"reasons\": [], \"start_time\": \"2013-06-17T17:29:38Z\", \"tags\": [\"pulp:consumer_group_type:simple_group\"], \"state\": \"finished\", \"finish_time\": \"2013-06-17T17:29:38Z\", \"dependency_failures\": {}, \"schedule_id\": null, \"progress\": {}, \"call_request_group_id\": null, \"call_request_id\": \"be39f08f-1ad7-4a89-a3e6-97124dec23df\", \"principal_login\": \"admin\", \"response\": \"accepted\", \"result\": {\"scratchpad\": null, \"display_name\": null, \"description\": \"Super administrator with all access.\", \"_ns\": \"consumer_groups\", \"notes\": {}, \"consumer_ids\": [\"010E99C0-3276-11E2-81C1-0800200C9A66\"], \"_id\": {\"$oid\": \"51bf4782d60ea32d3740562a\"}, \"id\": \"simple_group\", \"_href\": \"/pulp/api/v2/consumer_groups/simple_group/\"}}, {\"task_group_id\": null, \"exception\": null, \"traceback\": null, \"task_id\": \"ecd72e5b-1267-48a8-93d1-5c920862b1a2\", \"call_request_tags\": [\"pulp:consumer:010E99C0-3276-11E2-81C1-0800200C9A66\", \"pulp:action:delete\"], \"reasons\": [], \"start_time\": \"2013-06-17T17:29:38Z\", \"tags\": [\"pulp:consumer:010E99C0-3276-11E2-81C1-0800200C9A66\", \"pulp:action:delete\"], \"state\": \"finished\", \"finish_time\": \"2013-06-17T17:29:38Z\", \"dependency_failures\": {}, \"schedule_id\": null, \"progress\": {}, \"call_request_group_id\": null, \"call_request_id\": \"ecd72e5b-1267-48a8-93d1-5c920862b1a2\", \"principal_login\": \"admin\", \"response\": \"accepted\", \"result\": null}, {\"task_group_id\": null, \"exception\": null, \"traceback\": null, \"task_id\": \"978576f8-fc54-453c-a1b2-5d345c6b4255\", \"call_request_tags\": [\"pulp:consumer_group_type:simple_group\"], \"reasons\": [], \"start_time\": \"2013-06-17T17:29:38Z\", \"tags\": [\"pulp:consumer_group_type:simple_group\"], \"state\": \"finished\", \"finish_time\": \"2013-06-17T17:29:38Z\", \"dependency_failures\": {}, \"schedule_id\": null, \"progress\": {}, \"call_request_group_id\": null, \"call_request_id\": \"978576f8-fc54-453c-a1b2-5d345c6b4255\", \"principal_login\": \"admin\", \"response\": \"accepted\", \"result\": null}, {\"task_group_id\": null, \"exception\": null, \"traceback\": null, \"task_id\": \"b290d23f-aaea-4930-a05a-28862257f619\", \"call_request_tags\": [\"pulp:user:hidden\", \"pulp:action:create\"], \"reasons\": [], \"start_time\": \"2013-06-17T17:29:39Z\", \"tags\": [\"pulp:user:hidden\", \"pulp:action:create\"], \"state\": \"finished\", \"finish_time\": \"2013-06-17T17:29:39Z\", \"dependency_failures\": {}, \"schedule_id\": null, \"progress\": {}, \"call_request_group_id\": null, \"call_request_id\": \"b290d23f-aaea-4930-a05a-28862257f619\", \"principal_login\": \"admin\", \"response\": \"accepted\", \"result\": {\"_id\": {\"$oid\": \"51bf4783d60ea32d37405645\"}, \"name\": \"hidden\", \"roles\": [], \"_ns\": \"users\", \"login\": \"hidden\", \"id\": \"51bf4783d60ea32d37405645\", \"_href\": \"/pulp/api/v2/users/hidden/\"}}, {\"task_group_id\": null, \"exception\": null, \"traceback\": null, \"task_id\": \"d021cedb-1647-4e91-b3c1-280f73a3ec84\", \"call_request_tags\": [\"pulp:role:super-users\", \"pulp:action:add_user_to_role\"], \"reasons\": [], \"start_time\": \"2013-06-17T17:29:39Z\", \"tags\": [\"pulp:role:super-users\", \"pulp:action:add_user_to_role\"], \"state\": \"finished\", \"finish_time\": \"2013-06-17T17:29:39Z\", \"dependency_failures\": {}, \"schedule_id\": null, \"progress\": {}, \"call_request_group_id\": null, \"call_request_id\": \"d021cedb-1647-4e91-b3c1-280f73a3ec84\", \"principal_login\": \"admin\", \"response\": \"accepted\", \"result\": null}, {\"task_group_id\": null, \"exception\": null, \"traceback\": null, \"task_id\": \"c5476c84-b2d4-4402-979b-ec8612dd8c09\", \"call_request_tags\": [\"pulp:repository:1\", \"pulp:action:create\"], \"reasons\": [], \"start_time\": \"2013-06-17T17:29:39Z\", \"tags\": [\"pulp:repository:1\", \"pulp:action:create\"], \"state\": \"finished\", \"finish_time\": \"2013-06-17T17:29:39Z\", \"dependency_failures\": {}, \"schedule_id\": null, \"progress\": {}, \"call_request_group_id\": null, \"call_request_id\": \"c5476c84-b2d4-4402-979b-ec8612dd8c09\", \"principal_login\": \"admin\", \"response\": \"accepted\", \"result\": {\"scratchpad\": {}, \"display_name\": \"Fedora 17 x86_64\", \"description\": null, \"_ns\": \"repos\", \"notes\": {}, \"content_unit_counts\": {}, \"_id\": {\"$oid\": \"51bf4783d60ea32d3740565b\"}, \"id\": \"1\", \"_href\": \"/pulp/api/v2/repositories/1/\"}}, {\"task_group_id\": \"85fcb4a7-2a88-4737-af42-5b16c95ff41f\", \"exception\": null, \"traceback\": null, \"task_id\": \"3978988a-6c7d-43a8-9257-843e4c7828eb\", \"call_request_tags\": [\"pulp:repository:1\", \"pulp:action:sync\"], \"reasons\": [], \"start_time\": \"2013-06-17T17:29:40Z\", \"tags\": [\"pulp:repository:1\", \"pulp:action:sync\"], \"state\": \"finished\", \"finish_time\": \"2013-06-17T17:29:41Z\", \"dependency_failures\": {}, \"schedule_id\": null, \"progress\": {\"yum_importer\": {\"content\": {\"num_success\": 11, \"size_total\": 17872, \"items_left\": 0, \"items_total\": 11, \"state\": \"FINISHED\", \"size_left\": 0, \"details\": {\"tree_file\": {\"num_success\": 3, \"size_total\": 0, \"items_left\": 0, \"items_total\": 3, \"size_left\": 0, \"num_error\": 0}, \"rpm\": {\"num_success\": 8, \"size_total\": 17872, \"items_left\": 0, \"items_total\": 8, \"size_left\": 0, \"num_error\": 0}, \"delta_rpm\": {\"num_success\": 0, \"size_total\": 0, \"items_left\": 0, \"items_total\": 0, \"size_left\": 0, \"num_error\": 0}, \"file\": {\"num_success\": 0, \"size_total\": 0, \"items_left\": 0, \"items_total\": 0, \"size_left\": 0, \"num_error\": 0}}, \"error_details\": [], \"num_error\": 0}, \"comps\": {\"state\": \"FINISHED\"}, \"errata\": {\"state\": \"FINISHED\", \"num_errata\": 2}, \"metadata\": {\"state\": \"FINISHED\"}}}, \"call_request_group_id\": \"85fcb4a7-2a88-4737-af42-5b16c95ff41f\", \"call_request_id\": \"3978988a-6c7d-43a8-9257-843e4c7828eb\", \"principal_login\": \"admin\", \"response\": \"accepted\", \"result\": {\"importer_id\": \"yum_importer\", \"exception\": null, \"repo_id\": \"1\", \"traceback\": null, \"started\": \"2013-06-17T13:29:40-04:00\", \"_ns\": \"repo_sync_results\", \"completed\": \"2013-06-17T13:29:41-04:00\", \"importer_type_id\": \"yum_importer\", \"error_message\": null, \"summary\": {\"comps\": {\"time_total_sec\": 0.025455951690673828, \"num_orphaned_groups\": 0, \"num_available_groups\": 2, \"num_new_groups\": 2, \"num_new_categories\": 1, \"num_orphaned_categories\": 0, \"num_available_categories\": 1}, \"packages\": {\"num_synced_new_rpms\": 8, \"num_resynced_distribution_files\": 0, \"num_not_synced_srpms\": 0, \"num_synced_new_distributions_files\": 3, \"num_rpms\": 8, \"num_not_synced_drpms\": 0, \"time_total_sec\": 1.5562820434570312, \"num_orphaned_distributions\": 0, \"num_orphaned_rpms\": 0, \"num_synced_new_srpms\": 0, \"num_synced_new_drpms\": 0, \"num_resynced_distributions\": 0, \"num_orphaned_srpms\": 0, \"num_resynced_rpms\": 0, \"num_synced_new_distributions\": 1, \"num_orphaned_drpms\": 0, \"num_resynced_srpms\": 0, \"num_resynced_drpms\": 0, \"removal_errors\": [], \"num_not_synced_rpms\": 0}, \"errata\": {\"errata_time_total_sec\": 0.029777050018310547, \"num_existing_errata\": 0, \"num_orphaned_errata\": 0, \"num_new_errata\": 0}}, \"added_count\": 0, \"result\": \"success\", \"updated_count\": 14, \"details\": {\"comps\": {}, \"packages\": {\"time_download_sec\": 0.5652279853820801, \"not_synced\": [], \"time_metadata_sec\": 0.7079792022705078, \"size_total\": 17872, \"sync_report\": {\"errors\": 0, \"size_total\": 17872, \"successes\": 11, \"downloads\": 0, \"items_left\": 0, \"items_total\": 11, \"error_details\": [], \"details\": {\"tree_file\": {\"num_success\": 3, \"total_count\": 3, \"items_left\": 0, \"size_left\": 0, \"total_size_bytes\": 0, \"num_error\": 0}, \"rpm\": {\"num_success\": 8, \"total_count\": 8, \"items_left\": 0, \"size_left\": 0, \"total_size_bytes\": 17872, \"num_error\": 0}}, \"size_left\": 0}}, \"errata\": {\"num_bugfix_errata\": 0, \"link_report\": {\"missing_rpms\": [], \"linked_units\": []}, \"num_security_errata\": 0, \"num_enhancement_errata\": 0}}, \"id\": \"51bf4785d60ea32d37405688\", \"removed_count\": 0}}, {\"task_group_id\": null, \"exception\": null, \"traceback\": null, \"task_id\": \"731fcc09-bb1d-4a93-8fdf-48e19990c8cd\", \"call_request_tags\": [\"pulp:consumer:010E99C0-3276-11E2-81C1-0800200C9A66\", \"pulp:action:create\"], \"reasons\": [], \"start_time\": \"2013-06-17T17:29:44Z\", \"tags\": [\"pulp:consumer:010E99C0-3276-11E2-81C1-0800200C9A66\", \"pulp:action:create\"], \"state\": \"finished\", \"finish_time\": \"2013-06-17T17:29:44Z\", \"dependency_failures\": {}, \"schedule_id\": null, \"progress\": {}, \"call_request_group_id\": null, \"call_request_id\": \"731fcc09-bb1d-4a93-8fdf-48e19990c8cd\", \"principal_login\": \"admin\", \"response\": \"accepted\", \"result\": \"****\"}, {\"task_group_id\": \"85fcb4a7-2a88-4737-af42-5b16c95ff41f\", \"exception\": null, \"traceback\": null, \"task_id\": \"f270cfef-0483-4f8f-9116-fef73f52bd1a\", \"call_request_tags\": [\"pulp:repository:1\", \"pulp:action:auto_publish\", \"pulp:action:publish\"], \"reasons\": [], \"start_time\": \"2013-06-17T17:29:42Z\", \"tags\": [\"pulp:repository:1\", \"pulp:action:auto_publish\", \"pulp:action:publish\"], \"state\": \"finished\", \"finish_time\": \"2013-06-17T17:29:44Z\", \"dependency_failures\": {}, \"schedule_id\": null, \"progress\": {\"1\": {\"publish_http\": {\"state\": \"SKIPPED\"}, \"publish_https\": {\"state\": \"FINISHED\"}, \"distribution\": {\"num_success\": 3, \"items_left\": 0, \"items_total\": 3, \"state\": \"FINISHED\", \"error_details\": [], \"num_error\": 0}, \"packages\": {\"num_success\": 8, \"items_left\": 0, \"items_total\": 8, \"state\": \"FINISHED\", \"error_details\": [], \"num_error\": 0}, \"packagegroups\": {\"state\": \"NOT_STARTED\"}, \"metadata\": {\"state\": \"FINISHED\"}}}, \"call_request_group_id\": \"85fcb4a7-2a88-4737-af42-5b16c95ff41f\", \"call_request_id\": \"f270cfef-0483-4f8f-9116-fef73f52bd1a\", \"principal_login\": \"admin\", \"response\": \"accepted\", \"result\": null}, {\"task_group_id\": \"20da793b-c1a3-4e41-8ff1-e074bea2127b\", \"exception\": null, \"traceback\": null, \"task_id\": \"6da5cee4-5714-4e44-9601-46effb5beddc\", \"call_request_tags\": [\"pulp:consumer:010E99C0-3276-11E2-81C1-0800200C9A66\", \"pulp:repository:1\", \"pulp:repository_distributor:1\", \"pulp:action:bind\"], \"reasons\": [], \"start_time\": \"2013-06-17T17:29:44Z\", \"tags\": [\"pulp:consumer:010E99C0-3276-11E2-81C1-0800200C9A66\", \"pulp:repository:1\", \"pulp:repository_distributor:1\", \"pulp:action:bind\"], \"state\": \"finished\", \"finish_time\": \"2013-06-17T17:29:44Z\", \"dependency_failures\": {}, \"schedule_id\": null, \"progress\": {}, \"call_request_group_id\": \"20da793b-c1a3-4e41-8ff1-e074bea2127b\", \"call_request_id\": \"6da5cee4-5714-4e44-9601-46effb5beddc\", \"principal_login\": \"admin\", \"response\": \"accepted\", \"result\": {\"notify_agent\": false, \"repo_id\": \"1\", \"deleted\": false, \"_ns\": \"consumer_bindings\", \"distributor_id\": \"1\", \"consumer_id\": \"010E99C0-3276-11E2-81C1-0800200C9A66\", \"consumer_actions\": [], \"binding_config\": null, \"_id\": {\"$oid\": \"51bf4788d60ea32d374056ad\"}, \"id\": \"51bf4788d60ea32d374056ad\"}}, {\"task_group_id\": null, \"exception\": null, \"traceback\": null, \"task_id\": \"bb3fcb08-a74f-4be1-a63f-ec1eefc71543\", \"call_request_tags\": [\"pulp:consumer:010E99C0-3276-11E2-81C1-0800200C9A66\", \"pulp:action:unit_install\"], \"reasons\": [], \"start_time\": \"2013-06-17T17:29:45Z\", \"tags\": [\"pulp:consumer:010E99C0-3276-11E2-81C1-0800200C9A66\", \"pulp:action:unit_install\"], \"state\": \"running\", \"finish_time\": null, \"dependency_failures\": {}, \"schedule_id\": null, \"progress\": {}, \"call_request_group_id\": null, \"call_request_id\": \"bb3fcb08-a74f-4be1-a63f-ec1eefc71543\", \"principal_login\": \"admin\", \"response\": \"accepted\", \"result\": null}, {\"task_group_id\": null, \"exception\": null, \"traceback\": null, \"task_id\": \"b1ee021d-566f-411a-82dd-f916cf0da47a\", \"call_request_tags\": [\"pulp:consumer:010E99C0-3276-11E2-81C1-0800200C9A66\", \"pulp:action:unit_uninstall\"], \"reasons\": [], \"start_time\": \"2013-06-17T17:29:45Z\", \"tags\": [\"pulp:consumer:010E99C0-3276-11E2-81C1-0800200C9A66\", \"pulp:action:unit_uninstall\"], \"state\": \"running\", \"finish_time\": null, \"dependency_failures\": {}, \"schedule_id\": null, \"progress\": {}, \"call_request_group_id\": null, \"call_request_id\": \"b1ee021d-566f-411a-82dd-f916cf0da47a\", \"principal_login\": \"admin\", \"response\": \"accepted\", \"result\": null}, {\"task_group_id\": null, \"exception\": null, \"traceback\": null, \"task_id\": \"efc9be35-cb2c-4c6d-8f7d-5de8a36bb2c4\", \"call_request_tags\": [\"pulp:consumer:010E99C0-3276-11E2-81C1-0800200C9A66\", \"pulp:action:unit_install\"], \"reasons\": [], \"start_time\": \"2013-06-17T17:29:46Z\", \"tags\": [\"pulp:consumer:010E99C0-3276-11E2-81C1-0800200C9A66\", \"pulp:action:unit_install\"], \"state\": \"running\", \"finish_time\": null, \"dependency_failures\": {}, \"schedule_id\": null, \"progress\": {}, \"call_request_group_id\": null, \"call_request_id\": \"efc9be35-cb2c-4c6d-8f7d-5de8a36bb2c4\", \"principal_login\": \"admin\", \"response\": \"accepted\", \"result\": null}, {\"task_group_id\": null, \"exception\": null, \"traceback\": null, \"task_id\": \"7e772487-69fe-46ee-b4e0-ce6b1a707e38\", \"call_request_tags\": [\"pulp:consumer:010E99C0-3276-11E2-81C1-0800200C9A66\", \"pulp:action:unit_uninstall\"], \"reasons\": [], \"start_time\": \"2013-06-17T17:29:46Z\", \"tags\": [\"pulp:consumer:010E99C0-3276-11E2-81C1-0800200C9A66\", \"pulp:action:unit_uninstall\"], \"state\": \"running\", \"finish_time\": null, \"dependency_failures\": {}, \"schedule_id\": null, \"progress\": {}, \"call_request_group_id\": null, \"call_request_id\": \"7e772487-69fe-46ee-b4e0-ce6b1a707e38\", \"principal_login\": \"admin\", \"response\": \"accepted\", \"result\": null}, {\"task_group_id\": null, \"exception\": null, \"traceback\": null, \"task_id\": \"00f94c8c-6437-45d6-b7ad-fe05fa152a53\", \"call_request_tags\": [\"pulp:consumer:010E99C0-3276-11E2-81C1-0800200C9A66\", \"pulp:action:unit_install\"], \"reasons\": [], \"start_time\": \"2013-06-17T17:29:46Z\", \"tags\": [\"pulp:consumer:010E99C0-3276-11E2-81C1-0800200C9A66\", \"pulp:action:unit_install\"], \"state\": \"running\", \"finish_time\": null, \"dependency_failures\": {}, \"schedule_id\": null, \"progress\": {}, \"call_request_group_id\": null, \"call_request_id\": \"00f94c8c-6437-45d6-b7ad-fe05fa152a53\", \"principal_login\": \"admin\", \"response\": \"accepted\", \"result\": null}, {\"task_group_id\": null, \"exception\": null, \"traceback\": null, \"task_id\": \"9b85130c-fa73-400b-80f8-82da1cdfbdd8\", \"call_request_tags\": [\"pulp:consumer:010E99C0-3276-11E2-81C1-0800200C9A66\", \"pulp:action:unit_install\"], \"reasons\": [], \"start_time\": \"2013-06-17T17:29:47Z\", \"tags\": [\"pulp:consumer:010E99C0-3276-11E2-81C1-0800200C9A66\", \"pulp:action:unit_install\"], \"state\": \"running\", \"finish_time\": null, \"dependency_failures\": {}, \"schedule_id\": null, \"progress\": {}, \"call_request_group_id\": null, \"call_request_id\": \"9b85130c-fa73-400b-80f8-82da1cdfbdd8\", \"principal_login\": \"admin\", \"response\": \"accepted\", \"result\": null}, {\"task_group_id\": null, \"exception\": null, \"traceback\": null, \"task_id\": \"07a7d230-7f95-4947-80e5-59c95b30c41d\", \"call_request_tags\": [\"pulp:consumer:010E99C0-3276-11E2-81C1-0800200C9A66\", \"pulp:action:unit_update\"], \"reasons\": [], \"start_time\": \"2013-06-17T17:29:47Z\", \"tags\": [\"pulp:consumer:010E99C0-3276-11E2-81C1-0800200C9A66\", \"pulp:action:unit_update\"], \"state\": \"running\", \"finish_time\": null, \"dependency_failures\": {}, \"schedule_id\": null, \"progress\": {}, \"call_request_group_id\": null, \"call_request_id\": \"07a7d230-7f95-4947-80e5-59c95b30c41d\", \"principal_login\": \"admin\", \"response\": \"accepted\", \"result\": null}, {\"task_group_id\": null, \"exception\": null, \"traceback\": null, \"task_id\": \"cb1afbf1-6821-4121-a139-59bb043052ff\", \"call_request_tags\": [\"pulp:consumer:010E99C0-3276-11E2-81C1-0800200C9A66\", \"pulp:action:unit_install\"], \"reasons\": [], \"start_time\": \"2013-06-17T17:29:47Z\", \"tags\": [\"pulp:consumer:010E99C0-3276-11E2-81C1-0800200C9A66\", \"pulp:action:unit_install\"], \"state\": \"running\", \"finish_time\": null, \"dependency_failures\": {}, \"schedule_id\": null, \"progress\": {}, \"call_request_group_id\": null, \"call_request_id\": \"cb1afbf1-6821-4121-a139-59bb043052ff\", \"principal_login\": \"admin\", \"response\": \"accepted\", \"result\": null}, {\"task_group_id\": null, \"exception\": null, \"traceback\": null, \"task_id\": \"2dd787ad-59e3-4dd4-93ca-28be79edebd1\", \"call_request_tags\": [\"pulp:consumer:010E99C0-3276-11E2-81C1-0800200C9A66\", \"pulp:action:unit_install\"], \"reasons\": [], \"start_time\": \"2013-06-17T17:29:48Z\", \"tags\": [\"pulp:consumer:010E99C0-3276-11E2-81C1-0800200C9A66\", \"pulp:action:unit_install\"], \"state\": \"running\", \"finish_time\": null, \"dependency_failures\": {}, \"schedule_id\": null, \"progress\": {}, \"call_request_group_id\": null, \"call_request_id\": \"2dd787ad-59e3-4dd4-93ca-28be79edebd1\", \"principal_login\": \"admin\", \"response\": \"accepted\", \"result\": null}]"
    http_version: 
  recorded_at: Mon, 17 Jun 2013 17:29:48 GMT
- request: 
    method: get
    uri: https://localhost/pulp/api/v2/tasks/028e3d6f-22f3-491d-ad04-37f596c02a22/
    body: 
      encoding: US-ASCII
      string: ""
    headers: 
      Accept: 
      - application/json
      Accept-Encoding: 
      - gzip, deflate
      Content-Type: 
      - application/json
      Authorization: 
      - OAuth oauth_consumer_key="katello", oauth_nonce="6HJus4Zy7H4Py03AkzMQ1XX1Tuvcs6eKYGY9QLZZ11Y", oauth_signature="ptP61NvGapEHQyv%2B8%2F3wn6Sad%2Bs%3D", oauth_signature_method="HMAC-SHA1", oauth_timestamp="1371490202", oauth_version="1.0"
      Pulp-User: 
      - admin
      User-Agent: 
      - Ruby
  response: 
    status: 
      code: 200
      message: OK
    headers: 
      Date: 
      - Mon, 17 Jun 2013 17:30:02 GMT
      Server: 
      - Apache/2.4.4 (Fedora) OpenSSL/1.0.1e-fips PHP/5.4.14 mod_wsgi/3.4 Python/2.7.3 mod_perl/2.0.8-dev Perl/v5.16.3
      Content-Length: 
      - "842"
      Content-Type: 
      - application/json
    body: 
      encoding: US-ASCII
      string: "{\"task_group_id\": \"c317dfb6-9b25-46c0-89e8-669ba4271610\", \"exception\": null, \"traceback\": null, \"_href\": \"/pulp/api/v2/tasks/028e3d6f-22f3-491d-ad04-37f596c02a22/\", \"task_id\": \"028e3d6f-22f3-491d-ad04-37f596c02a22\", \"call_request_tags\": [\"pulp:repository:1\", \"pulp:action:sync\"], \"reasons\": [], \"start_time\": \"2013-06-17T17:30:02Z\", \"tags\": [\"pulp:repository:1\", \"pulp:action:sync\"], \"state\": \"running\", \"finish_time\": null, \"dependency_failures\": {}, \"schedule_id\": null, \"progress\": {\"yum_importer\": {\"content\": {\"state\": \"NOT_STARTED\"}, \"comps\": {\"state\": \"NOT_STARTED\"}, \"errata\": {\"state\": \"NOT_STARTED\"}, \"metadata\": {\"state\": \"IN_PROGRESS\"}}}, \"call_request_group_id\": \"c317dfb6-9b25-46c0-89e8-669ba4271610\", \"call_request_id\": \"028e3d6f-22f3-491d-ad04-37f596c02a22\", \"principal_login\": \"admin\", \"response\": \"accepted\", \"result\": null}"
    http_version: 
  recorded_at: Mon, 17 Jun 2013 17:30:02 GMT
- request: 
    method: get
    uri: https://localhost/pulp/api/v2/tasks/028e3d6f-22f3-491d-ad04-37f596c02a22/
    body: 
      encoding: US-ASCII
      string: ""
    headers: 
      Accept: 
      - application/json
      Accept-Encoding: 
      - gzip, deflate
      Content-Type: 
      - application/json
      Authorization: 
      - OAuth oauth_consumer_key="katello", oauth_nonce="EkM2IwfSTVgmRcsTSrMtoSTwnZqN19Pk3Iz3Z1F44", oauth_signature="1Mx9Md4RaldrKO5UdyylY4HpSS4%3D", oauth_signature_method="HMAC-SHA1", oauth_timestamp="1371490203", oauth_version="1.0"
      Pulp-User: 
      - admin
      User-Agent: 
      - Ruby
  response: 
    status: 
      code: 200
      message: OK
    headers: 
      Date: 
      - Mon, 17 Jun 2013 17:30:03 GMT
      Server: 
      - Apache/2.4.4 (Fedora) OpenSSL/1.0.1e-fips PHP/5.4.14 mod_wsgi/3.4 Python/2.7.3 mod_perl/2.0.8-dev Perl/v5.16.3
      Content-Length: 
      - "1450"
      Content-Type: 
      - application/json
    body: 
      encoding: US-ASCII
      string: "{\"task_group_id\": \"c317dfb6-9b25-46c0-89e8-669ba4271610\", \"exception\": null, \"traceback\": null, \"_href\": \"/pulp/api/v2/tasks/028e3d6f-22f3-491d-ad04-37f596c02a22/\", \"task_id\": \"028e3d6f-22f3-491d-ad04-37f596c02a22\", \"call_request_tags\": [\"pulp:repository:1\", \"pulp:action:sync\"], \"reasons\": [], \"start_time\": \"2013-06-17T17:30:02Z\", \"tags\": [\"pulp:repository:1\", \"pulp:action:sync\"], \"state\": \"running\", \"finish_time\": null, \"dependency_failures\": {}, \"schedule_id\": null, \"progress\": {\"yum_importer\": {\"content\": {\"num_success\": 0, \"size_total\": 17872, \"items_left\": 11, \"items_total\": 11, \"state\": \"IN_PROGRESS\", \"size_left\": 17872, \"details\": {\"tree_file\": {\"num_success\": 0, \"size_total\": 0, \"items_left\": 3, \"items_total\": 3, \"size_left\": 0, \"num_error\": 0}, \"rpm\": {\"num_success\": 0, \"size_total\": 17872, \"items_left\": 8, \"items_total\": 8, \"size_left\": 17872, \"num_error\": 0}, \"delta_rpm\": {\"num_success\": 0, \"size_total\": 0, \"items_left\": 0, \"items_total\": 0, \"size_left\": 0, \"num_error\": 0}, \"file\": {\"num_success\": 0, \"size_total\": 0, \"items_left\": 0, \"items_total\": 0, \"size_left\": 0, \"num_error\": 0}}, \"error_details\": [], \"num_error\": 0}, \"comps\": {\"state\": \"NOT_STARTED\"}, \"errata\": {\"state\": \"NOT_STARTED\"}, \"metadata\": {\"state\": \"FINISHED\"}}}, \"call_request_group_id\": \"c317dfb6-9b25-46c0-89e8-669ba4271610\", \"call_request_id\": \"028e3d6f-22f3-491d-ad04-37f596c02a22\", \"principal_login\": \"admin\", \"response\": \"accepted\", \"result\": null}"
    http_version: 
  recorded_at: Mon, 17 Jun 2013 17:30:03 GMT
- request: 
    method: get
    uri: https://localhost/pulp/api/v2/tasks/028e3d6f-22f3-491d-ad04-37f596c02a22/
    body: 
      encoding: US-ASCII
      string: ""
    headers: 
      Accept: 
      - application/json
      Accept-Encoding: 
      - gzip, deflate
      Content-Type: 
      - application/json
      Authorization: 
      - OAuth oauth_consumer_key="katello", oauth_nonce="ZThAfVt3YOVBC9YA5BwQWSILoU4qNWVoqo45SFYrSGQ", oauth_signature="14ZqEb7l%2FvHac9CQMFUvpofbCFI%3D", oauth_signature_method="HMAC-SHA1", oauth_timestamp="1371490204", oauth_version="1.0"
      Pulp-User: 
      - admin
      User-Agent: 
      - Ruby
  response: 
    status: 
      code: 200
      message: OK
    headers: 
      Date: 
      - Mon, 17 Jun 2013 17:30:04 GMT
      Server: 
      - Apache/2.4.4 (Fedora) OpenSSL/1.0.1e-fips PHP/5.4.14 mod_wsgi/3.4 Python/2.7.3 mod_perl/2.0.8-dev Perl/v5.16.3
      Content-Length: 
      - "1439"
      Content-Type: 
      - application/json
    body: 
      encoding: US-ASCII
      string: "{\"task_group_id\": \"c317dfb6-9b25-46c0-89e8-669ba4271610\", \"exception\": null, \"traceback\": null, \"_href\": \"/pulp/api/v2/tasks/028e3d6f-22f3-491d-ad04-37f596c02a22/\", \"task_id\": \"028e3d6f-22f3-491d-ad04-37f596c02a22\", \"call_request_tags\": [\"pulp:repository:1\", \"pulp:action:sync\"], \"reasons\": [], \"start_time\": \"2013-06-17T17:30:02Z\", \"tags\": [\"pulp:repository:1\", \"pulp:action:sync\"], \"state\": \"running\", \"finish_time\": null, \"dependency_failures\": {}, \"schedule_id\": null, \"progress\": {\"yum_importer\": {\"content\": {\"num_success\": 11, \"size_total\": 17872, \"items_left\": 0, \"items_total\": 11, \"state\": \"FINISHED\", \"size_left\": 0, \"details\": {\"tree_file\": {\"num_success\": 3, \"size_total\": 0, \"items_left\": 0, \"items_total\": 3, \"size_left\": 0, \"num_error\": 0}, \"rpm\": {\"num_success\": 8, \"size_total\": 17872, \"items_left\": 0, \"items_total\": 8, \"size_left\": 0, \"num_error\": 0}, \"delta_rpm\": {\"num_success\": 0, \"size_total\": 0, \"items_left\": 0, \"items_total\": 0, \"size_left\": 0, \"num_error\": 0}, \"file\": {\"num_success\": 0, \"size_total\": 0, \"items_left\": 0, \"items_total\": 0, \"size_left\": 0, \"num_error\": 0}}, \"error_details\": [], \"num_error\": 0}, \"comps\": {\"state\": \"NOT_STARTED\"}, \"errata\": {\"state\": \"NOT_STARTED\"}, \"metadata\": {\"state\": \"FINISHED\"}}}, \"call_request_group_id\": \"c317dfb6-9b25-46c0-89e8-669ba4271610\", \"call_request_id\": \"028e3d6f-22f3-491d-ad04-37f596c02a22\", \"principal_login\": \"admin\", \"response\": \"accepted\", \"result\": null}"
    http_version: 
  recorded_at: Mon, 17 Jun 2013 17:30:04 GMT
- request: 
    method: get
    uri: https://localhost/pulp/api/v2/tasks/028e3d6f-22f3-491d-ad04-37f596c02a22/
    body: 
      encoding: US-ASCII
      string: ""
    headers: 
      Accept: 
      - application/json
      Accept-Encoding: 
      - gzip, deflate
      Content-Type: 
      - application/json
      Authorization: 
      - OAuth oauth_consumer_key="katello", oauth_nonce="uwbU4MsKMrvU59gt0kJB1buiBKBU3CMsPqDTh4Jk", oauth_signature="MWd1VgfSDebwsFr5%2FHf4E9kpYnY%3D", oauth_signature_method="HMAC-SHA1", oauth_timestamp="1371490204", oauth_version="1.0"
      Pulp-User: 
      - admin
      User-Agent: 
      - Ruby
  response: 
    status: 
      code: 200
      message: OK
    headers: 
      Date: 
      - Mon, 17 Jun 2013 17:30:04 GMT
      Server: 
      - Apache/2.4.4 (Fedora) OpenSSL/1.0.1e-fips PHP/5.4.14 mod_wsgi/3.4 Python/2.7.3 mod_perl/2.0.8-dev Perl/v5.16.3
      Content-Length: 
      - "3488"
      Content-Type: 
      - application/json
    body: 
      encoding: US-ASCII
      string: "{\"task_group_id\": \"c317dfb6-9b25-46c0-89e8-669ba4271610\", \"exception\": null, \"traceback\": null, \"_href\": \"/pulp/api/v2/tasks/028e3d6f-22f3-491d-ad04-37f596c02a22/\", \"task_id\": \"028e3d6f-22f3-491d-ad04-37f596c02a22\", \"call_request_tags\": [\"pulp:repository:1\", \"pulp:action:sync\"], \"reasons\": [], \"start_time\": \"2013-06-17T17:30:02Z\", \"tags\": [\"pulp:repository:1\", \"pulp:action:sync\"], \"state\": \"finished\", \"finish_time\": \"2013-06-17T17:30:04Z\", \"dependency_failures\": {}, \"schedule_id\": null, \"progress\": {\"yum_importer\": {\"content\": {\"num_success\": 11, \"size_total\": 17872, \"items_left\": 0, \"items_total\": 11, \"state\": \"FINISHED\", \"size_left\": 0, \"details\": {\"tree_file\": {\"num_success\": 3, \"size_total\": 0, \"items_left\": 0, \"items_total\": 3, \"size_left\": 0, \"num_error\": 0}, \"rpm\": {\"num_success\": 8, \"size_total\": 17872, \"items_left\": 0, \"items_total\": 8, \"size_left\": 0, \"num_error\": 0}, \"delta_rpm\": {\"num_success\": 0, \"size_total\": 0, \"items_left\": 0, \"items_total\": 0, \"size_left\": 0, \"num_error\": 0}, \"file\": {\"num_success\": 0, \"size_total\": 0, \"items_left\": 0, \"items_total\": 0, \"size_left\": 0, \"num_error\": 0}}, \"error_details\": [], \"num_error\": 0}, \"comps\": {\"state\": \"FINISHED\"}, \"errata\": {\"state\": \"FINISHED\", \"num_errata\": 2}, \"metadata\": {\"state\": \"FINISHED\"}}}, \"call_request_group_id\": \"c317dfb6-9b25-46c0-89e8-669ba4271610\", \"call_request_id\": \"028e3d6f-22f3-491d-ad04-37f596c02a22\", \"principal_login\": \"admin\", \"response\": \"accepted\", \"result\": {\"importer_id\": \"yum_importer\", \"exception\": null, \"repo_id\": \"1\", \"traceback\": null, \"started\": \"2013-06-17T13:30:02-04:00\", \"_ns\": \"repo_sync_results\", \"completed\": \"2013-06-17T13:30:04-04:00\", \"importer_type_id\": \"yum_importer\", \"error_message\": null, \"summary\": {\"comps\": {\"time_total_sec\": 0.025120973587036133, \"num_orphaned_groups\": 0, \"num_available_groups\": 2, \"num_new_groups\": 2, \"num_new_categories\": 1, \"num_orphaned_categories\": 0, \"num_available_categories\": 1}, \"packages\": {\"num_synced_new_rpms\": 8, \"num_resynced_distribution_files\": 0, \"num_not_synced_srpms\": 0, \"num_synced_new_distributions_files\": 3, \"num_rpms\": 8, \"num_not_synced_drpms\": 0, \"time_total_sec\": 1.2136738300323486, \"num_orphaned_distributions\": 0, \"num_orphaned_rpms\": 0, \"num_synced_new_srpms\": 0, \"num_synced_new_drpms\": 0, \"num_resynced_distributions\": 0, \"num_orphaned_srpms\": 0, \"num_resynced_rpms\": 0, \"num_synced_new_distributions\": 1, \"num_orphaned_drpms\": 0, \"num_resynced_srpms\": 0, \"num_resynced_drpms\": 0, \"removal_errors\": [], \"num_not_synced_rpms\": 0}, \"errata\": {\"errata_time_total_sec\": 0.03393983840942383, \"num_existing_errata\": 0, \"num_orphaned_errata\": 0, \"num_new_errata\": 0}}, \"added_count\": 0, \"result\": \"success\", \"updated_count\": 14, \"details\": {\"comps\": {}, \"packages\": {\"time_download_sec\": 0.5506560802459717, \"not_synced\": [], \"time_metadata_sec\": 0.3907768726348877, \"size_total\": 17872, \"sync_report\": {\"errors\": 0, \"size_total\": 17872, \"successes\": 11, \"downloads\": 0, \"items_left\": 0, \"items_total\": 11, \"error_details\": [], \"details\": {\"tree_file\": {\"num_success\": 3, \"total_count\": 3, \"items_left\": 0, \"size_left\": 0, \"total_size_bytes\": 0, \"num_error\": 0}, \"rpm\": {\"num_success\": 8, \"total_count\": 8, \"items_left\": 0, \"size_left\": 0, \"total_size_bytes\": 17872, \"num_error\": 0}}, \"size_left\": 0}}, \"errata\": {\"num_bugfix_errata\": 0, \"link_report\": {\"missing_rpms\": [], \"linked_units\": []}, \"num_security_errata\": 0, \"num_enhancement_errata\": 0}}, \"id\": \"51bf479cd60ea32d374057e7\", \"removed_count\": 0}}"
    http_version: 
  recorded_at: Mon, 17 Jun 2013 17:30:05 GMT
- request: 
    method: get
    uri: https://localhost/pulp/api/v2/tasks/fd1ec781-0e40-4542-b98c-51ad91fa285a/
    body: 
      encoding: US-ASCII
      string: ""
    headers: 
      Accept: 
      - application/json
      Accept-Encoding: 
      - gzip, deflate
      Content-Type: 
      - application/json
      Authorization: 
      - OAuth oauth_consumer_key="katello", oauth_nonce="ZLdxrXUrPVDvVGJw8btnu0EOV2pNtGlYrNzX7EvgMA", oauth_signature="4jqaORVVZa4PNi%2BCJH%2FIgeXsqTg%3D", oauth_signature_method="HMAC-SHA1", oauth_timestamp="1371490207", oauth_version="1.0"
      Pulp-User: 
      - admin
      User-Agent: 
      - Ruby
  response: 
    status: 
      code: 200
      message: OK
    headers: 
      Date: 
      - Mon, 17 Jun 2013 17:30:08 GMT
      Server: 
      - Apache/2.4.4 (Fedora) OpenSSL/1.0.1e-fips PHP/5.4.14 mod_wsgi/3.4 Python/2.7.3 mod_perl/2.0.8-dev Perl/v5.16.3
      Content-Length: 
      - "842"
      Content-Type: 
      - application/json
    body: 
      encoding: US-ASCII
      string: "{\"task_group_id\": \"cede7fc9-53d9-43a9-9df5-7b0791447066\", \"exception\": null, \"traceback\": null, \"_href\": \"/pulp/api/v2/tasks/fd1ec781-0e40-4542-b98c-51ad91fa285a/\", \"task_id\": \"fd1ec781-0e40-4542-b98c-51ad91fa285a\", \"call_request_tags\": [\"pulp:repository:1\", \"pulp:action:sync\"], \"reasons\": [], \"start_time\": \"2013-06-17T17:30:07Z\", \"tags\": [\"pulp:repository:1\", \"pulp:action:sync\"], \"state\": \"running\", \"finish_time\": null, \"dependency_failures\": {}, \"schedule_id\": null, \"progress\": {\"yum_importer\": {\"content\": {\"state\": \"NOT_STARTED\"}, \"comps\": {\"state\": \"NOT_STARTED\"}, \"errata\": {\"state\": \"NOT_STARTED\"}, \"metadata\": {\"state\": \"IN_PROGRESS\"}}}, \"call_request_group_id\": \"cede7fc9-53d9-43a9-9df5-7b0791447066\", \"call_request_id\": \"fd1ec781-0e40-4542-b98c-51ad91fa285a\", \"principal_login\": \"admin\", \"response\": \"accepted\", \"result\": null}"
    http_version: 
  recorded_at: Mon, 17 Jun 2013 17:30:08 GMT
- request: 
    method: get
    uri: https://localhost/pulp/api/v2/tasks/fd1ec781-0e40-4542-b98c-51ad91fa285a/
    body: 
      encoding: US-ASCII
      string: ""
    headers: 
      Accept: 
      - application/json
      Accept-Encoding: 
      - gzip, deflate
      Content-Type: 
      - application/json
      Authorization: 
      - OAuth oauth_consumer_key="katello", oauth_nonce="hzmqr5TYE5pZrzDhVLNQMMa4gIFIAQyezEivirjtiwU", oauth_signature="F89h%2FjNAq6YFceTzlnJgrlhtKFo%3D", oauth_signature_method="HMAC-SHA1", oauth_timestamp="1371490208", oauth_version="1.0"
      Pulp-User: 
      - admin
      User-Agent: 
      - Ruby
  response: 
    status: 
      code: 200
      message: OK
    headers: 
      Date: 
      - Mon, 17 Jun 2013 17:30:08 GMT
      Server: 
      - Apache/2.4.4 (Fedora) OpenSSL/1.0.1e-fips PHP/5.4.14 mod_wsgi/3.4 Python/2.7.3 mod_perl/2.0.8-dev Perl/v5.16.3
      Content-Length: 
      - "1449"
      Content-Type: 
      - application/json
    body: 
      encoding: US-ASCII
      string: "{\"task_group_id\": \"cede7fc9-53d9-43a9-9df5-7b0791447066\", \"exception\": null, \"traceback\": null, \"_href\": \"/pulp/api/v2/tasks/fd1ec781-0e40-4542-b98c-51ad91fa285a/\", \"task_id\": \"fd1ec781-0e40-4542-b98c-51ad91fa285a\", \"call_request_tags\": [\"pulp:repository:1\", \"pulp:action:sync\"], \"reasons\": [], \"start_time\": \"2013-06-17T17:30:07Z\", \"tags\": [\"pulp:repository:1\", \"pulp:action:sync\"], \"state\": \"running\", \"finish_time\": null, \"dependency_failures\": {}, \"schedule_id\": null, \"progress\": {\"yum_importer\": {\"content\": {\"num_success\": 3, \"size_total\": 17872, \"items_left\": 8, \"items_total\": 11, \"state\": \"IN_PROGRESS\", \"size_left\": 11196, \"details\": {\"tree_file\": {\"num_success\": 0, \"size_total\": 0, \"items_left\": 3, \"items_total\": 3, \"size_left\": 0, \"num_error\": 0}, \"rpm\": {\"num_success\": 3, \"size_total\": 17872, \"items_left\": 5, \"items_total\": 8, \"size_left\": 11196, \"num_error\": 0}, \"delta_rpm\": {\"num_success\": 0, \"size_total\": 0, \"items_left\": 0, \"items_total\": 0, \"size_left\": 0, \"num_error\": 0}, \"file\": {\"num_success\": 0, \"size_total\": 0, \"items_left\": 0, \"items_total\": 0, \"size_left\": 0, \"num_error\": 0}}, \"error_details\": [], \"num_error\": 0}, \"comps\": {\"state\": \"NOT_STARTED\"}, \"errata\": {\"state\": \"NOT_STARTED\"}, \"metadata\": {\"state\": \"FINISHED\"}}}, \"call_request_group_id\": \"cede7fc9-53d9-43a9-9df5-7b0791447066\", \"call_request_id\": \"fd1ec781-0e40-4542-b98c-51ad91fa285a\", \"principal_login\": \"admin\", \"response\": \"accepted\", \"result\": null}"
    http_version: 
  recorded_at: Mon, 17 Jun 2013 17:30:08 GMT
- request: 
    method: get
    uri: https://localhost/pulp/api/v2/tasks/fd1ec781-0e40-4542-b98c-51ad91fa285a/
    body: 
      encoding: US-ASCII
      string: ""
    headers: 
      Accept: 
      - application/json
      Accept-Encoding: 
      - gzip, deflate
      Content-Type: 
      - application/json
      Authorization: 
      - OAuth oauth_consumer_key="katello", oauth_nonce="y1pRgXSIkoFRLi1HYCMlOv0ffMctReleO2wHcZbzA", oauth_signature="p7MAFXAxMvClUrjvSXHc9ihxkLs%3D", oauth_signature_method="HMAC-SHA1", oauth_timestamp="1371490209", oauth_version="1.0"
      Pulp-User: 
      - admin
      User-Agent: 
      - Ruby
  response: 
    status: 
      code: 200
      message: OK
    headers: 
      Date: 
      - Mon, 17 Jun 2013 17:30:09 GMT
      Server: 
      - Apache/2.4.4 (Fedora) OpenSSL/1.0.1e-fips PHP/5.4.14 mod_wsgi/3.4 Python/2.7.3 mod_perl/2.0.8-dev Perl/v5.16.3
      Content-Length: 
      - "3489"
      Content-Type: 
      - application/json
    body: 
      encoding: US-ASCII
      string: "{\"task_group_id\": \"cede7fc9-53d9-43a9-9df5-7b0791447066\", \"exception\": null, \"traceback\": null, \"_href\": \"/pulp/api/v2/tasks/fd1ec781-0e40-4542-b98c-51ad91fa285a/\", \"task_id\": \"fd1ec781-0e40-4542-b98c-51ad91fa285a\", \"call_request_tags\": [\"pulp:repository:1\", \"pulp:action:sync\"], \"reasons\": [], \"start_time\": \"2013-06-17T17:30:07Z\", \"tags\": [\"pulp:repository:1\", \"pulp:action:sync\"], \"state\": \"finished\", \"finish_time\": \"2013-06-17T17:30:09Z\", \"dependency_failures\": {}, \"schedule_id\": null, \"progress\": {\"yum_importer\": {\"content\": {\"num_success\": 11, \"size_total\": 17872, \"items_left\": 0, \"items_total\": 11, \"state\": \"FINISHED\", \"size_left\": 0, \"details\": {\"tree_file\": {\"num_success\": 3, \"size_total\": 0, \"items_left\": 0, \"items_total\": 3, \"size_left\": 0, \"num_error\": 0}, \"rpm\": {\"num_success\": 8, \"size_total\": 17872, \"items_left\": 0, \"items_total\": 8, \"size_left\": 0, \"num_error\": 0}, \"delta_rpm\": {\"num_success\": 0, \"size_total\": 0, \"items_left\": 0, \"items_total\": 0, \"size_left\": 0, \"num_error\": 0}, \"file\": {\"num_success\": 0, \"size_total\": 0, \"items_left\": 0, \"items_total\": 0, \"size_left\": 0, \"num_error\": 0}}, \"error_details\": [], \"num_error\": 0}, \"comps\": {\"state\": \"FINISHED\"}, \"errata\": {\"state\": \"FINISHED\", \"num_errata\": 2}, \"metadata\": {\"state\": \"FINISHED\"}}}, \"call_request_group_id\": \"cede7fc9-53d9-43a9-9df5-7b0791447066\", \"call_request_id\": \"fd1ec781-0e40-4542-b98c-51ad91fa285a\", \"principal_login\": \"admin\", \"response\": \"accepted\", \"result\": {\"importer_id\": \"yum_importer\", \"exception\": null, \"repo_id\": \"1\", \"traceback\": null, \"started\": \"2013-06-17T13:30:07-04:00\", \"_ns\": \"repo_sync_results\", \"completed\": \"2013-06-17T13:30:09-04:00\", \"importer_type_id\": \"yum_importer\", \"error_message\": null, \"summary\": {\"comps\": {\"time_total_sec\": 0.024801969528198242, \"num_orphaned_groups\": 0, \"num_available_groups\": 2, \"num_new_groups\": 2, \"num_new_categories\": 1, \"num_orphaned_categories\": 0, \"num_available_categories\": 1}, \"packages\": {\"num_synced_new_rpms\": 8, \"num_resynced_distribution_files\": 0, \"num_not_synced_srpms\": 0, \"num_synced_new_distributions_files\": 3, \"num_rpms\": 8, \"num_not_synced_drpms\": 0, \"time_total_sec\": 1.2968368530273438, \"num_orphaned_distributions\": 0, \"num_orphaned_rpms\": 0, \"num_synced_new_srpms\": 0, \"num_synced_new_drpms\": 0, \"num_resynced_distributions\": 0, \"num_orphaned_srpms\": 0, \"num_resynced_rpms\": 0, \"num_synced_new_distributions\": 1, \"num_orphaned_drpms\": 0, \"num_resynced_srpms\": 0, \"num_resynced_drpms\": 0, \"removal_errors\": [], \"num_not_synced_rpms\": 0}, \"errata\": {\"errata_time_total_sec\": 0.030179977416992188, \"num_existing_errata\": 0, \"num_orphaned_errata\": 0, \"num_new_errata\": 0}}, \"added_count\": 0, \"result\": \"success\", \"updated_count\": 14, \"details\": {\"comps\": {}, \"packages\": {\"time_download_sec\": 0.5325360298156738, \"not_synced\": [], \"time_metadata_sec\": 0.4931180477142334, \"size_total\": 17872, \"sync_report\": {\"errors\": 0, \"size_total\": 17872, \"successes\": 11, \"downloads\": 0, \"items_left\": 0, \"items_total\": 11, \"error_details\": [], \"details\": {\"tree_file\": {\"num_success\": 3, \"total_count\": 3, \"items_left\": 0, \"size_left\": 0, \"total_size_bytes\": 0, \"num_error\": 0}, \"rpm\": {\"num_success\": 8, \"total_count\": 8, \"items_left\": 0, \"size_left\": 0, \"total_size_bytes\": 17872, \"num_error\": 0}}, \"size_left\": 0}}, \"errata\": {\"num_bugfix_errata\": 0, \"link_report\": {\"missing_rpms\": [], \"linked_units\": []}, \"num_security_errata\": 0, \"num_enhancement_errata\": 0}}, \"id\": \"51bf47a1d60ea32d37405837\", \"removed_count\": 0}}"
    http_version: 
  recorded_at: Mon, 17 Jun 2013 17:30:09 GMT
- request: 
    method: get
    uri: https://localhost/pulp/api/v2/tasks/05d5bbb7-8726-413a-bbdb-2b5be761579f/
    body: 
      encoding: US-ASCII
      string: ""
    headers: 
      Accept: 
      - application/json
      Accept-Encoding: 
      - gzip, deflate
      Content-Type: 
      - application/json
      Authorization: 
      - OAuth oauth_consumer_key="katello", oauth_nonce="paT7FisKekj6xxFTBok6jEOW4lsO4oove6XVh9G6Qo", oauth_signature="u9i%2BQyYCvm%2BsGzsNMTv83AVy70g%3D", oauth_signature_method="HMAC-SHA1", oauth_timestamp="1371490212", oauth_version="1.0"
      Pulp-User: 
      - admin
      User-Agent: 
      - Ruby
  response: 
    status: 
      code: 200
      message: OK
    headers: 
      Date: 
      - Mon, 17 Jun 2013 17:30:12 GMT
      Server: 
      - Apache/2.4.4 (Fedora) OpenSSL/1.0.1e-fips PHP/5.4.14 mod_wsgi/3.4 Python/2.7.3 mod_perl/2.0.8-dev Perl/v5.16.3
      Content-Length: 
      - "842"
      Content-Type: 
      - application/json
    body: 
      encoding: US-ASCII
      string: "{\"task_group_id\": \"6e09e90c-5fe9-494f-afd9-fde8305e227c\", \"exception\": null, \"traceback\": null, \"_href\": \"/pulp/api/v2/tasks/05d5bbb7-8726-413a-bbdb-2b5be761579f/\", \"task_id\": \"05d5bbb7-8726-413a-bbdb-2b5be761579f\", \"call_request_tags\": [\"pulp:repository:1\", \"pulp:action:sync\"], \"reasons\": [], \"start_time\": \"2013-06-17T17:30:12Z\", \"tags\": [\"pulp:repository:1\", \"pulp:action:sync\"], \"state\": \"running\", \"finish_time\": null, \"dependency_failures\": {}, \"schedule_id\": null, \"progress\": {\"yum_importer\": {\"content\": {\"state\": \"NOT_STARTED\"}, \"comps\": {\"state\": \"NOT_STARTED\"}, \"errata\": {\"state\": \"NOT_STARTED\"}, \"metadata\": {\"state\": \"IN_PROGRESS\"}}}, \"call_request_group_id\": \"6e09e90c-5fe9-494f-afd9-fde8305e227c\", \"call_request_id\": \"05d5bbb7-8726-413a-bbdb-2b5be761579f\", \"principal_login\": \"admin\", \"response\": \"accepted\", \"result\": null}"
    http_version: 
  recorded_at: Mon, 17 Jun 2013 17:30:13 GMT
- request: 
    method: get
    uri: https://localhost/pulp/api/v2/tasks/05d5bbb7-8726-413a-bbdb-2b5be761579f/
    body: 
      encoding: US-ASCII
      string: ""
    headers: 
      Accept: 
      - application/json
      Accept-Encoding: 
      - gzip, deflate
      Content-Type: 
      - application/json
      Authorization: 
      - OAuth oauth_consumer_key="katello", oauth_nonce="ZrS5yK6X1Pc2Ym07tlbLbcOyPOnw0S67FiddwP0Xo64", oauth_signature="eEgv9R4hRWNs9UbxCPzuSywGLSQ%3D", oauth_signature_method="HMAC-SHA1", oauth_timestamp="1371490213", oauth_version="1.0"
      Pulp-User: 
      - admin
      User-Agent: 
      - Ruby
  response: 
    status: 
      code: 200
      message: OK
    headers: 
      Date: 
      - Mon, 17 Jun 2013 17:30:13 GMT
      Server: 
      - Apache/2.4.4 (Fedora) OpenSSL/1.0.1e-fips PHP/5.4.14 mod_wsgi/3.4 Python/2.7.3 mod_perl/2.0.8-dev Perl/v5.16.3
      Content-Length: 
      - "1450"
      Content-Type: 
      - application/json
    body: 
      encoding: US-ASCII
      string: "{\"task_group_id\": \"6e09e90c-5fe9-494f-afd9-fde8305e227c\", \"exception\": null, \"traceback\": null, \"_href\": \"/pulp/api/v2/tasks/05d5bbb7-8726-413a-bbdb-2b5be761579f/\", \"task_id\": \"05d5bbb7-8726-413a-bbdb-2b5be761579f\", \"call_request_tags\": [\"pulp:repository:1\", \"pulp:action:sync\"], \"reasons\": [], \"start_time\": \"2013-06-17T17:30:12Z\", \"tags\": [\"pulp:repository:1\", \"pulp:action:sync\"], \"state\": \"running\", \"finish_time\": null, \"dependency_failures\": {}, \"schedule_id\": null, \"progress\": {\"yum_importer\": {\"content\": {\"num_success\": 0, \"size_total\": 17872, \"items_left\": 11, \"items_total\": 11, \"state\": \"IN_PROGRESS\", \"size_left\": 17872, \"details\": {\"tree_file\": {\"num_success\": 0, \"size_total\": 0, \"items_left\": 3, \"items_total\": 3, \"size_left\": 0, \"num_error\": 0}, \"rpm\": {\"num_success\": 0, \"size_total\": 17872, \"items_left\": 8, \"items_total\": 8, \"size_left\": 17872, \"num_error\": 0}, \"delta_rpm\": {\"num_success\": 0, \"size_total\": 0, \"items_left\": 0, \"items_total\": 0, \"size_left\": 0, \"num_error\": 0}, \"file\": {\"num_success\": 0, \"size_total\": 0, \"items_left\": 0, \"items_total\": 0, \"size_left\": 0, \"num_error\": 0}}, \"error_details\": [], \"num_error\": 0}, \"comps\": {\"state\": \"NOT_STARTED\"}, \"errata\": {\"state\": \"NOT_STARTED\"}, \"metadata\": {\"state\": \"FINISHED\"}}}, \"call_request_group_id\": \"6e09e90c-5fe9-494f-afd9-fde8305e227c\", \"call_request_id\": \"05d5bbb7-8726-413a-bbdb-2b5be761579f\", \"principal_login\": \"admin\", \"response\": \"accepted\", \"result\": null}"
    http_version: 
  recorded_at: Mon, 17 Jun 2013 17:30:13 GMT
- request: 
    method: get
    uri: https://localhost/pulp/api/v2/tasks/05d5bbb7-8726-413a-bbdb-2b5be761579f/
    body: 
      encoding: US-ASCII
      string: ""
    headers: 
      Accept: 
      - application/json
      Accept-Encoding: 
      - gzip, deflate
      Content-Type: 
      - application/json
      Authorization: 
      - OAuth oauth_consumer_key="katello", oauth_nonce="DOqZf0p8mdZmjkKrhG00srp8bFi471rUu6LqGKEyXU", oauth_signature="5WQGiAmLaL0bD%2BKw6%2B4JJeJj5Dg%3D", oauth_signature_method="HMAC-SHA1", oauth_timestamp="1371490214", oauth_version="1.0"
      Pulp-User: 
      - admin
      User-Agent: 
      - Ruby
  response: 
    status: 
      code: 200
      message: OK
    headers: 
      Date: 
      - Mon, 17 Jun 2013 17:30:14 GMT
      Server: 
      - Apache/2.4.4 (Fedora) OpenSSL/1.0.1e-fips PHP/5.4.14 mod_wsgi/3.4 Python/2.7.3 mod_perl/2.0.8-dev Perl/v5.16.3
      Content-Length: 
      - "1439"
      Content-Type: 
      - application/json
    body: 
      encoding: US-ASCII
      string: "{\"task_group_id\": \"6e09e90c-5fe9-494f-afd9-fde8305e227c\", \"exception\": null, \"traceback\": null, \"_href\": \"/pulp/api/v2/tasks/05d5bbb7-8726-413a-bbdb-2b5be761579f/\", \"task_id\": \"05d5bbb7-8726-413a-bbdb-2b5be761579f\", \"call_request_tags\": [\"pulp:repository:1\", \"pulp:action:sync\"], \"reasons\": [], \"start_time\": \"2013-06-17T17:30:12Z\", \"tags\": [\"pulp:repository:1\", \"pulp:action:sync\"], \"state\": \"running\", \"finish_time\": null, \"dependency_failures\": {}, \"schedule_id\": null, \"progress\": {\"yum_importer\": {\"content\": {\"num_success\": 11, \"size_total\": 17872, \"items_left\": 0, \"items_total\": 11, \"state\": \"FINISHED\", \"size_left\": 0, \"details\": {\"tree_file\": {\"num_success\": 3, \"size_total\": 0, \"items_left\": 0, \"items_total\": 3, \"size_left\": 0, \"num_error\": 0}, \"rpm\": {\"num_success\": 8, \"size_total\": 17872, \"items_left\": 0, \"items_total\": 8, \"size_left\": 0, \"num_error\": 0}, \"delta_rpm\": {\"num_success\": 0, \"size_total\": 0, \"items_left\": 0, \"items_total\": 0, \"size_left\": 0, \"num_error\": 0}, \"file\": {\"num_success\": 0, \"size_total\": 0, \"items_left\": 0, \"items_total\": 0, \"size_left\": 0, \"num_error\": 0}}, \"error_details\": [], \"num_error\": 0}, \"comps\": {\"state\": \"NOT_STARTED\"}, \"errata\": {\"state\": \"NOT_STARTED\"}, \"metadata\": {\"state\": \"FINISHED\"}}}, \"call_request_group_id\": \"6e09e90c-5fe9-494f-afd9-fde8305e227c\", \"call_request_id\": \"05d5bbb7-8726-413a-bbdb-2b5be761579f\", \"principal_login\": \"admin\", \"response\": \"accepted\", \"result\": null}"
    http_version: 
  recorded_at: Mon, 17 Jun 2013 17:30:14 GMT
- request: 
    method: get
    uri: https://localhost/pulp/api/v2/tasks/05d5bbb7-8726-413a-bbdb-2b5be761579f/
    body: 
      encoding: US-ASCII
      string: ""
    headers: 
      Accept: 
      - application/json
      Accept-Encoding: 
      - gzip, deflate
      Content-Type: 
      - application/json
      Authorization: 
      - OAuth oauth_consumer_key="katello", oauth_nonce="rqvKmbmPfso26On2UgRWhX3pc1VPG66BxdLfbdQk", oauth_signature="WkbMzKTUVBh%2FNlvu6THwdL%2Ffv78%3D", oauth_signature_method="HMAC-SHA1", oauth_timestamp="1371490214", oauth_version="1.0"
      Pulp-User: 
      - admin
      User-Agent: 
      - Ruby
  response: 
    status: 
      code: 200
      message: OK
    headers: 
      Date: 
      - Mon, 17 Jun 2013 17:30:14 GMT
      Server: 
      - Apache/2.4.4 (Fedora) OpenSSL/1.0.1e-fips PHP/5.4.14 mod_wsgi/3.4 Python/2.7.3 mod_perl/2.0.8-dev Perl/v5.16.3
      Content-Length: 
      - "3490"
      Content-Type: 
      - application/json
    body: 
      encoding: US-ASCII
      string: "{\"task_group_id\": \"6e09e90c-5fe9-494f-afd9-fde8305e227c\", \"exception\": null, \"traceback\": null, \"_href\": \"/pulp/api/v2/tasks/05d5bbb7-8726-413a-bbdb-2b5be761579f/\", \"task_id\": \"05d5bbb7-8726-413a-bbdb-2b5be761579f\", \"call_request_tags\": [\"pulp:repository:1\", \"pulp:action:sync\"], \"reasons\": [], \"start_time\": \"2013-06-17T17:30:12Z\", \"tags\": [\"pulp:repository:1\", \"pulp:action:sync\"], \"state\": \"finished\", \"finish_time\": \"2013-06-17T17:30:14Z\", \"dependency_failures\": {}, \"schedule_id\": null, \"progress\": {\"yum_importer\": {\"content\": {\"num_success\": 11, \"size_total\": 17872, \"items_left\": 0, \"items_total\": 11, \"state\": \"FINISHED\", \"size_left\": 0, \"details\": {\"tree_file\": {\"num_success\": 3, \"size_total\": 0, \"items_left\": 0, \"items_total\": 3, \"size_left\": 0, \"num_error\": 0}, \"rpm\": {\"num_success\": 8, \"size_total\": 17872, \"items_left\": 0, \"items_total\": 8, \"size_left\": 0, \"num_error\": 0}, \"delta_rpm\": {\"num_success\": 0, \"size_total\": 0, \"items_left\": 0, \"items_total\": 0, \"size_left\": 0, \"num_error\": 0}, \"file\": {\"num_success\": 0, \"size_total\": 0, \"items_left\": 0, \"items_total\": 0, \"size_left\": 0, \"num_error\": 0}}, \"error_details\": [], \"num_error\": 0}, \"comps\": {\"state\": \"FINISHED\"}, \"errata\": {\"state\": \"FINISHED\", \"num_errata\": 2}, \"metadata\": {\"state\": \"FINISHED\"}}}, \"call_request_group_id\": \"6e09e90c-5fe9-494f-afd9-fde8305e227c\", \"call_request_id\": \"05d5bbb7-8726-413a-bbdb-2b5be761579f\", \"principal_login\": \"admin\", \"response\": \"accepted\", \"result\": {\"importer_id\": \"yum_importer\", \"exception\": null, \"repo_id\": \"1\", \"traceback\": null, \"started\": \"2013-06-17T13:30:12-04:00\", \"_ns\": \"repo_sync_results\", \"completed\": \"2013-06-17T13:30:14-04:00\", \"importer_type_id\": \"yum_importer\", \"error_message\": null, \"summary\": {\"comps\": {\"time_total_sec\": 0.025048017501831055, \"num_orphaned_groups\": 0, \"num_available_groups\": 2, \"num_new_groups\": 2, \"num_new_categories\": 1, \"num_orphaned_categories\": 0, \"num_available_categories\": 1}, \"packages\": {\"num_synced_new_rpms\": 8, \"num_resynced_distribution_files\": 0, \"num_not_synced_srpms\": 0, \"num_synced_new_distributions_files\": 3, \"num_rpms\": 8, \"num_not_synced_drpms\": 0, \"time_total_sec\": 1.2196769714355469, \"num_orphaned_distributions\": 0, \"num_orphaned_rpms\": 0, \"num_synced_new_srpms\": 0, \"num_synced_new_drpms\": 0, \"num_resynced_distributions\": 0, \"num_orphaned_srpms\": 0, \"num_resynced_rpms\": 0, \"num_synced_new_distributions\": 1, \"num_orphaned_drpms\": 0, \"num_resynced_srpms\": 0, \"num_resynced_drpms\": 0, \"removal_errors\": [], \"num_not_synced_rpms\": 0}, \"errata\": {\"errata_time_total_sec\": 0.030863046646118164, \"num_existing_errata\": 0, \"num_orphaned_errata\": 0, \"num_new_errata\": 0}}, \"added_count\": 0, \"result\": \"success\", \"updated_count\": 14, \"details\": {\"comps\": {}, \"packages\": {\"time_download_sec\": 0.5534570217132568, \"not_synced\": [], \"time_metadata_sec\": 0.37767791748046875, \"size_total\": 17872, \"sync_report\": {\"errors\": 0, \"size_total\": 17872, \"successes\": 11, \"downloads\": 0, \"items_left\": 0, \"items_total\": 11, \"error_details\": [], \"details\": {\"tree_file\": {\"num_success\": 3, \"total_count\": 3, \"items_left\": 0, \"size_left\": 0, \"total_size_bytes\": 0, \"num_error\": 0}, \"rpm\": {\"num_success\": 8, \"total_count\": 8, \"items_left\": 0, \"size_left\": 0, \"total_size_bytes\": 17872, \"num_error\": 0}}, \"size_left\": 0}}, \"errata\": {\"num_bugfix_errata\": 0, \"link_report\": {\"missing_rpms\": [], \"linked_units\": []}, \"num_security_errata\": 0, \"num_enhancement_errata\": 0}}, \"id\": \"51bf47a6d60ea32d37405885\", \"removed_count\": 0}}"
    http_version: 
  recorded_at: Mon, 17 Jun 2013 17:30:14 GMT
- request: 
    method: get
    uri: https://localhost/pulp/api/v2/tasks/8dd5f2f8-50dc-4aad-9fee-f8deae776212/
    body: 
      encoding: US-ASCII
      string: ""
    headers: 
      Accept: 
      - application/json
      Accept-Encoding: 
      - gzip, deflate
      Content-Type: 
      - application/json
      Authorization: 
      - OAuth oauth_consumer_key="katello", oauth_nonce="MrYoKBJfedKDg2yOaBo6y8ReAQvN3b8DB2KE9EBSo", oauth_signature="PLZZQjstANS36185GtUKPRjUc4w%3D", oauth_signature_method="HMAC-SHA1", oauth_timestamp="1371490217", oauth_version="1.0"
      Pulp-User: 
      - admin
      User-Agent: 
      - Ruby
  response: 
    status: 
      code: 200
      message: OK
    headers: 
      Date: 
      - Mon, 17 Jun 2013 17:30:17 GMT
      Server: 
      - Apache/2.4.4 (Fedora) OpenSSL/1.0.1e-fips PHP/5.4.14 mod_wsgi/3.4 Python/2.7.3 mod_perl/2.0.8-dev Perl/v5.16.3
      Content-Length: 
      - "842"
      Content-Type: 
      - application/json
    body: 
      encoding: US-ASCII
      string: "{\"task_group_id\": \"4e9acfb2-a4de-4bed-a5ef-2f6c72aba3a9\", \"exception\": null, \"traceback\": null, \"_href\": \"/pulp/api/v2/tasks/8dd5f2f8-50dc-4aad-9fee-f8deae776212/\", \"task_id\": \"8dd5f2f8-50dc-4aad-9fee-f8deae776212\", \"call_request_tags\": [\"pulp:repository:1\", \"pulp:action:sync\"], \"reasons\": [], \"start_time\": \"2013-06-17T17:30:17Z\", \"tags\": [\"pulp:repository:1\", \"pulp:action:sync\"], \"state\": \"running\", \"finish_time\": null, \"dependency_failures\": {}, \"schedule_id\": null, \"progress\": {\"yum_importer\": {\"content\": {\"state\": \"NOT_STARTED\"}, \"comps\": {\"state\": \"NOT_STARTED\"}, \"errata\": {\"state\": \"NOT_STARTED\"}, \"metadata\": {\"state\": \"IN_PROGRESS\"}}}, \"call_request_group_id\": \"4e9acfb2-a4de-4bed-a5ef-2f6c72aba3a9\", \"call_request_id\": \"8dd5f2f8-50dc-4aad-9fee-f8deae776212\", \"principal_login\": \"admin\", \"response\": \"accepted\", \"result\": null}"
    http_version: 
  recorded_at: Mon, 17 Jun 2013 17:30:17 GMT
- request: 
    method: get
    uri: https://localhost/pulp/api/v2/tasks/8dd5f2f8-50dc-4aad-9fee-f8deae776212/
    body: 
      encoding: US-ASCII
      string: ""
    headers: 
      Accept: 
      - application/json
      Accept-Encoding: 
      - gzip, deflate
      Content-Type: 
      - application/json
      Authorization: 
      - OAuth oauth_consumer_key="katello", oauth_nonce="ZeIKQNtWaR0yg12DnxNSUprIatz4yaIGTA1GKBG2NY", oauth_signature="mMjMofSXfnUWcXwEzzn1kkHHwVk%3D", oauth_signature_method="HMAC-SHA1", oauth_timestamp="1371490218", oauth_version="1.0"
      Pulp-User: 
      - admin
      User-Agent: 
      - Ruby
  response: 
    status: 
      code: 200
      message: OK
    headers: 
      Date: 
      - Mon, 17 Jun 2013 17:30:18 GMT
      Server: 
      - Apache/2.4.4 (Fedora) OpenSSL/1.0.1e-fips PHP/5.4.14 mod_wsgi/3.4 Python/2.7.3 mod_perl/2.0.8-dev Perl/v5.16.3
      Content-Length: 
      - "839"
      Content-Type: 
      - application/json
    body: 
      encoding: US-ASCII
      string: "{\"task_group_id\": \"4e9acfb2-a4de-4bed-a5ef-2f6c72aba3a9\", \"exception\": null, \"traceback\": null, \"_href\": \"/pulp/api/v2/tasks/8dd5f2f8-50dc-4aad-9fee-f8deae776212/\", \"task_id\": \"8dd5f2f8-50dc-4aad-9fee-f8deae776212\", \"call_request_tags\": [\"pulp:repository:1\", \"pulp:action:sync\"], \"reasons\": [], \"start_time\": \"2013-06-17T17:30:17Z\", \"tags\": [\"pulp:repository:1\", \"pulp:action:sync\"], \"state\": \"running\", \"finish_time\": null, \"dependency_failures\": {}, \"schedule_id\": null, \"progress\": {\"yum_importer\": {\"content\": {\"state\": \"NOT_STARTED\"}, \"comps\": {\"state\": \"NOT_STARTED\"}, \"errata\": {\"state\": \"NOT_STARTED\"}, \"metadata\": {\"state\": \"FINISHED\"}}}, \"call_request_group_id\": \"4e9acfb2-a4de-4bed-a5ef-2f6c72aba3a9\", \"call_request_id\": \"8dd5f2f8-50dc-4aad-9fee-f8deae776212\", \"principal_login\": \"admin\", \"response\": \"accepted\", \"result\": null}"
    http_version: 
  recorded_at: Mon, 17 Jun 2013 17:30:18 GMT
- request: 
    method: get
    uri: https://localhost/pulp/api/v2/tasks/8dd5f2f8-50dc-4aad-9fee-f8deae776212/
    body: 
      encoding: US-ASCII
      string: ""
    headers: 
      Accept: 
      - application/json
      Accept-Encoding: 
      - gzip, deflate
      Content-Type: 
      - application/json
      Authorization: 
      - OAuth oauth_consumer_key="katello", oauth_nonce="tF7powagqcCgDIAYQjli6p8oV6SjRGbWunQeNQ6QA", oauth_signature="k%2BNzla%2BxKeX8hwkVKJj0UwHJXCc%3D", oauth_signature_method="HMAC-SHA1", oauth_timestamp="1371490218", oauth_version="1.0"
      Pulp-User: 
      - admin
      User-Agent: 
      - Ruby
  response: 
    status: 
      code: 200
      message: OK
    headers: 
      Date: 
      - Mon, 17 Jun 2013 17:30:18 GMT
      Server: 
      - Apache/2.4.4 (Fedora) OpenSSL/1.0.1e-fips PHP/5.4.14 mod_wsgi/3.4 Python/2.7.3 mod_perl/2.0.8-dev Perl/v5.16.3
      Content-Length: 
      - "1439"
      Content-Type: 
      - application/json
    body: 
      encoding: US-ASCII
      string: "{\"task_group_id\": \"4e9acfb2-a4de-4bed-a5ef-2f6c72aba3a9\", \"exception\": null, \"traceback\": null, \"_href\": \"/pulp/api/v2/tasks/8dd5f2f8-50dc-4aad-9fee-f8deae776212/\", \"task_id\": \"8dd5f2f8-50dc-4aad-9fee-f8deae776212\", \"call_request_tags\": [\"pulp:repository:1\", \"pulp:action:sync\"], \"reasons\": [], \"start_time\": \"2013-06-17T17:30:17Z\", \"tags\": [\"pulp:repository:1\", \"pulp:action:sync\"], \"state\": \"running\", \"finish_time\": null, \"dependency_failures\": {}, \"schedule_id\": null, \"progress\": {\"yum_importer\": {\"content\": {\"num_success\": 11, \"size_total\": 17872, \"items_left\": 0, \"items_total\": 11, \"state\": \"FINISHED\", \"size_left\": 0, \"details\": {\"tree_file\": {\"num_success\": 3, \"size_total\": 0, \"items_left\": 0, \"items_total\": 3, \"size_left\": 0, \"num_error\": 0}, \"rpm\": {\"num_success\": 8, \"size_total\": 17872, \"items_left\": 0, \"items_total\": 8, \"size_left\": 0, \"num_error\": 0}, \"delta_rpm\": {\"num_success\": 0, \"size_total\": 0, \"items_left\": 0, \"items_total\": 0, \"size_left\": 0, \"num_error\": 0}, \"file\": {\"num_success\": 0, \"size_total\": 0, \"items_left\": 0, \"items_total\": 0, \"size_left\": 0, \"num_error\": 0}}, \"error_details\": [], \"num_error\": 0}, \"comps\": {\"state\": \"NOT_STARTED\"}, \"errata\": {\"state\": \"NOT_STARTED\"}, \"metadata\": {\"state\": \"FINISHED\"}}}, \"call_request_group_id\": \"4e9acfb2-a4de-4bed-a5ef-2f6c72aba3a9\", \"call_request_id\": \"8dd5f2f8-50dc-4aad-9fee-f8deae776212\", \"principal_login\": \"admin\", \"response\": \"accepted\", \"result\": null}"
    http_version: 
  recorded_at: Mon, 17 Jun 2013 17:30:18 GMT
- request: 
    method: get
    uri: https://localhost/pulp/api/v2/tasks/8dd5f2f8-50dc-4aad-9fee-f8deae776212/
    body: 
      encoding: US-ASCII
      string: ""
    headers: 
      Accept: 
      - application/json
      Accept-Encoding: 
      - gzip, deflate
      Content-Type: 
      - application/json
      Authorization: 
      - OAuth oauth_consumer_key="katello", oauth_nonce="hMZFaXIYYe61WYlaefkRowqUuLEmgFivsOBHiusiIsk", oauth_signature="EDtRd3WeODSgIoQ39Txyaazxy9A%3D", oauth_signature_method="HMAC-SHA1", oauth_timestamp="1371490219", oauth_version="1.0"
      Pulp-User: 
      - admin
      User-Agent: 
      - Ruby
  response: 
    status: 
      code: 200
      message: OK
    headers: 
      Date: 
      - Mon, 17 Jun 2013 17:30:19 GMT
      Server: 
      - Apache/2.4.4 (Fedora) OpenSSL/1.0.1e-fips PHP/5.4.14 mod_wsgi/3.4 Python/2.7.3 mod_perl/2.0.8-dev Perl/v5.16.3
      Content-Length: 
      - "3487"
      Content-Type: 
      - application/json
    body: 
      encoding: US-ASCII
      string: "{\"task_group_id\": \"4e9acfb2-a4de-4bed-a5ef-2f6c72aba3a9\", \"exception\": null, \"traceback\": null, \"_href\": \"/pulp/api/v2/tasks/8dd5f2f8-50dc-4aad-9fee-f8deae776212/\", \"task_id\": \"8dd5f2f8-50dc-4aad-9fee-f8deae776212\", \"call_request_tags\": [\"pulp:repository:1\", \"pulp:action:sync\"], \"reasons\": [], \"start_time\": \"2013-06-17T17:30:17Z\", \"tags\": [\"pulp:repository:1\", \"pulp:action:sync\"], \"state\": \"finished\", \"finish_time\": \"2013-06-17T17:30:19Z\", \"dependency_failures\": {}, \"schedule_id\": null, \"progress\": {\"yum_importer\": {\"content\": {\"num_success\": 11, \"size_total\": 17872, \"items_left\": 0, \"items_total\": 11, \"state\": \"FINISHED\", \"size_left\": 0, \"details\": {\"tree_file\": {\"num_success\": 3, \"size_total\": 0, \"items_left\": 0, \"items_total\": 3, \"size_left\": 0, \"num_error\": 0}, \"rpm\": {\"num_success\": 8, \"size_total\": 17872, \"items_left\": 0, \"items_total\": 8, \"size_left\": 0, \"num_error\": 0}, \"delta_rpm\": {\"num_success\": 0, \"size_total\": 0, \"items_left\": 0, \"items_total\": 0, \"size_left\": 0, \"num_error\": 0}, \"file\": {\"num_success\": 0, \"size_total\": 0, \"items_left\": 0, \"items_total\": 0, \"size_left\": 0, \"num_error\": 0}}, \"error_details\": [], \"num_error\": 0}, \"comps\": {\"state\": \"FINISHED\"}, \"errata\": {\"state\": \"FINISHED\", \"num_errata\": 2}, \"metadata\": {\"state\": \"FINISHED\"}}}, \"call_request_group_id\": \"4e9acfb2-a4de-4bed-a5ef-2f6c72aba3a9\", \"call_request_id\": \"8dd5f2f8-50dc-4aad-9fee-f8deae776212\", \"principal_login\": \"admin\", \"response\": \"accepted\", \"result\": {\"importer_id\": \"yum_importer\", \"exception\": null, \"repo_id\": \"1\", \"traceback\": null, \"started\": \"2013-06-17T13:30:17-04:00\", \"_ns\": \"repo_sync_results\", \"completed\": \"2013-06-17T13:30:19-04:00\", \"importer_type_id\": \"yum_importer\", \"error_message\": null, \"summary\": {\"comps\": {\"time_total_sec\": 0.02625894546508789, \"num_orphaned_groups\": 0, \"num_available_groups\": 2, \"num_new_groups\": 2, \"num_new_categories\": 1, \"num_orphaned_categories\": 0, \"num_available_categories\": 1}, \"packages\": {\"num_synced_new_rpms\": 8, \"num_resynced_distribution_files\": 0, \"num_not_synced_srpms\": 0, \"num_synced_new_distributions_files\": 3, \"num_rpms\": 8, \"num_not_synced_drpms\": 0, \"time_total_sec\": 1.195702075958252, \"num_orphaned_distributions\": 0, \"num_orphaned_rpms\": 0, \"num_synced_new_srpms\": 0, \"num_synced_new_drpms\": 0, \"num_resynced_distributions\": 0, \"num_orphaned_srpms\": 0, \"num_resynced_rpms\": 0, \"num_synced_new_distributions\": 1, \"num_orphaned_drpms\": 0, \"num_resynced_srpms\": 0, \"num_resynced_drpms\": 0, \"removal_errors\": [], \"num_not_synced_rpms\": 0}, \"errata\": {\"errata_time_total_sec\": 0.030164003372192383, \"num_existing_errata\": 0, \"num_orphaned_errata\": 0, \"num_new_errata\": 0}}, \"added_count\": 0, \"result\": \"success\", \"updated_count\": 14, \"details\": {\"comps\": {}, \"packages\": {\"time_download_sec\": 0.5556471347808838, \"not_synced\": [], \"time_metadata_sec\": 0.3664259910583496, \"size_total\": 17872, \"sync_report\": {\"errors\": 0, \"size_total\": 17872, \"successes\": 11, \"downloads\": 0, \"items_left\": 0, \"items_total\": 11, \"error_details\": [], \"details\": {\"tree_file\": {\"num_success\": 3, \"total_count\": 3, \"items_left\": 0, \"size_left\": 0, \"total_size_bytes\": 0, \"num_error\": 0}, \"rpm\": {\"num_success\": 8, \"total_count\": 8, \"items_left\": 0, \"size_left\": 0, \"total_size_bytes\": 17872, \"num_error\": 0}}, \"size_left\": 0}}, \"errata\": {\"num_bugfix_errata\": 0, \"link_report\": {\"missing_rpms\": [], \"linked_units\": []}, \"num_security_errata\": 0, \"num_enhancement_errata\": 0}}, \"id\": \"51bf47abd60ea32d374058e1\", \"removed_count\": 0}}"
    http_version: 
  recorded_at: Mon, 17 Jun 2013 17:30:19 GMT
- request: 
    method: get
    uri: https://localhost/pulp/api/v2/tasks/6b3a11b9-7ffd-4a39-82a3-48ee5e0c15d5/
    body: 
      encoding: US-ASCII
      string: ""
    headers: 
      Accept: 
      - application/json
      Accept-Encoding: 
      - gzip, deflate
      Content-Type: 
      - application/json
      Authorization: 
      - OAuth oauth_consumer_key="katello", oauth_nonce="GgF4F67KhRk3W2b0R8olX3lBggJyubEWLPrYvrM0rc", oauth_signature="EsU%2BUOzXPeok6W54mExU0mB5PTs%3D", oauth_signature_method="HMAC-SHA1", oauth_timestamp="1371490223", oauth_version="1.0"
      Pulp-User: 
      - admin
      User-Agent: 
      - Ruby
  response: 
    status: 
      code: 200
      message: OK
    headers: 
      Date: 
      - Mon, 17 Jun 2013 17:30:23 GMT
      Server: 
      - Apache/2.4.4 (Fedora) OpenSSL/1.0.1e-fips PHP/5.4.14 mod_wsgi/3.4 Python/2.7.3 mod_perl/2.0.8-dev Perl/v5.16.3
      Content-Length: 
      - "842"
      Content-Type: 
      - application/json
    body: 
      encoding: US-ASCII
      string: "{\"task_group_id\": \"65d52308-9c22-4eb4-9633-cd01e352c8c4\", \"exception\": null, \"traceback\": null, \"_href\": \"/pulp/api/v2/tasks/6b3a11b9-7ffd-4a39-82a3-48ee5e0c15d5/\", \"task_id\": \"6b3a11b9-7ffd-4a39-82a3-48ee5e0c15d5\", \"call_request_tags\": [\"pulp:repository:1\", \"pulp:action:sync\"], \"reasons\": [], \"start_time\": \"2013-06-17T17:30:22Z\", \"tags\": [\"pulp:repository:1\", \"pulp:action:sync\"], \"state\": \"running\", \"finish_time\": null, \"dependency_failures\": {}, \"schedule_id\": null, \"progress\": {\"yum_importer\": {\"content\": {\"state\": \"NOT_STARTED\"}, \"comps\": {\"state\": \"NOT_STARTED\"}, \"errata\": {\"state\": \"NOT_STARTED\"}, \"metadata\": {\"state\": \"IN_PROGRESS\"}}}, \"call_request_group_id\": \"65d52308-9c22-4eb4-9633-cd01e352c8c4\", \"call_request_id\": \"6b3a11b9-7ffd-4a39-82a3-48ee5e0c15d5\", \"principal_login\": \"admin\", \"response\": \"accepted\", \"result\": null}"
    http_version: 
  recorded_at: Mon, 17 Jun 2013 17:30:23 GMT
- request: 
    method: get
    uri: https://localhost/pulp/api/v2/tasks/6b3a11b9-7ffd-4a39-82a3-48ee5e0c15d5/
    body: 
      encoding: US-ASCII
      string: ""
    headers: 
      Accept: 
      - application/json
      Accept-Encoding: 
      - gzip, deflate
      Content-Type: 
      - application/json
      Authorization: 
      - OAuth oauth_consumer_key="katello", oauth_nonce="yz9LHDs6SPyL4MVVJvOOXDGfI4Cv3TqKorg8ONEAaEg", oauth_signature="b%2BUNhGc3kUucBM75AFTBINbx0Nc%3D", oauth_signature_method="HMAC-SHA1", oauth_timestamp="1371490223", oauth_version="1.0"
      Pulp-User: 
      - admin
      User-Agent: 
      - Ruby
  response: 
    status: 
      code: 200
      message: OK
    headers: 
      Date: 
      - Mon, 17 Jun 2013 17:30:23 GMT
      Server: 
      - Apache/2.4.4 (Fedora) OpenSSL/1.0.1e-fips PHP/5.4.14 mod_wsgi/3.4 Python/2.7.3 mod_perl/2.0.8-dev Perl/v5.16.3
      Content-Length: 
      - "1450"
      Content-Type: 
      - application/json
    body: 
      encoding: US-ASCII
      string: "{\"task_group_id\": \"65d52308-9c22-4eb4-9633-cd01e352c8c4\", \"exception\": null, \"traceback\": null, \"_href\": \"/pulp/api/v2/tasks/6b3a11b9-7ffd-4a39-82a3-48ee5e0c15d5/\", \"task_id\": \"6b3a11b9-7ffd-4a39-82a3-48ee5e0c15d5\", \"call_request_tags\": [\"pulp:repository:1\", \"pulp:action:sync\"], \"reasons\": [], \"start_time\": \"2013-06-17T17:30:22Z\", \"tags\": [\"pulp:repository:1\", \"pulp:action:sync\"], \"state\": \"running\", \"finish_time\": null, \"dependency_failures\": {}, \"schedule_id\": null, \"progress\": {\"yum_importer\": {\"content\": {\"num_success\": 0, \"size_total\": 17872, \"items_left\": 11, \"items_total\": 11, \"state\": \"IN_PROGRESS\", \"size_left\": 17872, \"details\": {\"tree_file\": {\"num_success\": 0, \"size_total\": 0, \"items_left\": 3, \"items_total\": 3, \"size_left\": 0, \"num_error\": 0}, \"rpm\": {\"num_success\": 0, \"size_total\": 17872, \"items_left\": 8, \"items_total\": 8, \"size_left\": 17872, \"num_error\": 0}, \"delta_rpm\": {\"num_success\": 0, \"size_total\": 0, \"items_left\": 0, \"items_total\": 0, \"size_left\": 0, \"num_error\": 0}, \"file\": {\"num_success\": 0, \"size_total\": 0, \"items_left\": 0, \"items_total\": 0, \"size_left\": 0, \"num_error\": 0}}, \"error_details\": [], \"num_error\": 0}, \"comps\": {\"state\": \"NOT_STARTED\"}, \"errata\": {\"state\": \"NOT_STARTED\"}, \"metadata\": {\"state\": \"FINISHED\"}}}, \"call_request_group_id\": \"65d52308-9c22-4eb4-9633-cd01e352c8c4\", \"call_request_id\": \"6b3a11b9-7ffd-4a39-82a3-48ee5e0c15d5\", \"principal_login\": \"admin\", \"response\": \"accepted\", \"result\": null}"
    http_version: 
  recorded_at: Mon, 17 Jun 2013 17:30:23 GMT
- request: 
    method: get
    uri: https://localhost/pulp/api/v2/tasks/6b3a11b9-7ffd-4a39-82a3-48ee5e0c15d5/
    body: 
      encoding: US-ASCII
      string: ""
    headers: 
      Accept: 
      - application/json
      Accept-Encoding: 
      - gzip, deflate
      Content-Type: 
      - application/json
      Authorization: 
      - OAuth oauth_consumer_key="katello", oauth_nonce="xE42IDNtqUWWOWPBQo9PFecwpNeo4XjgtLoJRYhvLs", oauth_signature="b8Eda5NHETiYu13vQcMr%2Bj6R1%2Fc%3D", oauth_signature_method="HMAC-SHA1", oauth_timestamp="1371490224", oauth_version="1.0"
      Pulp-User: 
      - admin
      User-Agent: 
      - Ruby
  response: 
    status: 
      code: 200
      message: OK
    headers: 
      Date: 
      - Mon, 17 Jun 2013 17:30:24 GMT
      Server: 
      - Apache/2.4.4 (Fedora) OpenSSL/1.0.1e-fips PHP/5.4.14 mod_wsgi/3.4 Python/2.7.3 mod_perl/2.0.8-dev Perl/v5.16.3
      Content-Length: 
      - "1450"
      Content-Type: 
      - application/json
    body: 
      encoding: US-ASCII
      string: "{\"task_group_id\": \"65d52308-9c22-4eb4-9633-cd01e352c8c4\", \"exception\": null, \"traceback\": null, \"_href\": \"/pulp/api/v2/tasks/6b3a11b9-7ffd-4a39-82a3-48ee5e0c15d5/\", \"task_id\": \"6b3a11b9-7ffd-4a39-82a3-48ee5e0c15d5\", \"call_request_tags\": [\"pulp:repository:1\", \"pulp:action:sync\"], \"reasons\": [], \"start_time\": \"2013-06-17T17:30:22Z\", \"tags\": [\"pulp:repository:1\", \"pulp:action:sync\"], \"state\": \"running\", \"finish_time\": null, \"dependency_failures\": {}, \"schedule_id\": null, \"progress\": {\"yum_importer\": {\"content\": {\"num_success\": 11, \"size_total\": 17872, \"items_left\": 0, \"items_total\": 11, \"state\": \"FINISHED\", \"size_left\": 0, \"details\": {\"tree_file\": {\"num_success\": 3, \"size_total\": 0, \"items_left\": 0, \"items_total\": 3, \"size_left\": 0, \"num_error\": 0}, \"rpm\": {\"num_success\": 8, \"size_total\": 17872, \"items_left\": 0, \"items_total\": 8, \"size_left\": 0, \"num_error\": 0}, \"delta_rpm\": {\"num_success\": 0, \"size_total\": 0, \"items_left\": 0, \"items_total\": 0, \"size_left\": 0, \"num_error\": 0}, \"file\": {\"num_success\": 0, \"size_total\": 0, \"items_left\": 0, \"items_total\": 0, \"size_left\": 0, \"num_error\": 0}}, \"error_details\": [], \"num_error\": 0}, \"comps\": {\"state\": \"FINISHED\"}, \"errata\": {\"state\": \"FINISHED\", \"num_errata\": 2}, \"metadata\": {\"state\": \"FINISHED\"}}}, \"call_request_group_id\": \"65d52308-9c22-4eb4-9633-cd01e352c8c4\", \"call_request_id\": \"6b3a11b9-7ffd-4a39-82a3-48ee5e0c15d5\", \"principal_login\": \"admin\", \"response\": \"accepted\", \"result\": null}"
    http_version: 
  recorded_at: Mon, 17 Jun 2013 17:30:24 GMT
- request: 
    method: get
    uri: https://localhost/pulp/api/v2/tasks/6b3a11b9-7ffd-4a39-82a3-48ee5e0c15d5/
    body: 
      encoding: US-ASCII
      string: ""
    headers: 
      Accept: 
      - application/json
      Accept-Encoding: 
      - gzip, deflate
      Content-Type: 
      - application/json
      Authorization: 
      - OAuth oauth_consumer_key="katello", oauth_nonce="2yHn7Yy3lspwcX2XXD9sAytkzI975KJNy6y6SPDb4", oauth_signature="cyFlFytJjEL%2FihzUv6kMeXuJ%2FUs%3D", oauth_signature_method="HMAC-SHA1", oauth_timestamp="1371490224", oauth_version="1.0"
      Pulp-User: 
      - admin
      User-Agent: 
      - Ruby
  response: 
    status: 
      code: 200
      message: OK
    headers: 
      Date: 
      - Mon, 17 Jun 2013 17:30:24 GMT
      Server: 
      - Apache/2.4.4 (Fedora) OpenSSL/1.0.1e-fips PHP/5.4.14 mod_wsgi/3.4 Python/2.7.3 mod_perl/2.0.8-dev Perl/v5.16.3
      Content-Length: 
      - "3488"
      Content-Type: 
      - application/json
    body: 
      encoding: US-ASCII
      string: "{\"task_group_id\": \"65d52308-9c22-4eb4-9633-cd01e352c8c4\", \"exception\": null, \"traceback\": null, \"_href\": \"/pulp/api/v2/tasks/6b3a11b9-7ffd-4a39-82a3-48ee5e0c15d5/\", \"task_id\": \"6b3a11b9-7ffd-4a39-82a3-48ee5e0c15d5\", \"call_request_tags\": [\"pulp:repository:1\", \"pulp:action:sync\"], \"reasons\": [], \"start_time\": \"2013-06-17T17:30:22Z\", \"tags\": [\"pulp:repository:1\", \"pulp:action:sync\"], \"state\": \"finished\", \"finish_time\": \"2013-06-17T17:30:24Z\", \"dependency_failures\": {}, \"schedule_id\": null, \"progress\": {\"yum_importer\": {\"content\": {\"num_success\": 11, \"size_total\": 17872, \"items_left\": 0, \"items_total\": 11, \"state\": \"FINISHED\", \"size_left\": 0, \"details\": {\"tree_file\": {\"num_success\": 3, \"size_total\": 0, \"items_left\": 0, \"items_total\": 3, \"size_left\": 0, \"num_error\": 0}, \"rpm\": {\"num_success\": 8, \"size_total\": 17872, \"items_left\": 0, \"items_total\": 8, \"size_left\": 0, \"num_error\": 0}, \"delta_rpm\": {\"num_success\": 0, \"size_total\": 0, \"items_left\": 0, \"items_total\": 0, \"size_left\": 0, \"num_error\": 0}, \"file\": {\"num_success\": 0, \"size_total\": 0, \"items_left\": 0, \"items_total\": 0, \"size_left\": 0, \"num_error\": 0}}, \"error_details\": [], \"num_error\": 0}, \"comps\": {\"state\": \"FINISHED\"}, \"errata\": {\"state\": \"FINISHED\", \"num_errata\": 2}, \"metadata\": {\"state\": \"FINISHED\"}}}, \"call_request_group_id\": \"65d52308-9c22-4eb4-9633-cd01e352c8c4\", \"call_request_id\": \"6b3a11b9-7ffd-4a39-82a3-48ee5e0c15d5\", \"principal_login\": \"admin\", \"response\": \"accepted\", \"result\": {\"importer_id\": \"yum_importer\", \"exception\": null, \"repo_id\": \"1\", \"traceback\": null, \"started\": \"2013-06-17T13:30:22-04:00\", \"_ns\": \"repo_sync_results\", \"completed\": \"2013-06-17T13:30:24-04:00\", \"importer_type_id\": \"yum_importer\", \"error_message\": null, \"summary\": {\"comps\": {\"time_total_sec\": 0.026941776275634766, \"num_orphaned_groups\": 0, \"num_available_groups\": 2, \"num_new_groups\": 2, \"num_new_categories\": 1, \"num_orphaned_categories\": 0, \"num_available_categories\": 1}, \"packages\": {\"num_synced_new_rpms\": 8, \"num_resynced_distribution_files\": 0, \"num_not_synced_srpms\": 0, \"num_synced_new_distributions_files\": 3, \"num_rpms\": 8, \"num_not_synced_drpms\": 0, \"time_total_sec\": 1.2052359580993652, \"num_orphaned_distributions\": 0, \"num_orphaned_rpms\": 0, \"num_synced_new_srpms\": 0, \"num_synced_new_drpms\": 0, \"num_resynced_distributions\": 0, \"num_orphaned_srpms\": 0, \"num_resynced_rpms\": 0, \"num_synced_new_distributions\": 1, \"num_orphaned_drpms\": 0, \"num_resynced_srpms\": 0, \"num_resynced_drpms\": 0, \"removal_errors\": [], \"num_not_synced_rpms\": 0}, \"errata\": {\"errata_time_total_sec\": 0.029736042022705078, \"num_existing_errata\": 0, \"num_orphaned_errata\": 0, \"num_new_errata\": 0}}, \"added_count\": 0, \"result\": \"success\", \"updated_count\": 14, \"details\": {\"comps\": {}, \"packages\": {\"time_download_sec\": 0.558203935623169, \"not_synced\": [], \"time_metadata_sec\": 0.3739140033721924, \"size_total\": 17872, \"sync_report\": {\"errors\": 0, \"size_total\": 17872, \"successes\": 11, \"downloads\": 0, \"items_left\": 0, \"items_total\": 11, \"error_details\": [], \"details\": {\"tree_file\": {\"num_success\": 3, \"total_count\": 3, \"items_left\": 0, \"size_left\": 0, \"total_size_bytes\": 0, \"num_error\": 0}, \"rpm\": {\"num_success\": 8, \"total_count\": 8, \"items_left\": 0, \"size_left\": 0, \"total_size_bytes\": 17872, \"num_error\": 0}}, \"size_left\": 0}}, \"errata\": {\"num_bugfix_errata\": 0, \"link_report\": {\"missing_rpms\": [], \"linked_units\": []}, \"num_security_errata\": 0, \"num_enhancement_errata\": 0}}, \"id\": \"51bf47b0d60ea32d37405933\", \"removed_count\": 0}}"
    http_version: 
  recorded_at: Mon, 17 Jun 2013 17:30:25 GMT
- request: 
    method: get
    uri: https://localhost/pulp/api/v2/tasks/99a1a9a0-158f-42ce-8379-ab671c80082b/
    body: 
      encoding: US-ASCII
      string: ""
    headers: 
      Accept: 
      - application/json
      Accept-Encoding: 
      - gzip, deflate
      Content-Type: 
      - application/json
      Authorization: 
      - OAuth oauth_consumer_key="katello", oauth_nonce="8SrgqcUhwR6ESfisK7K1xYb9nLeJCoxMPM00ET4xfM", oauth_signature="51oNejLcRLGRa6Mhyyj%2BMvGBvSA%3D", oauth_signature_method="HMAC-SHA1", oauth_timestamp="1371490227", oauth_version="1.0"
      Pulp-User: 
      - admin
      User-Agent: 
      - Ruby
  response: 
    status: 
      code: 200
      message: OK
    headers: 
      Date: 
      - Mon, 17 Jun 2013 17:30:27 GMT
      Server: 
      - Apache/2.4.4 (Fedora) OpenSSL/1.0.1e-fips PHP/5.4.14 mod_wsgi/3.4 Python/2.7.3 mod_perl/2.0.8-dev Perl/v5.16.3
      Content-Length: 
      - "842"
      Content-Type: 
      - application/json
    body: 
      encoding: US-ASCII
      string: "{\"task_group_id\": \"55d17e39-434d-424d-8ab7-7d19f61cb0e8\", \"exception\": null, \"traceback\": null, \"_href\": \"/pulp/api/v2/tasks/99a1a9a0-158f-42ce-8379-ab671c80082b/\", \"task_id\": \"99a1a9a0-158f-42ce-8379-ab671c80082b\", \"call_request_tags\": [\"pulp:repository:1\", \"pulp:action:sync\"], \"reasons\": [], \"start_time\": \"2013-06-17T17:30:27Z\", \"tags\": [\"pulp:repository:1\", \"pulp:action:sync\"], \"state\": \"running\", \"finish_time\": null, \"dependency_failures\": {}, \"schedule_id\": null, \"progress\": {\"yum_importer\": {\"content\": {\"state\": \"NOT_STARTED\"}, \"comps\": {\"state\": \"NOT_STARTED\"}, \"errata\": {\"state\": \"NOT_STARTED\"}, \"metadata\": {\"state\": \"IN_PROGRESS\"}}}, \"call_request_group_id\": \"55d17e39-434d-424d-8ab7-7d19f61cb0e8\", \"call_request_id\": \"99a1a9a0-158f-42ce-8379-ab671c80082b\", \"principal_login\": \"admin\", \"response\": \"accepted\", \"result\": null}"
    http_version: 
  recorded_at: Mon, 17 Jun 2013 17:30:27 GMT
- request: 
    method: get
    uri: https://localhost/pulp/api/v2/tasks/99a1a9a0-158f-42ce-8379-ab671c80082b/
    body: 
      encoding: US-ASCII
      string: ""
    headers: 
      Accept: 
      - application/json
      Accept-Encoding: 
      - gzip, deflate
      Content-Type: 
      - application/json
      Authorization: 
      - OAuth oauth_consumer_key="katello", oauth_nonce="jkwTo4Az0HPIIsxf6ImDwsUMOe1Rh6hWlw2z9bO6o8", oauth_signature="%2BSZfPwBrwsSTS%2FRNVGUdYGueDGc%3D", oauth_signature_method="HMAC-SHA1", oauth_timestamp="1371490228", oauth_version="1.0"
      Pulp-User: 
      - admin
      User-Agent: 
      - Ruby
  response: 
    status: 
      code: 200
      message: OK
    headers: 
      Date: 
      - Mon, 17 Jun 2013 17:30:28 GMT
      Server: 
      - Apache/2.4.4 (Fedora) OpenSSL/1.0.1e-fips PHP/5.4.14 mod_wsgi/3.4 Python/2.7.3 mod_perl/2.0.8-dev Perl/v5.16.3
      Content-Length: 
      - "1450"
      Content-Type: 
      - application/json
    body: 
      encoding: US-ASCII
      string: "{\"task_group_id\": \"55d17e39-434d-424d-8ab7-7d19f61cb0e8\", \"exception\": null, \"traceback\": null, \"_href\": \"/pulp/api/v2/tasks/99a1a9a0-158f-42ce-8379-ab671c80082b/\", \"task_id\": \"99a1a9a0-158f-42ce-8379-ab671c80082b\", \"call_request_tags\": [\"pulp:repository:1\", \"pulp:action:sync\"], \"reasons\": [], \"start_time\": \"2013-06-17T17:30:27Z\", \"tags\": [\"pulp:repository:1\", \"pulp:action:sync\"], \"state\": \"running\", \"finish_time\": null, \"dependency_failures\": {}, \"schedule_id\": null, \"progress\": {\"yum_importer\": {\"content\": {\"num_success\": 0, \"size_total\": 17872, \"items_left\": 11, \"items_total\": 11, \"state\": \"IN_PROGRESS\", \"size_left\": 17872, \"details\": {\"tree_file\": {\"num_success\": 0, \"size_total\": 0, \"items_left\": 3, \"items_total\": 3, \"size_left\": 0, \"num_error\": 0}, \"rpm\": {\"num_success\": 0, \"size_total\": 17872, \"items_left\": 8, \"items_total\": 8, \"size_left\": 17872, \"num_error\": 0}, \"delta_rpm\": {\"num_success\": 0, \"size_total\": 0, \"items_left\": 0, \"items_total\": 0, \"size_left\": 0, \"num_error\": 0}, \"file\": {\"num_success\": 0, \"size_total\": 0, \"items_left\": 0, \"items_total\": 0, \"size_left\": 0, \"num_error\": 0}}, \"error_details\": [], \"num_error\": 0}, \"comps\": {\"state\": \"NOT_STARTED\"}, \"errata\": {\"state\": \"NOT_STARTED\"}, \"metadata\": {\"state\": \"FINISHED\"}}}, \"call_request_group_id\": \"55d17e39-434d-424d-8ab7-7d19f61cb0e8\", \"call_request_id\": \"99a1a9a0-158f-42ce-8379-ab671c80082b\", \"principal_login\": \"admin\", \"response\": \"accepted\", \"result\": null}"
    http_version: 
  recorded_at: Mon, 17 Jun 2013 17:30:28 GMT
- request: 
    method: get
    uri: https://localhost/pulp/api/v2/tasks/99a1a9a0-158f-42ce-8379-ab671c80082b/
    body: 
      encoding: US-ASCII
      string: ""
    headers: 
      Accept: 
      - application/json
      Accept-Encoding: 
      - gzip, deflate
      Content-Type: 
      - application/json
      Authorization: 
      - OAuth oauth_consumer_key="katello", oauth_nonce="AuyKvHOo2EVjRfh8neAvshJWnM7vk1zdNaeq00HV0", oauth_signature="sKP1hGNLD4XMg0VR331uH8nXcDA%3D", oauth_signature_method="HMAC-SHA1", oauth_timestamp="1371490228", oauth_version="1.0"
      Pulp-User: 
      - admin
      User-Agent: 
      - Ruby
  response: 
    status: 
      code: 200
      message: OK
    headers: 
      Date: 
      - Mon, 17 Jun 2013 17:30:28 GMT
      Server: 
      - Apache/2.4.4 (Fedora) OpenSSL/1.0.1e-fips PHP/5.4.14 mod_wsgi/3.4 Python/2.7.3 mod_perl/2.0.8-dev Perl/v5.16.3
      Content-Length: 
      - "1456"
      Content-Type: 
      - application/json
    body: 
      encoding: US-ASCII
      string: "{\"task_group_id\": \"55d17e39-434d-424d-8ab7-7d19f61cb0e8\", \"exception\": null, \"traceback\": null, \"_href\": \"/pulp/api/v2/tasks/99a1a9a0-158f-42ce-8379-ab671c80082b/\", \"task_id\": \"99a1a9a0-158f-42ce-8379-ab671c80082b\", \"call_request_tags\": [\"pulp:repository:1\", \"pulp:action:sync\"], \"reasons\": [], \"start_time\": \"2013-06-17T17:30:27Z\", \"tags\": [\"pulp:repository:1\", \"pulp:action:sync\"], \"state\": \"running\", \"finish_time\": null, \"dependency_failures\": {}, \"schedule_id\": null, \"progress\": {\"yum_importer\": {\"content\": {\"num_success\": 11, \"size_total\": 17872, \"items_left\": 0, \"items_total\": 11, \"state\": \"FINISHED\", \"size_left\": 0, \"details\": {\"tree_file\": {\"num_success\": 3, \"size_total\": 0, \"items_left\": 0, \"items_total\": 3, \"size_left\": 0, \"num_error\": 0}, \"rpm\": {\"num_success\": 8, \"size_total\": 17872, \"items_left\": 0, \"items_total\": 8, \"size_left\": 0, \"num_error\": 0}, \"delta_rpm\": {\"num_success\": 0, \"size_total\": 0, \"items_left\": 0, \"items_total\": 0, \"size_left\": 0, \"num_error\": 0}, \"file\": {\"num_success\": 0, \"size_total\": 0, \"items_left\": 0, \"items_total\": 0, \"size_left\": 0, \"num_error\": 0}}, \"error_details\": [], \"num_error\": 0}, \"comps\": {\"state\": \"NOT_STARTED\"}, \"errata\": {\"state\": \"IN_PROGRESS\", \"num_errata\": 2}, \"metadata\": {\"state\": \"FINISHED\"}}}, \"call_request_group_id\": \"55d17e39-434d-424d-8ab7-7d19f61cb0e8\", \"call_request_id\": \"99a1a9a0-158f-42ce-8379-ab671c80082b\", \"principal_login\": \"admin\", \"response\": \"accepted\", \"result\": null}"
    http_version: 
  recorded_at: Mon, 17 Jun 2013 17:30:28 GMT
- request: 
    method: get
    uri: https://localhost/pulp/api/v2/tasks/99a1a9a0-158f-42ce-8379-ab671c80082b/
    body: 
      encoding: US-ASCII
      string: ""
    headers: 
      Accept: 
      - application/json
      Accept-Encoding: 
      - gzip, deflate
      Content-Type: 
      - application/json
      Authorization: 
      - OAuth oauth_consumer_key="katello", oauth_nonce="Xc53uGV7UhzfF5s37ZIs9ps1YXVYdDINKpUhTm0", oauth_signature="Oi9wGemyWAHH%2Bjq24nVKxpOv98I%3D", oauth_signature_method="HMAC-SHA1", oauth_timestamp="1371490229", oauth_version="1.0"
      Pulp-User: 
      - admin
      User-Agent: 
      - Ruby
  response: 
    status: 
      code: 200
      message: OK
    headers: 
      Date: 
      - Mon, 17 Jun 2013 17:30:29 GMT
      Server: 
      - Apache/2.4.4 (Fedora) OpenSSL/1.0.1e-fips PHP/5.4.14 mod_wsgi/3.4 Python/2.7.3 mod_perl/2.0.8-dev Perl/v5.16.3
      Content-Length: 
      - "3482"
      Content-Type: 
      - application/json
    body: 
      encoding: US-ASCII
      string: "{\"task_group_id\": \"55d17e39-434d-424d-8ab7-7d19f61cb0e8\", \"exception\": null, \"traceback\": null, \"_href\": \"/pulp/api/v2/tasks/99a1a9a0-158f-42ce-8379-ab671c80082b/\", \"task_id\": \"99a1a9a0-158f-42ce-8379-ab671c80082b\", \"call_request_tags\": [\"pulp:repository:1\", \"pulp:action:sync\"], \"reasons\": [], \"start_time\": \"2013-06-17T17:30:27Z\", \"tags\": [\"pulp:repository:1\", \"pulp:action:sync\"], \"state\": \"finished\", \"finish_time\": \"2013-06-17T17:30:28Z\", \"dependency_failures\": {}, \"schedule_id\": null, \"progress\": {\"yum_importer\": {\"content\": {\"num_success\": 11, \"size_total\": 17872, \"items_left\": 0, \"items_total\": 11, \"state\": \"FINISHED\", \"size_left\": 0, \"details\": {\"tree_file\": {\"num_success\": 3, \"size_total\": 0, \"items_left\": 0, \"items_total\": 3, \"size_left\": 0, \"num_error\": 0}, \"rpm\": {\"num_success\": 8, \"size_total\": 17872, \"items_left\": 0, \"items_total\": 8, \"size_left\": 0, \"num_error\": 0}, \"delta_rpm\": {\"num_success\": 0, \"size_total\": 0, \"items_left\": 0, \"items_total\": 0, \"size_left\": 0, \"num_error\": 0}, \"file\": {\"num_success\": 0, \"size_total\": 0, \"items_left\": 0, \"items_total\": 0, \"size_left\": 0, \"num_error\": 0}}, \"error_details\": [], \"num_error\": 0}, \"comps\": {\"state\": \"FINISHED\"}, \"errata\": {\"state\": \"FINISHED\", \"num_errata\": 2}, \"metadata\": {\"state\": \"FINISHED\"}}}, \"call_request_group_id\": \"55d17e39-434d-424d-8ab7-7d19f61cb0e8\", \"call_request_id\": \"99a1a9a0-158f-42ce-8379-ab671c80082b\", \"principal_login\": \"admin\", \"response\": \"accepted\", \"result\": {\"importer_id\": \"yum_importer\", \"exception\": null, \"repo_id\": \"1\", \"traceback\": null, \"started\": \"2013-06-17T13:30:27-04:00\", \"_ns\": \"repo_sync_results\", \"completed\": \"2013-06-17T13:30:28-04:00\", \"importer_type_id\": \"yum_importer\", \"error_message\": null, \"summary\": {\"comps\": {\"time_total_sec\": 0.027703046798706055, \"num_orphaned_groups\": 0, \"num_available_groups\": 2, \"num_new_groups\": 2, \"num_new_categories\": 1, \"num_orphaned_categories\": 0, \"num_available_categories\": 1}, \"packages\": {\"num_synced_new_rpms\": 8, \"num_resynced_distribution_files\": 0, \"num_not_synced_srpms\": 0, \"num_synced_new_distributions_files\": 3, \"num_rpms\": 8, \"num_not_synced_drpms\": 0, \"time_total_sec\": 1.2155790328979492, \"num_orphaned_distributions\": 0, \"num_orphaned_rpms\": 0, \"num_synced_new_srpms\": 0, \"num_synced_new_drpms\": 0, \"num_resynced_distributions\": 0, \"num_orphaned_srpms\": 0, \"num_resynced_rpms\": 0, \"num_synced_new_distributions\": 1, \"num_orphaned_drpms\": 0, \"num_resynced_srpms\": 0, \"num_resynced_drpms\": 0, \"removal_errors\": [], \"num_not_synced_rpms\": 0}, \"errata\": {\"errata_time_total_sec\": 0.036376953125, \"num_existing_errata\": 0, \"num_orphaned_errata\": 0, \"num_new_errata\": 0}}, \"added_count\": 0, \"result\": \"success\", \"updated_count\": 14, \"details\": {\"comps\": {}, \"packages\": {\"time_download_sec\": 0.565744161605835, \"not_synced\": [], \"time_metadata_sec\": 0.3728799819946289, \"size_total\": 17872, \"sync_report\": {\"errors\": 0, \"size_total\": 17872, \"successes\": 11, \"downloads\": 0, \"items_left\": 0, \"items_total\": 11, \"error_details\": [], \"details\": {\"tree_file\": {\"num_success\": 3, \"total_count\": 3, \"items_left\": 0, \"size_left\": 0, \"total_size_bytes\": 0, \"num_error\": 0}, \"rpm\": {\"num_success\": 8, \"total_count\": 8, \"items_left\": 0, \"size_left\": 0, \"total_size_bytes\": 17872, \"num_error\": 0}}, \"size_left\": 0}}, \"errata\": {\"num_bugfix_errata\": 0, \"link_report\": {\"missing_rpms\": [], \"linked_units\": []}, \"num_security_errata\": 0, \"num_enhancement_errata\": 0}}, \"id\": \"51bf47b4d60ea32d3740598b\", \"removed_count\": 0}}"
    http_version: 
  recorded_at: Mon, 17 Jun 2013 17:30:30 GMT
recorded_with: VCR 2.5.0
