--- 
http_interactions: 
- request: 
    method: get
    uri: https://dhcp231-16.rdu.redhat.com/pulp/api/v2/tasks/cb14a999-6885-485e-bdbb-5e14ab2bbbbc/
    body: 
      encoding: US-ASCII
      string: ""
    headers: 
      Accept: 
      - application/json
      Accept-Encoding: 
      - gzip, deflate
      Content-Type: 
      - application/json
      Authorization: 
      - OAuth oauth_consumer_key="katello", oauth_nonce="XnUlkVYC1AiOeerxFZfPzB9NgEgrakX0Im9EanfKSss", oauth_signature="A%2Fd8RT0p95DFnsMqDcUEIKUC2E8%3D", oauth_signature_method="HMAC-SHA1", oauth_timestamp="1363884709", oauth_version="1.0"
      Pulp-User: 
      - admin
      User-Agent: 
      - Ruby
  response: 
    status: 
      code: 200
      message: OK
    headers: 
      Date: 
      - Thu, 21 Mar 2013 16:51:50 GMT
      Server: 
      - Apache/2.2.22 (Fedora)
      Content-Length: 
      - "842"
      Content-Type: 
      - application/json
    body: 
      encoding: US-ASCII
      string: "{\"task_group_id\": \"50dcbff9-49b7-4355-bd00-5e5cf2944540\", \"exception\": null, \"traceback\": null, \"_href\": \"/pulp/api/v2/tasks/cb14a999-6885-485e-bdbb-5e14ab2bbbbc/\", \"task_id\": \"cb14a999-6885-485e-bdbb-5e14ab2bbbbc\", \"call_request_tags\": [\"pulp:repository:1\", \"pulp:action:sync\"], \"reasons\": [], \"start_time\": \"2013-03-21T16:51:49Z\", \"tags\": [\"pulp:repository:1\", \"pulp:action:sync\"], \"state\": \"running\", \"finish_time\": null, \"dependency_failures\": {}, \"schedule_id\": null, \"progress\": {\"yum_importer\": {\"content\": {\"state\": \"NOT_STARTED\"}, \"comps\": {\"state\": \"NOT_STARTED\"}, \"errata\": {\"state\": \"NOT_STARTED\"}, \"metadata\": {\"state\": \"IN_PROGRESS\"}}}, \"call_request_group_id\": \"50dcbff9-49b7-4355-bd00-5e5cf2944540\", \"call_request_id\": \"cb14a999-6885-485e-bdbb-5e14ab2bbbbc\", \"principal_login\": \"admin\", \"response\": \"accepted\", \"result\": null}"
    http_version: 
  recorded_at: Thu, 21 Mar 2013 16:51:50 GMT
- request: 
    method: get
    uri: https://dhcp231-16.rdu.redhat.com/pulp/api/v2/tasks/cb14a999-6885-485e-bdbb-5e14ab2bbbbc/
    body: 
      encoding: US-ASCII
      string: ""
    headers: 
      Accept: 
      - application/json
      Accept-Encoding: 
      - gzip, deflate
      Content-Type: 
      - application/json
      Authorization: 
      - OAuth oauth_consumer_key="katello", oauth_nonce="EDPAWkoKglqx4gTVUA5Cxvdngu3UZMYwcmTlYxFA", oauth_signature="ghx7jh35b0xrxRyhIu%2BwO7TvEA0%3D", oauth_signature_method="HMAC-SHA1", oauth_timestamp="1363884710", oauth_version="1.0"
      Pulp-User: 
      - admin
      User-Agent: 
      - Ruby
  response: 
    status: 
      code: 200
      message: OK
    headers: 
      Date: 
      - Thu, 21 Mar 2013 16:51:50 GMT
      Server: 
      - Apache/2.2.22 (Fedora)
      Content-Length: 
      - "842"
      Content-Type: 
      - application/json
    body: 
      encoding: US-ASCII
      string: "{\"task_group_id\": \"50dcbff9-49b7-4355-bd00-5e5cf2944540\", \"exception\": null, \"traceback\": null, \"_href\": \"/pulp/api/v2/tasks/cb14a999-6885-485e-bdbb-5e14ab2bbbbc/\", \"task_id\": \"cb14a999-6885-485e-bdbb-5e14ab2bbbbc\", \"call_request_tags\": [\"pulp:repository:1\", \"pulp:action:sync\"], \"reasons\": [], \"start_time\": \"2013-03-21T16:51:49Z\", \"tags\": [\"pulp:repository:1\", \"pulp:action:sync\"], \"state\": \"running\", \"finish_time\": null, \"dependency_failures\": {}, \"schedule_id\": null, \"progress\": {\"yum_importer\": {\"content\": {\"state\": \"NOT_STARTED\"}, \"comps\": {\"state\": \"NOT_STARTED\"}, \"errata\": {\"state\": \"NOT_STARTED\"}, \"metadata\": {\"state\": \"IN_PROGRESS\"}}}, \"call_request_group_id\": \"50dcbff9-49b7-4355-bd00-5e5cf2944540\", \"call_request_id\": \"cb14a999-6885-485e-bdbb-5e14ab2bbbbc\", \"principal_login\": \"admin\", \"response\": \"accepted\", \"result\": null}"
    http_version: 
  recorded_at: Thu, 21 Mar 2013 16:51:50 GMT
- request: 
    method: get
    uri: https://dhcp231-16.rdu.redhat.com/pulp/api/v2/tasks/cb14a999-6885-485e-bdbb-5e14ab2bbbbc/
    body: 
      encoding: US-ASCII
      string: ""
    headers: 
      Accept: 
      - application/json
      Accept-Encoding: 
      - gzip, deflate
      Content-Type: 
      - application/json
      Authorization: 
      - OAuth oauth_consumer_key="katello", oauth_nonce="ucZwLA67Mzuxc6MRYGmiFgrskwU0El9SFK5Pw9ZFNE", oauth_signature="ns1f%2F6xkNLyty6waeIis%2BrlSUg8%3D", oauth_signature_method="HMAC-SHA1", oauth_timestamp="1363884711", oauth_version="1.0"
      Pulp-User: 
      - admin
      User-Agent: 
      - Ruby
  response: 
    status: 
      code: 200
      message: OK
    headers: 
      Date: 
      - Thu, 21 Mar 2013 16:51:51 GMT
      Server: 
      - Apache/2.2.22 (Fedora)
      Content-Length: 
      - "839"
      Content-Type: 
      - application/json
    body: 
      encoding: US-ASCII
      string: "{\"task_group_id\": \"50dcbff9-49b7-4355-bd00-5e5cf2944540\", \"exception\": null, \"traceback\": null, \"_href\": \"/pulp/api/v2/tasks/cb14a999-6885-485e-bdbb-5e14ab2bbbbc/\", \"task_id\": \"cb14a999-6885-485e-bdbb-5e14ab2bbbbc\", \"call_request_tags\": [\"pulp:repository:1\", \"pulp:action:sync\"], \"reasons\": [], \"start_time\": \"2013-03-21T16:51:49Z\", \"tags\": [\"pulp:repository:1\", \"pulp:action:sync\"], \"state\": \"running\", \"finish_time\": null, \"dependency_failures\": {}, \"schedule_id\": null, \"progress\": {\"yum_importer\": {\"content\": {\"state\": \"NOT_STARTED\"}, \"comps\": {\"state\": \"NOT_STARTED\"}, \"errata\": {\"state\": \"NOT_STARTED\"}, \"metadata\": {\"state\": \"FINISHED\"}}}, \"call_request_group_id\": \"50dcbff9-49b7-4355-bd00-5e5cf2944540\", \"call_request_id\": \"cb14a999-6885-485e-bdbb-5e14ab2bbbbc\", \"principal_login\": \"admin\", \"response\": \"accepted\", \"result\": null}"
    http_version: 
  recorded_at: Thu, 21 Mar 2013 16:51:51 GMT
- request: 
    method: get
    uri: https://dhcp231-16.rdu.redhat.com/pulp/api/v2/tasks/cb14a999-6885-485e-bdbb-5e14ab2bbbbc/
    body: 
      encoding: US-ASCII
      string: ""
    headers: 
      Accept: 
      - application/json
      Accept-Encoding: 
      - gzip, deflate
      Content-Type: 
      - application/json
      Authorization: 
      - OAuth oauth_consumer_key="katello", oauth_nonce="2Bg1ZAjOgaWW7MrCTjPhgGjZ9jGYmqwR5wcrea5EL7s", oauth_signature="d9%2FGQk%2FTZZ2hgMiKxdo5lf7CP1Q%3D", oauth_signature_method="HMAC-SHA1", oauth_timestamp="1363884711", oauth_version="1.0"
      Pulp-User: 
      - admin
      User-Agent: 
      - Ruby
  response: 
    status: 
      code: 200
      message: OK
    headers: 
      Date: 
      - Thu, 21 Mar 2013 16:51:51 GMT
      Server: 
      - Apache/2.2.22 (Fedora)
      Content-Length: 
      - "1447"
      Content-Type: 
      - application/json
    body: 
      encoding: US-ASCII
      string: "{\"task_group_id\": \"50dcbff9-49b7-4355-bd00-5e5cf2944540\", \"exception\": null, \"traceback\": null, \"_href\": \"/pulp/api/v2/tasks/cb14a999-6885-485e-bdbb-5e14ab2bbbbc/\", \"task_id\": \"cb14a999-6885-485e-bdbb-5e14ab2bbbbc\", \"call_request_tags\": [\"pulp:repository:1\", \"pulp:action:sync\"], \"reasons\": [], \"start_time\": \"2013-03-21T16:51:49Z\", \"tags\": [\"pulp:repository:1\", \"pulp:action:sync\"], \"state\": \"running\", \"finish_time\": null, \"dependency_failures\": {}, \"schedule_id\": null, \"progress\": {\"yum_importer\": {\"content\": {\"num_success\": 4, \"size_total\": 17872, \"items_left\": 7, \"items_total\": 11, \"state\": \"IN_PROGRESS\", \"size_left\": 8928, \"details\": {\"tree_file\": {\"num_success\": 0, \"size_total\": 0, \"items_left\": 3, \"items_total\": 3, \"size_left\": 0, \"num_error\": 0}, \"rpm\": {\"num_success\": 4, \"size_total\": 17872, \"items_left\": 4, \"items_total\": 8, \"size_left\": 8928, \"num_error\": 0}, \"delta_rpm\": {\"num_success\": 0, \"size_total\": 0, \"items_left\": 0, \"items_total\": 0, \"size_left\": 0, \"num_error\": 0}, \"file\": {\"num_success\": 0, \"size_total\": 0, \"items_left\": 0, \"items_total\": 0, \"size_left\": 0, \"num_error\": 0}}, \"error_details\": [], \"num_error\": 0}, \"comps\": {\"state\": \"NOT_STARTED\"}, \"errata\": {\"state\": \"NOT_STARTED\"}, \"metadata\": {\"state\": \"FINISHED\"}}}, \"call_request_group_id\": \"50dcbff9-49b7-4355-bd00-5e5cf2944540\", \"call_request_id\": \"cb14a999-6885-485e-bdbb-5e14ab2bbbbc\", \"principal_login\": \"admin\", \"response\": \"accepted\", \"result\": null}"
    http_version: 
  recorded_at: Thu, 21 Mar 2013 16:51:51 GMT
- request: 
    method: get
    uri: https://dhcp231-16.rdu.redhat.com/pulp/api/v2/tasks/cb14a999-6885-485e-bdbb-5e14ab2bbbbc/
    body: 
      encoding: US-ASCII
      string: ""
    headers: 
      Accept: 
      - application/json
      Accept-Encoding: 
      - gzip, deflate
      Content-Type: 
      - application/json
      Authorization: 
      - OAuth oauth_consumer_key="katello", oauth_nonce="mZlKO71hyK5WTkHBvYWVQgGVLXzKQ1WuijGojeQsc", oauth_signature="yNeWlDTXEvpk6Uh60Rlf1Ik6UXo%3D", oauth_signature_method="HMAC-SHA1", oauth_timestamp="1363884712", oauth_version="1.0"
      Pulp-User: 
      - admin
      User-Agent: 
      - Ruby
  response: 
    status: 
      code: 200
      message: OK
    headers: 
      Date: 
      - Thu, 21 Mar 2013 16:51:52 GMT
      Server: 
      - Apache/2.2.22 (Fedora)
      Content-Length: 
      - "1453"
      Content-Type: 
      - application/json
    body: 
      encoding: US-ASCII
      string: "{\"task_group_id\": \"50dcbff9-49b7-4355-bd00-5e5cf2944540\", \"exception\": null, \"traceback\": null, \"_href\": \"/pulp/api/v2/tasks/cb14a999-6885-485e-bdbb-5e14ab2bbbbc/\", \"task_id\": \"cb14a999-6885-485e-bdbb-5e14ab2bbbbc\", \"call_request_tags\": [\"pulp:repository:1\", \"pulp:action:sync\"], \"reasons\": [], \"start_time\": \"2013-03-21T16:51:49Z\", \"tags\": [\"pulp:repository:1\", \"pulp:action:sync\"], \"state\": \"running\", \"finish_time\": null, \"dependency_failures\": {}, \"schedule_id\": null, \"progress\": {\"yum_importer\": {\"content\": {\"num_success\": 11, \"size_total\": 17872, \"items_left\": 0, \"items_total\": 11, \"state\": \"FINISHED\", \"size_left\": 0, \"details\": {\"tree_file\": {\"num_success\": 3, \"size_total\": 0, \"items_left\": 0, \"items_total\": 3, \"size_left\": 0, \"num_error\": 0}, \"rpm\": {\"num_success\": 8, \"size_total\": 17872, \"items_left\": 0, \"items_total\": 8, \"size_left\": 0, \"num_error\": 0}, \"delta_rpm\": {\"num_success\": 0, \"size_total\": 0, \"items_left\": 0, \"items_total\": 0, \"size_left\": 0, \"num_error\": 0}, \"file\": {\"num_success\": 0, \"size_total\": 0, \"items_left\": 0, \"items_total\": 0, \"size_left\": 0, \"num_error\": 0}}, \"error_details\": [], \"num_error\": 0}, \"comps\": {\"state\": \"IN_PROGRESS\"}, \"errata\": {\"state\": \"FINISHED\", \"num_errata\": 2}, \"metadata\": {\"state\": \"FINISHED\"}}}, \"call_request_group_id\": \"50dcbff9-49b7-4355-bd00-5e5cf2944540\", \"call_request_id\": \"cb14a999-6885-485e-bdbb-5e14ab2bbbbc\", \"principal_login\": \"admin\", \"response\": \"accepted\", \"result\": null}"
    http_version: 
  recorded_at: Thu, 21 Mar 2013 16:51:52 GMT
- request: 
    method: get
    uri: https://dhcp231-16.rdu.redhat.com/pulp/api/v2/tasks/cb14a999-6885-485e-bdbb-5e14ab2bbbbc/
    body: 
      encoding: US-ASCII
      string: ""
    headers: 
      Accept: 
      - application/json
      Accept-Encoding: 
      - gzip, deflate
      Content-Type: 
      - application/json
      Authorization: 
      - OAuth oauth_consumer_key="katello", oauth_nonce="Wc5dKfJ0YRtekdkxHeJAV02Ez4XsIiOgzVetDaHfA", oauth_signature="DehiKjaGIYA1ASfiTwTrsfXMCEc%3D", oauth_signature_method="HMAC-SHA1", oauth_timestamp="1363884713", oauth_version="1.0"
      Pulp-User: 
      - admin
      User-Agent: 
      - Ruby
  response: 
    status: 
      code: 200
      message: OK
    headers: 
      Date: 
      - Thu, 21 Mar 2013 16:51:53 GMT
      Server: 
      - Apache/2.2.22 (Fedora)
      Content-Length: 
      - "1469"
      Content-Type: 
      - application/json
    body: 
      encoding: US-ASCII
      string: "{\"task_group_id\": \"50dcbff9-49b7-4355-bd00-5e5cf2944540\", \"exception\": null, \"traceback\": null, \"_href\": \"/pulp/api/v2/tasks/cb14a999-6885-485e-bdbb-5e14ab2bbbbc/\", \"task_id\": \"cb14a999-6885-485e-bdbb-5e14ab2bbbbc\", \"call_request_tags\": [\"pulp:repository:1\", \"pulp:action:sync\"], \"reasons\": [], \"start_time\": \"2013-03-21T16:51:49Z\", \"tags\": [\"pulp:repository:1\", \"pulp:action:sync\"], \"state\": \"finished\", \"finish_time\": \"2013-03-21T16:51:52Z\", \"dependency_failures\": {}, \"schedule_id\": null, \"progress\": {\"yum_importer\": {\"content\": {\"num_success\": 11, \"size_total\": 17872, \"items_left\": 0, \"items_total\": 11, \"state\": \"FINISHED\", \"size_left\": 0, \"details\": {\"tree_file\": {\"num_success\": 3, \"size_total\": 0, \"items_left\": 0, \"items_total\": 3, \"size_left\": 0, \"num_error\": 0}, \"rpm\": {\"num_success\": 8, \"size_total\": 17872, \"items_left\": 0, \"items_total\": 8, \"size_left\": 0, \"num_error\": 0}, \"delta_rpm\": {\"num_success\": 0, \"size_total\": 0, \"items_left\": 0, \"items_total\": 0, \"size_left\": 0, \"num_error\": 0}, \"file\": {\"num_success\": 0, \"size_total\": 0, \"items_left\": 0, \"items_total\": 0, \"size_left\": 0, \"num_error\": 0}}, \"error_details\": [], \"num_error\": 0}, \"comps\": {\"state\": \"FINISHED\"}, \"errata\": {\"state\": \"FINISHED\", \"num_errata\": 2}, \"metadata\": {\"state\": \"FINISHED\"}}}, \"call_request_group_id\": \"50dcbff9-49b7-4355-bd00-5e5cf2944540\", \"call_request_id\": \"cb14a999-6885-485e-bdbb-5e14ab2bbbbc\", \"principal_login\": \"admin\", \"response\": \"accepted\", \"result\": null}"
    http_version: 
  recorded_at: Thu, 21 Mar 2013 16:51:53 GMT
- request: 
    method: get
    uri: https://dhcp231-16.rdu.redhat.com/pulp/api/v2/tasks/fe618bd9-46e8-47c2-9309-f68b24acc9c2/
    body: 
      encoding: US-ASCII
      string: ""
    headers: 
      Accept: 
      - application/json
      Accept-Encoding: 
      - gzip, deflate
      Content-Type: 
      - application/json
      Authorization: 
      - OAuth oauth_consumer_key="katello", oauth_nonce="vOLoourjXGgaRsopITYispiSz5bzXDH5XQS8qcukA", oauth_signature="lgH4knkliVD%2FuUewnF6JpFtqAAA%3D", oauth_signature_method="HMAC-SHA1", oauth_timestamp="1363884716", oauth_version="1.0"
      Pulp-User: 
      - admin
      User-Agent: 
      - Ruby
  response: 
    status: 
      code: 200
      message: OK
    headers: 
      Date: 
      - Thu, 21 Mar 2013 16:51:56 GMT
      Server: 
      - Apache/2.2.22 (Fedora)
      Content-Length: 
      - "842"
      Content-Type: 
      - application/json
    body: 
      encoding: US-ASCII
      string: "{\"task_group_id\": \"5d3eeb67-7a00-470a-bc6e-e29e43a1e286\", \"exception\": null, \"traceback\": null, \"_href\": \"/pulp/api/v2/tasks/fe618bd9-46e8-47c2-9309-f68b24acc9c2/\", \"task_id\": \"fe618bd9-46e8-47c2-9309-f68b24acc9c2\", \"call_request_tags\": [\"pulp:repository:1\", \"pulp:action:sync\"], \"reasons\": [], \"start_time\": \"2013-03-21T16:51:56Z\", \"tags\": [\"pulp:repository:1\", \"pulp:action:sync\"], \"state\": \"running\", \"finish_time\": null, \"dependency_failures\": {}, \"schedule_id\": null, \"progress\": {\"yum_importer\": {\"content\": {\"state\": \"NOT_STARTED\"}, \"comps\": {\"state\": \"NOT_STARTED\"}, \"errata\": {\"state\": \"NOT_STARTED\"}, \"metadata\": {\"state\": \"IN_PROGRESS\"}}}, \"call_request_group_id\": \"5d3eeb67-7a00-470a-bc6e-e29e43a1e286\", \"call_request_id\": \"fe618bd9-46e8-47c2-9309-f68b24acc9c2\", \"principal_login\": \"admin\", \"response\": \"accepted\", \"result\": null}"
    http_version: 
  recorded_at: Thu, 21 Mar 2013 16:51:56 GMT
- request: 
    method: get
    uri: https://dhcp231-16.rdu.redhat.com/pulp/api/v2/tasks/fe618bd9-46e8-47c2-9309-f68b24acc9c2/
    body: 
      encoding: US-ASCII
      string: ""
    headers: 
      Accept: 
      - application/json
      Accept-Encoding: 
      - gzip, deflate
      Content-Type: 
      - application/json
      Authorization: 
      - OAuth oauth_consumer_key="katello", oauth_nonce="gS1ioHNqgKskURaJunRbJPpeQYtLKxD6X2xG4Qr2s", oauth_signature="%2Fj%2BFx49uH5TRbmuN6CZlXFLKnxc%3D", oauth_signature_method="HMAC-SHA1", oauth_timestamp="1363884716", oauth_version="1.0"
      Pulp-User: 
      - admin
      User-Agent: 
      - Ruby
  response: 
    status: 
      code: 200
      message: OK
    headers: 
      Date: 
      - Thu, 21 Mar 2013 16:51:56 GMT
      Server: 
      - Apache/2.2.22 (Fedora)
      Content-Length: 
      - "1448"
      Content-Type: 
      - application/json
    body: 
      encoding: US-ASCII
      string: "{\"task_group_id\": \"5d3eeb67-7a00-470a-bc6e-e29e43a1e286\", \"exception\": null, \"traceback\": null, \"_href\": \"/pulp/api/v2/tasks/fe618bd9-46e8-47c2-9309-f68b24acc9c2/\", \"task_id\": \"fe618bd9-46e8-47c2-9309-f68b24acc9c2\", \"call_request_tags\": [\"pulp:repository:1\", \"pulp:action:sync\"], \"reasons\": [], \"start_time\": \"2013-03-21T16:51:56Z\", \"tags\": [\"pulp:repository:1\", \"pulp:action:sync\"], \"state\": \"running\", \"finish_time\": null, \"dependency_failures\": {}, \"schedule_id\": null, \"progress\": {\"yum_importer\": {\"content\": {\"num_success\": 10, \"size_total\": 17872, \"items_left\": 1, \"items_total\": 11, \"state\": \"IN_PROGRESS\", \"size_left\": 2232, \"details\": {\"tree_file\": {\"num_success\": 3, \"size_total\": 0, \"items_left\": 0, \"items_total\": 3, \"size_left\": 0, \"num_error\": 0}, \"rpm\": {\"num_success\": 7, \"size_total\": 17872, \"items_left\": 1, \"items_total\": 8, \"size_left\": 2232, \"num_error\": 0}, \"delta_rpm\": {\"num_success\": 0, \"size_total\": 0, \"items_left\": 0, \"items_total\": 0, \"size_left\": 0, \"num_error\": 0}, \"file\": {\"num_success\": 0, \"size_total\": 0, \"items_left\": 0, \"items_total\": 0, \"size_left\": 0, \"num_error\": 0}}, \"error_details\": [], \"num_error\": 0}, \"comps\": {\"state\": \"NOT_STARTED\"}, \"errata\": {\"state\": \"NOT_STARTED\"}, \"metadata\": {\"state\": \"FINISHED\"}}}, \"call_request_group_id\": \"5d3eeb67-7a00-470a-bc6e-e29e43a1e286\", \"call_request_id\": \"fe618bd9-46e8-47c2-9309-f68b24acc9c2\", \"principal_login\": \"admin\", \"response\": \"accepted\", \"result\": null}"
    http_version: 
  recorded_at: Thu, 21 Mar 2013 16:51:57 GMT
- request: 
    method: get
    uri: https://dhcp231-16.rdu.redhat.com/pulp/api/v2/tasks/fe618bd9-46e8-47c2-9309-f68b24acc9c2/
    body: 
      encoding: US-ASCII
      string: ""
    headers: 
      Accept: 
      - application/json
      Accept-Encoding: 
      - gzip, deflate
      Content-Type: 
      - application/json
      Authorization: 
      - OAuth oauth_consumer_key="katello", oauth_nonce="4ZjaDFCjgSAvA3fVHSBYIUtzPsR8EhBY6HQNVCdi0I", oauth_signature="aiGXUjJXsyKQ9LwFfMnDN6Eb1ro%3D", oauth_signature_method="HMAC-SHA1", oauth_timestamp="1363884717", oauth_version="1.0"
      Pulp-User: 
      - admin
      User-Agent: 
      - Ruby
  response: 
    status: 
      code: 200
      message: OK
    headers: 
      Date: 
      - Thu, 21 Mar 2013 16:51:57 GMT
      Server: 
      - Apache/2.2.22 (Fedora)
      Content-Length: 
      - "1469"
      Content-Type: 
      - application/json
    body: 
      encoding: US-ASCII
      string: "{\"task_group_id\": \"5d3eeb67-7a00-470a-bc6e-e29e43a1e286\", \"exception\": null, \"traceback\": null, \"_href\": \"/pulp/api/v2/tasks/fe618bd9-46e8-47c2-9309-f68b24acc9c2/\", \"task_id\": \"fe618bd9-46e8-47c2-9309-f68b24acc9c2\", \"call_request_tags\": [\"pulp:repository:1\", \"pulp:action:sync\"], \"reasons\": [], \"start_time\": \"2013-03-21T16:51:56Z\", \"tags\": [\"pulp:repository:1\", \"pulp:action:sync\"], \"state\": \"finished\", \"finish_time\": \"2013-03-21T16:51:57Z\", \"dependency_failures\": {}, \"schedule_id\": null, \"progress\": {\"yum_importer\": {\"content\": {\"num_success\": 11, \"size_total\": 17872, \"items_left\": 0, \"items_total\": 11, \"state\": \"FINISHED\", \"size_left\": 0, \"details\": {\"tree_file\": {\"num_success\": 3, \"size_total\": 0, \"items_left\": 0, \"items_total\": 3, \"size_left\": 0, \"num_error\": 0}, \"rpm\": {\"num_success\": 8, \"size_total\": 17872, \"items_left\": 0, \"items_total\": 8, \"size_left\": 0, \"num_error\": 0}, \"delta_rpm\": {\"num_success\": 0, \"size_total\": 0, \"items_left\": 0, \"items_total\": 0, \"size_left\": 0, \"num_error\": 0}, \"file\": {\"num_success\": 0, \"size_total\": 0, \"items_left\": 0, \"items_total\": 0, \"size_left\": 0, \"num_error\": 0}}, \"error_details\": [], \"num_error\": 0}, \"comps\": {\"state\": \"FINISHED\"}, \"errata\": {\"state\": \"FINISHED\", \"num_errata\": 2}, \"metadata\": {\"state\": \"FINISHED\"}}}, \"call_request_group_id\": \"5d3eeb67-7a00-470a-bc6e-e29e43a1e286\", \"call_request_id\": \"fe618bd9-46e8-47c2-9309-f68b24acc9c2\", \"principal_login\": \"admin\", \"response\": \"accepted\", \"result\": null}"
    http_version: 
  recorded_at: Thu, 21 Mar 2013 16:51:57 GMT
- request: 
    method: get
    uri: https://dhcp231-16.rdu.redhat.com/pulp/api/v2/tasks/748a7f98-166c-470c-b1f0-1988155031b1/
    body: 
      encoding: US-ASCII
      string: ""
    headers: 
      Accept: 
      - application/json
      Accept-Encoding: 
      - gzip, deflate
      Content-Type: 
      - application/json
      Authorization: 
      - OAuth oauth_consumer_key="katello", oauth_nonce="TQsOnxVyJZgOYqhwYdOkYW8eLDkXLwzAVIqrkwTziA", oauth_signature="biKY%2FXcgxM6H5fDajnEI5vs5x%2Bw%3D", oauth_signature_method="HMAC-SHA1", oauth_timestamp="1363884728", oauth_version="1.0"
      Pulp-User: 
      - admin
      User-Agent: 
      - Ruby
  response: 
    status: 
      code: 200
      message: OK
    headers: 
      Date: 
      - Thu, 21 Mar 2013 16:52:08 GMT
      Server: 
      - Apache/2.2.22 (Fedora)
      Content-Length: 
      - "842"
      Content-Type: 
      - application/json
    body: 
      encoding: US-ASCII
      string: "{\"task_group_id\": \"c71d7f9a-7eb2-4b9e-be5b-768df415e0e0\", \"exception\": null, \"traceback\": null, \"_href\": \"/pulp/api/v2/tasks/748a7f98-166c-470c-b1f0-1988155031b1/\", \"task_id\": \"748a7f98-166c-470c-b1f0-1988155031b1\", \"call_request_tags\": [\"pulp:repository:1\", \"pulp:action:sync\"], \"reasons\": [], \"start_time\": \"2013-03-21T16:52:08Z\", \"tags\": [\"pulp:repository:1\", \"pulp:action:sync\"], \"state\": \"running\", \"finish_time\": null, \"dependency_failures\": {}, \"schedule_id\": null, \"progress\": {\"yum_importer\": {\"content\": {\"state\": \"NOT_STARTED\"}, \"comps\": {\"state\": \"NOT_STARTED\"}, \"errata\": {\"state\": \"NOT_STARTED\"}, \"metadata\": {\"state\": \"IN_PROGRESS\"}}}, \"call_request_group_id\": \"c71d7f9a-7eb2-4b9e-be5b-768df415e0e0\", \"call_request_id\": \"748a7f98-166c-470c-b1f0-1988155031b1\", \"principal_login\": \"admin\", \"response\": \"accepted\", \"result\": null}"
    http_version: 
  recorded_at: Thu, 21 Mar 2013 16:52:08 GMT
- request: 
    method: get
    uri: https://dhcp231-16.rdu.redhat.com/pulp/api/v2/tasks/748a7f98-166c-470c-b1f0-1988155031b1/
    body: 
      encoding: US-ASCII
      string: ""
    headers: 
      Accept: 
      - application/json
      Accept-Encoding: 
      - gzip, deflate
      Content-Type: 
      - application/json
      Authorization: 
      - OAuth oauth_consumer_key="katello", oauth_nonce="aEJl5cEyo2tO86KefdpfhBCTLH4L64tq210ieBfzDs", oauth_signature="CE3h1vEi3vPE76wiwETTQawda3k%3D", oauth_signature_method="HMAC-SHA1", oauth_timestamp="1363884729", oauth_version="1.0"
      Pulp-User: 
      - admin
      User-Agent: 
      - Ruby
  response: 
    status: 
      code: 200
      message: OK
    headers: 
      Date: 
      - Thu, 21 Mar 2013 16:52:09 GMT
      Server: 
      - Apache/2.2.22 (Fedora)
      Content-Length: 
      - "1450"
      Content-Type: 
      - application/json
    body: 
      encoding: US-ASCII
      string: "{\"task_group_id\": \"c71d7f9a-7eb2-4b9e-be5b-768df415e0e0\", \"exception\": null, \"traceback\": null, \"_href\": \"/pulp/api/v2/tasks/748a7f98-166c-470c-b1f0-1988155031b1/\", \"task_id\": \"748a7f98-166c-470c-b1f0-1988155031b1\", \"call_request_tags\": [\"pulp:repository:1\", \"pulp:action:sync\"], \"reasons\": [], \"start_time\": \"2013-03-21T16:52:08Z\", \"tags\": [\"pulp:repository:1\", \"pulp:action:sync\"], \"state\": \"running\", \"finish_time\": null, \"dependency_failures\": {}, \"schedule_id\": null, \"progress\": {\"yum_importer\": {\"content\": {\"num_success\": 0, \"size_total\": 17872, \"items_left\": 11, \"items_total\": 11, \"state\": \"IN_PROGRESS\", \"size_left\": 17872, \"details\": {\"tree_file\": {\"num_success\": 0, \"size_total\": 0, \"items_left\": 3, \"items_total\": 3, \"size_left\": 0, \"num_error\": 0}, \"rpm\": {\"num_success\": 0, \"size_total\": 17872, \"items_left\": 8, \"items_total\": 8, \"size_left\": 17872, \"num_error\": 0}, \"delta_rpm\": {\"num_success\": 0, \"size_total\": 0, \"items_left\": 0, \"items_total\": 0, \"size_left\": 0, \"num_error\": 0}, \"file\": {\"num_success\": 0, \"size_total\": 0, \"items_left\": 0, \"items_total\": 0, \"size_left\": 0, \"num_error\": 0}}, \"error_details\": [], \"num_error\": 0}, \"comps\": {\"state\": \"NOT_STARTED\"}, \"errata\": {\"state\": \"NOT_STARTED\"}, \"metadata\": {\"state\": \"FINISHED\"}}}, \"call_request_group_id\": \"c71d7f9a-7eb2-4b9e-be5b-768df415e0e0\", \"call_request_id\": \"748a7f98-166c-470c-b1f0-1988155031b1\", \"principal_login\": \"admin\", \"response\": \"accepted\", \"result\": null}"
    http_version: 
  recorded_at: Thu, 21 Mar 2013 16:52:09 GMT
- request: 
    method: get
    uri: https://dhcp231-16.rdu.redhat.com/pulp/api/v2/tasks/748a7f98-166c-470c-b1f0-1988155031b1/
    body: 
      encoding: US-ASCII
      string: ""
    headers: 
      Accept: 
      - application/json
      Accept-Encoding: 
      - gzip, deflate
      Content-Type: 
      - application/json
      Authorization: 
      - OAuth oauth_consumer_key="katello", oauth_nonce="YVxKtHpCRbkdOZUfhfwSKLx96miGGzmFLTOkggy8Tk", oauth_signature="EYMovdKUt7VSif09na4OagA5czs%3D", oauth_signature_method="HMAC-SHA1", oauth_timestamp="1363884729", oauth_version="1.0"
      Pulp-User: 
      - admin
      User-Agent: 
      - Ruby
  response: 
    status: 
      code: 200
      message: OK
    headers: 
      Date: 
      - Thu, 21 Mar 2013 16:52:09 GMT
      Server: 
      - Apache/2.2.22 (Fedora)
      Content-Length: 
      - "1469"
      Content-Type: 
      - application/json
    body: 
      encoding: US-ASCII
      string: "{\"task_group_id\": \"c71d7f9a-7eb2-4b9e-be5b-768df415e0e0\", \"exception\": null, \"traceback\": null, \"_href\": \"/pulp/api/v2/tasks/748a7f98-166c-470c-b1f0-1988155031b1/\", \"task_id\": \"748a7f98-166c-470c-b1f0-1988155031b1\", \"call_request_tags\": [\"pulp:repository:1\", \"pulp:action:sync\"], \"reasons\": [], \"start_time\": \"2013-03-21T16:52:08Z\", \"tags\": [\"pulp:repository:1\", \"pulp:action:sync\"], \"state\": \"finished\", \"finish_time\": \"2013-03-21T16:52:09Z\", \"dependency_failures\": {}, \"schedule_id\": null, \"progress\": {\"yum_importer\": {\"content\": {\"num_success\": 11, \"size_total\": 17872, \"items_left\": 0, \"items_total\": 11, \"state\": \"FINISHED\", \"size_left\": 0, \"details\": {\"tree_file\": {\"num_success\": 3, \"size_total\": 0, \"items_left\": 0, \"items_total\": 3, \"size_left\": 0, \"num_error\": 0}, \"rpm\": {\"num_success\": 8, \"size_total\": 17872, \"items_left\": 0, \"items_total\": 8, \"size_left\": 0, \"num_error\": 0}, \"delta_rpm\": {\"num_success\": 0, \"size_total\": 0, \"items_left\": 0, \"items_total\": 0, \"size_left\": 0, \"num_error\": 0}, \"file\": {\"num_success\": 0, \"size_total\": 0, \"items_left\": 0, \"items_total\": 0, \"size_left\": 0, \"num_error\": 0}}, \"error_details\": [], \"num_error\": 0}, \"comps\": {\"state\": \"FINISHED\"}, \"errata\": {\"state\": \"FINISHED\", \"num_errata\": 2}, \"metadata\": {\"state\": \"FINISHED\"}}}, \"call_request_group_id\": \"c71d7f9a-7eb2-4b9e-be5b-768df415e0e0\", \"call_request_id\": \"748a7f98-166c-470c-b1f0-1988155031b1\", \"principal_login\": \"admin\", \"response\": \"accepted\", \"result\": null}"
    http_version: 
  recorded_at: Thu, 21 Mar 2013 16:52:10 GMT
- request: 
    method: get
    uri: https://dhcp231-16.rdu.redhat.com/pulp/api/v2/tasks/721687a3-ec1b-45b2-9267-b5e52a0468a6/
    body: 
      encoding: US-ASCII
      string: ""
    headers: 
      Accept: 
      - application/json
      Accept-Encoding: 
      - gzip, deflate
      Content-Type: 
      - application/json
      Authorization: 
      - OAuth oauth_consumer_key="katello", oauth_nonce="PM7fivRCOzxlwwr1KkJETiJxsIR5J0vCrYQX8bSeuyo", oauth_signature="6ccYscE932TxhsSqJMOR4%2BF1Ttk%3D", oauth_signature_method="HMAC-SHA1", oauth_timestamp="1363884750", oauth_version="1.0"
      Pulp-User: 
      - admin
      User-Agent: 
      - Ruby
  response: 
    status: 
      code: 200
      message: OK
    headers: 
      Date: 
      - Thu, 21 Mar 2013 16:52:30 GMT
      Server: 
      - Apache/2.2.22 (Fedora)
      Content-Length: 
      - "842"
      Content-Type: 
      - application/json
    body: 
      encoding: US-ASCII
      string: "{\"task_group_id\": \"6516c530-04bf-46de-b1d6-e03478f155f8\", \"exception\": null, \"traceback\": null, \"_href\": \"/pulp/api/v2/tasks/721687a3-ec1b-45b2-9267-b5e52a0468a6/\", \"task_id\": \"721687a3-ec1b-45b2-9267-b5e52a0468a6\", \"call_request_tags\": [\"pulp:repository:1\", \"pulp:action:sync\"], \"reasons\": [], \"start_time\": \"2013-03-21T16:52:30Z\", \"tags\": [\"pulp:repository:1\", \"pulp:action:sync\"], \"state\": \"running\", \"finish_time\": null, \"dependency_failures\": {}, \"schedule_id\": null, \"progress\": {\"yum_importer\": {\"content\": {\"state\": \"NOT_STARTED\"}, \"comps\": {\"state\": \"NOT_STARTED\"}, \"errata\": {\"state\": \"NOT_STARTED\"}, \"metadata\": {\"state\": \"IN_PROGRESS\"}}}, \"call_request_group_id\": \"6516c530-04bf-46de-b1d6-e03478f155f8\", \"call_request_id\": \"721687a3-ec1b-45b2-9267-b5e52a0468a6\", \"principal_login\": \"admin\", \"response\": \"accepted\", \"result\": null}"
    http_version: 
  recorded_at: Thu, 21 Mar 2013 16:52:31 GMT
- request: 
    method: get
    uri: https://dhcp231-16.rdu.redhat.com/pulp/api/v2/tasks/721687a3-ec1b-45b2-9267-b5e52a0468a6/
    body: 
      encoding: US-ASCII
      string: ""
    headers: 
      Accept: 
      - application/json
      Accept-Encoding: 
      - gzip, deflate
      Content-Type: 
      - application/json
      Authorization: 
      - OAuth oauth_consumer_key="katello", oauth_nonce="fLNDz3pKaTLFI0DTwsTqQVUSfyzC4AvOdxncmmvaknA", oauth_signature="%2BMPP8Ulk4%2BTdx2mfwlPZ9YtR%2FNg%3D", oauth_signature_method="HMAC-SHA1", oauth_timestamp="1363884751", oauth_version="1.0"
      Pulp-User: 
      - admin
      User-Agent: 
      - Ruby
  response: 
    status: 
      code: 200
      message: OK
    headers: 
      Date: 
      - Thu, 21 Mar 2013 16:52:31 GMT
      Server: 
      - Apache/2.2.22 (Fedora)
      Content-Length: 
      - "1450"
      Content-Type: 
      - application/json
    body: 
      encoding: US-ASCII
      string: "{\"task_group_id\": \"6516c530-04bf-46de-b1d6-e03478f155f8\", \"exception\": null, \"traceback\": null, \"_href\": \"/pulp/api/v2/tasks/721687a3-ec1b-45b2-9267-b5e52a0468a6/\", \"task_id\": \"721687a3-ec1b-45b2-9267-b5e52a0468a6\", \"call_request_tags\": [\"pulp:repository:1\", \"pulp:action:sync\"], \"reasons\": [], \"start_time\": \"2013-03-21T16:52:30Z\", \"tags\": [\"pulp:repository:1\", \"pulp:action:sync\"], \"state\": \"running\", \"finish_time\": null, \"dependency_failures\": {}, \"schedule_id\": null, \"progress\": {\"yum_importer\": {\"content\": {\"num_success\": 0, \"size_total\": 17872, \"items_left\": 11, \"items_total\": 11, \"state\": \"IN_PROGRESS\", \"size_left\": 17872, \"details\": {\"tree_file\": {\"num_success\": 0, \"size_total\": 0, \"items_left\": 3, \"items_total\": 3, \"size_left\": 0, \"num_error\": 0}, \"rpm\": {\"num_success\": 0, \"size_total\": 17872, \"items_left\": 8, \"items_total\": 8, \"size_left\": 17872, \"num_error\": 0}, \"delta_rpm\": {\"num_success\": 0, \"size_total\": 0, \"items_left\": 0, \"items_total\": 0, \"size_left\": 0, \"num_error\": 0}, \"file\": {\"num_success\": 0, \"size_total\": 0, \"items_left\": 0, \"items_total\": 0, \"size_left\": 0, \"num_error\": 0}}, \"error_details\": [], \"num_error\": 0}, \"comps\": {\"state\": \"NOT_STARTED\"}, \"errata\": {\"state\": \"NOT_STARTED\"}, \"metadata\": {\"state\": \"FINISHED\"}}}, \"call_request_group_id\": \"6516c530-04bf-46de-b1d6-e03478f155f8\", \"call_request_id\": \"721687a3-ec1b-45b2-9267-b5e52a0468a6\", \"principal_login\": \"admin\", \"response\": \"accepted\", \"result\": null}"
    http_version: 
  recorded_at: Thu, 21 Mar 2013 16:52:31 GMT
- request: 
    method: get
    uri: https://dhcp231-16.rdu.redhat.com/pulp/api/v2/tasks/721687a3-ec1b-45b2-9267-b5e52a0468a6/
    body: 
      encoding: US-ASCII
      string: ""
    headers: 
      Accept: 
      - application/json
      Accept-Encoding: 
      - gzip, deflate
      Content-Type: 
      - application/json
      Authorization: 
      - OAuth oauth_consumer_key="katello", oauth_nonce="VS4q6z8o0BVndONiKWX1j8HHaGhjQyqgZnmKOlILo4", oauth_signature="0at0Tv3tlO9cYqHe7vIQWxRaS3s%3D", oauth_signature_method="HMAC-SHA1", oauth_timestamp="1363884752", oauth_version="1.0"
      Pulp-User: 
      - admin
      User-Agent: 
      - Ruby
  response: 
    status: 
      code: 200
      message: OK
    headers: 
      Date: 
      - Thu, 21 Mar 2013 16:52:32 GMT
      Server: 
      - Apache/2.2.22 (Fedora)
      Content-Length: 
      - "1450"
      Content-Type: 
      - application/json
    body: 
      encoding: US-ASCII
      string: "{\"task_group_id\": \"6516c530-04bf-46de-b1d6-e03478f155f8\", \"exception\": null, \"traceback\": null, \"_href\": \"/pulp/api/v2/tasks/721687a3-ec1b-45b2-9267-b5e52a0468a6/\", \"task_id\": \"721687a3-ec1b-45b2-9267-b5e52a0468a6\", \"call_request_tags\": [\"pulp:repository:1\", \"pulp:action:sync\"], \"reasons\": [], \"start_time\": \"2013-03-21T16:52:30Z\", \"tags\": [\"pulp:repository:1\", \"pulp:action:sync\"], \"state\": \"running\", \"finish_time\": null, \"dependency_failures\": {}, \"schedule_id\": null, \"progress\": {\"yum_importer\": {\"content\": {\"num_success\": 11, \"size_total\": 17872, \"items_left\": 0, \"items_total\": 11, \"state\": \"FINISHED\", \"size_left\": 0, \"details\": {\"tree_file\": {\"num_success\": 3, \"size_total\": 0, \"items_left\": 0, \"items_total\": 3, \"size_left\": 0, \"num_error\": 0}, \"rpm\": {\"num_success\": 8, \"size_total\": 17872, \"items_left\": 0, \"items_total\": 8, \"size_left\": 0, \"num_error\": 0}, \"delta_rpm\": {\"num_success\": 0, \"size_total\": 0, \"items_left\": 0, \"items_total\": 0, \"size_left\": 0, \"num_error\": 0}, \"file\": {\"num_success\": 0, \"size_total\": 0, \"items_left\": 0, \"items_total\": 0, \"size_left\": 0, \"num_error\": 0}}, \"error_details\": [], \"num_error\": 0}, \"comps\": {\"state\": \"FINISHED\"}, \"errata\": {\"state\": \"FINISHED\", \"num_errata\": 2}, \"metadata\": {\"state\": \"FINISHED\"}}}, \"call_request_group_id\": \"6516c530-04bf-46de-b1d6-e03478f155f8\", \"call_request_id\": \"721687a3-ec1b-45b2-9267-b5e52a0468a6\", \"principal_login\": \"admin\", \"response\": \"accepted\", \"result\": null}"
    http_version: 
  recorded_at: Thu, 21 Mar 2013 16:52:32 GMT
- request: 
    method: get
    uri: https://dhcp231-16.rdu.redhat.com/pulp/api/v2/tasks/721687a3-ec1b-45b2-9267-b5e52a0468a6/
    body: 
      encoding: US-ASCII
      string: ""
    headers: 
      Accept: 
      - application/json
      Accept-Encoding: 
      - gzip, deflate
      Content-Type: 
      - application/json
      Authorization: 
      - OAuth oauth_consumer_key="katello", oauth_nonce="fQ3uYFRhm8TXBma2pn2X7A5QfrYmqZNMZdxQQjTQ", oauth_signature="XomVnu83EbpZuJpyJR6R8%2BOcf1o%3D", oauth_signature_method="HMAC-SHA1", oauth_timestamp="1363884752", oauth_version="1.0"
      Pulp-User: 
      - admin
      User-Agent: 
      - Ruby
  response: 
    status: 
      code: 200
      message: OK
    headers: 
      Date: 
      - Thu, 21 Mar 2013 16:52:32 GMT
      Server: 
      - Apache/2.2.22 (Fedora)
      Content-Length: 
      - "1469"
      Content-Type: 
      - application/json
    body: 
      encoding: US-ASCII
      string: "{\"task_group_id\": \"6516c530-04bf-46de-b1d6-e03478f155f8\", \"exception\": null, \"traceback\": null, \"_href\": \"/pulp/api/v2/tasks/721687a3-ec1b-45b2-9267-b5e52a0468a6/\", \"task_id\": \"721687a3-ec1b-45b2-9267-b5e52a0468a6\", \"call_request_tags\": [\"pulp:repository:1\", \"pulp:action:sync\"], \"reasons\": [], \"start_time\": \"2013-03-21T16:52:30Z\", \"tags\": [\"pulp:repository:1\", \"pulp:action:sync\"], \"state\": \"finished\", \"finish_time\": \"2013-03-21T16:52:32Z\", \"dependency_failures\": {}, \"schedule_id\": null, \"progress\": {\"yum_importer\": {\"content\": {\"num_success\": 11, \"size_total\": 17872, \"items_left\": 0, \"items_total\": 11, \"state\": \"FINISHED\", \"size_left\": 0, \"details\": {\"tree_file\": {\"num_success\": 3, \"size_total\": 0, \"items_left\": 0, \"items_total\": 3, \"size_left\": 0, \"num_error\": 0}, \"rpm\": {\"num_success\": 8, \"size_total\": 17872, \"items_left\": 0, \"items_total\": 8, \"size_left\": 0, \"num_error\": 0}, \"delta_rpm\": {\"num_success\": 0, \"size_total\": 0, \"items_left\": 0, \"items_total\": 0, \"size_left\": 0, \"num_error\": 0}, \"file\": {\"num_success\": 0, \"size_total\": 0, \"items_left\": 0, \"items_total\": 0, \"size_left\": 0, \"num_error\": 0}}, \"error_details\": [], \"num_error\": 0}, \"comps\": {\"state\": \"FINISHED\"}, \"errata\": {\"state\": \"FINISHED\", \"num_errata\": 2}, \"metadata\": {\"state\": \"FINISHED\"}}}, \"call_request_group_id\": \"6516c530-04bf-46de-b1d6-e03478f155f8\", \"call_request_id\": \"721687a3-ec1b-45b2-9267-b5e52a0468a6\", \"principal_login\": \"admin\", \"response\": \"accepted\", \"result\": null}"
    http_version: 
  recorded_at: Thu, 21 Mar 2013 16:52:32 GMT
- request: 
    method: get
    uri: https://dhcp231-16.rdu.redhat.com/pulp/api/v2/tasks/b8d940cc-10d5-40eb-a77b-ceed253be499/
    body: 
      encoding: US-ASCII
      string: ""
    headers: 
      Accept: 
      - application/json
      Accept-Encoding: 
      - gzip, deflate
      Content-Type: 
      - application/json
      Authorization: 
      - OAuth oauth_consumer_key="katello", oauth_nonce="tMTlCRcVWI5kZae2WCF5vX89AYsdQP1jAUMnKlBEou0", oauth_signature="nhSb4r2Fan4%2BzLffKjX4vJR0LHc%3D", oauth_signature_method="HMAC-SHA1", oauth_timestamp="1363884754", oauth_version="1.0"
      Pulp-User: 
      - admin
      User-Agent: 
      - Ruby
  response: 
    status: 
      code: 200
      message: OK
    headers: 
      Date: 
      - Thu, 21 Mar 2013 16:52:34 GMT
      Server: 
      - Apache/2.2.22 (Fedora)
      Content-Length: 
      - "842"
      Content-Type: 
      - application/json
    body: 
      encoding: US-ASCII
      string: "{\"task_group_id\": \"1f721b9a-82f2-4fa2-81e7-ef76012bcaf5\", \"exception\": null, \"traceback\": null, \"_href\": \"/pulp/api/v2/tasks/b8d940cc-10d5-40eb-a77b-ceed253be499/\", \"task_id\": \"b8d940cc-10d5-40eb-a77b-ceed253be499\", \"call_request_tags\": [\"pulp:repository:1\", \"pulp:action:sync\"], \"reasons\": [], \"start_time\": \"2013-03-21T16:52:34Z\", \"tags\": [\"pulp:repository:1\", \"pulp:action:sync\"], \"state\": \"running\", \"finish_time\": null, \"dependency_failures\": {}, \"schedule_id\": null, \"progress\": {\"yum_importer\": {\"content\": {\"state\": \"NOT_STARTED\"}, \"comps\": {\"state\": \"NOT_STARTED\"}, \"errata\": {\"state\": \"NOT_STARTED\"}, \"metadata\": {\"state\": \"IN_PROGRESS\"}}}, \"call_request_group_id\": \"1f721b9a-82f2-4fa2-81e7-ef76012bcaf5\", \"call_request_id\": \"b8d940cc-10d5-40eb-a77b-ceed253be499\", \"principal_login\": \"admin\", \"response\": \"accepted\", \"result\": null}"
    http_version: 
  recorded_at: Thu, 21 Mar 2013 16:52:34 GMT
- request: 
    method: get
    uri: https://dhcp231-16.rdu.redhat.com/pulp/api/v2/tasks/b8d940cc-10d5-40eb-a77b-ceed253be499/
    body: 
      encoding: US-ASCII
      string: ""
    headers: 
      Accept: 
      - application/json
      Accept-Encoding: 
      - gzip, deflate
      Content-Type: 
      - application/json
      Authorization: 
      - OAuth oauth_consumer_key="katello", oauth_nonce="HX4o3hZMIq76tzQkmt1Fr27MI7BL8f9yPVrAXUKPM", oauth_signature="3ntiwVyUwzr9v68OuKW6MskYOBc%3D", oauth_signature_method="HMAC-SHA1", oauth_timestamp="1363884754", oauth_version="1.0"
      Pulp-User: 
      - admin
      User-Agent: 
      - Ruby
  response: 
    status: 
      code: 200
      message: OK
    headers: 
      Date: 
      - Thu, 21 Mar 2013 16:52:34 GMT
      Server: 
      - Apache/2.2.22 (Fedora)
      Content-Length: 
      - "1449"
      Content-Type: 
      - application/json
    body: 
      encoding: US-ASCII
      string: "{\"task_group_id\": \"1f721b9a-82f2-4fa2-81e7-ef76012bcaf5\", \"exception\": null, \"traceback\": null, \"_href\": \"/pulp/api/v2/tasks/b8d940cc-10d5-40eb-a77b-ceed253be499/\", \"task_id\": \"b8d940cc-10d5-40eb-a77b-ceed253be499\", \"call_request_tags\": [\"pulp:repository:1\", \"pulp:action:sync\"], \"reasons\": [], \"start_time\": \"2013-03-21T16:52:34Z\", \"tags\": [\"pulp:repository:1\", \"pulp:action:sync\"], \"state\": \"running\", \"finish_time\": null, \"dependency_failures\": {}, \"schedule_id\": null, \"progress\": {\"yum_importer\": {\"content\": {\"num_success\": 2, \"size_total\": 17872, \"items_left\": 9, \"items_total\": 11, \"state\": \"IN_PROGRESS\", \"size_left\": 13404, \"details\": {\"tree_file\": {\"num_success\": 0, \"size_total\": 0, \"items_left\": 3, \"items_total\": 3, \"size_left\": 0, \"num_error\": 0}, \"rpm\": {\"num_success\": 2, \"size_total\": 17872, \"items_left\": 6, \"items_total\": 8, \"size_left\": 13404, \"num_error\": 0}, \"delta_rpm\": {\"num_success\": 0, \"size_total\": 0, \"items_left\": 0, \"items_total\": 0, \"size_left\": 0, \"num_error\": 0}, \"file\": {\"num_success\": 0, \"size_total\": 0, \"items_left\": 0, \"items_total\": 0, \"size_left\": 0, \"num_error\": 0}}, \"error_details\": [], \"num_error\": 0}, \"comps\": {\"state\": \"NOT_STARTED\"}, \"errata\": {\"state\": \"NOT_STARTED\"}, \"metadata\": {\"state\": \"FINISHED\"}}}, \"call_request_group_id\": \"1f721b9a-82f2-4fa2-81e7-ef76012bcaf5\", \"call_request_id\": \"b8d940cc-10d5-40eb-a77b-ceed253be499\", \"principal_login\": \"admin\", \"response\": \"accepted\", \"result\": null}"
    http_version: 
  recorded_at: Thu, 21 Mar 2013 16:52:34 GMT
- request: 
    method: get
    uri: https://dhcp231-16.rdu.redhat.com/pulp/api/v2/tasks/b8d940cc-10d5-40eb-a77b-ceed253be499/
    body: 
      encoding: US-ASCII
      string: ""
    headers: 
      Accept: 
      - application/json
      Accept-Encoding: 
      - gzip, deflate
      Content-Type: 
      - application/json
      Authorization: 
      - OAuth oauth_consumer_key="katello", oauth_nonce="5RsczyaUUsFs55k7Nz4upj15nS1H1pSGgTefsRyd24", oauth_signature="7Rb9nz2PpL0KDCnYnzx%2BtgWkEGk%3D", oauth_signature_method="HMAC-SHA1", oauth_timestamp="1363884755", oauth_version="1.0"
      Pulp-User: 
      - admin
      User-Agent: 
      - Ruby
  response: 
    status: 
      code: 200
      message: OK
    headers: 
      Date: 
      - Thu, 21 Mar 2013 16:52:35 GMT
      Server: 
      - Apache/2.2.22 (Fedora)
      Content-Length: 
      - "1469"
      Content-Type: 
      - application/json
    body: 
      encoding: US-ASCII
      string: "{\"task_group_id\": \"1f721b9a-82f2-4fa2-81e7-ef76012bcaf5\", \"exception\": null, \"traceback\": null, \"_href\": \"/pulp/api/v2/tasks/b8d940cc-10d5-40eb-a77b-ceed253be499/\", \"task_id\": \"b8d940cc-10d5-40eb-a77b-ceed253be499\", \"call_request_tags\": [\"pulp:repository:1\", \"pulp:action:sync\"], \"reasons\": [], \"start_time\": \"2013-03-21T16:52:34Z\", \"tags\": [\"pulp:repository:1\", \"pulp:action:sync\"], \"state\": \"finished\", \"finish_time\": \"2013-03-21T16:52:35Z\", \"dependency_failures\": {}, \"schedule_id\": null, \"progress\": {\"yum_importer\": {\"content\": {\"num_success\": 11, \"size_total\": 17872, \"items_left\": 0, \"items_total\": 11, \"state\": \"FINISHED\", \"size_left\": 0, \"details\": {\"tree_file\": {\"num_success\": 3, \"size_total\": 0, \"items_left\": 0, \"items_total\": 3, \"size_left\": 0, \"num_error\": 0}, \"rpm\": {\"num_success\": 8, \"size_total\": 17872, \"items_left\": 0, \"items_total\": 8, \"size_left\": 0, \"num_error\": 0}, \"delta_rpm\": {\"num_success\": 0, \"size_total\": 0, \"items_left\": 0, \"items_total\": 0, \"size_left\": 0, \"num_error\": 0}, \"file\": {\"num_success\": 0, \"size_total\": 0, \"items_left\": 0, \"items_total\": 0, \"size_left\": 0, \"num_error\": 0}}, \"error_details\": [], \"num_error\": 0}, \"comps\": {\"state\": \"FINISHED\"}, \"errata\": {\"state\": \"FINISHED\", \"num_errata\": 2}, \"metadata\": {\"state\": \"FINISHED\"}}}, \"call_request_group_id\": \"1f721b9a-82f2-4fa2-81e7-ef76012bcaf5\", \"call_request_id\": \"b8d940cc-10d5-40eb-a77b-ceed253be499\", \"principal_login\": \"admin\", \"response\": \"accepted\", \"result\": null}"
    http_version: 
  recorded_at: Thu, 21 Mar 2013 16:52:35 GMT
- request: 
    method: get
    uri: https://dhcp231-16.rdu.redhat.com/pulp/api/v2/tasks/b59de434-5718-42a3-a042-78c0508ecd1f/
    body: 
      encoding: US-ASCII
      string: ""
    headers: 
      Accept: 
      - application/json
      Accept-Encoding: 
      - gzip, deflate
      Content-Type: 
      - application/json
      Authorization: 
      - OAuth oauth_consumer_key="katello", oauth_nonce="dac5EBom8kYEHr54moYFy361exv3EI5QK3c9RYlL334", oauth_signature="ejuY%2BV5QLJ1ifsLGY59Bn1EYxIQ%3D", oauth_signature_method="HMAC-SHA1", oauth_timestamp="1363884756", oauth_version="1.0"
      Pulp-User: 
      - admin
      User-Agent: 
      - Ruby
  response: 
    status: 
      code: 200
      message: OK
    headers: 
      Date: 
      - Thu, 21 Mar 2013 16:52:36 GMT
      Server: 
      - Apache/2.2.22 (Fedora)
      Content-Length: 
      - "842"
      Content-Type: 
      - application/json
    body: 
      encoding: US-ASCII
      string: "{\"task_group_id\": \"eca93a5f-eded-4ba8-bad7-37ab66dea69a\", \"exception\": null, \"traceback\": null, \"_href\": \"/pulp/api/v2/tasks/b59de434-5718-42a3-a042-78c0508ecd1f/\", \"task_id\": \"b59de434-5718-42a3-a042-78c0508ecd1f\", \"call_request_tags\": [\"pulp:repository:1\", \"pulp:action:sync\"], \"reasons\": [], \"start_time\": \"2013-03-21T16:52:36Z\", \"tags\": [\"pulp:repository:1\", \"pulp:action:sync\"], \"state\": \"running\", \"finish_time\": null, \"dependency_failures\": {}, \"schedule_id\": null, \"progress\": {\"yum_importer\": {\"content\": {\"state\": \"NOT_STARTED\"}, \"comps\": {\"state\": \"NOT_STARTED\"}, \"errata\": {\"state\": \"NOT_STARTED\"}, \"metadata\": {\"state\": \"IN_PROGRESS\"}}}, \"call_request_group_id\": \"eca93a5f-eded-4ba8-bad7-37ab66dea69a\", \"call_request_id\": \"b59de434-5718-42a3-a042-78c0508ecd1f\", \"principal_login\": \"admin\", \"response\": \"accepted\", \"result\": null}"
    http_version: 
  recorded_at: Thu, 21 Mar 2013 16:52:36 GMT
- request: 
    method: get
    uri: https://dhcp231-16.rdu.redhat.com/pulp/api/v2/tasks/b59de434-5718-42a3-a042-78c0508ecd1f/
    body: 
      encoding: US-ASCII
      string: ""
    headers: 
      Accept: 
      - application/json
      Accept-Encoding: 
      - gzip, deflate
      Content-Type: 
      - application/json
      Authorization: 
      - OAuth oauth_consumer_key="katello", oauth_nonce="0etcCZGpZOtShXupXNULL0chMvyvyLyWja53G5Zo", oauth_signature="5zs1TTAg6nWf%2BCcO%2FC3FTUbVrcE%3D", oauth_signature_method="HMAC-SHA1", oauth_timestamp="1363884757", oauth_version="1.0"
      Pulp-User: 
      - admin
      User-Agent: 
      - Ruby
  response: 
    status: 
      code: 200
      message: OK
    headers: 
      Date: 
      - Thu, 21 Mar 2013 16:52:37 GMT
      Server: 
      - Apache/2.2.22 (Fedora)
      Content-Length: 
      - "1450"
      Content-Type: 
      - application/json
    body: 
      encoding: US-ASCII
      string: "{\"task_group_id\": \"eca93a5f-eded-4ba8-bad7-37ab66dea69a\", \"exception\": null, \"traceback\": null, \"_href\": \"/pulp/api/v2/tasks/b59de434-5718-42a3-a042-78c0508ecd1f/\", \"task_id\": \"b59de434-5718-42a3-a042-78c0508ecd1f\", \"call_request_tags\": [\"pulp:repository:1\", \"pulp:action:sync\"], \"reasons\": [], \"start_time\": \"2013-03-21T16:52:36Z\", \"tags\": [\"pulp:repository:1\", \"pulp:action:sync\"], \"state\": \"running\", \"finish_time\": null, \"dependency_failures\": {}, \"schedule_id\": null, \"progress\": {\"yum_importer\": {\"content\": {\"num_success\": 1, \"size_total\": 17872, \"items_left\": 10, \"items_total\": 11, \"state\": \"IN_PROGRESS\", \"size_left\": 15628, \"details\": {\"tree_file\": {\"num_success\": 0, \"size_total\": 0, \"items_left\": 3, \"items_total\": 3, \"size_left\": 0, \"num_error\": 0}, \"rpm\": {\"num_success\": 1, \"size_total\": 17872, \"items_left\": 7, \"items_total\": 8, \"size_left\": 15628, \"num_error\": 0}, \"delta_rpm\": {\"num_success\": 0, \"size_total\": 0, \"items_left\": 0, \"items_total\": 0, \"size_left\": 0, \"num_error\": 0}, \"file\": {\"num_success\": 0, \"size_total\": 0, \"items_left\": 0, \"items_total\": 0, \"size_left\": 0, \"num_error\": 0}}, \"error_details\": [], \"num_error\": 0}, \"comps\": {\"state\": \"NOT_STARTED\"}, \"errata\": {\"state\": \"NOT_STARTED\"}, \"metadata\": {\"state\": \"FINISHED\"}}}, \"call_request_group_id\": \"eca93a5f-eded-4ba8-bad7-37ab66dea69a\", \"call_request_id\": \"b59de434-5718-42a3-a042-78c0508ecd1f\", \"principal_login\": \"admin\", \"response\": \"accepted\", \"result\": null}"
    http_version: 
  recorded_at: Thu, 21 Mar 2013 16:52:37 GMT
- request: 
    method: get
    uri: https://dhcp231-16.rdu.redhat.com/pulp/api/v2/tasks/b59de434-5718-42a3-a042-78c0508ecd1f/
    body: 
      encoding: US-ASCII
      string: ""
    headers: 
      Accept: 
      - application/json
      Accept-Encoding: 
      - gzip, deflate
      Content-Type: 
      - application/json
      Authorization: 
      - OAuth oauth_consumer_key="katello", oauth_nonce="VEgjtJeyyF8FfBHvljfNgAdH2vsYVk0xuTnNCknPgs", oauth_signature="WE%2FL4w85XKHxCwoYtpzyJlXmr7A%3D", oauth_signature_method="HMAC-SHA1", oauth_timestamp="1363884758", oauth_version="1.0"
      Pulp-User: 
      - admin
      User-Agent: 
      - Ruby
  response: 
    status: 
      code: 200
      message: OK
    headers: 
      Date: 
      - Thu, 21 Mar 2013 16:52:38 GMT
      Server: 
      - Apache/2.2.22 (Fedora)
      Content-Length: 
      - "1469"
      Content-Type: 
      - application/json
    body: 
      encoding: US-ASCII
      string: "{\"task_group_id\": \"eca93a5f-eded-4ba8-bad7-37ab66dea69a\", \"exception\": null, \"traceback\": null, \"_href\": \"/pulp/api/v2/tasks/b59de434-5718-42a3-a042-78c0508ecd1f/\", \"task_id\": \"b59de434-5718-42a3-a042-78c0508ecd1f\", \"call_request_tags\": [\"pulp:repository:1\", \"pulp:action:sync\"], \"reasons\": [], \"start_time\": \"2013-03-21T16:52:36Z\", \"tags\": [\"pulp:repository:1\", \"pulp:action:sync\"], \"state\": \"finished\", \"finish_time\": \"2013-03-21T16:52:38Z\", \"dependency_failures\": {}, \"schedule_id\": null, \"progress\": {\"yum_importer\": {\"content\": {\"num_success\": 11, \"size_total\": 17872, \"items_left\": 0, \"items_total\": 11, \"state\": \"FINISHED\", \"size_left\": 0, \"details\": {\"tree_file\": {\"num_success\": 3, \"size_total\": 0, \"items_left\": 0, \"items_total\": 3, \"size_left\": 0, \"num_error\": 0}, \"rpm\": {\"num_success\": 8, \"size_total\": 17872, \"items_left\": 0, \"items_total\": 8, \"size_left\": 0, \"num_error\": 0}, \"delta_rpm\": {\"num_success\": 0, \"size_total\": 0, \"items_left\": 0, \"items_total\": 0, \"size_left\": 0, \"num_error\": 0}, \"file\": {\"num_success\": 0, \"size_total\": 0, \"items_left\": 0, \"items_total\": 0, \"size_left\": 0, \"num_error\": 0}}, \"error_details\": [], \"num_error\": 0}, \"comps\": {\"state\": \"FINISHED\"}, \"errata\": {\"state\": \"FINISHED\", \"num_errata\": 2}, \"metadata\": {\"state\": \"FINISHED\"}}}, \"call_request_group_id\": \"eca93a5f-eded-4ba8-bad7-37ab66dea69a\", \"call_request_id\": \"b59de434-5718-42a3-a042-78c0508ecd1f\", \"principal_login\": \"admin\", \"response\": \"accepted\", \"result\": null}"
    http_version: 
  recorded_at: Thu, 21 Mar 2013 16:52:38 GMT
- request: 
    method: get
    uri: https://dhcp231-16.rdu.redhat.com/pulp/api/v2/tasks/7afb1cf9-7f91-4e2b-8e20-a4541ad6cb05/
    body: 
      encoding: US-ASCII
      string: ""
    headers: 
      Accept: 
      - application/json
      Accept-Encoding: 
      - gzip, deflate
      Content-Type: 
      - application/json
      Authorization: 
      - OAuth oauth_consumer_key="katello", oauth_nonce="cteQuodKUMJmoZGuWmBkm8sohfFvnw4Ff5EYw", oauth_signature="%2F9NjOsDNjUH7uie%2BLxBd6m1k5LU%3D", oauth_signature_method="HMAC-SHA1", oauth_timestamp="1363884760", oauth_version="1.0"
      Pulp-User: 
      - admin
      User-Agent: 
      - Ruby
  response: 
    status: 
      code: 200
      message: OK
    headers: 
      Date: 
      - Thu, 21 Mar 2013 16:52:40 GMT
      Server: 
      - Apache/2.2.22 (Fedora)
      Content-Length: 
      - "842"
      Content-Type: 
      - application/json
    body: 
      encoding: US-ASCII
      string: "{\"task_group_id\": \"307472fd-1439-4f2c-adbd-82081b89c07a\", \"exception\": null, \"traceback\": null, \"_href\": \"/pulp/api/v2/tasks/7afb1cf9-7f91-4e2b-8e20-a4541ad6cb05/\", \"task_id\": \"7afb1cf9-7f91-4e2b-8e20-a4541ad6cb05\", \"call_request_tags\": [\"pulp:repository:1\", \"pulp:action:sync\"], \"reasons\": [], \"start_time\": \"2013-03-21T16:52:40Z\", \"tags\": [\"pulp:repository:1\", \"pulp:action:sync\"], \"state\": \"running\", \"finish_time\": null, \"dependency_failures\": {}, \"schedule_id\": null, \"progress\": {\"yum_importer\": {\"content\": {\"state\": \"NOT_STARTED\"}, \"comps\": {\"state\": \"NOT_STARTED\"}, \"errata\": {\"state\": \"NOT_STARTED\"}, \"metadata\": {\"state\": \"IN_PROGRESS\"}}}, \"call_request_group_id\": \"307472fd-1439-4f2c-adbd-82081b89c07a\", \"call_request_id\": \"7afb1cf9-7f91-4e2b-8e20-a4541ad6cb05\", \"principal_login\": \"admin\", \"response\": \"accepted\", \"result\": null}"
    http_version: 
  recorded_at: Thu, 21 Mar 2013 16:52:40 GMT
- request: 
    method: get
    uri: https://dhcp231-16.rdu.redhat.com/pulp/api/v2/tasks/7afb1cf9-7f91-4e2b-8e20-a4541ad6cb05/
    body: 
      encoding: US-ASCII
      string: ""
    headers: 
      Accept: 
      - application/json
      Accept-Encoding: 
      - gzip, deflate
      Content-Type: 
      - application/json
      Authorization: 
      - OAuth oauth_consumer_key="katello", oauth_nonce="kN63YY49fcUeSW7C2K0KcuGANbvtNPaMfCtAhVru8", oauth_signature="zN0F97rz6oTN%2F4SUo35g39lrzFw%3D", oauth_signature_method="HMAC-SHA1", oauth_timestamp="1363884760", oauth_version="1.0"
      Pulp-User: 
      - admin
      User-Agent: 
      - Ruby
  response: 
    status: 
      code: 200
      message: OK
    headers: 
      Date: 
      - Thu, 21 Mar 2013 16:52:40 GMT
      Server: 
      - Apache/2.2.22 (Fedora)
      Content-Length: 
      - "1449"
      Content-Type: 
      - application/json
    body: 
      encoding: US-ASCII
      string: "{\"task_group_id\": \"307472fd-1439-4f2c-adbd-82081b89c07a\", \"exception\": null, \"traceback\": null, \"_href\": \"/pulp/api/v2/tasks/7afb1cf9-7f91-4e2b-8e20-a4541ad6cb05/\", \"task_id\": \"7afb1cf9-7f91-4e2b-8e20-a4541ad6cb05\", \"call_request_tags\": [\"pulp:repository:1\", \"pulp:action:sync\"], \"reasons\": [], \"start_time\": \"2013-03-21T16:52:40Z\", \"tags\": [\"pulp:repository:1\", \"pulp:action:sync\"], \"state\": \"running\", \"finish_time\": null, \"dependency_failures\": {}, \"schedule_id\": null, \"progress\": {\"yum_importer\": {\"content\": {\"num_success\": 2, \"size_total\": 17872, \"items_left\": 9, \"items_total\": 11, \"state\": \"IN_PROGRESS\", \"size_left\": 13428, \"details\": {\"tree_file\": {\"num_success\": 0, \"size_total\": 0, \"items_left\": 3, \"items_total\": 3, \"size_left\": 0, \"num_error\": 0}, \"rpm\": {\"num_success\": 2, \"size_total\": 17872, \"items_left\": 6, \"items_total\": 8, \"size_left\": 13428, \"num_error\": 0}, \"delta_rpm\": {\"num_success\": 0, \"size_total\": 0, \"items_left\": 0, \"items_total\": 0, \"size_left\": 0, \"num_error\": 0}, \"file\": {\"num_success\": 0, \"size_total\": 0, \"items_left\": 0, \"items_total\": 0, \"size_left\": 0, \"num_error\": 0}}, \"error_details\": [], \"num_error\": 0}, \"comps\": {\"state\": \"NOT_STARTED\"}, \"errata\": {\"state\": \"NOT_STARTED\"}, \"metadata\": {\"state\": \"FINISHED\"}}}, \"call_request_group_id\": \"307472fd-1439-4f2c-adbd-82081b89c07a\", \"call_request_id\": \"7afb1cf9-7f91-4e2b-8e20-a4541ad6cb05\", \"principal_login\": \"admin\", \"response\": \"accepted\", \"result\": null}"
    http_version: 
  recorded_at: Thu, 21 Mar 2013 16:52:40 GMT
- request: 
    method: get
    uri: https://dhcp231-16.rdu.redhat.com/pulp/api/v2/tasks/7afb1cf9-7f91-4e2b-8e20-a4541ad6cb05/
    body: 
      encoding: US-ASCII
      string: ""
    headers: 
      Accept: 
      - application/json
      Accept-Encoding: 
      - gzip, deflate
      Content-Type: 
      - application/json
      Authorization: 
      - OAuth oauth_consumer_key="katello", oauth_nonce="r1hlFZnZbhiC3oji737QxX9wXbHhPlSCDZrBLTumM", oauth_signature="vmxahvQ25zOAVe%2BNUaK7Anqru7s%3D", oauth_signature_method="HMAC-SHA1", oauth_timestamp="1363884761", oauth_version="1.0"
      Pulp-User: 
      - admin
      User-Agent: 
      - Ruby
  response: 
    status: 
      code: 200
      message: OK
    headers: 
      Date: 
      - Thu, 21 Mar 2013 16:52:41 GMT
      Server: 
      - Apache/2.2.22 (Fedora)
      Content-Length: 
      - "1469"
      Content-Type: 
      - application/json
    body: 
      encoding: US-ASCII
      string: "{\"task_group_id\": \"307472fd-1439-4f2c-adbd-82081b89c07a\", \"exception\": null, \"traceback\": null, \"_href\": \"/pulp/api/v2/tasks/7afb1cf9-7f91-4e2b-8e20-a4541ad6cb05/\", \"task_id\": \"7afb1cf9-7f91-4e2b-8e20-a4541ad6cb05\", \"call_request_tags\": [\"pulp:repository:1\", \"pulp:action:sync\"], \"reasons\": [], \"start_time\": \"2013-03-21T16:52:40Z\", \"tags\": [\"pulp:repository:1\", \"pulp:action:sync\"], \"state\": \"finished\", \"finish_time\": \"2013-03-21T16:52:41Z\", \"dependency_failures\": {}, \"schedule_id\": null, \"progress\": {\"yum_importer\": {\"content\": {\"num_success\": 11, \"size_total\": 17872, \"items_left\": 0, \"items_total\": 11, \"state\": \"FINISHED\", \"size_left\": 0, \"details\": {\"tree_file\": {\"num_success\": 3, \"size_total\": 0, \"items_left\": 0, \"items_total\": 3, \"size_left\": 0, \"num_error\": 0}, \"rpm\": {\"num_success\": 8, \"size_total\": 17872, \"items_left\": 0, \"items_total\": 8, \"size_left\": 0, \"num_error\": 0}, \"delta_rpm\": {\"num_success\": 0, \"size_total\": 0, \"items_left\": 0, \"items_total\": 0, \"size_left\": 0, \"num_error\": 0}, \"file\": {\"num_success\": 0, \"size_total\": 0, \"items_left\": 0, \"items_total\": 0, \"size_left\": 0, \"num_error\": 0}}, \"error_details\": [], \"num_error\": 0}, \"comps\": {\"state\": \"FINISHED\"}, \"errata\": {\"state\": \"FINISHED\", \"num_errata\": 2}, \"metadata\": {\"state\": \"FINISHED\"}}}, \"call_request_group_id\": \"307472fd-1439-4f2c-adbd-82081b89c07a\", \"call_request_id\": \"7afb1cf9-7f91-4e2b-8e20-a4541ad6cb05\", \"principal_login\": \"admin\", \"response\": \"accepted\", \"result\": null}"
    http_version: 
  recorded_at: Thu, 21 Mar 2013 16:52:41 GMT
- request: 
    method: get
    uri: https://dhcp231-16.rdu.redhat.com/pulp/api/v2/tasks/1ddec7e4-4cf6-4197-9adc-a2391aba8935/
    body: 
      encoding: US-ASCII
      string: ""
    headers: 
      Accept: 
      - application/json
      Accept-Encoding: 
      - gzip, deflate
      Content-Type: 
      - application/json
      Authorization: 
      - OAuth oauth_consumer_key="katello", oauth_nonce="dZeaYkbSkcTdBZgFQJRIo2QniJqTOwjlpYEbIV2QUM", oauth_signature="wVOKvkS5khs%2BzELe9nPK98DQ%2FQ8%3D", oauth_signature_method="HMAC-SHA1", oauth_timestamp="1363884763", oauth_version="1.0"
      Pulp-User: 
      - admin
      User-Agent: 
      - Ruby
  response: 
    status: 
      code: 200
      message: OK
    headers: 
      Date: 
      - Thu, 21 Mar 2013 16:52:43 GMT
      Server: 
      - Apache/2.2.22 (Fedora)
      Content-Length: 
      - "842"
      Content-Type: 
      - application/json
    body: 
      encoding: US-ASCII
      string: "{\"task_group_id\": \"a7a29cb1-0f8d-47f3-96ee-7d779b396c9a\", \"exception\": null, \"traceback\": null, \"_href\": \"/pulp/api/v2/tasks/1ddec7e4-4cf6-4197-9adc-a2391aba8935/\", \"task_id\": \"1ddec7e4-4cf6-4197-9adc-a2391aba8935\", \"call_request_tags\": [\"pulp:repository:1\", \"pulp:action:sync\"], \"reasons\": [], \"start_time\": \"2013-03-21T16:52:43Z\", \"tags\": [\"pulp:repository:1\", \"pulp:action:sync\"], \"state\": \"running\", \"finish_time\": null, \"dependency_failures\": {}, \"schedule_id\": null, \"progress\": {\"yum_importer\": {\"content\": {\"state\": \"NOT_STARTED\"}, \"comps\": {\"state\": \"NOT_STARTED\"}, \"errata\": {\"state\": \"NOT_STARTED\"}, \"metadata\": {\"state\": \"IN_PROGRESS\"}}}, \"call_request_group_id\": \"a7a29cb1-0f8d-47f3-96ee-7d779b396c9a\", \"call_request_id\": \"1ddec7e4-4cf6-4197-9adc-a2391aba8935\", \"principal_login\": \"admin\", \"response\": \"accepted\", \"result\": null}"
    http_version: 
  recorded_at: Thu, 21 Mar 2013 16:52:43 GMT
- request: 
    method: get
    uri: https://dhcp231-16.rdu.redhat.com/pulp/api/v2/tasks/1ddec7e4-4cf6-4197-9adc-a2391aba8935/
    body: 
      encoding: US-ASCII
      string: ""
    headers: 
      Accept: 
      - application/json
      Accept-Encoding: 
      - gzip, deflate
      Content-Type: 
      - application/json
      Authorization: 
      - OAuth oauth_consumer_key="katello", oauth_nonce="1rEYZTTbc6ty4rU8ON4EyjShRW8FLnxfiO0v0O2uh4", oauth_signature="X7ytbkX9BnREnCFPtbQAkLjSbtg%3D", oauth_signature_method="HMAC-SHA1", oauth_timestamp="1363884763", oauth_version="1.0"
      Pulp-User: 
      - admin
      User-Agent: 
      - Ruby
  response: 
    status: 
      code: 200
      message: OK
    headers: 
      Date: 
      - Thu, 21 Mar 2013 16:52:43 GMT
      Server: 
      - Apache/2.2.22 (Fedora)
      Content-Length: 
      - "1449"
      Content-Type: 
      - application/json
    body: 
      encoding: US-ASCII
      string: "{\"task_group_id\": \"a7a29cb1-0f8d-47f3-96ee-7d779b396c9a\", \"exception\": null, \"traceback\": null, \"_href\": \"/pulp/api/v2/tasks/1ddec7e4-4cf6-4197-9adc-a2391aba8935/\", \"task_id\": \"1ddec7e4-4cf6-4197-9adc-a2391aba8935\", \"call_request_tags\": [\"pulp:repository:1\", \"pulp:action:sync\"], \"reasons\": [], \"start_time\": \"2013-03-21T16:52:43Z\", \"tags\": [\"pulp:repository:1\", \"pulp:action:sync\"], \"state\": \"running\", \"finish_time\": null, \"dependency_failures\": {}, \"schedule_id\": null, \"progress\": {\"yum_importer\": {\"content\": {\"num_success\": 2, \"size_total\": 17872, \"items_left\": 9, \"items_total\": 11, \"state\": \"IN_PROGRESS\", \"size_left\": 13428, \"details\": {\"tree_file\": {\"num_success\": 0, \"size_total\": 0, \"items_left\": 3, \"items_total\": 3, \"size_left\": 0, \"num_error\": 0}, \"rpm\": {\"num_success\": 2, \"size_total\": 17872, \"items_left\": 6, \"items_total\": 8, \"size_left\": 13428, \"num_error\": 0}, \"delta_rpm\": {\"num_success\": 0, \"size_total\": 0, \"items_left\": 0, \"items_total\": 0, \"size_left\": 0, \"num_error\": 0}, \"file\": {\"num_success\": 0, \"size_total\": 0, \"items_left\": 0, \"items_total\": 0, \"size_left\": 0, \"num_error\": 0}}, \"error_details\": [], \"num_error\": 0}, \"comps\": {\"state\": \"NOT_STARTED\"}, \"errata\": {\"state\": \"NOT_STARTED\"}, \"metadata\": {\"state\": \"FINISHED\"}}}, \"call_request_group_id\": \"a7a29cb1-0f8d-47f3-96ee-7d779b396c9a\", \"call_request_id\": \"1ddec7e4-4cf6-4197-9adc-a2391aba8935\", \"principal_login\": \"admin\", \"response\": \"accepted\", \"result\": null}"
    http_version: 
  recorded_at: Thu, 21 Mar 2013 16:52:43 GMT
- request: 
    method: get
    uri: https://dhcp231-16.rdu.redhat.com/pulp/api/v2/tasks/1ddec7e4-4cf6-4197-9adc-a2391aba8935/
    body: 
      encoding: US-ASCII
      string: ""
    headers: 
      Accept: 
      - application/json
      Accept-Encoding: 
      - gzip, deflate
      Content-Type: 
      - application/json
      Authorization: 
      - OAuth oauth_consumer_key="katello", oauth_nonce="tByxxfumbzq9ZFulqYoi4UCKsbiOgsHgCQShrHZt6M", oauth_signature="ShZpfTmHT7HsFAGBoTdgYeBDGHg%3D", oauth_signature_method="HMAC-SHA1", oauth_timestamp="1363884764", oauth_version="1.0"
      Pulp-User: 
      - admin
      User-Agent: 
      - Ruby
  response: 
    status: 
      code: 200
      message: OK
    headers: 
      Date: 
      - Thu, 21 Mar 2013 16:52:44 GMT
      Server: 
      - Apache/2.2.22 (Fedora)
      Content-Length: 
      - "1453"
      Content-Type: 
      - application/json
    body: 
      encoding: US-ASCII
      string: "{\"task_group_id\": \"a7a29cb1-0f8d-47f3-96ee-7d779b396c9a\", \"exception\": null, \"traceback\": null, \"_href\": \"/pulp/api/v2/tasks/1ddec7e4-4cf6-4197-9adc-a2391aba8935/\", \"task_id\": \"1ddec7e4-4cf6-4197-9adc-a2391aba8935\", \"call_request_tags\": [\"pulp:repository:1\", \"pulp:action:sync\"], \"reasons\": [], \"start_time\": \"2013-03-21T16:52:43Z\", \"tags\": [\"pulp:repository:1\", \"pulp:action:sync\"], \"state\": \"running\", \"finish_time\": null, \"dependency_failures\": {}, \"schedule_id\": null, \"progress\": {\"yum_importer\": {\"content\": {\"num_success\": 11, \"size_total\": 17872, \"items_left\": 0, \"items_total\": 11, \"state\": \"FINISHED\", \"size_left\": 0, \"details\": {\"tree_file\": {\"num_success\": 3, \"size_total\": 0, \"items_left\": 0, \"items_total\": 3, \"size_left\": 0, \"num_error\": 0}, \"rpm\": {\"num_success\": 8, \"size_total\": 17872, \"items_left\": 0, \"items_total\": 8, \"size_left\": 0, \"num_error\": 0}, \"delta_rpm\": {\"num_success\": 0, \"size_total\": 0, \"items_left\": 0, \"items_total\": 0, \"size_left\": 0, \"num_error\": 0}, \"file\": {\"num_success\": 0, \"size_total\": 0, \"items_left\": 0, \"items_total\": 0, \"size_left\": 0, \"num_error\": 0}}, \"error_details\": [], \"num_error\": 0}, \"comps\": {\"state\": \"IN_PROGRESS\"}, \"errata\": {\"state\": \"FINISHED\", \"num_errata\": 2}, \"metadata\": {\"state\": \"FINISHED\"}}}, \"call_request_group_id\": \"a7a29cb1-0f8d-47f3-96ee-7d779b396c9a\", \"call_request_id\": \"1ddec7e4-4cf6-4197-9adc-a2391aba8935\", \"principal_login\": \"admin\", \"response\": \"accepted\", \"result\": null}"
    http_version: 
  recorded_at: Thu, 21 Mar 2013 16:52:44 GMT
- request: 
    method: get
    uri: https://dhcp231-16.rdu.redhat.com/pulp/api/v2/tasks/1ddec7e4-4cf6-4197-9adc-a2391aba8935/
    body: 
      encoding: US-ASCII
      string: ""
    headers: 
      Accept: 
      - application/json
      Accept-Encoding: 
      - gzip, deflate
      Content-Type: 
      - application/json
      Authorization: 
      - OAuth oauth_consumer_key="katello", oauth_nonce="uGMb2q9MhH2m3bdEDLZAybwjWJtURQ9QjMoMc8BXM", oauth_signature="HDS%2Fz7IA6wgwHKPiCmVPUhTQkPA%3D", oauth_signature_method="HMAC-SHA1", oauth_timestamp="1363884764", oauth_version="1.0"
      Pulp-User: 
      - admin
      User-Agent: 
      - Ruby
  response: 
    status: 
      code: 200
      message: OK
    headers: 
      Date: 
      - Thu, 21 Mar 2013 16:52:44 GMT
      Server: 
      - Apache/2.2.22 (Fedora)
      Content-Length: 
      - "1469"
      Content-Type: 
      - application/json
    body: 
      encoding: US-ASCII
      string: "{\"task_group_id\": \"a7a29cb1-0f8d-47f3-96ee-7d779b396c9a\", \"exception\": null, \"traceback\": null, \"_href\": \"/pulp/api/v2/tasks/1ddec7e4-4cf6-4197-9adc-a2391aba8935/\", \"task_id\": \"1ddec7e4-4cf6-4197-9adc-a2391aba8935\", \"call_request_tags\": [\"pulp:repository:1\", \"pulp:action:sync\"], \"reasons\": [], \"start_time\": \"2013-03-21T16:52:43Z\", \"tags\": [\"pulp:repository:1\", \"pulp:action:sync\"], \"state\": \"finished\", \"finish_time\": \"2013-03-21T16:52:44Z\", \"dependency_failures\": {}, \"schedule_id\": null, \"progress\": {\"yum_importer\": {\"content\": {\"num_success\": 11, \"size_total\": 17872, \"items_left\": 0, \"items_total\": 11, \"state\": \"FINISHED\", \"size_left\": 0, \"details\": {\"tree_file\": {\"num_success\": 3, \"size_total\": 0, \"items_left\": 0, \"items_total\": 3, \"size_left\": 0, \"num_error\": 0}, \"rpm\": {\"num_success\": 8, \"size_total\": 17872, \"items_left\": 0, \"items_total\": 8, \"size_left\": 0, \"num_error\": 0}, \"delta_rpm\": {\"num_success\": 0, \"size_total\": 0, \"items_left\": 0, \"items_total\": 0, \"size_left\": 0, \"num_error\": 0}, \"file\": {\"num_success\": 0, \"size_total\": 0, \"items_left\": 0, \"items_total\": 0, \"size_left\": 0, \"num_error\": 0}}, \"error_details\": [], \"num_error\": 0}, \"comps\": {\"state\": \"FINISHED\"}, \"errata\": {\"state\": \"FINISHED\", \"num_errata\": 2}, \"metadata\": {\"state\": \"FINISHED\"}}}, \"call_request_group_id\": \"a7a29cb1-0f8d-47f3-96ee-7d779b396c9a\", \"call_request_id\": \"1ddec7e4-4cf6-4197-9adc-a2391aba8935\", \"principal_login\": \"admin\", \"response\": \"accepted\", \"result\": null}"
    http_version: 
  recorded_at: Thu, 21 Mar 2013 16:52:44 GMT
- request: 
    method: get
    uri: https://dhcp231-16.rdu.redhat.com/pulp/api/v2/tasks/e967ada9-a1a0-4785-a42f-de91cfa6d43a/
    body: 
      encoding: US-ASCII
      string: ""
    headers: 
      Accept: 
      - application/json
      Accept-Encoding: 
      - gzip, deflate
      Content-Type: 
      - application/json
      Authorization: 
      - OAuth oauth_consumer_key="katello", oauth_nonce="HAmUtsjNF9Ndo1eyfjMGLuDDCD6Uec2VViUcQdHvVtQ", oauth_signature="SvYIgGgizJ3mWYkhnRsxv1vHq5s%3D", oauth_signature_method="HMAC-SHA1", oauth_timestamp="1363884767", oauth_version="1.0"
      Pulp-User: 
      - admin
      User-Agent: 
      - Ruby
  response: 
    status: 
      code: 200
      message: OK
    headers: 
      Date: 
      - Thu, 21 Mar 2013 16:52:47 GMT
      Server: 
      - Apache/2.2.22 (Fedora)
      Content-Length: 
      - "842"
      Content-Type: 
      - application/json
    body: 
      encoding: US-ASCII
      string: "{\"task_group_id\": \"e04947da-271a-49be-81d4-220212ae1778\", \"exception\": null, \"traceback\": null, \"_href\": \"/pulp/api/v2/tasks/e967ada9-a1a0-4785-a42f-de91cfa6d43a/\", \"task_id\": \"e967ada9-a1a0-4785-a42f-de91cfa6d43a\", \"call_request_tags\": [\"pulp:repository:1\", \"pulp:action:sync\"], \"reasons\": [], \"start_time\": \"2013-03-21T16:52:47Z\", \"tags\": [\"pulp:repository:1\", \"pulp:action:sync\"], \"state\": \"running\", \"finish_time\": null, \"dependency_failures\": {}, \"schedule_id\": null, \"progress\": {\"yum_importer\": {\"content\": {\"state\": \"NOT_STARTED\"}, \"comps\": {\"state\": \"NOT_STARTED\"}, \"errata\": {\"state\": \"NOT_STARTED\"}, \"metadata\": {\"state\": \"IN_PROGRESS\"}}}, \"call_request_group_id\": \"e04947da-271a-49be-81d4-220212ae1778\", \"call_request_id\": \"e967ada9-a1a0-4785-a42f-de91cfa6d43a\", \"principal_login\": \"admin\", \"response\": \"accepted\", \"result\": null}"
    http_version: 
  recorded_at: Thu, 21 Mar 2013 16:52:47 GMT
- request: 
    method: get
    uri: https://dhcp231-16.rdu.redhat.com/pulp/api/v2/tasks/e967ada9-a1a0-4785-a42f-de91cfa6d43a/
    body: 
      encoding: US-ASCII
      string: ""
    headers: 
      Accept: 
      - application/json
      Accept-Encoding: 
      - gzip, deflate
      Content-Type: 
      - application/json
      Authorization: 
      - OAuth oauth_consumer_key="katello", oauth_nonce="tFl4IBMPQYnxIsXCzr24SJKdQISDGlieGm19g4PNk", oauth_signature="MQ5HbghrC4smGzBOMu8NNyatZfw%3D", oauth_signature_method="HMAC-SHA1", oauth_timestamp="1363884767", oauth_version="1.0"
      Pulp-User: 
      - admin
      User-Agent: 
      - Ruby
  response: 
    status: 
      code: 200
      message: OK
    headers: 
      Date: 
      - Thu, 21 Mar 2013 16:52:47 GMT
      Server: 
      - Apache/2.2.22 (Fedora)
      Content-Length: 
      - "1449"
      Content-Type: 
      - application/json
    body: 
      encoding: US-ASCII
      string: "{\"task_group_id\": \"e04947da-271a-49be-81d4-220212ae1778\", \"exception\": null, \"traceback\": null, \"_href\": \"/pulp/api/v2/tasks/e967ada9-a1a0-4785-a42f-de91cfa6d43a/\", \"task_id\": \"e967ada9-a1a0-4785-a42f-de91cfa6d43a\", \"call_request_tags\": [\"pulp:repository:1\", \"pulp:action:sync\"], \"reasons\": [], \"start_time\": \"2013-03-21T16:52:47Z\", \"tags\": [\"pulp:repository:1\", \"pulp:action:sync\"], \"state\": \"running\", \"finish_time\": null, \"dependency_failures\": {}, \"schedule_id\": null, \"progress\": {\"yum_importer\": {\"content\": {\"num_success\": 2, \"size_total\": 17872, \"items_left\": 9, \"items_total\": 11, \"state\": \"IN_PROGRESS\", \"size_left\": 13416, \"details\": {\"tree_file\": {\"num_success\": 0, \"size_total\": 0, \"items_left\": 3, \"items_total\": 3, \"size_left\": 0, \"num_error\": 0}, \"rpm\": {\"num_success\": 2, \"size_total\": 17872, \"items_left\": 6, \"items_total\": 8, \"size_left\": 13416, \"num_error\": 0}, \"delta_rpm\": {\"num_success\": 0, \"size_total\": 0, \"items_left\": 0, \"items_total\": 0, \"size_left\": 0, \"num_error\": 0}, \"file\": {\"num_success\": 0, \"size_total\": 0, \"items_left\": 0, \"items_total\": 0, \"size_left\": 0, \"num_error\": 0}}, \"error_details\": [], \"num_error\": 0}, \"comps\": {\"state\": \"NOT_STARTED\"}, \"errata\": {\"state\": \"NOT_STARTED\"}, \"metadata\": {\"state\": \"FINISHED\"}}}, \"call_request_group_id\": \"e04947da-271a-49be-81d4-220212ae1778\", \"call_request_id\": \"e967ada9-a1a0-4785-a42f-de91cfa6d43a\", \"principal_login\": \"admin\", \"response\": \"accepted\", \"result\": null}"
    http_version: 
  recorded_at: Thu, 21 Mar 2013 16:52:47 GMT
- request: 
    method: get
    uri: https://dhcp231-16.rdu.redhat.com/pulp/api/v2/tasks/e967ada9-a1a0-4785-a42f-de91cfa6d43a/
    body: 
      encoding: US-ASCII
      string: ""
    headers: 
      Accept: 
      - application/json
      Accept-Encoding: 
      - gzip, deflate
      Content-Type: 
      - application/json
      Authorization: 
      - OAuth oauth_consumer_key="katello", oauth_nonce="jiKBNyhk2CpoKuk23IGk9Ik8V2pxToydgZR4QU5im8", oauth_signature="qWPHwIFW6IQwLQJgYkENcug5UEs%3D", oauth_signature_method="HMAC-SHA1", oauth_timestamp="1363884768", oauth_version="1.0"
      Pulp-User: 
      - admin
      User-Agent: 
      - Ruby
  response: 
    status: 
      code: 200
      message: OK
    headers: 
      Date: 
      - Thu, 21 Mar 2013 16:52:48 GMT
      Server: 
      - Apache/2.2.22 (Fedora)
      Content-Length: 
      - "1469"
      Content-Type: 
      - application/json
    body: 
      encoding: US-ASCII
      string: "{\"task_group_id\": \"e04947da-271a-49be-81d4-220212ae1778\", \"exception\": null, \"traceback\": null, \"_href\": \"/pulp/api/v2/tasks/e967ada9-a1a0-4785-a42f-de91cfa6d43a/\", \"task_id\": \"e967ada9-a1a0-4785-a42f-de91cfa6d43a\", \"call_request_tags\": [\"pulp:repository:1\", \"pulp:action:sync\"], \"reasons\": [], \"start_time\": \"2013-03-21T16:52:47Z\", \"tags\": [\"pulp:repository:1\", \"pulp:action:sync\"], \"state\": \"finished\", \"finish_time\": \"2013-03-21T16:52:48Z\", \"dependency_failures\": {}, \"schedule_id\": null, \"progress\": {\"yum_importer\": {\"content\": {\"num_success\": 11, \"size_total\": 17872, \"items_left\": 0, \"items_total\": 11, \"state\": \"FINISHED\", \"size_left\": 0, \"details\": {\"tree_file\": {\"num_success\": 3, \"size_total\": 0, \"items_left\": 0, \"items_total\": 3, \"size_left\": 0, \"num_error\": 0}, \"rpm\": {\"num_success\": 8, \"size_total\": 17872, \"items_left\": 0, \"items_total\": 8, \"size_left\": 0, \"num_error\": 0}, \"delta_rpm\": {\"num_success\": 0, \"size_total\": 0, \"items_left\": 0, \"items_total\": 0, \"size_left\": 0, \"num_error\": 0}, \"file\": {\"num_success\": 0, \"size_total\": 0, \"items_left\": 0, \"items_total\": 0, \"size_left\": 0, \"num_error\": 0}}, \"error_details\": [], \"num_error\": 0}, \"comps\": {\"state\": \"FINISHED\"}, \"errata\": {\"state\": \"FINISHED\", \"num_errata\": 2}, \"metadata\": {\"state\": \"FINISHED\"}}}, \"call_request_group_id\": \"e04947da-271a-49be-81d4-220212ae1778\", \"call_request_id\": \"e967ada9-a1a0-4785-a42f-de91cfa6d43a\", \"principal_login\": \"admin\", \"response\": \"accepted\", \"result\": null}"
    http_version: 
  recorded_at: Thu, 21 Mar 2013 16:52:48 GMT
- request: 
    method: get
    uri: https://dhcp231-16.rdu.redhat.com/pulp/api/v2/tasks/57066fca-3834-4483-bf75-217aa4028be1/
    body: 
      encoding: US-ASCII
      string: ""
    headers: 
      Accept: 
      - application/json
      Accept-Encoding: 
      - gzip, deflate
      Content-Type: 
      - application/json
      Authorization: 
      - OAuth oauth_consumer_key="katello", oauth_nonce="45bThsQd4BzkgDfjn0i77MZdKTwqNOrlvoUn4OkXU", oauth_signature="486P3qwQoNhQWUt3P%2FA5hFQ8UXM%3D", oauth_signature_method="HMAC-SHA1", oauth_timestamp="1363884843", oauth_version="1.0"
      Pulp-User: 
      - admin
      User-Agent: 
      - Ruby
  response: 
    status: 
      code: 200
      message: OK
    headers: 
      Date: 
      - Thu, 21 Mar 2013 16:54:03 GMT
      Server: 
      - Apache/2.2.22 (Fedora)
      Content-Length: 
      - "842"
      Content-Type: 
      - application/json
    body: 
      encoding: US-ASCII
      string: "{\"task_group_id\": \"7e8ce44e-225c-422c-8d62-6446f87d90b0\", \"exception\": null, \"traceback\": null, \"_href\": \"/pulp/api/v2/tasks/57066fca-3834-4483-bf75-217aa4028be1/\", \"task_id\": \"57066fca-3834-4483-bf75-217aa4028be1\", \"call_request_tags\": [\"pulp:repository:1\", \"pulp:action:sync\"], \"reasons\": [], \"start_time\": \"2013-03-21T16:54:02Z\", \"tags\": [\"pulp:repository:1\", \"pulp:action:sync\"], \"state\": \"running\", \"finish_time\": null, \"dependency_failures\": {}, \"schedule_id\": null, \"progress\": {\"yum_importer\": {\"content\": {\"state\": \"NOT_STARTED\"}, \"comps\": {\"state\": \"NOT_STARTED\"}, \"errata\": {\"state\": \"NOT_STARTED\"}, \"metadata\": {\"state\": \"IN_PROGRESS\"}}}, \"call_request_group_id\": \"7e8ce44e-225c-422c-8d62-6446f87d90b0\", \"call_request_id\": \"57066fca-3834-4483-bf75-217aa4028be1\", \"principal_login\": \"admin\", \"response\": \"accepted\", \"result\": null}"
    http_version: 
  recorded_at: Thu, 21 Mar 2013 16:54:03 GMT
- request: 
    method: get
    uri: https://dhcp231-16.rdu.redhat.com/pulp/api/v2/tasks/57066fca-3834-4483-bf75-217aa4028be1/
    body: 
      encoding: US-ASCII
      string: ""
    headers: 
      Accept: 
      - application/json
      Accept-Encoding: 
      - gzip, deflate
      Content-Type: 
      - application/json
      Authorization: 
      - OAuth oauth_consumer_key="katello", oauth_nonce="VOCBc9pK7ImPWm3Z24QbdoyxkV0AhibwnGwO2gIQ", oauth_signature="V%2FTsD%2BacihPxc19Ue2eMMrA3bIs%3D", oauth_signature_method="HMAC-SHA1", oauth_timestamp="1363884843", oauth_version="1.0"
      Pulp-User: 
      - admin
      User-Agent: 
      - Ruby
  response: 
    status: 
      code: 200
      message: OK
    headers: 
      Date: 
      - Thu, 21 Mar 2013 16:54:03 GMT
      Server: 
      - Apache/2.2.22 (Fedora)
      Content-Length: 
      - "1447"
      Content-Type: 
      - application/json
    body: 
      encoding: US-ASCII
      string: "{\"task_group_id\": \"7e8ce44e-225c-422c-8d62-6446f87d90b0\", \"exception\": null, \"traceback\": null, \"_href\": \"/pulp/api/v2/tasks/57066fca-3834-4483-bf75-217aa4028be1/\", \"task_id\": \"57066fca-3834-4483-bf75-217aa4028be1\", \"call_request_tags\": [\"pulp:repository:1\", \"pulp:action:sync\"], \"reasons\": [], \"start_time\": \"2013-03-21T16:54:02Z\", \"tags\": [\"pulp:repository:1\", \"pulp:action:sync\"], \"state\": \"running\", \"finish_time\": null, \"dependency_failures\": {}, \"schedule_id\": null, \"progress\": {\"yum_importer\": {\"content\": {\"num_success\": 5, \"size_total\": 17872, \"items_left\": 6, \"items_total\": 11, \"state\": \"IN_PROGRESS\", \"size_left\": 6728, \"details\": {\"tree_file\": {\"num_success\": 0, \"size_total\": 0, \"items_left\": 3, \"items_total\": 3, \"size_left\": 0, \"num_error\": 0}, \"rpm\": {\"num_success\": 5, \"size_total\": 17872, \"items_left\": 3, \"items_total\": 8, \"size_left\": 6728, \"num_error\": 0}, \"delta_rpm\": {\"num_success\": 0, \"size_total\": 0, \"items_left\": 0, \"items_total\": 0, \"size_left\": 0, \"num_error\": 0}, \"file\": {\"num_success\": 0, \"size_total\": 0, \"items_left\": 0, \"items_total\": 0, \"size_left\": 0, \"num_error\": 0}}, \"error_details\": [], \"num_error\": 0}, \"comps\": {\"state\": \"NOT_STARTED\"}, \"errata\": {\"state\": \"NOT_STARTED\"}, \"metadata\": {\"state\": \"FINISHED\"}}}, \"call_request_group_id\": \"7e8ce44e-225c-422c-8d62-6446f87d90b0\", \"call_request_id\": \"57066fca-3834-4483-bf75-217aa4028be1\", \"principal_login\": \"admin\", \"response\": \"accepted\", \"result\": null}"
    http_version: 
  recorded_at: Thu, 21 Mar 2013 16:54:03 GMT
- request: 
    method: get
    uri: https://dhcp231-16.rdu.redhat.com/pulp/api/v2/tasks/57066fca-3834-4483-bf75-217aa4028be1/
    body: 
      encoding: US-ASCII
      string: ""
    headers: 
      Accept: 
      - application/json
      Accept-Encoding: 
      - gzip, deflate
      Content-Type: 
      - application/json
      Authorization: 
      - OAuth oauth_consumer_key="katello", oauth_nonce="zaCAs57GvWea6lt8ZhOWMYc8IQgW8AYDTc78S7ebg", oauth_signature="fBEa6knlr3So1tAtQmRxYzzH16s%3D", oauth_signature_method="HMAC-SHA1", oauth_timestamp="1363884844", oauth_version="1.0"
      Pulp-User: 
      - admin
      User-Agent: 
      - Ruby
  response: 
    status: 
      code: 200
      message: OK
    headers: 
      Date: 
      - Thu, 21 Mar 2013 16:54:04 GMT
      Server: 
      - Apache/2.2.22 (Fedora)
      Content-Length: 
      - "1469"
      Content-Type: 
      - application/json
    body: 
      encoding: US-ASCII
      string: "{\"task_group_id\": \"7e8ce44e-225c-422c-8d62-6446f87d90b0\", \"exception\": null, \"traceback\": null, \"_href\": \"/pulp/api/v2/tasks/57066fca-3834-4483-bf75-217aa4028be1/\", \"task_id\": \"57066fca-3834-4483-bf75-217aa4028be1\", \"call_request_tags\": [\"pulp:repository:1\", \"pulp:action:sync\"], \"reasons\": [], \"start_time\": \"2013-03-21T16:54:02Z\", \"tags\": [\"pulp:repository:1\", \"pulp:action:sync\"], \"state\": \"finished\", \"finish_time\": \"2013-03-21T16:54:04Z\", \"dependency_failures\": {}, \"schedule_id\": null, \"progress\": {\"yum_importer\": {\"content\": {\"num_success\": 11, \"size_total\": 17872, \"items_left\": 0, \"items_total\": 11, \"state\": \"FINISHED\", \"size_left\": 0, \"details\": {\"tree_file\": {\"num_success\": 3, \"size_total\": 0, \"items_left\": 0, \"items_total\": 3, \"size_left\": 0, \"num_error\": 0}, \"rpm\": {\"num_success\": 8, \"size_total\": 17872, \"items_left\": 0, \"items_total\": 8, \"size_left\": 0, \"num_error\": 0}, \"delta_rpm\": {\"num_success\": 0, \"size_total\": 0, \"items_left\": 0, \"items_total\": 0, \"size_left\": 0, \"num_error\": 0}, \"file\": {\"num_success\": 0, \"size_total\": 0, \"items_left\": 0, \"items_total\": 0, \"size_left\": 0, \"num_error\": 0}}, \"error_details\": [], \"num_error\": 0}, \"comps\": {\"state\": \"FINISHED\"}, \"errata\": {\"state\": \"FINISHED\", \"num_errata\": 2}, \"metadata\": {\"state\": \"FINISHED\"}}}, \"call_request_group_id\": \"7e8ce44e-225c-422c-8d62-6446f87d90b0\", \"call_request_id\": \"57066fca-3834-4483-bf75-217aa4028be1\", \"principal_login\": \"admin\", \"response\": \"accepted\", \"result\": null}"
    http_version: 
  recorded_at: Thu, 21 Mar 2013 16:54:04 GMT
- request: 
    method: get
    uri: https://dhcp231-16.rdu.redhat.com/pulp/api/v2/tasks/aba2b86f-3f4e-4a0a-b6b1-cac1ec658a1a/
    body: 
      encoding: US-ASCII
      string: ""
    headers: 
      Accept: 
      - application/json
      Accept-Encoding: 
      - gzip, deflate
      Content-Type: 
      - application/json
      Authorization: 
      - OAuth oauth_consumer_key="katello", oauth_nonce="XVOzDahzdIVChIlvE4chaHSc24OYA2yIv3v8MyJMc", oauth_signature="Yolcy%2F6SCdHnHan9jGdpyTSoWM8%3D", oauth_signature_method="HMAC-SHA1", oauth_timestamp="1363884847", oauth_version="1.0"
      Pulp-User: 
      - admin
      User-Agent: 
      - Ruby
  response: 
    status: 
      code: 200
      message: OK
    headers: 
      Date: 
      - Thu, 21 Mar 2013 16:54:07 GMT
      Server: 
      - Apache/2.2.22 (Fedora)
      Content-Length: 
      - "842"
      Content-Type: 
      - application/json
    body: 
      encoding: US-ASCII
      string: "{\"task_group_id\": \"c207ea52-84c1-4b21-8f8b-32796b4feb1e\", \"exception\": null, \"traceback\": null, \"_href\": \"/pulp/api/v2/tasks/aba2b86f-3f4e-4a0a-b6b1-cac1ec658a1a/\", \"task_id\": \"aba2b86f-3f4e-4a0a-b6b1-cac1ec658a1a\", \"call_request_tags\": [\"pulp:repository:1\", \"pulp:action:sync\"], \"reasons\": [], \"start_time\": \"2013-03-21T16:54:07Z\", \"tags\": [\"pulp:repository:1\", \"pulp:action:sync\"], \"state\": \"running\", \"finish_time\": null, \"dependency_failures\": {}, \"schedule_id\": null, \"progress\": {\"yum_importer\": {\"content\": {\"state\": \"NOT_STARTED\"}, \"comps\": {\"state\": \"NOT_STARTED\"}, \"errata\": {\"state\": \"NOT_STARTED\"}, \"metadata\": {\"state\": \"IN_PROGRESS\"}}}, \"call_request_group_id\": \"c207ea52-84c1-4b21-8f8b-32796b4feb1e\", \"call_request_id\": \"aba2b86f-3f4e-4a0a-b6b1-cac1ec658a1a\", \"principal_login\": \"admin\", \"response\": \"accepted\", \"result\": null}"
    http_version: 
  recorded_at: Thu, 21 Mar 2013 16:54:07 GMT
- request: 
    method: get
    uri: https://dhcp231-16.rdu.redhat.com/pulp/api/v2/tasks/aba2b86f-3f4e-4a0a-b6b1-cac1ec658a1a/
    body: 
      encoding: US-ASCII
      string: ""
    headers: 
      Accept: 
      - application/json
      Accept-Encoding: 
      - gzip, deflate
      Content-Type: 
      - application/json
      Authorization: 
      - OAuth oauth_consumer_key="katello", oauth_nonce="6fiFyX5KBuRVTv2fsEYR6LPTvtaNHhqxgDePdb4", oauth_signature="5tsAmF9i9rOM30P8UySmbFUGs6g%3D", oauth_signature_method="HMAC-SHA1", oauth_timestamp="1363884848", oauth_version="1.0"
      Pulp-User: 
      - admin
      User-Agent: 
      - Ruby
  response: 
    status: 
      code: 200
      message: OK
    headers: 
      Date: 
      - Thu, 21 Mar 2013 16:54:08 GMT
      Server: 
      - Apache/2.2.22 (Fedora)
      Content-Length: 
      - "1450"
      Content-Type: 
      - application/json
    body: 
      encoding: US-ASCII
      string: "{\"task_group_id\": \"c207ea52-84c1-4b21-8f8b-32796b4feb1e\", \"exception\": null, \"traceback\": null, \"_href\": \"/pulp/api/v2/tasks/aba2b86f-3f4e-4a0a-b6b1-cac1ec658a1a/\", \"task_id\": \"aba2b86f-3f4e-4a0a-b6b1-cac1ec658a1a\", \"call_request_tags\": [\"pulp:repository:1\", \"pulp:action:sync\"], \"reasons\": [], \"start_time\": \"2013-03-21T16:54:07Z\", \"tags\": [\"pulp:repository:1\", \"pulp:action:sync\"], \"state\": \"running\", \"finish_time\": null, \"dependency_failures\": {}, \"schedule_id\": null, \"progress\": {\"yum_importer\": {\"content\": {\"num_success\": 0, \"size_total\": 17872, \"items_left\": 11, \"items_total\": 11, \"state\": \"IN_PROGRESS\", \"size_left\": 17872, \"details\": {\"tree_file\": {\"num_success\": 0, \"size_total\": 0, \"items_left\": 3, \"items_total\": 3, \"size_left\": 0, \"num_error\": 0}, \"rpm\": {\"num_success\": 0, \"size_total\": 17872, \"items_left\": 8, \"items_total\": 8, \"size_left\": 17872, \"num_error\": 0}, \"delta_rpm\": {\"num_success\": 0, \"size_total\": 0, \"items_left\": 0, \"items_total\": 0, \"size_left\": 0, \"num_error\": 0}, \"file\": {\"num_success\": 0, \"size_total\": 0, \"items_left\": 0, \"items_total\": 0, \"size_left\": 0, \"num_error\": 0}}, \"error_details\": [], \"num_error\": 0}, \"comps\": {\"state\": \"NOT_STARTED\"}, \"errata\": {\"state\": \"NOT_STARTED\"}, \"metadata\": {\"state\": \"FINISHED\"}}}, \"call_request_group_id\": \"c207ea52-84c1-4b21-8f8b-32796b4feb1e\", \"call_request_id\": \"aba2b86f-3f4e-4a0a-b6b1-cac1ec658a1a\", \"principal_login\": \"admin\", \"response\": \"accepted\", \"result\": null}"
    http_version: 
  recorded_at: Thu, 21 Mar 2013 16:54:08 GMT
- request: 
    method: get
    uri: https://dhcp231-16.rdu.redhat.com/pulp/api/v2/tasks/aba2b86f-3f4e-4a0a-b6b1-cac1ec658a1a/
    body: 
      encoding: US-ASCII
      string: ""
    headers: 
      Accept: 
      - application/json
      Accept-Encoding: 
      - gzip, deflate
      Content-Type: 
      - application/json
      Authorization: 
      - OAuth oauth_consumer_key="katello", oauth_nonce="5aApGflh7iHwoA2Ywx0jOsPRl3umqm52qwCS9u1p8JQ", oauth_signature="woJbNh6uzaSpl%2Fi4QGWO1dg3UPc%3D", oauth_signature_method="HMAC-SHA1", oauth_timestamp="1363884848", oauth_version="1.0"
      Pulp-User: 
      - admin
      User-Agent: 
      - Ruby
  response: 
    status: 
      code: 200
      message: OK
    headers: 
      Date: 
      - Thu, 21 Mar 2013 16:54:08 GMT
      Server: 
      - Apache/2.2.22 (Fedora)
      Content-Length: 
      - "1453"
      Content-Type: 
      - application/json
    body: 
      encoding: US-ASCII
      string: "{\"task_group_id\": \"c207ea52-84c1-4b21-8f8b-32796b4feb1e\", \"exception\": null, \"traceback\": null, \"_href\": \"/pulp/api/v2/tasks/aba2b86f-3f4e-4a0a-b6b1-cac1ec658a1a/\", \"task_id\": \"aba2b86f-3f4e-4a0a-b6b1-cac1ec658a1a\", \"call_request_tags\": [\"pulp:repository:1\", \"pulp:action:sync\"], \"reasons\": [], \"start_time\": \"2013-03-21T16:54:07Z\", \"tags\": [\"pulp:repository:1\", \"pulp:action:sync\"], \"state\": \"running\", \"finish_time\": null, \"dependency_failures\": {}, \"schedule_id\": null, \"progress\": {\"yum_importer\": {\"content\": {\"num_success\": 11, \"size_total\": 17872, \"items_left\": 0, \"items_total\": 11, \"state\": \"FINISHED\", \"size_left\": 0, \"details\": {\"tree_file\": {\"num_success\": 3, \"size_total\": 0, \"items_left\": 0, \"items_total\": 3, \"size_left\": 0, \"num_error\": 0}, \"rpm\": {\"num_success\": 8, \"size_total\": 17872, \"items_left\": 0, \"items_total\": 8, \"size_left\": 0, \"num_error\": 0}, \"delta_rpm\": {\"num_success\": 0, \"size_total\": 0, \"items_left\": 0, \"items_total\": 0, \"size_left\": 0, \"num_error\": 0}, \"file\": {\"num_success\": 0, \"size_total\": 0, \"items_left\": 0, \"items_total\": 0, \"size_left\": 0, \"num_error\": 0}}, \"error_details\": [], \"num_error\": 0}, \"comps\": {\"state\": \"IN_PROGRESS\"}, \"errata\": {\"state\": \"FINISHED\", \"num_errata\": 2}, \"metadata\": {\"state\": \"FINISHED\"}}}, \"call_request_group_id\": \"c207ea52-84c1-4b21-8f8b-32796b4feb1e\", \"call_request_id\": \"aba2b86f-3f4e-4a0a-b6b1-cac1ec658a1a\", \"principal_login\": \"admin\", \"response\": \"accepted\", \"result\": null}"
    http_version: 
  recorded_at: Thu, 21 Mar 2013 16:54:08 GMT
- request: 
    method: get
    uri: https://dhcp231-16.rdu.redhat.com/pulp/api/v2/tasks/aba2b86f-3f4e-4a0a-b6b1-cac1ec658a1a/
    body: 
      encoding: US-ASCII
      string: ""
    headers: 
      Accept: 
      - application/json
      Accept-Encoding: 
      - gzip, deflate
      Content-Type: 
      - application/json
      Authorization: 
      - OAuth oauth_consumer_key="katello", oauth_nonce="5yJXGuSi7fd9xOGrEdfvTFjqVMLsaQxdy0JuEWEzM", oauth_signature="u4D3yDhcdBvL9Vul4tv3r6ansKU%3D", oauth_signature_method="HMAC-SHA1", oauth_timestamp="1363884849", oauth_version="1.0"
      Pulp-User: 
      - admin
      User-Agent: 
      - Ruby
  response: 
    status: 
      code: 200
      message: OK
    headers: 
      Date: 
      - Thu, 21 Mar 2013 16:54:09 GMT
      Server: 
      - Apache/2.2.22 (Fedora)
      Content-Length: 
      - "1469"
      Content-Type: 
      - application/json
    body: 
      encoding: US-ASCII
      string: "{\"task_group_id\": \"c207ea52-84c1-4b21-8f8b-32796b4feb1e\", \"exception\": null, \"traceback\": null, \"_href\": \"/pulp/api/v2/tasks/aba2b86f-3f4e-4a0a-b6b1-cac1ec658a1a/\", \"task_id\": \"aba2b86f-3f4e-4a0a-b6b1-cac1ec658a1a\", \"call_request_tags\": [\"pulp:repository:1\", \"pulp:action:sync\"], \"reasons\": [], \"start_time\": \"2013-03-21T16:54:07Z\", \"tags\": [\"pulp:repository:1\", \"pulp:action:sync\"], \"state\": \"finished\", \"finish_time\": \"2013-03-21T16:54:08Z\", \"dependency_failures\": {}, \"schedule_id\": null, \"progress\": {\"yum_importer\": {\"content\": {\"num_success\": 11, \"size_total\": 17872, \"items_left\": 0, \"items_total\": 11, \"state\": \"FINISHED\", \"size_left\": 0, \"details\": {\"tree_file\": {\"num_success\": 3, \"size_total\": 0, \"items_left\": 0, \"items_total\": 3, \"size_left\": 0, \"num_error\": 0}, \"rpm\": {\"num_success\": 8, \"size_total\": 17872, \"items_left\": 0, \"items_total\": 8, \"size_left\": 0, \"num_error\": 0}, \"delta_rpm\": {\"num_success\": 0, \"size_total\": 0, \"items_left\": 0, \"items_total\": 0, \"size_left\": 0, \"num_error\": 0}, \"file\": {\"num_success\": 0, \"size_total\": 0, \"items_left\": 0, \"items_total\": 0, \"size_left\": 0, \"num_error\": 0}}, \"error_details\": [], \"num_error\": 0}, \"comps\": {\"state\": \"FINISHED\"}, \"errata\": {\"state\": \"FINISHED\", \"num_errata\": 2}, \"metadata\": {\"state\": \"FINISHED\"}}}, \"call_request_group_id\": \"c207ea52-84c1-4b21-8f8b-32796b4feb1e\", \"call_request_id\": \"aba2b86f-3f4e-4a0a-b6b1-cac1ec658a1a\", \"principal_login\": \"admin\", \"response\": \"accepted\", \"result\": null}"
    http_version: 
  recorded_at: Thu, 21 Mar 2013 16:54:09 GMT
- request: 
    method: get
    uri: https://dhcp231-16.rdu.redhat.com/pulp/api/v2/tasks/f9ad3476-652c-4077-9119-a609eca7a02f/
    body: 
      encoding: US-ASCII
      string: ""
    headers: 
      Accept: 
      - application/json
      Accept-Encoding: 
      - gzip, deflate
      Content-Type: 
      - application/json
      Authorization: 
      - OAuth oauth_consumer_key="katello", oauth_nonce="2AdsvrMtZc0TQgu4HFK4AqsLNFFnRII0eodnFRId7Mw", oauth_signature="S%2FtjwVVZUd%2FsAgt3rvMFj1ZDX6g%3D", oauth_signature_method="HMAC-SHA1", oauth_timestamp="1363884860", oauth_version="1.0"
      Pulp-User: 
      - admin
      User-Agent: 
      - Ruby
  response: 
    status: 
      code: 200
      message: OK
    headers: 
      Date: 
      - Thu, 21 Mar 2013 16:54:20 GMT
      Server: 
      - Apache/2.2.22 (Fedora)
      Content-Length: 
      - "842"
      Content-Type: 
      - application/json
    body: 
      encoding: US-ASCII
      string: "{\"task_group_id\": \"bd75072c-3d38-449a-bdc0-897491b355ab\", \"exception\": null, \"traceback\": null, \"_href\": \"/pulp/api/v2/tasks/f9ad3476-652c-4077-9119-a609eca7a02f/\", \"task_id\": \"f9ad3476-652c-4077-9119-a609eca7a02f\", \"call_request_tags\": [\"pulp:repository:1\", \"pulp:action:sync\"], \"reasons\": [], \"start_time\": \"2013-03-21T16:54:20Z\", \"tags\": [\"pulp:repository:1\", \"pulp:action:sync\"], \"state\": \"running\", \"finish_time\": null, \"dependency_failures\": {}, \"schedule_id\": null, \"progress\": {\"yum_importer\": {\"content\": {\"state\": \"NOT_STARTED\"}, \"comps\": {\"state\": \"NOT_STARTED\"}, \"errata\": {\"state\": \"NOT_STARTED\"}, \"metadata\": {\"state\": \"IN_PROGRESS\"}}}, \"call_request_group_id\": \"bd75072c-3d38-449a-bdc0-897491b355ab\", \"call_request_id\": \"f9ad3476-652c-4077-9119-a609eca7a02f\", \"principal_login\": \"admin\", \"response\": \"accepted\", \"result\": null}"
    http_version: 
  recorded_at: Thu, 21 Mar 2013 16:54:20 GMT
- request: 
    method: get
    uri: https://dhcp231-16.rdu.redhat.com/pulp/api/v2/tasks/f9ad3476-652c-4077-9119-a609eca7a02f/
    body: 
      encoding: US-ASCII
      string: ""
    headers: 
      Accept: 
      - application/json
      Accept-Encoding: 
      - gzip, deflate
      Content-Type: 
      - application/json
      Authorization: 
      - OAuth oauth_consumer_key="katello", oauth_nonce="l0KIkTjzSonwZMa9ZmJsTh0YcC0WVJH9EoRvNBmdc", oauth_signature="Nooddn37q%2BMpWGj1Efd1S6y%2BXG0%3D", oauth_signature_method="HMAC-SHA1", oauth_timestamp="1363884861", oauth_version="1.0"
      Pulp-User: 
      - admin
      User-Agent: 
      - Ruby
  response: 
    status: 
      code: 200
      message: OK
    headers: 
      Date: 
      - Thu, 21 Mar 2013 16:54:21 GMT
      Server: 
      - Apache/2.2.22 (Fedora)
      Content-Length: 
      - "1447"
      Content-Type: 
      - application/json
    body: 
      encoding: US-ASCII
      string: "{\"task_group_id\": \"bd75072c-3d38-449a-bdc0-897491b355ab\", \"exception\": null, \"traceback\": null, \"_href\": \"/pulp/api/v2/tasks/f9ad3476-652c-4077-9119-a609eca7a02f/\", \"task_id\": \"f9ad3476-652c-4077-9119-a609eca7a02f\", \"call_request_tags\": [\"pulp:repository:1\", \"pulp:action:sync\"], \"reasons\": [], \"start_time\": \"2013-03-21T16:54:20Z\", \"tags\": [\"pulp:repository:1\", \"pulp:action:sync\"], \"state\": \"running\", \"finish_time\": null, \"dependency_failures\": {}, \"schedule_id\": null, \"progress\": {\"yum_importer\": {\"content\": {\"num_success\": 5, \"size_total\": 17872, \"items_left\": 6, \"items_total\": 11, \"state\": \"IN_PROGRESS\", \"size_left\": 6724, \"details\": {\"tree_file\": {\"num_success\": 0, \"size_total\": 0, \"items_left\": 3, \"items_total\": 3, \"size_left\": 0, \"num_error\": 0}, \"rpm\": {\"num_success\": 5, \"size_total\": 17872, \"items_left\": 3, \"items_total\": 8, \"size_left\": 6724, \"num_error\": 0}, \"delta_rpm\": {\"num_success\": 0, \"size_total\": 0, \"items_left\": 0, \"items_total\": 0, \"size_left\": 0, \"num_error\": 0}, \"file\": {\"num_success\": 0, \"size_total\": 0, \"items_left\": 0, \"items_total\": 0, \"size_left\": 0, \"num_error\": 0}}, \"error_details\": [], \"num_error\": 0}, \"comps\": {\"state\": \"NOT_STARTED\"}, \"errata\": {\"state\": \"NOT_STARTED\"}, \"metadata\": {\"state\": \"FINISHED\"}}}, \"call_request_group_id\": \"bd75072c-3d38-449a-bdc0-897491b355ab\", \"call_request_id\": \"f9ad3476-652c-4077-9119-a609eca7a02f\", \"principal_login\": \"admin\", \"response\": \"accepted\", \"result\": null}"
    http_version: 
  recorded_at: Thu, 21 Mar 2013 16:54:21 GMT
- request: 
    method: get
    uri: https://dhcp231-16.rdu.redhat.com/pulp/api/v2/tasks/f9ad3476-652c-4077-9119-a609eca7a02f/
    body: 
      encoding: US-ASCII
      string: ""
    headers: 
      Accept: 
      - application/json
      Accept-Encoding: 
      - gzip, deflate
      Content-Type: 
      - application/json
      Authorization: 
      - OAuth oauth_consumer_key="katello", oauth_nonce="KyINE9YqVZNgqfU50LBQb5I8z9u1FaVnoEdYjiqE", oauth_signature="t3b%2BxnbA5Ml7Pc1ffNbep%2BxHfEs%3D", oauth_signature_method="HMAC-SHA1", oauth_timestamp="1363884862", oauth_version="1.0"
      Pulp-User: 
      - admin
      User-Agent: 
      - Ruby
  response: 
    status: 
      code: 200
      message: OK
    headers: 
      Date: 
      - Thu, 21 Mar 2013 16:54:22 GMT
      Server: 
      - Apache/2.2.22 (Fedora)
      Content-Length: 
      - "1469"
      Content-Type: 
      - application/json
    body: 
      encoding: US-ASCII
      string: "{\"task_group_id\": \"bd75072c-3d38-449a-bdc0-897491b355ab\", \"exception\": null, \"traceback\": null, \"_href\": \"/pulp/api/v2/tasks/f9ad3476-652c-4077-9119-a609eca7a02f/\", \"task_id\": \"f9ad3476-652c-4077-9119-a609eca7a02f\", \"call_request_tags\": [\"pulp:repository:1\", \"pulp:action:sync\"], \"reasons\": [], \"start_time\": \"2013-03-21T16:54:20Z\", \"tags\": [\"pulp:repository:1\", \"pulp:action:sync\"], \"state\": \"finished\", \"finish_time\": \"2013-03-21T16:54:22Z\", \"dependency_failures\": {}, \"schedule_id\": null, \"progress\": {\"yum_importer\": {\"content\": {\"num_success\": 11, \"size_total\": 17872, \"items_left\": 0, \"items_total\": 11, \"state\": \"FINISHED\", \"size_left\": 0, \"details\": {\"tree_file\": {\"num_success\": 3, \"size_total\": 0, \"items_left\": 0, \"items_total\": 3, \"size_left\": 0, \"num_error\": 0}, \"rpm\": {\"num_success\": 8, \"size_total\": 17872, \"items_left\": 0, \"items_total\": 8, \"size_left\": 0, \"num_error\": 0}, \"delta_rpm\": {\"num_success\": 0, \"size_total\": 0, \"items_left\": 0, \"items_total\": 0, \"size_left\": 0, \"num_error\": 0}, \"file\": {\"num_success\": 0, \"size_total\": 0, \"items_left\": 0, \"items_total\": 0, \"size_left\": 0, \"num_error\": 0}}, \"error_details\": [], \"num_error\": 0}, \"comps\": {\"state\": \"FINISHED\"}, \"errata\": {\"state\": \"FINISHED\", \"num_errata\": 2}, \"metadata\": {\"state\": \"FINISHED\"}}}, \"call_request_group_id\": \"bd75072c-3d38-449a-bdc0-897491b355ab\", \"call_request_id\": \"f9ad3476-652c-4077-9119-a609eca7a02f\", \"principal_login\": \"admin\", \"response\": \"accepted\", \"result\": null}"
    http_version: 
  recorded_at: Thu, 21 Mar 2013 16:54:22 GMT
- request: 
    method: get
    uri: https://dhcp231-16.rdu.redhat.com/pulp/api/v2/tasks/
    body: 
      encoding: US-ASCII
      string: ""
    headers: 
      Accept: 
      - application/json
      Accept-Encoding: 
      - gzip, deflate
      Content-Type: 
      - application/json
      Authorization: 
      - OAuth oauth_consumer_key="katello", oauth_nonce="pXF4xGbqI7xVwosi92DBjMrUsYlHW1JjXOTG5Ivlp8", oauth_signature="cRUWpNV6%2BkGKMxNbhki1mN2Opqs%3D", oauth_signature_method="HMAC-SHA1", oauth_timestamp="1363884868", oauth_version="1.0"
      Pulp-User: 
      - admin
      User-Agent: 
      - Ruby
  response: 
    status: 
      code: 200
      message: OK
    headers: 
      Date: 
      - Thu, 21 Mar 2013 16:54:28 GMT
      Server: 
      - Apache/2.2.22 (Fedora)
      Content-Length: 
      - "40230"
      Content-Type: 
      - application/json
    body: 
      encoding: US-ASCII
      string: "[{\"task_group_id\": \"bbf9902e-c128-46ec-8bc2-d69a073f5823\", \"exception\": [\"RequestTimeout: ('d926a8e0-247f-4aa5-b8bc-646be05f2910', 0)\\n\"], \"traceback\": \"Traceback (most recent call last):\\n\\n  File \\\"/usr/lib/python2.7/site-packages/gofer/rmi/async.py\\\", line 451, in process\\n    raise RequestTimeout(sn, je.idx)\\n\\nRequestTimeout: ('d926a8e0-247f-4aa5-b8bc-646be05f2910', 0)\\n\", \"task_id\": \"ff836f24-5380-420e-8d47-643416f6a6ea\", \"call_request_tags\": [\"pulp:consumer:010E99C0-3276-11E2-81C1-0800200C9A66\", \"pulp:repository:1\", \"pulp:repository_distributor:1\", \"pulp:action:agent_bind\"], \"reasons\": [], \"start_time\": \"2013-03-21T16:54:06Z\", \"tags\": [\"pulp:consumer:010E99C0-3276-11E2-81C1-0800200C9A66\", \"pulp:repository:1\", \"pulp:repository_distributor:1\", \"pulp:action:agent_bind\"], \"state\": \"error\", \"finish_time\": \"2013-03-21T16:54:08Z\", \"dependency_failures\": {}, \"schedule_id\": null, \"progress\": {}, \"call_request_group_id\": \"bbf9902e-c128-46ec-8bc2-d69a073f5823\", \"call_request_id\": \"ff836f24-5380-420e-8d47-643416f6a6ea\", \"principal_login\": \"admin\", \"response\": \"accepted\", \"result\": null}, {\"task_group_id\": \"c40bbc9e-30bb-4441-b909-aaff7e569abd\", \"exception\": [\"RequestTimeout: ('a1c13c98-92a0-475d-915a-631f137fed0b', 0)\\n\"], \"traceback\": \"Traceback (most recent call last):\\n\\n  File \\\"/usr/lib/python2.7/site-packages/gofer/rmi/async.py\\\", line 451, in process\\n    raise RequestTimeout(sn, je.idx)\\n\\nRequestTimeout: ('a1c13c98-92a0-475d-915a-631f137fed0b', 0)\\n\", \"task_id\": \"93317ede-4edb-43ad-9b89-a6f3940cdc64\", \"call_request_tags\": [\"pulp:consumer:010E99C0-3276-11E2-81C1-0800200C9A66\", \"pulp:repository:1\", \"pulp:repository_distributor:1\", \"pulp:action:agent_unbind\"], \"reasons\": [], \"start_time\": \"2013-03-21T16:54:07Z\", \"tags\": [\"pulp:consumer:010E99C0-3276-11E2-81C1-0800200C9A66\", \"pulp:repository:1\", \"pulp:repository_distributor:1\", \"pulp:action:agent_unbind\"], \"state\": \"error\", \"finish_time\": \"2013-03-21T16:54:08Z\", \"dependency_failures\": {}, \"schedule_id\": null, \"progress\": {}, \"call_request_group_id\": \"c40bbc9e-30bb-4441-b909-aaff7e569abd\", \"call_request_id\": \"93317ede-4edb-43ad-9b89-a6f3940cdc64\", \"principal_login\": \"admin\", \"response\": \"accepted\", \"result\": null}, {\"task_group_id\": \"c40bbc9e-30bb-4441-b909-aaff7e569abd\", \"exception\": [\"Exception: outstanding actions, not deleted\\n\"], \"traceback\": [\"  File \\\"/usr/lib/python2.7/site-packages/pulp/server/dispatch/task.py\\\", line 123, in _run\\n    result = call(*args, **kwargs)\\n\", \"  File \\\"/usr/lib/python2.7/site-packages/pulp/server/managers/consumer/bind.py\\\", line 273, in delete\\n    raise Exception, 'outstanding actions, not deleted'\\n\"], \"task_id\": \"f9fcc7af-f27e-4c16-b287-9d21c74c3466\", \"call_request_tags\": [\"pulp:consumer:010E99C0-3276-11E2-81C1-0800200C9A66\", \"pulp:repository:1\", \"pulp:repository_distributor:1\", \"pulp:action:delete_binding\"], \"reasons\": [], \"start_time\": \"2013-03-21T16:54:08Z\", \"tags\": [\"pulp:consumer:010E99C0-3276-11E2-81C1-0800200C9A66\", \"pulp:repository:1\", \"pulp:repository_distributor:1\", \"pulp:action:delete_binding\"], \"state\": \"error\", \"finish_time\": \"2013-03-21T16:54:08Z\", \"dependency_failures\": {}, \"schedule_id\": null, \"progress\": {}, \"call_request_group_id\": \"c40bbc9e-30bb-4441-b909-aaff7e569abd\", \"call_request_id\": \"f9fcc7af-f27e-4c16-b287-9d21c74c3466\", \"principal_login\": \"admin\", \"response\": \"accepted\", \"result\": null}, {\"task_group_id\": \"c207ea52-84c1-4b21-8f8b-32796b4feb1e\", \"exception\": null, \"traceback\": null, \"task_id\": \"aba2b86f-3f4e-4a0a-b6b1-cac1ec658a1a\", \"call_request_tags\": [\"pulp:repository:1\", \"pulp:action:sync\"], \"reasons\": [], \"start_time\": \"2013-03-21T16:54:07Z\", \"tags\": [\"pulp:repository:1\", \"pulp:action:sync\"], \"state\": \"finished\", \"finish_time\": \"2013-03-21T16:54:08Z\", \"dependency_failures\": {}, \"schedule_id\": null, \"progress\": {\"yum_importer\": {\"content\": {\"num_success\": 11, \"size_total\": 17872, \"items_left\": 0, \"items_total\": 11, \"state\": \"FINISHED\", \"size_left\": 0, \"details\": {\"tree_file\": {\"num_success\": 3, \"size_total\": 0, \"items_left\": 0, \"items_total\": 3, \"size_left\": 0, \"num_error\": 0}, \"rpm\": {\"num_success\": 8, \"size_total\": 17872, \"items_left\": 0, \"items_total\": 8, \"size_left\": 0, \"num_error\": 0}, \"delta_rpm\": {\"num_success\": 0, \"size_total\": 0, \"items_left\": 0, \"items_total\": 0, \"size_left\": 0, \"num_error\": 0}, \"file\": {\"num_success\": 0, \"size_total\": 0, \"items_left\": 0, \"items_total\": 0, \"size_left\": 0, \"num_error\": 0}}, \"error_details\": [], \"num_error\": 0}, \"comps\": {\"state\": \"FINISHED\"}, \"errata\": {\"state\": \"FINISHED\", \"num_errata\": 2}, \"metadata\": {\"state\": \"FINISHED\"}}}, \"call_request_group_id\": \"c207ea52-84c1-4b21-8f8b-32796b4feb1e\", \"call_request_id\": \"aba2b86f-3f4e-4a0a-b6b1-cac1ec658a1a\", \"principal_login\": \"admin\", \"response\": \"accepted\", \"result\": null}, {\"task_group_id\": null, \"exception\": null, \"traceback\": null, \"task_id\": \"035484e2-2be8-41aa-85a1-13193dae6697\", \"call_request_tags\": [\"pulp:consumer:010E99C0-3276-11E2-81C1-0800200C9A66\", \"pulp:action:delete\"], \"reasons\": [{\"operation\": \"read\", \"resource_type\": \"consumer\", \"resource_id\": \"010E99C0-3276-11E2-81C1-0800200C9A66\"}], \"start_time\": \"2013-03-21T16:54:09Z\", \"tags\": [\"pulp:consumer:010E99C0-3276-11E2-81C1-0800200C9A66\", \"pulp:action:delete\"], \"state\": \"finished\", \"finish_time\": \"2013-03-21T16:54:09Z\", \"dependency_failures\": {}, \"schedule_id\": null, \"progress\": {}, \"call_request_group_id\": null, \"call_request_id\": \"035484e2-2be8-41aa-85a1-13193dae6697\", \"principal_login\": \"admin\", \"response\": \"postponed\", \"result\": null}, {\"task_group_id\": null, \"exception\": null, \"traceback\": null, \"task_id\": \"187a3b03-9660-4d2f-a25e-576baaf83c6e\", \"call_request_tags\": [\"pulp:consumer:010E99C0-3276-11E2-81C1-0800200C9A66\", \"pulp:action:create\"], \"reasons\": [], \"start_time\": \"2013-03-21T16:54:10Z\", \"tags\": [\"pulp:consumer:010E99C0-3276-11E2-81C1-0800200C9A66\", \"pulp:action:create\"], \"state\": \"finished\", \"finish_time\": \"2013-03-21T16:54:10Z\", \"dependency_failures\": {}, \"schedule_id\": null, \"progress\": {}, \"call_request_group_id\": null, \"call_request_id\": \"187a3b03-9660-4d2f-a25e-576baaf83c6e\", \"principal_login\": \"admin\", \"response\": \"accepted\", \"result\": \"****\"}, {\"task_group_id\": null, \"exception\": null, \"traceback\": null, \"task_id\": \"4510bbbb-911e-48aa-8399-d2128e3a58d9\", \"call_request_tags\": [\"pulp:consumer:010E99C0-3276-11E2-81C1-0800200C9A66\", \"pulp:action:delete\"], \"reasons\": [], \"start_time\": \"2013-03-21T16:54:10Z\", \"tags\": [\"pulp:consumer:010E99C0-3276-11E2-81C1-0800200C9A66\", \"pulp:action:delete\"], \"state\": \"finished\", \"finish_time\": \"2013-03-21T16:54:10Z\", \"dependency_failures\": {}, \"schedule_id\": null, \"progress\": {}, \"call_request_group_id\": null, \"call_request_id\": \"4510bbbb-911e-48aa-8399-d2128e3a58d9\", \"principal_login\": \"admin\", \"response\": \"accepted\", \"result\": null}, {\"task_group_id\": \"abf665ca-c690-4b23-9b83-b3aedce8dc7e\", \"exception\": null, \"traceback\": null, \"task_id\": \"272bfaac-29f4-4562-bb25-44ee39204eff\", \"call_request_tags\": [\"pulp:repository:1\", \"pulp:action:delete\"], \"reasons\": [], \"start_time\": \"2013-03-21T16:54:11Z\", \"tags\": [\"pulp:repository:1\", \"pulp:action:delete\"], \"state\": \"finished\", \"finish_time\": \"2013-03-21T16:54:11Z\", \"dependency_failures\": {}, \"schedule_id\": null, \"progress\": {}, \"call_request_group_id\": \"abf665ca-c690-4b23-9b83-b3aedce8dc7e\", \"call_request_id\": \"272bfaac-29f4-4562-bb25-44ee39204eff\", \"principal_login\": \"admin\", \"response\": \"accepted\", \"result\": null}, {\"task_group_id\": null, \"exception\": null, \"traceback\": null, \"task_id\": \"cd622cab-4d49-49c2-ab42-68878ec358fd\", \"call_request_tags\": [\"pulp:consumer:010E99C0-3276-11E2-81C1-0800200C9A66\", \"pulp:action:create\"], \"reasons\": [], \"start_time\": \"2013-03-21T16:54:11Z\", \"tags\": [\"pulp:consumer:010E99C0-3276-11E2-81C1-0800200C9A66\", \"pulp:action:create\"], \"state\": \"finished\", \"finish_time\": \"2013-03-21T16:54:11Z\", \"dependency_failures\": {}, \"schedule_id\": null, \"progress\": {}, \"call_request_group_id\": null, \"call_request_id\": \"cd622cab-4d49-49c2-ab42-68878ec358fd\", \"principal_login\": \"admin\", \"response\": \"accepted\", \"result\": \"****\"}, {\"task_group_id\": null, \"exception\": null, \"traceback\": null, \"task_id\": \"1a0b807e-c102-4e1f-b67f-d5e4cfa7a8ba\", \"call_request_tags\": [\"pulp:consumer_group_type:simple_group\"], \"reasons\": [], \"start_time\": \"2013-03-21T16:54:12Z\", \"tags\": [\"pulp:consumer_group_type:simple_group\"], \"state\": \"finished\", \"finish_time\": \"2013-03-21T16:54:12Z\", \"dependency_failures\": {}, \"schedule_id\": null, \"progress\": {}, \"call_request_group_id\": null, \"call_request_id\": \"1a0b807e-c102-4e1f-b67f-d5e4cfa7a8ba\", \"principal_login\": \"admin\", \"response\": \"accepted\", \"result\": {\"scratchpad\": null, \"display_name\": null, \"description\": \"Super administrator with all access.\", \"_ns\": \"consumer_groups\", \"notes\": {}, \"consumer_ids\": [\"010E99C0-3276-11E2-81C1-0800200C9A66\"], \"_id\": {\"$oid\": \"514b3b349c60ed64a3004ccd\"}, \"id\": \"simple_group\", \"_href\": \"/pulp/api/v2/consumer_groups/simple_group/\"}}, {\"task_group_id\": null, \"exception\": null, \"traceback\": null, \"task_id\": \"f8127c24-ca78-422d-9b67-aad2a7e110fd\", \"call_request_tags\": [\"pulp:consumer_group_type:simple_group\", \"pulp:action:consumer_group_associate\"], \"reasons\": [], \"start_time\": \"2013-03-21T16:54:12Z\", \"tags\": [\"pulp:consumer_group_type:simple_group\", \"pulp:action:consumer_group_associate\"], \"state\": \"finished\", \"finish_time\": \"2013-03-21T16:54:12Z\", \"dependency_failures\": {}, \"schedule_id\": null, \"progress\": {}, \"call_request_group_id\": null, \"call_request_id\": \"f8127c24-ca78-422d-9b67-aad2a7e110fd\", \"principal_login\": \"admin\", \"response\": \"accepted\", \"result\": [\"010E99C0-3276-11E2-81C1-0800200C9A66\"]}, {\"task_group_id\": null, \"exception\": null, \"traceback\": null, \"task_id\": \"650e8237-537d-4516-b258-bb752a45bcb2\", \"call_request_tags\": [\"pulp:consumer:010E99C0-3276-11E2-81C1-0800200C9A66\", \"pulp:action:delete\"], \"reasons\": [], \"start_time\": \"2013-03-21T16:54:12Z\", \"tags\": [\"pulp:consumer:010E99C0-3276-11E2-81C1-0800200C9A66\", \"pulp:action:delete\"], \"state\": \"finished\", \"finish_time\": \"2013-03-21T16:54:12Z\", \"dependency_failures\": {}, \"schedule_id\": null, \"progress\": {}, \"call_request_group_id\": null, \"call_request_id\": \"650e8237-537d-4516-b258-bb752a45bcb2\", \"principal_login\": \"admin\", \"response\": \"accepted\", \"result\": null}, {\"task_group_id\": null, \"exception\": null, \"traceback\": null, \"task_id\": \"e28e53e0-e8aa-404c-97d9-67675f9f9afb\", \"call_request_tags\": [\"pulp:consumer_group_type:simple_group\"], \"reasons\": [], \"start_time\": \"2013-03-21T16:54:12Z\", \"tags\": [\"pulp:consumer_group_type:simple_group\"], \"state\": \"finished\", \"finish_time\": \"2013-03-21T16:54:12Z\", \"dependency_failures\": {}, \"schedule_id\": null, \"progress\": {}, \"call_request_group_id\": null, \"call_request_id\": \"e28e53e0-e8aa-404c-97d9-67675f9f9afb\", \"principal_login\": \"admin\", \"response\": \"accepted\", \"result\": null}, {\"task_group_id\": null, \"exception\": null, \"traceback\": null, \"task_id\": \"b9dc9945-a483-4e81-9dfc-096d2c4bd73c\", \"call_request_tags\": [\"pulp:consumer:010E99C0-3276-11E2-81C1-0800200C9A66\", \"pulp:action:create\"], \"reasons\": [], \"start_time\": \"2013-03-21T16:54:13Z\", \"tags\": [\"pulp:consumer:010E99C0-3276-11E2-81C1-0800200C9A66\", \"pulp:action:create\"], \"state\": \"finished\", \"finish_time\": \"2013-03-21T16:54:13Z\", \"dependency_failures\": {}, \"schedule_id\": null, \"progress\": {}, \"call_request_group_id\": null, \"call_request_id\": \"b9dc9945-a483-4e81-9dfc-096d2c4bd73c\", \"principal_login\": \"admin\", \"response\": \"accepted\", \"result\": \"****\"}, {\"task_group_id\": null, \"exception\": null, \"traceback\": null, \"task_id\": \"2183a3ed-167c-4c89-b8ef-7428833e1955\", \"call_request_tags\": [\"pulp:consumer_group_type:simple_group\"], \"reasons\": [], \"start_time\": \"2013-03-21T16:54:13Z\", \"tags\": [\"pulp:consumer_group_type:simple_group\"], \"state\": \"finished\", \"finish_time\": \"2013-03-21T16:54:13Z\", \"dependency_failures\": {}, \"schedule_id\": null, \"progress\": {}, \"call_request_group_id\": null, \"call_request_id\": \"2183a3ed-167c-4c89-b8ef-7428833e1955\", \"principal_login\": \"admin\", \"response\": \"accepted\", \"result\": {\"scratchpad\": null, \"display_name\": null, \"description\": \"Super administrator with all access.\", \"_ns\": \"consumer_groups\", \"notes\": {}, \"consumer_ids\": [\"010E99C0-3276-11E2-81C1-0800200C9A66\"], \"_id\": {\"$oid\": \"514b3b359c60ed64a3004cfd\"}, \"id\": \"simple_group\", \"_href\": \"/pulp/api/v2/consumer_groups/simple_group/\"}}, {\"task_group_id\": null, \"exception\": null, \"traceback\": null, \"task_id\": \"8a0fd16f-5aa3-450f-bf52-4b5a95dc43d4\", \"call_request_tags\": [\"pulp:consumer_group_type:simple_group\", \"pulp:action:consumer_group_associate\"], \"reasons\": [], \"start_time\": \"2013-03-21T16:54:13Z\", \"tags\": [\"pulp:consumer_group_type:simple_group\", \"pulp:action:consumer_group_associate\"], \"state\": \"finished\", \"finish_time\": \"2013-03-21T16:54:13Z\", \"dependency_failures\": {}, \"schedule_id\": null, \"progress\": {}, \"call_request_group_id\": null, \"call_request_id\": \"8a0fd16f-5aa3-450f-bf52-4b5a95dc43d4\", \"principal_login\": \"admin\", \"response\": \"accepted\", \"result\": [\"010E99C0-3276-11E2-81C1-0800200C9A66\"]}, {\"task_group_id\": null, \"exception\": null, \"traceback\": null, \"task_id\": \"2cde921e-2c6d-4c6f-a99a-11f47693a1fb\", \"call_request_tags\": [\"pulp:consumer_group_type:simple_group\", \"pulp:action:consumer_group_unassociate\"], \"reasons\": [], \"start_time\": \"2013-03-21T16:54:13Z\", \"tags\": [\"pulp:consumer_group_type:simple_group\", \"pulp:action:consumer_group_unassociate\"], \"state\": \"finished\", \"finish_time\": \"2013-03-21T16:54:13Z\", \"dependency_failures\": {}, \"schedule_id\": null, \"progress\": {}, \"call_request_group_id\": null, \"call_request_id\": \"2cde921e-2c6d-4c6f-a99a-11f47693a1fb\", \"principal_login\": \"admin\", \"response\": \"accepted\", \"result\": [\"010E99C0-3276-11E2-81C1-0800200C9A66\"]}, {\"task_group_id\": null, \"exception\": null, \"traceback\": null, \"task_id\": \"4571cb32-9dd7-43f4-9f11-da7e96c553d4\", \"call_request_tags\": [\"pulp:consumer:010E99C0-3276-11E2-81C1-0800200C9A66\", \"pulp:action:delete\"], \"reasons\": [], \"start_time\": \"2013-03-21T16:54:14Z\", \"tags\": [\"pulp:consumer:010E99C0-3276-11E2-81C1-0800200C9A66\", \"pulp:action:delete\"], \"state\": \"finished\", \"finish_time\": \"2013-03-21T16:54:14Z\", \"dependency_failures\": {}, \"schedule_id\": null, \"progress\": {}, \"call_request_group_id\": null, \"call_request_id\": \"4571cb32-9dd7-43f4-9f11-da7e96c553d4\", \"principal_login\": \"admin\", \"response\": \"accepted\", \"result\": null}, {\"task_group_id\": null, \"exception\": null, \"traceback\": null, \"task_id\": \"076b71e0-dbb1-4c99-821f-50fa4441559b\", \"call_request_tags\": [\"pulp:consumer_group_type:simple_group\"], \"reasons\": [], \"start_time\": \"2013-03-21T16:54:14Z\", \"tags\": [\"pulp:consumer_group_type:simple_group\"], \"state\": \"finished\", \"finish_time\": \"2013-03-21T16:54:14Z\", \"dependency_failures\": {}, \"schedule_id\": null, \"progress\": {}, \"call_request_group_id\": null, \"call_request_id\": \"076b71e0-dbb1-4c99-821f-50fa4441559b\", \"principal_login\": \"admin\", \"response\": \"accepted\", \"result\": null}, {\"task_group_id\": null, \"exception\": null, \"traceback\": null, \"task_id\": \"beecdf4f-a3d0-4d5a-83ce-fcaedeb02ff8\", \"call_request_tags\": [\"pulp:consumer:010E99C0-3276-11E2-81C1-0800200C9A66\", \"pulp:action:create\"], \"reasons\": [], \"start_time\": \"2013-03-21T16:54:14Z\", \"tags\": [\"pulp:consumer:010E99C0-3276-11E2-81C1-0800200C9A66\", \"pulp:action:create\"], \"state\": \"finished\", \"finish_time\": \"2013-03-21T16:54:14Z\", \"dependency_failures\": {}, \"schedule_id\": null, \"progress\": {}, \"call_request_group_id\": null, \"call_request_id\": \"beecdf4f-a3d0-4d5a-83ce-fcaedeb02ff8\", \"principal_login\": \"admin\", \"response\": \"accepted\", \"result\": \"****\"}, {\"task_group_id\": null, \"exception\": null, \"traceback\": null, \"task_id\": \"1b8a53c6-dbf2-40f9-9ea1-94d03d093942\", \"call_request_tags\": [\"pulp:consumer_group_type:simple_group\"], \"reasons\": [], \"start_time\": \"2013-03-21T16:54:15Z\", \"tags\": [\"pulp:consumer_group_type:simple_group\"], \"state\": \"finished\", \"finish_time\": \"2013-03-21T16:54:15Z\", \"dependency_failures\": {}, \"schedule_id\": null, \"progress\": {}, \"call_request_group_id\": null, \"call_request_id\": \"1b8a53c6-dbf2-40f9-9ea1-94d03d093942\", \"principal_login\": \"admin\", \"response\": \"accepted\", \"result\": {\"scratchpad\": null, \"display_name\": null, \"description\": \"Super administrator with all access.\", \"_ns\": \"consumer_groups\", \"notes\": {}, \"consumer_ids\": [\"010E99C0-3276-11E2-81C1-0800200C9A66\"], \"_id\": {\"$oid\": \"514b3b379c60ed64a3004d36\"}, \"id\": \"simple_group\", \"_href\": \"/pulp/api/v2/consumer_groups/simple_group/\"}}, {\"task_group_id\": null, \"exception\": null, \"traceback\": null, \"task_id\": \"35d93ab3-a5bb-430b-9dee-85ad520fa953\", \"call_request_tags\": [\"pulp:consumer_group_type:simple_group\", \"pulp:action:consumer_group_associate\"], \"reasons\": [], \"start_time\": \"2013-03-21T16:54:15Z\", \"tags\": [\"pulp:consumer_group_type:simple_group\", \"pulp:action:consumer_group_associate\"], \"state\": \"finished\", \"finish_time\": \"2013-03-21T16:54:15Z\", \"dependency_failures\": {}, \"schedule_id\": null, \"progress\": {}, \"call_request_group_id\": null, \"call_request_id\": \"35d93ab3-a5bb-430b-9dee-85ad520fa953\", \"principal_login\": \"admin\", \"response\": \"accepted\", \"result\": [\"010E99C0-3276-11E2-81C1-0800200C9A66\"]}, {\"task_group_id\": null, \"exception\": null, \"traceback\": null, \"task_id\": \"fb045781-2c89-4ccd-8196-5bea4bea2aa5\", \"call_request_tags\": [\"pulp:consumer_group_type:simple_group\", \"pulp:action:consumer_group_unassociate\"], \"reasons\": [], \"start_time\": \"2013-03-21T16:54:15Z\", \"tags\": [\"pulp:consumer_group_type:simple_group\", \"pulp:action:consumer_group_unassociate\"], \"state\": \"finished\", \"finish_time\": \"2013-03-21T16:54:15Z\", \"dependency_failures\": {}, \"schedule_id\": null, \"progress\": {}, \"call_request_group_id\": null, \"call_request_id\": \"fb045781-2c89-4ccd-8196-5bea4bea2aa5\", \"principal_login\": \"admin\", \"response\": \"accepted\", \"result\": [\"010E99C0-3276-11E2-81C1-0800200C9A66\"]}, {\"task_group_id\": null, \"exception\": null, \"traceback\": null, \"task_id\": \"40a28d8f-d953-44ee-b2ca-7c87bd6a22d9\", \"call_request_tags\": [\"pulp:consumer:010E99C0-3276-11E2-81C1-0800200C9A66\", \"pulp:action:delete\"], \"reasons\": [], \"start_time\": \"2013-03-21T16:54:15Z\", \"tags\": [\"pulp:consumer:010E99C0-3276-11E2-81C1-0800200C9A66\", \"pulp:action:delete\"], \"state\": \"finished\", \"finish_time\": \"2013-03-21T16:54:15Z\", \"dependency_failures\": {}, \"schedule_id\": null, \"progress\": {}, \"call_request_group_id\": null, \"call_request_id\": \"40a28d8f-d953-44ee-b2ca-7c87bd6a22d9\", \"principal_login\": \"admin\", \"response\": \"accepted\", \"result\": null}, {\"task_group_id\": null, \"exception\": null, \"traceback\": null, \"task_id\": \"15290f5a-747a-4385-ad65-5e4fecc51ba2\", \"call_request_tags\": [\"pulp:consumer_group_type:simple_group\"], \"reasons\": [], \"start_time\": \"2013-03-21T16:54:15Z\", \"tags\": [\"pulp:consumer_group_type:simple_group\"], \"state\": \"finished\", \"finish_time\": \"2013-03-21T16:54:15Z\", \"dependency_failures\": {}, \"schedule_id\": null, \"progress\": {}, \"call_request_group_id\": null, \"call_request_id\": \"15290f5a-747a-4385-ad65-5e4fecc51ba2\", \"principal_login\": \"admin\", \"response\": \"accepted\", \"result\": null}, {\"task_group_id\": null, \"exception\": null, \"traceback\": null, \"task_id\": \"45c4e0bb-f472-4a4f-bd4c-205a8b8dae75\", \"call_request_tags\": [\"pulp:consumer:010E99C0-3276-11E2-81C1-0800200C9A66\", \"pulp:action:create\"], \"reasons\": [], \"start_time\": \"2013-03-21T16:54:16Z\", \"tags\": [\"pulp:consumer:010E99C0-3276-11E2-81C1-0800200C9A66\", \"pulp:action:create\"], \"state\": \"finished\", \"finish_time\": \"2013-03-21T16:54:16Z\", \"dependency_failures\": {}, \"schedule_id\": null, \"progress\": {}, \"call_request_group_id\": null, \"call_request_id\": \"45c4e0bb-f472-4a4f-bd4c-205a8b8dae75\", \"principal_login\": \"admin\", \"response\": \"accepted\", \"result\": \"****\"}, {\"task_group_id\": null, \"exception\": null, \"traceback\": null, \"task_id\": \"d4a09b41-9bde-4da6-bf48-e4ac86a79421\", \"call_request_tags\": [\"pulp:consumer_group_type:simple_group\"], \"reasons\": [], \"start_time\": \"2013-03-21T16:54:16Z\", \"tags\": [\"pulp:consumer_group_type:simple_group\"], \"state\": \"finished\", \"finish_time\": \"2013-03-21T16:54:16Z\", \"dependency_failures\": {}, \"schedule_id\": null, \"progress\": {}, \"call_request_group_id\": null, \"call_request_id\": \"d4a09b41-9bde-4da6-bf48-e4ac86a79421\", \"principal_login\": \"admin\", \"response\": \"accepted\", \"result\": {\"scratchpad\": null, \"display_name\": null, \"description\": \"Super administrator with all access.\", \"_ns\": \"consumer_groups\", \"notes\": {}, \"consumer_ids\": [\"010E99C0-3276-11E2-81C1-0800200C9A66\"], \"_id\": {\"$oid\": \"514b3b389c60ed64a3004d6f\"}, \"id\": \"simple_group\", \"_href\": \"/pulp/api/v2/consumer_groups/simple_group/\"}}, {\"task_group_id\": null, \"exception\": null, \"traceback\": null, \"task_id\": \"87c95a67-cccd-4c06-acdf-10429951199a\", \"call_request_tags\": [\"pulp:consumer_group_type:simple_group\", \"pulp:action:consumer_group_associate\"], \"reasons\": [], \"start_time\": \"2013-03-21T16:54:16Z\", \"tags\": [\"pulp:consumer_group_type:simple_group\", \"pulp:action:consumer_group_associate\"], \"state\": \"finished\", \"finish_time\": \"2013-03-21T16:54:16Z\", \"dependency_failures\": {}, \"schedule_id\": null, \"progress\": {}, \"call_request_group_id\": null, \"call_request_id\": \"87c95a67-cccd-4c06-acdf-10429951199a\", \"principal_login\": \"admin\", \"response\": \"accepted\", \"result\": [\"010E99C0-3276-11E2-81C1-0800200C9A66\"]}, {\"task_group_id\": null, \"exception\": null, \"traceback\": null, \"task_id\": \"d94548ab-f14b-4746-a05c-c249a6c72364\", \"call_request_tags\": [\"pulp:consumer:010E99C0-3276-11E2-81C1-0800200C9A66\", \"pulp:action:delete\"], \"reasons\": [], \"start_time\": \"2013-03-21T16:54:16Z\", \"tags\": [\"pulp:consumer:010E99C0-3276-11E2-81C1-0800200C9A66\", \"pulp:action:delete\"], \"state\": \"finished\", \"finish_time\": \"2013-03-21T16:54:16Z\", \"dependency_failures\": {}, \"schedule_id\": null, \"progress\": {}, \"call_request_group_id\": null, \"call_request_id\": \"d94548ab-f14b-4746-a05c-c249a6c72364\", \"principal_login\": \"admin\", \"response\": \"accepted\", \"result\": null}, {\"task_group_id\": null, \"exception\": null, \"traceback\": null, \"task_id\": \"4c3a2086-dbf8-4dec-99fd-a03ea83485a6\", \"call_request_tags\": [\"pulp:consumer_group_type:simple_group\"], \"reasons\": [], \"start_time\": \"2013-03-21T16:54:17Z\", \"tags\": [\"pulp:consumer_group_type:simple_group\"], \"state\": \"finished\", \"finish_time\": \"2013-03-21T16:54:17Z\", \"dependency_failures\": {}, \"schedule_id\": null, \"progress\": {}, \"call_request_group_id\": null, \"call_request_id\": \"4c3a2086-dbf8-4dec-99fd-a03ea83485a6\", \"principal_login\": \"admin\", \"response\": \"accepted\", \"result\": null}, {\"task_group_id\": null, \"exception\": null, \"traceback\": null, \"task_id\": \"62bad7b4-f8bd-4aa5-b3e0-3ea92c7c9469\", \"call_request_tags\": [\"pulp:consumer:010E99C0-3276-11E2-81C1-0800200C9A66\", \"pulp:action:create\"], \"reasons\": [], \"start_time\": \"2013-03-21T16:54:17Z\", \"tags\": [\"pulp:consumer:010E99C0-3276-11E2-81C1-0800200C9A66\", \"pulp:action:create\"], \"state\": \"finished\", \"finish_time\": \"2013-03-21T16:54:17Z\", \"dependency_failures\": {}, \"schedule_id\": null, \"progress\": {}, \"call_request_group_id\": null, \"call_request_id\": \"62bad7b4-f8bd-4aa5-b3e0-3ea92c7c9469\", \"principal_login\": \"admin\", \"response\": \"accepted\", \"result\": \"****\"}, {\"task_group_id\": null, \"exception\": null, \"traceback\": null, \"task_id\": \"1874c62c-19af-495f-b275-e353c8fa1a95\", \"call_request_tags\": [\"pulp:consumer_group_type:simple_group\"], \"reasons\": [], \"start_time\": \"2013-03-21T16:54:17Z\", \"tags\": [\"pulp:consumer_group_type:simple_group\"], \"state\": \"finished\", \"finish_time\": \"2013-03-21T16:54:17Z\", \"dependency_failures\": {}, \"schedule_id\": null, \"progress\": {}, \"call_request_group_id\": null, \"call_request_id\": \"1874c62c-19af-495f-b275-e353c8fa1a95\", \"principal_login\": \"admin\", \"response\": \"accepted\", \"result\": {\"scratchpad\": null, \"display_name\": null, \"description\": \"Super administrator with all access.\", \"_ns\": \"consumer_groups\", \"notes\": {}, \"consumer_ids\": [\"010E99C0-3276-11E2-81C1-0800200C9A66\"], \"_id\": {\"$oid\": \"514b3b399c60ed64a3004d9f\"}, \"id\": \"simple_group\", \"_href\": \"/pulp/api/v2/consumer_groups/simple_group/\"}}, {\"task_group_id\": null, \"exception\": null, \"traceback\": null, \"task_id\": \"438113a0-b5be-44de-9ab0-f175fefc1019\", \"call_request_tags\": [\"pulp:consumer_group_type:simple_group\"], \"reasons\": [], \"start_time\": \"2013-03-21T16:54:18Z\", \"tags\": [\"pulp:consumer_group_type:simple_group\"], \"state\": \"finished\", \"finish_time\": \"2013-03-21T16:54:18Z\", \"dependency_failures\": {}, \"schedule_id\": null, \"progress\": {}, \"call_request_group_id\": null, \"call_request_id\": \"438113a0-b5be-44de-9ab0-f175fefc1019\", \"principal_login\": \"admin\", \"response\": \"accepted\", \"result\": null}, {\"task_group_id\": null, \"exception\": null, \"traceback\": null, \"task_id\": \"52727264-27f2-4538-bcc4-82d1eab16a21\", \"call_request_tags\": [\"pulp:consumer:010E99C0-3276-11E2-81C1-0800200C9A66\", \"pulp:action:delete\"], \"reasons\": [], \"start_time\": \"2013-03-21T16:54:18Z\", \"tags\": [\"pulp:consumer:010E99C0-3276-11E2-81C1-0800200C9A66\", \"pulp:action:delete\"], \"state\": \"finished\", \"finish_time\": \"2013-03-21T16:54:18Z\", \"dependency_failures\": {}, \"schedule_id\": null, \"progress\": {}, \"call_request_group_id\": null, \"call_request_id\": \"52727264-27f2-4538-bcc4-82d1eab16a21\", \"principal_login\": \"admin\", \"response\": \"accepted\", \"result\": null}, {\"task_group_id\": null, \"exception\": null, \"traceback\": null, \"task_id\": \"611d34ef-5c72-43ce-bd66-b370c0327716\", \"call_request_tags\": [\"pulp:consumer:010E99C0-3276-11E2-81C1-0800200C9A66\", \"pulp:action:create\"], \"reasons\": [], \"start_time\": \"2013-03-21T16:54:18Z\", \"tags\": [\"pulp:consumer:010E99C0-3276-11E2-81C1-0800200C9A66\", \"pulp:action:create\"], \"state\": \"finished\", \"finish_time\": \"2013-03-21T16:54:18Z\", \"dependency_failures\": {}, \"schedule_id\": null, \"progress\": {}, \"call_request_group_id\": null, \"call_request_id\": \"611d34ef-5c72-43ce-bd66-b370c0327716\", \"principal_login\": \"admin\", \"response\": \"accepted\", \"result\": \"****\"}, {\"task_group_id\": null, \"exception\": null, \"traceback\": null, \"task_id\": \"98475c62-4979-494b-ad8e-0c86612e9da2\", \"call_request_tags\": [\"pulp:consumer_group_type:simple_group\"], \"reasons\": [], \"start_time\": \"2013-03-21T16:54:19Z\", \"tags\": [\"pulp:consumer_group_type:simple_group\"], \"state\": \"finished\", \"finish_time\": \"2013-03-21T16:54:19Z\", \"dependency_failures\": {}, \"schedule_id\": null, \"progress\": {}, \"call_request_group_id\": null, \"call_request_id\": \"98475c62-4979-494b-ad8e-0c86612e9da2\", \"principal_login\": \"admin\", \"response\": \"accepted\", \"result\": {\"scratchpad\": null, \"display_name\": null, \"description\": \"Super administrator with all access.\", \"_ns\": \"consumer_groups\", \"notes\": {}, \"consumer_ids\": [\"010E99C0-3276-11E2-81C1-0800200C9A66\"], \"_id\": {\"$oid\": \"514b3b3b9c60ed64a3004dc5\"}, \"id\": \"simple_group\", \"_href\": \"/pulp/api/v2/consumer_groups/simple_group/\"}}, {\"task_group_id\": null, \"exception\": null, \"traceback\": null, \"task_id\": \"3b02d4b6-d918-4def-a532-03c256effc96\", \"call_request_tags\": [\"pulp:consumer:010E99C0-3276-11E2-81C1-0800200C9A66\", \"pulp:action:delete\"], \"reasons\": [], \"start_time\": \"2013-03-21T16:54:19Z\", \"tags\": [\"pulp:consumer:010E99C0-3276-11E2-81C1-0800200C9A66\", \"pulp:action:delete\"], \"state\": \"finished\", \"finish_time\": \"2013-03-21T16:54:19Z\", \"dependency_failures\": {}, \"schedule_id\": null, \"progress\": {}, \"call_request_group_id\": null, \"call_request_id\": \"3b02d4b6-d918-4def-a532-03c256effc96\", \"principal_login\": \"admin\", \"response\": \"accepted\", \"result\": null}, {\"task_group_id\": null, \"exception\": null, \"traceback\": null, \"task_id\": \"1521f006-16cf-4d32-8fda-6bfd8cc18af7\", \"call_request_tags\": [\"pulp:consumer_group_type:simple_group\"], \"reasons\": [], \"start_time\": \"2013-03-21T16:54:19Z\", \"tags\": [\"pulp:consumer_group_type:simple_group\"], \"state\": \"finished\", \"finish_time\": \"2013-03-21T16:54:19Z\", \"dependency_failures\": {}, \"schedule_id\": null, \"progress\": {}, \"call_request_group_id\": null, \"call_request_id\": \"1521f006-16cf-4d32-8fda-6bfd8cc18af7\", \"principal_login\": \"admin\", \"response\": \"accepted\", \"result\": null}, {\"task_group_id\": null, \"exception\": null, \"traceback\": null, \"task_id\": \"745479ed-0c63-4f6e-aabd-b8659ff56dfa\", \"call_request_tags\": [\"pulp:user:hidden\", \"pulp:action:create\"], \"reasons\": [], \"start_time\": \"2013-03-21T16:54:19Z\", \"tags\": [\"pulp:user:hidden\", \"pulp:action:create\"], \"state\": \"finished\", \"finish_time\": \"2013-03-21T16:54:19Z\", \"dependency_failures\": {}, \"schedule_id\": null, \"progress\": {}, \"call_request_group_id\": null, \"call_request_id\": \"745479ed-0c63-4f6e-aabd-b8659ff56dfa\", \"principal_login\": \"admin\", \"response\": \"accepted\", \"result\": {\"_id\": {\"$oid\": \"514b3b3b9c60ed64a3004de0\"}, \"name\": \"hidden\", \"roles\": [], \"_ns\": \"users\", \"login\": \"hidden\", \"id\": \"514b3b3b9c60ed64a3004de0\", \"_href\": \"/pulp/api/v2/users/hidden/\"}}, {\"task_group_id\": null, \"exception\": null, \"traceback\": null, \"task_id\": \"71d44c57-f8e7-49e0-93aa-732c29758bad\", \"call_request_tags\": [\"pulp:role:super-users\", \"pulp:action:add_user_to_role\"], \"reasons\": [], \"start_time\": \"2013-03-21T16:54:20Z\", \"tags\": [\"pulp:role:super-users\", \"pulp:action:add_user_to_role\"], \"state\": \"finished\", \"finish_time\": \"2013-03-21T16:54:20Z\", \"dependency_failures\": {}, \"schedule_id\": null, \"progress\": {}, \"call_request_group_id\": null, \"call_request_id\": \"71d44c57-f8e7-49e0-93aa-732c29758bad\", \"principal_login\": \"admin\", \"response\": \"accepted\", \"result\": null}, {\"task_group_id\": null, \"exception\": null, \"traceback\": null, \"task_id\": \"c69e8be6-faf0-4805-a098-242c8d3fc5e8\", \"call_request_tags\": [\"pulp:repository:1\", \"pulp:action:create\"], \"reasons\": [], \"start_time\": \"2013-03-21T16:54:20Z\", \"tags\": [\"pulp:repository:1\", \"pulp:action:create\"], \"state\": \"finished\", \"finish_time\": \"2013-03-21T16:54:20Z\", \"dependency_failures\": {}, \"schedule_id\": null, \"progress\": {}, \"call_request_group_id\": null, \"call_request_id\": \"c69e8be6-faf0-4805-a098-242c8d3fc5e8\", \"principal_login\": \"admin\", \"response\": \"accepted\", \"result\": {\"scratchpad\": {}, \"display_name\": \"Fedora 17 x86_64\", \"description\": null, \"_ns\": \"repos\", \"notes\": {}, \"content_unit_count\": 0, \"_id\": {\"$oid\": \"514b3b3c9c60ed64a3004df6\"}, \"id\": \"1\", \"_href\": \"/pulp/api/v2/repositories/1/\"}}, {\"task_group_id\": \"bd75072c-3d38-449a-bdc0-897491b355ab\", \"exception\": null, \"traceback\": null, \"task_id\": \"f9ad3476-652c-4077-9119-a609eca7a02f\", \"call_request_tags\": [\"pulp:repository:1\", \"pulp:action:sync\"], \"reasons\": [], \"start_time\": \"2013-03-21T16:54:20Z\", \"tags\": [\"pulp:repository:1\", \"pulp:action:sync\"], \"state\": \"finished\", \"finish_time\": \"2013-03-21T16:54:22Z\", \"dependency_failures\": {}, \"schedule_id\": null, \"progress\": {\"yum_importer\": {\"content\": {\"num_success\": 11, \"size_total\": 17872, \"items_left\": 0, \"items_total\": 11, \"state\": \"FINISHED\", \"size_left\": 0, \"details\": {\"tree_file\": {\"num_success\": 3, \"size_total\": 0, \"items_left\": 0, \"items_total\": 3, \"size_left\": 0, \"num_error\": 0}, \"rpm\": {\"num_success\": 8, \"size_total\": 17872, \"items_left\": 0, \"items_total\": 8, \"size_left\": 0, \"num_error\": 0}, \"delta_rpm\": {\"num_success\": 0, \"size_total\": 0, \"items_left\": 0, \"items_total\": 0, \"size_left\": 0, \"num_error\": 0}, \"file\": {\"num_success\": 0, \"size_total\": 0, \"items_left\": 0, \"items_total\": 0, \"size_left\": 0, \"num_error\": 0}}, \"error_details\": [], \"num_error\": 0}, \"comps\": {\"state\": \"FINISHED\"}, \"errata\": {\"state\": \"FINISHED\", \"num_errata\": 2}, \"metadata\": {\"state\": \"FINISHED\"}}}, \"call_request_group_id\": \"bd75072c-3d38-449a-bdc0-897491b355ab\", \"call_request_id\": \"f9ad3476-652c-4077-9119-a609eca7a02f\", \"principal_login\": \"admin\", \"response\": \"accepted\", \"result\": null}, {\"task_group_id\": null, \"exception\": null, \"traceback\": null, \"task_id\": \"c04fa18a-6bd4-41c0-a8a1-018f76beb1d0\", \"call_request_tags\": [\"pulp:consumer:010E99C0-3276-11E2-81C1-0800200C9A66\", \"pulp:action:create\"], \"reasons\": [], \"start_time\": \"2013-03-21T16:54:23Z\", \"tags\": [\"pulp:consumer:010E99C0-3276-11E2-81C1-0800200C9A66\", \"pulp:action:create\"], \"state\": \"finished\", \"finish_time\": \"2013-03-21T16:54:23Z\", \"dependency_failures\": {}, \"schedule_id\": null, \"progress\": {}, \"call_request_group_id\": null, \"call_request_id\": \"c04fa18a-6bd4-41c0-a8a1-018f76beb1d0\", \"principal_login\": \"admin\", \"response\": \"accepted\", \"result\": \"****\"}, {\"task_group_id\": \"b670fae5-c8ae-4e70-bdd5-cff2fd8b4b2d\", \"exception\": null, \"traceback\": null, \"task_id\": \"e81399c8-ce94-489f-ae84-03760c93d600\", \"call_request_tags\": [\"pulp:consumer:010E99C0-3276-11E2-81C1-0800200C9A66\", \"pulp:repository:1\", \"pulp:repository_distributor:1\", \"pulp:action:bind\"], \"reasons\": [], \"start_time\": \"2013-03-21T16:54:23Z\", \"tags\": [\"pulp:consumer:010E99C0-3276-11E2-81C1-0800200C9A66\", \"pulp:repository:1\", \"pulp:repository_distributor:1\", \"pulp:action:bind\"], \"state\": \"finished\", \"finish_time\": \"2013-03-21T16:54:23Z\", \"dependency_failures\": {}, \"schedule_id\": null, \"progress\": {}, \"call_request_group_id\": \"b670fae5-c8ae-4e70-bdd5-cff2fd8b4b2d\", \"call_request_id\": \"e81399c8-ce94-489f-ae84-03760c93d600\", \"principal_login\": \"admin\", \"response\": \"accepted\", \"result\": {\"repo_id\": \"1\", \"consumer_actions\": [], \"_ns\": \"consumer_bindings\", \"distributor_id\": \"1\", \"consumer_id\": \"010E99C0-3276-11E2-81C1-0800200C9A66\", \"deleted\": false, \"_id\": {\"$oid\": \"514b3b3f9c60ed64a3004e38\"}, \"id\": \"514b3b3f9c60ed64a3004e38\"}}, {\"task_group_id\": \"b670fae5-c8ae-4e70-bdd5-cff2fd8b4b2d\", \"exception\": [\"RequestTimeout: ('4b0cef15-4c59-4322-bc54-bcfebbb10b1c', 0)\\n\"], \"traceback\": \"Traceback (most recent call last):\\n\\n  File \\\"/usr/lib/python2.7/site-packages/gofer/rmi/async.py\\\", line 451, in process\\n    raise RequestTimeout(sn, je.idx)\\n\\nRequestTimeout: ('4b0cef15-4c59-4322-bc54-bcfebbb10b1c', 0)\\n\", \"task_id\": \"78ae8f87-ad1b-40a3-89e6-a75b2b8d37e7\", \"call_request_tags\": [\"pulp:consumer:010E99C0-3276-11E2-81C1-0800200C9A66\", \"pulp:repository:1\", \"pulp:repository_distributor:1\", \"pulp:action:agent_bind\"], \"reasons\": [], \"start_time\": \"2013-03-21T16:54:24Z\", \"tags\": [\"pulp:consumer:010E99C0-3276-11E2-81C1-0800200C9A66\", \"pulp:repository:1\", \"pulp:repository_distributor:1\", \"pulp:action:agent_bind\"], \"state\": \"error\", \"finish_time\": \"2013-03-21T16:54:25Z\", \"dependency_failures\": {}, \"schedule_id\": null, \"progress\": {}, \"call_request_group_id\": \"b670fae5-c8ae-4e70-bdd5-cff2fd8b4b2d\", \"call_request_id\": \"78ae8f87-ad1b-40a3-89e6-a75b2b8d37e7\", \"principal_login\": \"admin\", \"response\": \"accepted\", \"result\": null}, {\"task_group_id\": null, \"exception\": [\"PulpDataException: Pulp exception occurred: PulpDataException\\n\"], \"traceback\": [\"  File \\\"/usr/lib/python2.7/site-packages/pulp/server/dispatch/task.py\\\", line 276, in _run\\n    result = call(*args, **kwargs)\\n\", \"  File \\\"/usr/lib/python2.7/site-packages/pulp/server/managers/consumer/agent.py\\\", line 143, in install_content\\n    conduit)\\n\", \"  File \\\"/usr/lib/python2.7/site-packages/pulp/server/managers/consumer/agent.py\\\", line 221, in __invoke_plugin\\n    raise PulpDataException(e.units, e.message)\\n\"], \"task_id\": \"eff478eb-cf27-414c-8e59-73f04c92f2fb\", \"call_request_tags\": [\"pulp:consumer:010E99C0-3276-11E2-81C1-0800200C9A66\", \"pulp:action:unit_install\"], \"reasons\": [], \"start_time\": \"2013-03-21T16:54:26Z\", \"tags\": [\"pulp:consumer:010E99C0-3276-11E2-81C1-0800200C9A66\", \"pulp:action:unit_install\"], \"state\": \"error\", \"finish_time\": \"2013-03-21T16:54:26Z\", \"dependency_failures\": {}, \"schedule_id\": null, \"progress\": {}, \"call_request_group_id\": null, \"call_request_id\": \"eff478eb-cf27-414c-8e59-73f04c92f2fb\", \"principal_login\": \"admin\", \"response\": \"accepted\", \"result\": null}, {\"task_group_id\": null, \"exception\": null, \"traceback\": null, \"task_id\": \"457022b5-3511-44f1-93ef-c27af52c170d\", \"call_request_tags\": [\"pulp:consumer:010E99C0-3276-11E2-81C1-0800200C9A66\", \"pulp:action:unit_install\"], \"reasons\": [], \"start_time\": \"2013-03-21T16:54:24Z\", \"tags\": [\"pulp:consumer:010E99C0-3276-11E2-81C1-0800200C9A66\", \"pulp:action:unit_install\"], \"state\": \"running\", \"finish_time\": null, \"dependency_failures\": {}, \"schedule_id\": null, \"progress\": {}, \"call_request_group_id\": null, \"call_request_id\": \"457022b5-3511-44f1-93ef-c27af52c170d\", \"principal_login\": \"admin\", \"response\": \"accepted\", \"result\": null}, {\"task_group_id\": null, \"exception\": null, \"traceback\": null, \"task_id\": \"166acaa6-1aeb-402d-8960-ac60055f9fd9\", \"call_request_tags\": [\"pulp:consumer:010E99C0-3276-11E2-81C1-0800200C9A66\", \"pulp:action:unit_uninstall\"], \"reasons\": [], \"start_time\": \"2013-03-21T16:54:24Z\", \"tags\": [\"pulp:consumer:010E99C0-3276-11E2-81C1-0800200C9A66\", \"pulp:action:unit_uninstall\"], \"state\": \"running\", \"finish_time\": null, \"dependency_failures\": {}, \"schedule_id\": null, \"progress\": {}, \"call_request_group_id\": null, \"call_request_id\": \"166acaa6-1aeb-402d-8960-ac60055f9fd9\", \"principal_login\": \"admin\", \"response\": \"accepted\", \"result\": null}, {\"task_group_id\": null, \"exception\": null, \"traceback\": null, \"task_id\": \"9d8a3590-e447-4c75-a4c1-1ea9bd9080ad\", \"call_request_tags\": [\"pulp:consumer:010E99C0-3276-11E2-81C1-0800200C9A66\", \"pulp:action:unit_install\"], \"reasons\": [], \"start_time\": \"2013-03-21T16:54:25Z\", \"tags\": [\"pulp:consumer:010E99C0-3276-11E2-81C1-0800200C9A66\", \"pulp:action:unit_install\"], \"state\": \"running\", \"finish_time\": null, \"dependency_failures\": {}, \"schedule_id\": null, \"progress\": {}, \"call_request_group_id\": null, \"call_request_id\": \"9d8a3590-e447-4c75-a4c1-1ea9bd9080ad\", \"principal_login\": \"admin\", \"response\": \"accepted\", \"result\": null}, {\"task_group_id\": null, \"exception\": null, \"traceback\": null, \"task_id\": \"1effb2d6-55e1-43a9-afa4-9c3195ba1965\", \"call_request_tags\": [\"pulp:consumer:010E99C0-3276-11E2-81C1-0800200C9A66\", \"pulp:action:unit_uninstall\"], \"reasons\": [], \"start_time\": \"2013-03-21T16:54:25Z\", \"tags\": [\"pulp:consumer:010E99C0-3276-11E2-81C1-0800200C9A66\", \"pulp:action:unit_uninstall\"], \"state\": \"running\", \"finish_time\": null, \"dependency_failures\": {}, \"schedule_id\": null, \"progress\": {}, \"call_request_group_id\": null, \"call_request_id\": \"1effb2d6-55e1-43a9-afa4-9c3195ba1965\", \"principal_login\": \"admin\", \"response\": \"accepted\", \"result\": null}, {\"task_group_id\": null, \"exception\": null, \"traceback\": null, \"task_id\": \"7d27c127-9067-40d3-a0be-0802acbddbbb\", \"call_request_tags\": [\"pulp:consumer:010E99C0-3276-11E2-81C1-0800200C9A66\", \"pulp:action:unit_install\"], \"reasons\": [], \"start_time\": \"2013-03-21T16:54:26Z\", \"tags\": [\"pulp:consumer:010E99C0-3276-11E2-81C1-0800200C9A66\", \"pulp:action:unit_install\"], \"state\": \"running\", \"finish_time\": null, \"dependency_failures\": {}, \"schedule_id\": null, \"progress\": {}, \"call_request_group_id\": null, \"call_request_id\": \"7d27c127-9067-40d3-a0be-0802acbddbbb\", \"principal_login\": \"admin\", \"response\": \"accepted\", \"result\": null}, {\"task_group_id\": null, \"exception\": null, \"traceback\": null, \"task_id\": \"d41fa781-aa8e-459b-830c-c4bee99d3617\", \"call_request_tags\": [\"pulp:consumer:010E99C0-3276-11E2-81C1-0800200C9A66\", \"pulp:action:unit_install\"], \"reasons\": [], \"start_time\": \"2013-03-21T16:54:27Z\", \"tags\": [\"pulp:consumer:010E99C0-3276-11E2-81C1-0800200C9A66\", \"pulp:action:unit_install\"], \"state\": \"running\", \"finish_time\": null, \"dependency_failures\": {}, \"schedule_id\": null, \"progress\": {}, \"call_request_group_id\": null, \"call_request_id\": \"d41fa781-aa8e-459b-830c-c4bee99d3617\", \"principal_login\": \"admin\", \"response\": \"accepted\", \"result\": null}, {\"task_group_id\": null, \"exception\": null, \"traceback\": null, \"task_id\": \"a2d7f0ec-527c-42ab-bbcf-d3e9b1b7a557\", \"call_request_tags\": [\"pulp:consumer:010E99C0-3276-11E2-81C1-0800200C9A66\", \"pulp:action:unit_update\"], \"reasons\": [], \"start_time\": \"2013-03-21T16:54:27Z\", \"tags\": [\"pulp:consumer:010E99C0-3276-11E2-81C1-0800200C9A66\", \"pulp:action:unit_update\"], \"state\": \"running\", \"finish_time\": null, \"dependency_failures\": {}, \"schedule_id\": null, \"progress\": {}, \"call_request_group_id\": null, \"call_request_id\": \"a2d7f0ec-527c-42ab-bbcf-d3e9b1b7a557\", \"principal_login\": \"admin\", \"response\": \"accepted\", \"result\": null}, {\"task_group_id\": null, \"exception\": null, \"traceback\": null, \"task_id\": \"58583a1b-bf27-4b82-bae4-c7764cce39bf\", \"call_request_tags\": [\"pulp:consumer:010E99C0-3276-11E2-81C1-0800200C9A66\", \"pulp:action:unit_install\"], \"reasons\": [], \"start_time\": \"2013-03-21T16:54:28Z\", \"tags\": [\"pulp:consumer:010E99C0-3276-11E2-81C1-0800200C9A66\", \"pulp:action:unit_install\"], \"state\": \"running\", \"finish_time\": null, \"dependency_failures\": {}, \"schedule_id\": null, \"progress\": {}, \"call_request_group_id\": null, \"call_request_id\": \"58583a1b-bf27-4b82-bae4-c7764cce39bf\", \"principal_login\": \"admin\", \"response\": \"accepted\", \"result\": null}]"
    http_version: 
  recorded_at: Thu, 21 Mar 2013 16:54:28 GMT
- request: 
    method: get
    uri: https://dhcp231-16.rdu.redhat.com/pulp/api/v2/tasks/ee8d8e5f-9eb5-47ba-9bfe-59e1b13623c8/
    body: 
      encoding: US-ASCII
      string: ""
    headers: 
      Accept: 
      - application/json
      Accept-Encoding: 
      - gzip, deflate
      Content-Type: 
      - application/json
      Authorization: 
      - OAuth oauth_consumer_key="katello", oauth_nonce="ryZO6uoIxDq5r9L5pba6LIDZmfl3iZNN7rj6uzCPQ", oauth_signature="JdBUiMPaCysE5B%2FRG9hfMuEMhgw%3D", oauth_signature_method="HMAC-SHA1", oauth_timestamp="1363884883", oauth_version="1.0"
      Pulp-User: 
      - admin
      User-Agent: 
      - Ruby
  response: 
    status: 
      code: 200
      message: OK
    headers: 
      Date: 
      - Thu, 21 Mar 2013 16:54:43 GMT
      Server: 
      - Apache/2.2.22 (Fedora)
      Content-Length: 
      - "842"
      Content-Type: 
      - application/json
    body: 
      encoding: US-ASCII
      string: "{\"task_group_id\": \"229bd263-e32e-4485-8229-1d580549f2ca\", \"exception\": null, \"traceback\": null, \"_href\": \"/pulp/api/v2/tasks/ee8d8e5f-9eb5-47ba-9bfe-59e1b13623c8/\", \"task_id\": \"ee8d8e5f-9eb5-47ba-9bfe-59e1b13623c8\", \"call_request_tags\": [\"pulp:repository:1\", \"pulp:action:sync\"], \"reasons\": [], \"start_time\": \"2013-03-21T16:54:43Z\", \"tags\": [\"pulp:repository:1\", \"pulp:action:sync\"], \"state\": \"running\", \"finish_time\": null, \"dependency_failures\": {}, \"schedule_id\": null, \"progress\": {\"yum_importer\": {\"content\": {\"state\": \"NOT_STARTED\"}, \"comps\": {\"state\": \"NOT_STARTED\"}, \"errata\": {\"state\": \"NOT_STARTED\"}, \"metadata\": {\"state\": \"IN_PROGRESS\"}}}, \"call_request_group_id\": \"229bd263-e32e-4485-8229-1d580549f2ca\", \"call_request_id\": \"ee8d8e5f-9eb5-47ba-9bfe-59e1b13623c8\", \"principal_login\": \"admin\", \"response\": \"accepted\", \"result\": null}"
    http_version: 
  recorded_at: Thu, 21 Mar 2013 16:54:43 GMT
- request: 
    method: get
    uri: https://dhcp231-16.rdu.redhat.com/pulp/api/v2/tasks/ee8d8e5f-9eb5-47ba-9bfe-59e1b13623c8/
    body: 
      encoding: US-ASCII
      string: ""
    headers: 
      Accept: 
      - application/json
      Accept-Encoding: 
      - gzip, deflate
      Content-Type: 
      - application/json
      Authorization: 
      - OAuth oauth_consumer_key="katello", oauth_nonce="fCRDXue7ciNXZZ1tQT4aibMQpOXh19gv6MJCnW1eYk", oauth_signature="SRFHG2z82teU%2Bym%2Ft9joAcRtz3Q%3D", oauth_signature_method="HMAC-SHA1", oauth_timestamp="1363884884", oauth_version="1.0"
      Pulp-User: 
      - admin
      User-Agent: 
      - Ruby
  response: 
    status: 
      code: 200
      message: OK
    headers: 
      Date: 
      - Thu, 21 Mar 2013 16:54:44 GMT
      Server: 
      - Apache/2.2.22 (Fedora)
      Content-Length: 
      - "1449"
      Content-Type: 
      - application/json
    body: 
      encoding: US-ASCII
      string: "{\"task_group_id\": \"229bd263-e32e-4485-8229-1d580549f2ca\", \"exception\": null, \"traceback\": null, \"_href\": \"/pulp/api/v2/tasks/ee8d8e5f-9eb5-47ba-9bfe-59e1b13623c8/\", \"task_id\": \"ee8d8e5f-9eb5-47ba-9bfe-59e1b13623c8\", \"call_request_tags\": [\"pulp:repository:1\", \"pulp:action:sync\"], \"reasons\": [], \"start_time\": \"2013-03-21T16:54:43Z\", \"tags\": [\"pulp:repository:1\", \"pulp:action:sync\"], \"state\": \"running\", \"finish_time\": null, \"dependency_failures\": {}, \"schedule_id\": null, \"progress\": {\"yum_importer\": {\"content\": {\"num_success\": 2, \"size_total\": 17872, \"items_left\": 9, \"items_total\": 11, \"state\": \"IN_PROGRESS\", \"size_left\": 13428, \"details\": {\"tree_file\": {\"num_success\": 0, \"size_total\": 0, \"items_left\": 3, \"items_total\": 3, \"size_left\": 0, \"num_error\": 0}, \"rpm\": {\"num_success\": 2, \"size_total\": 17872, \"items_left\": 6, \"items_total\": 8, \"size_left\": 13428, \"num_error\": 0}, \"delta_rpm\": {\"num_success\": 0, \"size_total\": 0, \"items_left\": 0, \"items_total\": 0, \"size_left\": 0, \"num_error\": 0}, \"file\": {\"num_success\": 0, \"size_total\": 0, \"items_left\": 0, \"items_total\": 0, \"size_left\": 0, \"num_error\": 0}}, \"error_details\": [], \"num_error\": 0}, \"comps\": {\"state\": \"NOT_STARTED\"}, \"errata\": {\"state\": \"NOT_STARTED\"}, \"metadata\": {\"state\": \"FINISHED\"}}}, \"call_request_group_id\": \"229bd263-e32e-4485-8229-1d580549f2ca\", \"call_request_id\": \"ee8d8e5f-9eb5-47ba-9bfe-59e1b13623c8\", \"principal_login\": \"admin\", \"response\": \"accepted\", \"result\": null}"
    http_version: 
  recorded_at: Thu, 21 Mar 2013 16:54:44 GMT
- request: 
    method: get
    uri: https://dhcp231-16.rdu.redhat.com/pulp/api/v2/tasks/ee8d8e5f-9eb5-47ba-9bfe-59e1b13623c8/
    body: 
      encoding: US-ASCII
      string: ""
    headers: 
      Accept: 
      - application/json
      Accept-Encoding: 
      - gzip, deflate
      Content-Type: 
      - application/json
      Authorization: 
      - OAuth oauth_consumer_key="katello", oauth_nonce="oPnOpIhnzRWZRziCThuWIaUbSnzMOp8d24PJpACGorU", oauth_signature="U56HTZGUTRybX036VBsfhJ2JyhE%3D", oauth_signature_method="HMAC-SHA1", oauth_timestamp="1363884884", oauth_version="1.0"
      Pulp-User: 
      - admin
      User-Agent: 
      - Ruby
  response: 
    status: 
      code: 200
      message: OK
    headers: 
      Date: 
      - Thu, 21 Mar 2013 16:54:44 GMT
      Server: 
      - Apache/2.2.22 (Fedora)
      Content-Length: 
      - "1453"
      Content-Type: 
      - application/json
    body: 
      encoding: US-ASCII
      string: "{\"task_group_id\": \"229bd263-e32e-4485-8229-1d580549f2ca\", \"exception\": null, \"traceback\": null, \"_href\": \"/pulp/api/v2/tasks/ee8d8e5f-9eb5-47ba-9bfe-59e1b13623c8/\", \"task_id\": \"ee8d8e5f-9eb5-47ba-9bfe-59e1b13623c8\", \"call_request_tags\": [\"pulp:repository:1\", \"pulp:action:sync\"], \"reasons\": [], \"start_time\": \"2013-03-21T16:54:43Z\", \"tags\": [\"pulp:repository:1\", \"pulp:action:sync\"], \"state\": \"running\", \"finish_time\": null, \"dependency_failures\": {}, \"schedule_id\": null, \"progress\": {\"yum_importer\": {\"content\": {\"num_success\": 11, \"size_total\": 17872, \"items_left\": 0, \"items_total\": 11, \"state\": \"FINISHED\", \"size_left\": 0, \"details\": {\"tree_file\": {\"num_success\": 3, \"size_total\": 0, \"items_left\": 0, \"items_total\": 3, \"size_left\": 0, \"num_error\": 0}, \"rpm\": {\"num_success\": 8, \"size_total\": 17872, \"items_left\": 0, \"items_total\": 8, \"size_left\": 0, \"num_error\": 0}, \"delta_rpm\": {\"num_success\": 0, \"size_total\": 0, \"items_left\": 0, \"items_total\": 0, \"size_left\": 0, \"num_error\": 0}, \"file\": {\"num_success\": 0, \"size_total\": 0, \"items_left\": 0, \"items_total\": 0, \"size_left\": 0, \"num_error\": 0}}, \"error_details\": [], \"num_error\": 0}, \"comps\": {\"state\": \"IN_PROGRESS\"}, \"errata\": {\"state\": \"FINISHED\", \"num_errata\": 2}, \"metadata\": {\"state\": \"FINISHED\"}}}, \"call_request_group_id\": \"229bd263-e32e-4485-8229-1d580549f2ca\", \"call_request_id\": \"ee8d8e5f-9eb5-47ba-9bfe-59e1b13623c8\", \"principal_login\": \"admin\", \"response\": \"accepted\", \"result\": null}"
    http_version: 
  recorded_at: Thu, 21 Mar 2013 16:54:44 GMT
- request: 
    method: get
    uri: https://dhcp231-16.rdu.redhat.com/pulp/api/v2/tasks/ee8d8e5f-9eb5-47ba-9bfe-59e1b13623c8/
    body: 
      encoding: US-ASCII
      string: ""
    headers: 
      Accept: 
      - application/json
      Accept-Encoding: 
      - gzip, deflate
      Content-Type: 
      - application/json
      Authorization: 
      - OAuth oauth_consumer_key="katello", oauth_nonce="HDdD4ydxn7lBoLMCxTgoEtQppWJB1zsfB5h5UcnQ", oauth_signature="scfggOvDLcc6GlmcEYb%2FiP%2BCZAE%3D", oauth_signature_method="HMAC-SHA1", oauth_timestamp="1363884885", oauth_version="1.0"
      Pulp-User: 
      - admin
      User-Agent: 
      - Ruby
  response: 
    status: 
      code: 200
      message: OK
    headers: 
      Date: 
      - Thu, 21 Mar 2013 16:54:45 GMT
      Server: 
      - Apache/2.2.22 (Fedora)
      Content-Length: 
      - "1469"
      Content-Type: 
      - application/json
    body: 
      encoding: US-ASCII
      string: "{\"task_group_id\": \"229bd263-e32e-4485-8229-1d580549f2ca\", \"exception\": null, \"traceback\": null, \"_href\": \"/pulp/api/v2/tasks/ee8d8e5f-9eb5-47ba-9bfe-59e1b13623c8/\", \"task_id\": \"ee8d8e5f-9eb5-47ba-9bfe-59e1b13623c8\", \"call_request_tags\": [\"pulp:repository:1\", \"pulp:action:sync\"], \"reasons\": [], \"start_time\": \"2013-03-21T16:54:43Z\", \"tags\": [\"pulp:repository:1\", \"pulp:action:sync\"], \"state\": \"finished\", \"finish_time\": \"2013-03-21T16:54:44Z\", \"dependency_failures\": {}, \"schedule_id\": null, \"progress\": {\"yum_importer\": {\"content\": {\"num_success\": 11, \"size_total\": 17872, \"items_left\": 0, \"items_total\": 11, \"state\": \"FINISHED\", \"size_left\": 0, \"details\": {\"tree_file\": {\"num_success\": 3, \"size_total\": 0, \"items_left\": 0, \"items_total\": 3, \"size_left\": 0, \"num_error\": 0}, \"rpm\": {\"num_success\": 8, \"size_total\": 17872, \"items_left\": 0, \"items_total\": 8, \"size_left\": 0, \"num_error\": 0}, \"delta_rpm\": {\"num_success\": 0, \"size_total\": 0, \"items_left\": 0, \"items_total\": 0, \"size_left\": 0, \"num_error\": 0}, \"file\": {\"num_success\": 0, \"size_total\": 0, \"items_left\": 0, \"items_total\": 0, \"size_left\": 0, \"num_error\": 0}}, \"error_details\": [], \"num_error\": 0}, \"comps\": {\"state\": \"FINISHED\"}, \"errata\": {\"state\": \"FINISHED\", \"num_errata\": 2}, \"metadata\": {\"state\": \"FINISHED\"}}}, \"call_request_group_id\": \"229bd263-e32e-4485-8229-1d580549f2ca\", \"call_request_id\": \"ee8d8e5f-9eb5-47ba-9bfe-59e1b13623c8\", \"principal_login\": \"admin\", \"response\": \"accepted\", \"result\": null}"
    http_version: 
  recorded_at: Thu, 21 Mar 2013 16:54:45 GMT
- request: 
    method: get
    uri: https://dhcp231-16.rdu.redhat.com/pulp/api/v2/tasks/5947a95c-6f2b-4dfb-a542-d2921b9e7af6/
    body: 
      encoding: US-ASCII
      string: ""
    headers: 
      Accept: 
      - application/json
      Accept-Encoding: 
      - gzip, deflate
      Content-Type: 
      - application/json
      Authorization: 
      - OAuth oauth_consumer_key="katello", oauth_nonce="HHJwaodc5t8hgXApLUfH1WuoulFEulW9ooxINC1cG8", oauth_signature="5Ejbzh%2Bhl8E6C2WJ%2FeDz6J8AmO4%3D", oauth_signature_method="HMAC-SHA1", oauth_timestamp="1363884887", oauth_version="1.0"
      Pulp-User: 
      - admin
      User-Agent: 
      - Ruby
  response: 
    status: 
      code: 200
      message: OK
    headers: 
      Date: 
      - Thu, 21 Mar 2013 16:54:47 GMT
      Server: 
      - Apache/2.2.22 (Fedora)
      Content-Length: 
      - "842"
      Content-Type: 
      - application/json
    body: 
      encoding: US-ASCII
      string: "{\"task_group_id\": \"eccf8ee9-8a6c-40d6-b513-7f5deecbb3e2\", \"exception\": null, \"traceback\": null, \"_href\": \"/pulp/api/v2/tasks/5947a95c-6f2b-4dfb-a542-d2921b9e7af6/\", \"task_id\": \"5947a95c-6f2b-4dfb-a542-d2921b9e7af6\", \"call_request_tags\": [\"pulp:repository:1\", \"pulp:action:sync\"], \"reasons\": [], \"start_time\": \"2013-03-21T16:54:47Z\", \"tags\": [\"pulp:repository:1\", \"pulp:action:sync\"], \"state\": \"running\", \"finish_time\": null, \"dependency_failures\": {}, \"schedule_id\": null, \"progress\": {\"yum_importer\": {\"content\": {\"state\": \"NOT_STARTED\"}, \"comps\": {\"state\": \"NOT_STARTED\"}, \"errata\": {\"state\": \"NOT_STARTED\"}, \"metadata\": {\"state\": \"IN_PROGRESS\"}}}, \"call_request_group_id\": \"eccf8ee9-8a6c-40d6-b513-7f5deecbb3e2\", \"call_request_id\": \"5947a95c-6f2b-4dfb-a542-d2921b9e7af6\", \"principal_login\": \"admin\", \"response\": \"accepted\", \"result\": null}"
    http_version: 
  recorded_at: Thu, 21 Mar 2013 16:54:47 GMT
- request: 
    method: get
    uri: https://dhcp231-16.rdu.redhat.com/pulp/api/v2/tasks/5947a95c-6f2b-4dfb-a542-d2921b9e7af6/
    body: 
      encoding: US-ASCII
      string: ""
    headers: 
      Accept: 
      - application/json
      Accept-Encoding: 
      - gzip, deflate
      Content-Type: 
      - application/json
      Authorization: 
      - OAuth oauth_consumer_key="katello", oauth_nonce="z4XCyOC1yREym0xzpZbFpmgE2GXxEaquRcA3AUMmc78", oauth_signature="2y8LxUuzhDjgMM5qR83r14cYcI4%3D", oauth_signature_method="HMAC-SHA1", oauth_timestamp="1363884887", oauth_version="1.0"
      Pulp-User: 
      - admin
      User-Agent: 
      - Ruby
  response: 
    status: 
      code: 200
      message: OK
    headers: 
      Date: 
      - Thu, 21 Mar 2013 16:54:47 GMT
      Server: 
      - Apache/2.2.22 (Fedora)
      Content-Length: 
      - "1442"
      Content-Type: 
      - application/json
    body: 
      encoding: US-ASCII
      string: "{\"task_group_id\": \"eccf8ee9-8a6c-40d6-b513-7f5deecbb3e2\", \"exception\": null, \"traceback\": null, \"_href\": \"/pulp/api/v2/tasks/5947a95c-6f2b-4dfb-a542-d2921b9e7af6/\", \"task_id\": \"5947a95c-6f2b-4dfb-a542-d2921b9e7af6\", \"call_request_tags\": [\"pulp:repository:1\", \"pulp:action:sync\"], \"reasons\": [], \"start_time\": \"2013-03-21T16:54:47Z\", \"tags\": [\"pulp:repository:1\", \"pulp:action:sync\"], \"state\": \"running\", \"finish_time\": null, \"dependency_failures\": {}, \"schedule_id\": null, \"progress\": {\"yum_importer\": {\"content\": {\"num_success\": 11, \"size_total\": 17872, \"items_left\": 0, \"items_total\": 11, \"state\": \"IN_PROGRESS\", \"size_left\": 0, \"details\": {\"tree_file\": {\"num_success\": 3, \"size_total\": 0, \"items_left\": 0, \"items_total\": 3, \"size_left\": 0, \"num_error\": 0}, \"rpm\": {\"num_success\": 8, \"size_total\": 17872, \"items_left\": 0, \"items_total\": 8, \"size_left\": 0, \"num_error\": 0}, \"delta_rpm\": {\"num_success\": 0, \"size_total\": 0, \"items_left\": 0, \"items_total\": 0, \"size_left\": 0, \"num_error\": 0}, \"file\": {\"num_success\": 0, \"size_total\": 0, \"items_left\": 0, \"items_total\": 0, \"size_left\": 0, \"num_error\": 0}}, \"error_details\": [], \"num_error\": 0}, \"comps\": {\"state\": \"NOT_STARTED\"}, \"errata\": {\"state\": \"NOT_STARTED\"}, \"metadata\": {\"state\": \"FINISHED\"}}}, \"call_request_group_id\": \"eccf8ee9-8a6c-40d6-b513-7f5deecbb3e2\", \"call_request_id\": \"5947a95c-6f2b-4dfb-a542-d2921b9e7af6\", \"principal_login\": \"admin\", \"response\": \"accepted\", \"result\": null}"
    http_version: 
  recorded_at: Thu, 21 Mar 2013 16:54:47 GMT
- request: 
    method: get
    uri: https://dhcp231-16.rdu.redhat.com/pulp/api/v2/tasks/5947a95c-6f2b-4dfb-a542-d2921b9e7af6/
    body: 
      encoding: US-ASCII
      string: ""
    headers: 
      Accept: 
      - application/json
      Accept-Encoding: 
      - gzip, deflate
      Content-Type: 
      - application/json
      Authorization: 
      - OAuth oauth_consumer_key="katello", oauth_nonce="aEXGTstMl6e8jYgqjeQAT7HC84Kjl3yG7UELOv8D3bw", oauth_signature="FbSxSqZF7gpmbfFNuoHmkm1TuW0%3D", oauth_signature_method="HMAC-SHA1", oauth_timestamp="1363884888", oauth_version="1.0"
      Pulp-User: 
      - admin
      User-Agent: 
      - Ruby
  response: 
    status: 
      code: 200
      message: OK
    headers: 
      Date: 
      - Thu, 21 Mar 2013 16:54:48 GMT
      Server: 
      - Apache/2.2.22 (Fedora)
      Content-Length: 
      - "1469"
      Content-Type: 
      - application/json
    body: 
      encoding: US-ASCII
      string: "{\"task_group_id\": \"eccf8ee9-8a6c-40d6-b513-7f5deecbb3e2\", \"exception\": null, \"traceback\": null, \"_href\": \"/pulp/api/v2/tasks/5947a95c-6f2b-4dfb-a542-d2921b9e7af6/\", \"task_id\": \"5947a95c-6f2b-4dfb-a542-d2921b9e7af6\", \"call_request_tags\": [\"pulp:repository:1\", \"pulp:action:sync\"], \"reasons\": [], \"start_time\": \"2013-03-21T16:54:47Z\", \"tags\": [\"pulp:repository:1\", \"pulp:action:sync\"], \"state\": \"finished\", \"finish_time\": \"2013-03-21T16:54:48Z\", \"dependency_failures\": {}, \"schedule_id\": null, \"progress\": {\"yum_importer\": {\"content\": {\"num_success\": 11, \"size_total\": 17872, \"items_left\": 0, \"items_total\": 11, \"state\": \"FINISHED\", \"size_left\": 0, \"details\": {\"tree_file\": {\"num_success\": 3, \"size_total\": 0, \"items_left\": 0, \"items_total\": 3, \"size_left\": 0, \"num_error\": 0}, \"rpm\": {\"num_success\": 8, \"size_total\": 17872, \"items_left\": 0, \"items_total\": 8, \"size_left\": 0, \"num_error\": 0}, \"delta_rpm\": {\"num_success\": 0, \"size_total\": 0, \"items_left\": 0, \"items_total\": 0, \"size_left\": 0, \"num_error\": 0}, \"file\": {\"num_success\": 0, \"size_total\": 0, \"items_left\": 0, \"items_total\": 0, \"size_left\": 0, \"num_error\": 0}}, \"error_details\": [], \"num_error\": 0}, \"comps\": {\"state\": \"FINISHED\"}, \"errata\": {\"state\": \"FINISHED\", \"num_errata\": 2}, \"metadata\": {\"state\": \"FINISHED\"}}}, \"call_request_group_id\": \"eccf8ee9-8a6c-40d6-b513-7f5deecbb3e2\", \"call_request_id\": \"5947a95c-6f2b-4dfb-a542-d2921b9e7af6\", \"principal_login\": \"admin\", \"response\": \"accepted\", \"result\": null}"
    http_version: 
  recorded_at: Thu, 21 Mar 2013 16:54:48 GMT
- request: 
    method: get
    uri: https://dhcp231-16.rdu.redhat.com/pulp/api/v2/tasks/2e089b83-cfd7-4493-8ef6-a4879a3203bb/
    body: 
      encoding: US-ASCII
      string: ""
    headers: 
      Accept: 
      - application/json
      Accept-Encoding: 
      - gzip, deflate
      Content-Type: 
      - application/json
      Authorization: 
      - OAuth oauth_consumer_key="katello", oauth_nonce="5K2wtGUFHnZ7H9U3jly5yQdtXrV9pKtENEI9eKcjA0", oauth_signature="1K1BPDrldpBM%2FqnhUgLa3MfyI0s%3D", oauth_signature_method="HMAC-SHA1", oauth_timestamp="1363884889", oauth_version="1.0"
      Pulp-User: 
      - admin
      User-Agent: 
      - Ruby
  response: 
    status: 
      code: 200
      message: OK
    headers: 
      Date: 
      - Thu, 21 Mar 2013 16:54:49 GMT
      Server: 
      - Apache/2.2.22 (Fedora)
      Content-Length: 
      - "842"
      Content-Type: 
      - application/json
    body: 
      encoding: US-ASCII
      string: "{\"task_group_id\": \"6d4a2709-3953-40b5-b40d-72f575b4c198\", \"exception\": null, \"traceback\": null, \"_href\": \"/pulp/api/v2/tasks/2e089b83-cfd7-4493-8ef6-a4879a3203bb/\", \"task_id\": \"2e089b83-cfd7-4493-8ef6-a4879a3203bb\", \"call_request_tags\": [\"pulp:repository:1\", \"pulp:action:sync\"], \"reasons\": [], \"start_time\": \"2013-03-21T16:54:49Z\", \"tags\": [\"pulp:repository:1\", \"pulp:action:sync\"], \"state\": \"running\", \"finish_time\": null, \"dependency_failures\": {}, \"schedule_id\": null, \"progress\": {\"yum_importer\": {\"content\": {\"state\": \"NOT_STARTED\"}, \"comps\": {\"state\": \"NOT_STARTED\"}, \"errata\": {\"state\": \"NOT_STARTED\"}, \"metadata\": {\"state\": \"IN_PROGRESS\"}}}, \"call_request_group_id\": \"6d4a2709-3953-40b5-b40d-72f575b4c198\", \"call_request_id\": \"2e089b83-cfd7-4493-8ef6-a4879a3203bb\", \"principal_login\": \"admin\", \"response\": \"accepted\", \"result\": null}"
    http_version: 
  recorded_at: Thu, 21 Mar 2013 16:54:49 GMT
- request: 
    method: get
    uri: https://dhcp231-16.rdu.redhat.com/pulp/api/v2/tasks/2e089b83-cfd7-4493-8ef6-a4879a3203bb/
    body: 
      encoding: US-ASCII
      string: ""
    headers: 
      Accept: 
      - application/json
      Accept-Encoding: 
      - gzip, deflate
      Content-Type: 
      - application/json
      Authorization: 
      - OAuth oauth_consumer_key="katello", oauth_nonce="ZFNAx9C842nYfJJw18YIsv2waM81nXY7UReFKFX3fI", oauth_signature="Rwn0LALTE5vAQjrVQRH3QP7m67c%3D", oauth_signature_method="HMAC-SHA1", oauth_timestamp="1363884890", oauth_version="1.0"
      Pulp-User: 
      - admin
      User-Agent: 
      - Ruby
  response: 
    status: 
      code: 200
      message: OK
    headers: 
      Date: 
      - Thu, 21 Mar 2013 16:54:50 GMT
      Server: 
      - Apache/2.2.22 (Fedora)
      Content-Length: 
      - "1449"
      Content-Type: 
      - application/json
    body: 
      encoding: US-ASCII
      string: "{\"task_group_id\": \"6d4a2709-3953-40b5-b40d-72f575b4c198\", \"exception\": null, \"traceback\": null, \"_href\": \"/pulp/api/v2/tasks/2e089b83-cfd7-4493-8ef6-a4879a3203bb/\", \"task_id\": \"2e089b83-cfd7-4493-8ef6-a4879a3203bb\", \"call_request_tags\": [\"pulp:repository:1\", \"pulp:action:sync\"], \"reasons\": [], \"start_time\": \"2013-03-21T16:54:49Z\", \"tags\": [\"pulp:repository:1\", \"pulp:action:sync\"], \"state\": \"running\", \"finish_time\": null, \"dependency_failures\": {}, \"schedule_id\": null, \"progress\": {\"yum_importer\": {\"content\": {\"num_success\": 3, \"size_total\": 17872, \"items_left\": 8, \"items_total\": 11, \"state\": \"IN_PROGRESS\", \"size_left\": 11172, \"details\": {\"tree_file\": {\"num_success\": 0, \"size_total\": 0, \"items_left\": 3, \"items_total\": 3, \"size_left\": 0, \"num_error\": 0}, \"rpm\": {\"num_success\": 3, \"size_total\": 17872, \"items_left\": 5, \"items_total\": 8, \"size_left\": 11172, \"num_error\": 0}, \"delta_rpm\": {\"num_success\": 0, \"size_total\": 0, \"items_left\": 0, \"items_total\": 0, \"size_left\": 0, \"num_error\": 0}, \"file\": {\"num_success\": 0, \"size_total\": 0, \"items_left\": 0, \"items_total\": 0, \"size_left\": 0, \"num_error\": 0}}, \"error_details\": [], \"num_error\": 0}, \"comps\": {\"state\": \"NOT_STARTED\"}, \"errata\": {\"state\": \"NOT_STARTED\"}, \"metadata\": {\"state\": \"FINISHED\"}}}, \"call_request_group_id\": \"6d4a2709-3953-40b5-b40d-72f575b4c198\", \"call_request_id\": \"2e089b83-cfd7-4493-8ef6-a4879a3203bb\", \"principal_login\": \"admin\", \"response\": \"accepted\", \"result\": null}"
    http_version: 
  recorded_at: Thu, 21 Mar 2013 16:54:50 GMT
- request: 
    method: get
    uri: https://dhcp231-16.rdu.redhat.com/pulp/api/v2/tasks/2e089b83-cfd7-4493-8ef6-a4879a3203bb/
    body: 
      encoding: US-ASCII
      string: ""
    headers: 
      Accept: 
      - application/json
      Accept-Encoding: 
      - gzip, deflate
      Content-Type: 
      - application/json
      Authorization: 
      - OAuth oauth_consumer_key="katello", oauth_nonce="Lj7E1w6IjUaqE7QX5xssrIUzJfsXh2roqRNvN1wgMgA", oauth_signature="FBdBR8DoqrBW96%2FrlkYuwxequnE%3D", oauth_signature_method="HMAC-SHA1", oauth_timestamp="1363884891", oauth_version="1.0"
      Pulp-User: 
      - admin
      User-Agent: 
      - Ruby
  response: 
    status: 
      code: 200
      message: OK
    headers: 
      Date: 
      - Thu, 21 Mar 2013 16:54:51 GMT
      Server: 
      - Apache/2.2.22 (Fedora)
      Content-Length: 
      - "1469"
      Content-Type: 
      - application/json
    body: 
      encoding: US-ASCII
      string: "{\"task_group_id\": \"6d4a2709-3953-40b5-b40d-72f575b4c198\", \"exception\": null, \"traceback\": null, \"_href\": \"/pulp/api/v2/tasks/2e089b83-cfd7-4493-8ef6-a4879a3203bb/\", \"task_id\": \"2e089b83-cfd7-4493-8ef6-a4879a3203bb\", \"call_request_tags\": [\"pulp:repository:1\", \"pulp:action:sync\"], \"reasons\": [], \"start_time\": \"2013-03-21T16:54:49Z\", \"tags\": [\"pulp:repository:1\", \"pulp:action:sync\"], \"state\": \"finished\", \"finish_time\": \"2013-03-21T16:54:51Z\", \"dependency_failures\": {}, \"schedule_id\": null, \"progress\": {\"yum_importer\": {\"content\": {\"num_success\": 11, \"size_total\": 17872, \"items_left\": 0, \"items_total\": 11, \"state\": \"FINISHED\", \"size_left\": 0, \"details\": {\"tree_file\": {\"num_success\": 3, \"size_total\": 0, \"items_left\": 0, \"items_total\": 3, \"size_left\": 0, \"num_error\": 0}, \"rpm\": {\"num_success\": 8, \"size_total\": 17872, \"items_left\": 0, \"items_total\": 8, \"size_left\": 0, \"num_error\": 0}, \"delta_rpm\": {\"num_success\": 0, \"size_total\": 0, \"items_left\": 0, \"items_total\": 0, \"size_left\": 0, \"num_error\": 0}, \"file\": {\"num_success\": 0, \"size_total\": 0, \"items_left\": 0, \"items_total\": 0, \"size_left\": 0, \"num_error\": 0}}, \"error_details\": [], \"num_error\": 0}, \"comps\": {\"state\": \"FINISHED\"}, \"errata\": {\"state\": \"FINISHED\", \"num_errata\": 2}, \"metadata\": {\"state\": \"FINISHED\"}}}, \"call_request_group_id\": \"6d4a2709-3953-40b5-b40d-72f575b4c198\", \"call_request_id\": \"2e089b83-cfd7-4493-8ef6-a4879a3203bb\", \"principal_login\": \"admin\", \"response\": \"accepted\", \"result\": null}"
    http_version: 
  recorded_at: Thu, 21 Mar 2013 16:54:51 GMT
- request: 
    method: get
    uri: https://dhcp231-16.rdu.redhat.com/pulp/api/v2/tasks/6c95ade0-ad59-4a25-b775-5f30dbbe9b64/
    body: 
      encoding: US-ASCII
      string: ""
    headers: 
      Accept: 
      - application/json
      Accept-Encoding: 
      - gzip, deflate
      Content-Type: 
      - application/json
      Authorization: 
      - OAuth oauth_consumer_key="katello", oauth_nonce="WGDgBKfVqW6dPXU7RqNOBOYSQw9ah932Cs2MgR9oI", oauth_signature="goHNmYsnALLFVGyOvNTuf4Bs2oU%3D", oauth_signature_method="HMAC-SHA1", oauth_timestamp="1363884893", oauth_version="1.0"
      Pulp-User: 
      - admin
      User-Agent: 
      - Ruby
  response: 
    status: 
      code: 200
      message: OK
    headers: 
      Date: 
      - Thu, 21 Mar 2013 16:54:53 GMT
      Server: 
      - Apache/2.2.22 (Fedora)
      Content-Length: 
      - "842"
      Content-Type: 
      - application/json
    body: 
      encoding: US-ASCII
      string: "{\"task_group_id\": \"dc5acb3b-def9-4c8f-ab75-022ae811b417\", \"exception\": null, \"traceback\": null, \"_href\": \"/pulp/api/v2/tasks/6c95ade0-ad59-4a25-b775-5f30dbbe9b64/\", \"task_id\": \"6c95ade0-ad59-4a25-b775-5f30dbbe9b64\", \"call_request_tags\": [\"pulp:repository:1\", \"pulp:action:sync\"], \"reasons\": [], \"start_time\": \"2013-03-21T16:54:53Z\", \"tags\": [\"pulp:repository:1\", \"pulp:action:sync\"], \"state\": \"running\", \"finish_time\": null, \"dependency_failures\": {}, \"schedule_id\": null, \"progress\": {\"yum_importer\": {\"content\": {\"state\": \"NOT_STARTED\"}, \"comps\": {\"state\": \"NOT_STARTED\"}, \"errata\": {\"state\": \"NOT_STARTED\"}, \"metadata\": {\"state\": \"IN_PROGRESS\"}}}, \"call_request_group_id\": \"dc5acb3b-def9-4c8f-ab75-022ae811b417\", \"call_request_id\": \"6c95ade0-ad59-4a25-b775-5f30dbbe9b64\", \"principal_login\": \"admin\", \"response\": \"accepted\", \"result\": null}"
    http_version: 
  recorded_at: Thu, 21 Mar 2013 16:54:53 GMT
- request: 
    method: get
    uri: https://dhcp231-16.rdu.redhat.com/pulp/api/v2/tasks/6c95ade0-ad59-4a25-b775-5f30dbbe9b64/
    body: 
      encoding: US-ASCII
      string: ""
    headers: 
      Accept: 
      - application/json
      Accept-Encoding: 
      - gzip, deflate
      Content-Type: 
      - application/json
      Authorization: 
      - OAuth oauth_consumer_key="katello", oauth_nonce="vSY7Ku4wZq8D9phHABS3vs3iUXasTfEzdhayLA3E", oauth_signature="rf%2BXt6dNXag4GPdSg8gdIYgPRjU%3D", oauth_signature_method="HMAC-SHA1", oauth_timestamp="1363884893", oauth_version="1.0"
      Pulp-User: 
      - admin
      User-Agent: 
      - Ruby
  response: 
    status: 
      code: 200
      message: OK
    headers: 
      Date: 
      - Thu, 21 Mar 2013 16:54:53 GMT
      Server: 
      - Apache/2.2.22 (Fedora)
      Content-Length: 
      - "1450"
      Content-Type: 
      - application/json
    body: 
      encoding: US-ASCII
      string: "{\"task_group_id\": \"dc5acb3b-def9-4c8f-ab75-022ae811b417\", \"exception\": null, \"traceback\": null, \"_href\": \"/pulp/api/v2/tasks/6c95ade0-ad59-4a25-b775-5f30dbbe9b64/\", \"task_id\": \"6c95ade0-ad59-4a25-b775-5f30dbbe9b64\", \"call_request_tags\": [\"pulp:repository:1\", \"pulp:action:sync\"], \"reasons\": [], \"start_time\": \"2013-03-21T16:54:53Z\", \"tags\": [\"pulp:repository:1\", \"pulp:action:sync\"], \"state\": \"running\", \"finish_time\": null, \"dependency_failures\": {}, \"schedule_id\": null, \"progress\": {\"yum_importer\": {\"content\": {\"num_success\": 0, \"size_total\": 17872, \"items_left\": 11, \"items_total\": 11, \"state\": \"IN_PROGRESS\", \"size_left\": 17872, \"details\": {\"tree_file\": {\"num_success\": 0, \"size_total\": 0, \"items_left\": 3, \"items_total\": 3, \"size_left\": 0, \"num_error\": 0}, \"rpm\": {\"num_success\": 0, \"size_total\": 17872, \"items_left\": 8, \"items_total\": 8, \"size_left\": 17872, \"num_error\": 0}, \"delta_rpm\": {\"num_success\": 0, \"size_total\": 0, \"items_left\": 0, \"items_total\": 0, \"size_left\": 0, \"num_error\": 0}, \"file\": {\"num_success\": 0, \"size_total\": 0, \"items_left\": 0, \"items_total\": 0, \"size_left\": 0, \"num_error\": 0}}, \"error_details\": [], \"num_error\": 0}, \"comps\": {\"state\": \"NOT_STARTED\"}, \"errata\": {\"state\": \"NOT_STARTED\"}, \"metadata\": {\"state\": \"FINISHED\"}}}, \"call_request_group_id\": \"dc5acb3b-def9-4c8f-ab75-022ae811b417\", \"call_request_id\": \"6c95ade0-ad59-4a25-b775-5f30dbbe9b64\", \"principal_login\": \"admin\", \"response\": \"accepted\", \"result\": null}"
    http_version: 
  recorded_at: Thu, 21 Mar 2013 16:54:53 GMT
- request: 
    method: get
    uri: https://dhcp231-16.rdu.redhat.com/pulp/api/v2/tasks/6c95ade0-ad59-4a25-b775-5f30dbbe9b64/
    body: 
      encoding: US-ASCII
      string: ""
    headers: 
      Accept: 
      - application/json
      Accept-Encoding: 
      - gzip, deflate
      Content-Type: 
      - application/json
      Authorization: 
      - OAuth oauth_consumer_key="katello", oauth_nonce="YEdjqnUiy8BW7mEaJa9rNl0TcrNA7tyB2PuPy9R88U", oauth_signature="2KBO6J0PzBDcv7N4Do8JUrBpUTk%3D", oauth_signature_method="HMAC-SHA1", oauth_timestamp="1363884894", oauth_version="1.0"
      Pulp-User: 
      - admin
      User-Agent: 
      - Ruby
  response: 
    status: 
      code: 200
      message: OK
    headers: 
      Date: 
      - Thu, 21 Mar 2013 16:54:54 GMT
      Server: 
      - Apache/2.2.22 (Fedora)
      Content-Length: 
      - "1469"
      Content-Type: 
      - application/json
    body: 
      encoding: US-ASCII
      string: "{\"task_group_id\": \"dc5acb3b-def9-4c8f-ab75-022ae811b417\", \"exception\": null, \"traceback\": null, \"_href\": \"/pulp/api/v2/tasks/6c95ade0-ad59-4a25-b775-5f30dbbe9b64/\", \"task_id\": \"6c95ade0-ad59-4a25-b775-5f30dbbe9b64\", \"call_request_tags\": [\"pulp:repository:1\", \"pulp:action:sync\"], \"reasons\": [], \"start_time\": \"2013-03-21T16:54:53Z\", \"tags\": [\"pulp:repository:1\", \"pulp:action:sync\"], \"state\": \"finished\", \"finish_time\": \"2013-03-21T16:54:54Z\", \"dependency_failures\": {}, \"schedule_id\": null, \"progress\": {\"yum_importer\": {\"content\": {\"num_success\": 11, \"size_total\": 17872, \"items_left\": 0, \"items_total\": 11, \"state\": \"FINISHED\", \"size_left\": 0, \"details\": {\"tree_file\": {\"num_success\": 3, \"size_total\": 0, \"items_left\": 0, \"items_total\": 3, \"size_left\": 0, \"num_error\": 0}, \"rpm\": {\"num_success\": 8, \"size_total\": 17872, \"items_left\": 0, \"items_total\": 8, \"size_left\": 0, \"num_error\": 0}, \"delta_rpm\": {\"num_success\": 0, \"size_total\": 0, \"items_left\": 0, \"items_total\": 0, \"size_left\": 0, \"num_error\": 0}, \"file\": {\"num_success\": 0, \"size_total\": 0, \"items_left\": 0, \"items_total\": 0, \"size_left\": 0, \"num_error\": 0}}, \"error_details\": [], \"num_error\": 0}, \"comps\": {\"state\": \"FINISHED\"}, \"errata\": {\"state\": \"FINISHED\", \"num_errata\": 2}, \"metadata\": {\"state\": \"FINISHED\"}}}, \"call_request_group_id\": \"dc5acb3b-def9-4c8f-ab75-022ae811b417\", \"call_request_id\": \"6c95ade0-ad59-4a25-b775-5f30dbbe9b64\", \"principal_login\": \"admin\", \"response\": \"accepted\", \"result\": null}"
    http_version: 
  recorded_at: Thu, 21 Mar 2013 16:54:54 GMT
- request: 
    method: get
    uri: https://dhcp231-16.rdu.redhat.com/pulp/api/v2/tasks/cd83b063-21c7-4116-9301-23289b1204ca/
    body: 
      encoding: US-ASCII
      string: ""
    headers: 
      Accept: 
      - application/json
      Accept-Encoding: 
      - gzip, deflate
      Content-Type: 
      - application/json
      Authorization: 
      - OAuth oauth_consumer_key="katello", oauth_nonce="tO34zJ1bcws91MgXin2vNtG5OsErSDw5IEiiAndH4", oauth_signature="7RcuKDApQgey%2FB8QG3DQOP3ri6Q%3D", oauth_signature_method="HMAC-SHA1", oauth_timestamp="1363884896", oauth_version="1.0"
      Pulp-User: 
      - admin
      User-Agent: 
      - Ruby
  response: 
    status: 
      code: 200
      message: OK
    headers: 
      Date: 
      - Thu, 21 Mar 2013 16:54:56 GMT
      Server: 
      - Apache/2.2.22 (Fedora)
      Content-Length: 
      - "842"
      Content-Type: 
      - application/json
    body: 
      encoding: US-ASCII
      string: "{\"task_group_id\": \"131c0e48-f796-48e5-8494-43462c8be369\", \"exception\": null, \"traceback\": null, \"_href\": \"/pulp/api/v2/tasks/cd83b063-21c7-4116-9301-23289b1204ca/\", \"task_id\": \"cd83b063-21c7-4116-9301-23289b1204ca\", \"call_request_tags\": [\"pulp:repository:1\", \"pulp:action:sync\"], \"reasons\": [], \"start_time\": \"2013-03-21T16:54:56Z\", \"tags\": [\"pulp:repository:1\", \"pulp:action:sync\"], \"state\": \"running\", \"finish_time\": null, \"dependency_failures\": {}, \"schedule_id\": null, \"progress\": {\"yum_importer\": {\"content\": {\"state\": \"NOT_STARTED\"}, \"comps\": {\"state\": \"NOT_STARTED\"}, \"errata\": {\"state\": \"NOT_STARTED\"}, \"metadata\": {\"state\": \"IN_PROGRESS\"}}}, \"call_request_group_id\": \"131c0e48-f796-48e5-8494-43462c8be369\", \"call_request_id\": \"cd83b063-21c7-4116-9301-23289b1204ca\", \"principal_login\": \"admin\", \"response\": \"accepted\", \"result\": null}"
    http_version: 
  recorded_at: Thu, 21 Mar 2013 16:54:56 GMT
- request: 
    method: get
    uri: https://dhcp231-16.rdu.redhat.com/pulp/api/v2/tasks/cd83b063-21c7-4116-9301-23289b1204ca/
    body: 
      encoding: US-ASCII
      string: ""
    headers: 
      Accept: 
      - application/json
      Accept-Encoding: 
      - gzip, deflate
      Content-Type: 
      - application/json
      Authorization: 
      - OAuth oauth_consumer_key="katello", oauth_nonce="SifjmoOufefUiTmtd2fGBaEx5Biyxg0xHLDeIUiNc", oauth_signature="KxHLwrfY3fGlC59wMozVOTEuEnw%3D", oauth_signature_method="HMAC-SHA1", oauth_timestamp="1363884896", oauth_version="1.0"
      Pulp-User: 
      - admin
      User-Agent: 
      - Ruby
  response: 
    status: 
      code: 200
      message: OK
    headers: 
      Date: 
      - Thu, 21 Mar 2013 16:54:56 GMT
      Server: 
      - Apache/2.2.22 (Fedora)
      Content-Length: 
      - "1450"
      Content-Type: 
      - application/json
    body: 
      encoding: US-ASCII
      string: "{\"task_group_id\": \"131c0e48-f796-48e5-8494-43462c8be369\", \"exception\": null, \"traceback\": null, \"_href\": \"/pulp/api/v2/tasks/cd83b063-21c7-4116-9301-23289b1204ca/\", \"task_id\": \"cd83b063-21c7-4116-9301-23289b1204ca\", \"call_request_tags\": [\"pulp:repository:1\", \"pulp:action:sync\"], \"reasons\": [], \"start_time\": \"2013-03-21T16:54:56Z\", \"tags\": [\"pulp:repository:1\", \"pulp:action:sync\"], \"state\": \"running\", \"finish_time\": null, \"dependency_failures\": {}, \"schedule_id\": null, \"progress\": {\"yum_importer\": {\"content\": {\"num_success\": 0, \"size_total\": 17872, \"items_left\": 11, \"items_total\": 11, \"state\": \"IN_PROGRESS\", \"size_left\": 17872, \"details\": {\"tree_file\": {\"num_success\": 0, \"size_total\": 0, \"items_left\": 3, \"items_total\": 3, \"size_left\": 0, \"num_error\": 0}, \"rpm\": {\"num_success\": 0, \"size_total\": 17872, \"items_left\": 8, \"items_total\": 8, \"size_left\": 17872, \"num_error\": 0}, \"delta_rpm\": {\"num_success\": 0, \"size_total\": 0, \"items_left\": 0, \"items_total\": 0, \"size_left\": 0, \"num_error\": 0}, \"file\": {\"num_success\": 0, \"size_total\": 0, \"items_left\": 0, \"items_total\": 0, \"size_left\": 0, \"num_error\": 0}}, \"error_details\": [], \"num_error\": 0}, \"comps\": {\"state\": \"NOT_STARTED\"}, \"errata\": {\"state\": \"NOT_STARTED\"}, \"metadata\": {\"state\": \"FINISHED\"}}}, \"call_request_group_id\": \"131c0e48-f796-48e5-8494-43462c8be369\", \"call_request_id\": \"cd83b063-21c7-4116-9301-23289b1204ca\", \"principal_login\": \"admin\", \"response\": \"accepted\", \"result\": null}"
    http_version: 
  recorded_at: Thu, 21 Mar 2013 16:54:57 GMT
- request: 
    method: get
    uri: https://dhcp231-16.rdu.redhat.com/pulp/api/v2/tasks/cd83b063-21c7-4116-9301-23289b1204ca/
    body: 
      encoding: US-ASCII
      string: ""
    headers: 
      Accept: 
      - application/json
      Accept-Encoding: 
      - gzip, deflate
      Content-Type: 
      - application/json
      Authorization: 
      - OAuth oauth_consumer_key="katello", oauth_nonce="n6qtvUyn3mdUqBfKgKuI11sGJ5cLNTPWxpR4DmZtg2g", oauth_signature="lLWmAkk6zaDS5CGhGOz6oiKEztM%3D", oauth_signature_method="HMAC-SHA1", oauth_timestamp="1363884897", oauth_version="1.0"
      Pulp-User: 
      - admin
      User-Agent: 
      - Ruby
  response: 
    status: 
      code: 200
      message: OK
    headers: 
      Date: 
      - Thu, 21 Mar 2013 16:54:57 GMT
      Server: 
      - Apache/2.2.22 (Fedora)
      Content-Length: 
      - "1469"
      Content-Type: 
      - application/json
    body: 
      encoding: US-ASCII
      string: "{\"task_group_id\": \"131c0e48-f796-48e5-8494-43462c8be369\", \"exception\": null, \"traceback\": null, \"_href\": \"/pulp/api/v2/tasks/cd83b063-21c7-4116-9301-23289b1204ca/\", \"task_id\": \"cd83b063-21c7-4116-9301-23289b1204ca\", \"call_request_tags\": [\"pulp:repository:1\", \"pulp:action:sync\"], \"reasons\": [], \"start_time\": \"2013-03-21T16:54:56Z\", \"tags\": [\"pulp:repository:1\", \"pulp:action:sync\"], \"state\": \"finished\", \"finish_time\": \"2013-03-21T16:54:57Z\", \"dependency_failures\": {}, \"schedule_id\": null, \"progress\": {\"yum_importer\": {\"content\": {\"num_success\": 11, \"size_total\": 17872, \"items_left\": 0, \"items_total\": 11, \"state\": \"FINISHED\", \"size_left\": 0, \"details\": {\"tree_file\": {\"num_success\": 3, \"size_total\": 0, \"items_left\": 0, \"items_total\": 3, \"size_left\": 0, \"num_error\": 0}, \"rpm\": {\"num_success\": 8, \"size_total\": 17872, \"items_left\": 0, \"items_total\": 8, \"size_left\": 0, \"num_error\": 0}, \"delta_rpm\": {\"num_success\": 0, \"size_total\": 0, \"items_left\": 0, \"items_total\": 0, \"size_left\": 0, \"num_error\": 0}, \"file\": {\"num_success\": 0, \"size_total\": 0, \"items_left\": 0, \"items_total\": 0, \"size_left\": 0, \"num_error\": 0}}, \"error_details\": [], \"num_error\": 0}, \"comps\": {\"state\": \"FINISHED\"}, \"errata\": {\"state\": \"FINISHED\", \"num_errata\": 2}, \"metadata\": {\"state\": \"FINISHED\"}}}, \"call_request_group_id\": \"131c0e48-f796-48e5-8494-43462c8be369\", \"call_request_id\": \"cd83b063-21c7-4116-9301-23289b1204ca\", \"principal_login\": \"admin\", \"response\": \"accepted\", \"result\": null}"
    http_version: 
  recorded_at: Thu, 21 Mar 2013 16:54:57 GMT
- request: 
    method: get
    uri: https://dhcp231-16.rdu.redhat.com/pulp/api/v2/tasks/ad5b518a-1486-4ae6-8e74-94b9bc4c80c0/
    body: 
      encoding: US-ASCII
      string: ""
    headers: 
      Accept: 
      - application/json
      Accept-Encoding: 
      - gzip, deflate
      Content-Type: 
      - application/json
      Authorization: 
      - OAuth oauth_consumer_key="katello", oauth_nonce="a3MI8xAakZ1gfw9hLHP9revN4z1v4CPCtUD8rNVfU", oauth_signature="F%2B05tL%2BdzyvtEcxnixXOiFvwKnk%3D", oauth_signature_method="HMAC-SHA1", oauth_timestamp="1363884899", oauth_version="1.0"
      Pulp-User: 
      - admin
      User-Agent: 
      - Ruby
  response: 
    status: 
      code: 200
      message: OK
    headers: 
      Date: 
      - Thu, 21 Mar 2013 16:54:59 GMT
      Server: 
      - Apache/2.2.22 (Fedora)
      Content-Length: 
      - "842"
      Content-Type: 
      - application/json
    body: 
      encoding: US-ASCII
      string: "{\"task_group_id\": \"28ea10be-7739-4df0-9b05-2f52645318c1\", \"exception\": null, \"traceback\": null, \"_href\": \"/pulp/api/v2/tasks/ad5b518a-1486-4ae6-8e74-94b9bc4c80c0/\", \"task_id\": \"ad5b518a-1486-4ae6-8e74-94b9bc4c80c0\", \"call_request_tags\": [\"pulp:repository:1\", \"pulp:action:sync\"], \"reasons\": [], \"start_time\": \"2013-03-21T16:54:59Z\", \"tags\": [\"pulp:repository:1\", \"pulp:action:sync\"], \"state\": \"running\", \"finish_time\": null, \"dependency_failures\": {}, \"schedule_id\": null, \"progress\": {\"yum_importer\": {\"content\": {\"state\": \"NOT_STARTED\"}, \"comps\": {\"state\": \"NOT_STARTED\"}, \"errata\": {\"state\": \"NOT_STARTED\"}, \"metadata\": {\"state\": \"IN_PROGRESS\"}}}, \"call_request_group_id\": \"28ea10be-7739-4df0-9b05-2f52645318c1\", \"call_request_id\": \"ad5b518a-1486-4ae6-8e74-94b9bc4c80c0\", \"principal_login\": \"admin\", \"response\": \"accepted\", \"result\": null}"
    http_version: 
  recorded_at: Thu, 21 Mar 2013 16:54:59 GMT
- request: 
    method: get
    uri: https://dhcp231-16.rdu.redhat.com/pulp/api/v2/tasks/ad5b518a-1486-4ae6-8e74-94b9bc4c80c0/
    body: 
      encoding: US-ASCII
      string: ""
    headers: 
      Accept: 
      - application/json
      Accept-Encoding: 
      - gzip, deflate
      Content-Type: 
      - application/json
      Authorization: 
      - OAuth oauth_consumer_key="katello", oauth_nonce="XUkt8rMvwrm6HVXyJq8TDjveUzxyx8wqyRwd1GmN8", oauth_signature="oX%2BeXwwKse%2BgiqyYLI304ZGQmM0%3D", oauth_signature_method="HMAC-SHA1", oauth_timestamp="1363884900", oauth_version="1.0"
      Pulp-User: 
      - admin
      User-Agent: 
      - Ruby
  response: 
    status: 
      code: 200
      message: OK
    headers: 
      Date: 
      - Thu, 21 Mar 2013 16:55:00 GMT
      Server: 
      - Apache/2.2.22 (Fedora)
      Content-Length: 
      - "1449"
      Content-Type: 
      - application/json
    body: 
      encoding: US-ASCII
      string: "{\"task_group_id\": \"28ea10be-7739-4df0-9b05-2f52645318c1\", \"exception\": null, \"traceback\": null, \"_href\": \"/pulp/api/v2/tasks/ad5b518a-1486-4ae6-8e74-94b9bc4c80c0/\", \"task_id\": \"ad5b518a-1486-4ae6-8e74-94b9bc4c80c0\", \"call_request_tags\": [\"pulp:repository:1\", \"pulp:action:sync\"], \"reasons\": [], \"start_time\": \"2013-03-21T16:54:59Z\", \"tags\": [\"pulp:repository:1\", \"pulp:action:sync\"], \"state\": \"running\", \"finish_time\": null, \"dependency_failures\": {}, \"schedule_id\": null, \"progress\": {\"yum_importer\": {\"content\": {\"num_success\": 3, \"size_total\": 17872, \"items_left\": 8, \"items_total\": 11, \"state\": \"IN_PROGRESS\", \"size_left\": 11164, \"details\": {\"tree_file\": {\"num_success\": 0, \"size_total\": 0, \"items_left\": 3, \"items_total\": 3, \"size_left\": 0, \"num_error\": 0}, \"rpm\": {\"num_success\": 3, \"size_total\": 17872, \"items_left\": 5, \"items_total\": 8, \"size_left\": 11164, \"num_error\": 0}, \"delta_rpm\": {\"num_success\": 0, \"size_total\": 0, \"items_left\": 0, \"items_total\": 0, \"size_left\": 0, \"num_error\": 0}, \"file\": {\"num_success\": 0, \"size_total\": 0, \"items_left\": 0, \"items_total\": 0, \"size_left\": 0, \"num_error\": 0}}, \"error_details\": [], \"num_error\": 0}, \"comps\": {\"state\": \"NOT_STARTED\"}, \"errata\": {\"state\": \"NOT_STARTED\"}, \"metadata\": {\"state\": \"FINISHED\"}}}, \"call_request_group_id\": \"28ea10be-7739-4df0-9b05-2f52645318c1\", \"call_request_id\": \"ad5b518a-1486-4ae6-8e74-94b9bc4c80c0\", \"principal_login\": \"admin\", \"response\": \"accepted\", \"result\": null}"
    http_version: 
  recorded_at: Thu, 21 Mar 2013 16:55:00 GMT
- request: 
    method: get
    uri: https://dhcp231-16.rdu.redhat.com/pulp/api/v2/tasks/ad5b518a-1486-4ae6-8e74-94b9bc4c80c0/
    body: 
      encoding: US-ASCII
      string: ""
    headers: 
      Accept: 
      - application/json
      Accept-Encoding: 
      - gzip, deflate
      Content-Type: 
      - application/json
      Authorization: 
      - OAuth oauth_consumer_key="katello", oauth_nonce="XMpDwLd1URR3EtCs7jFxZBATePLAyhCITKDALCjrTI", oauth_signature="9UwfApwQDIh%2Fi7hYnC06DEtMVcs%3D", oauth_signature_method="HMAC-SHA1", oauth_timestamp="1363884900", oauth_version="1.0"
      Pulp-User: 
      - admin
      User-Agent: 
      - Ruby
  response: 
    status: 
      code: 200
      message: OK
    headers: 
      Date: 
      - Thu, 21 Mar 2013 16:55:00 GMT
      Server: 
      - Apache/2.2.22 (Fedora)
      Content-Length: 
      - "1469"
      Content-Type: 
      - application/json
    body: 
      encoding: US-ASCII
      string: "{\"task_group_id\": \"28ea10be-7739-4df0-9b05-2f52645318c1\", \"exception\": null, \"traceback\": null, \"_href\": \"/pulp/api/v2/tasks/ad5b518a-1486-4ae6-8e74-94b9bc4c80c0/\", \"task_id\": \"ad5b518a-1486-4ae6-8e74-94b9bc4c80c0\", \"call_request_tags\": [\"pulp:repository:1\", \"pulp:action:sync\"], \"reasons\": [], \"start_time\": \"2013-03-21T16:54:59Z\", \"tags\": [\"pulp:repository:1\", \"pulp:action:sync\"], \"state\": \"finished\", \"finish_time\": \"2013-03-21T16:55:00Z\", \"dependency_failures\": {}, \"schedule_id\": null, \"progress\": {\"yum_importer\": {\"content\": {\"num_success\": 11, \"size_total\": 17872, \"items_left\": 0, \"items_total\": 11, \"state\": \"FINISHED\", \"size_left\": 0, \"details\": {\"tree_file\": {\"num_success\": 3, \"size_total\": 0, \"items_left\": 0, \"items_total\": 3, \"size_left\": 0, \"num_error\": 0}, \"rpm\": {\"num_success\": 8, \"size_total\": 17872, \"items_left\": 0, \"items_total\": 8, \"size_left\": 0, \"num_error\": 0}, \"delta_rpm\": {\"num_success\": 0, \"size_total\": 0, \"items_left\": 0, \"items_total\": 0, \"size_left\": 0, \"num_error\": 0}, \"file\": {\"num_success\": 0, \"size_total\": 0, \"items_left\": 0, \"items_total\": 0, \"size_left\": 0, \"num_error\": 0}}, \"error_details\": [], \"num_error\": 0}, \"comps\": {\"state\": \"FINISHED\"}, \"errata\": {\"state\": \"FINISHED\", \"num_errata\": 2}, \"metadata\": {\"state\": \"FINISHED\"}}}, \"call_request_group_id\": \"28ea10be-7739-4df0-9b05-2f52645318c1\", \"call_request_id\": \"ad5b518a-1486-4ae6-8e74-94b9bc4c80c0\", \"principal_login\": \"admin\", \"response\": \"accepted\", \"result\": null}"
    http_version: 
  recorded_at: Thu, 21 Mar 2013 16:55:01 GMT
recorded_with: VCR 2.4.0
