// Jest Snapshot v1, https://goo.gl/fbAQLP

exports[`Subscriptions selectors should select delete-button-disabled 1`] = `true`;

exports[`Subscriptions selectors should select delete-modal-opened 1`] = `false`;

exports[`Subscriptions selectors should select search-query 1`] = `"some-query"`;

exports[`Subscriptions selectors should select subscriptions tasks 1`] = `
Array [
  "task1",
  "task2",
]
`;

exports[`Subscriptions selectors should select task-modal-opened 1`] = `false`;

exports[`Subscriptions selectors should select the subscriptions state 1`] = `
Object {
  "deleteButtonDisabled": true,
  "deleteModalOpened": false,
  "searchQuery": "some-query",
  "taskModalOpened": false,
  "tasks": Array [
    "task1",
    "task2",
  ],
}
`;
