// Jest Snapshot v1, https://goo.gl/fbAQLP

exports[`Subscriptions selectors should select delete-button-disabled 1`] = `true`;

exports[`Subscriptions selectors should select delete-modal-opened 1`] = `false`;

exports[`Subscriptions selectors should select search-query 1`] = `"some-query"`;

exports[`Subscriptions selectors should select subscriptions task 1`] = `Object {}`;

exports[`Subscriptions selectors should select the subscriptions state 1`] = `
Object {
  "deleteButtonDisabled": true,
  "deleteModalOpened": false,
  "hasUpstreamConnection": false,
  "searchQuery": "some-query",
  "task": Object {},
  "taskModalOpened": false,
}
`;

exports[`Subscriptions selectors should select whether we have an upstream connection 1`] = `false`;
