// Jest Snapshot v1, https://goo.gl/fbAQLP

exports[`subscriptions page should render <PermissionDenied /> when permissions are missing 1`] = `
<PermissionDenied
  missingPermissions={
    Array [
      "view_subscriptions",
    ]
  }
  primaryButton={null}
/>
`;

exports[`subscriptions page should render <PermissionDenied /> when view_subscriptions permission is false 1`] = `
<PermissionDenied
  missingPermissions={
    Array [
      "view_subscriptions",
    ]
  }
  primaryButton={null}
/>
`;

exports[`subscriptions page should render 1`] = `
<PermissionDenied
  missingPermissions={
    Array [
      "view_subscriptions",
    ]
  }
  primaryButton={null}
/>
`;
