--- 
recorded_with: VCR 2.2.5
http_interactions: 
- request: 
    method: get
    uri: https://dhcp231-16.rdu.redhat.com/pulp/api/v2/tasks/980b9d5a-0571-4a1a-8f7c-022d433d4911/
    body: 
      string: ""
    headers: 
      Accept-Encoding: 
      - gzip, deflate
      Authorization: 
      - OAuth oauth_consumer_key="katello", oauth_nonce="erPmNzi3EH860LWVOLMEXWycF66HUCrjEDFScLRMWM", oauth_signature="VqfvVOVdOG9osbwYkMEWzgnxyk0%3D", oauth_signature_method="HMAC-SHA1", oauth_timestamp="1353344190", oauth_version="1.0"
      Pulp-User: 
      - admin
      Content-Type: 
      - application/json
      Accept: 
      - application/json
  response: 
    status: 
      code: 200
      message: OK
    headers: 
      Content-Length: 
      - "853"
      Server: 
      - Apache/2.2.22 (Fedora)
      Content-Type: 
      - application/json
      Date: 
      - Mon, 19 Nov 2012 16:56:30 GMT
    body: 
      string: "{\"task_group_id\": null, \"exception\": null, \"traceback\": null, \"_href\": \"/pulp/api/v2/tasks/980b9d5a-0571-4a1a-8f7c-022d433d4911/\", \"task_id\": \"980b9d5a-0571-4a1a-8f7c-022d433d4911\", \"call_request_tags\": [\"pulp:repository:acme_corporation_label-staging_label-staging_label-fedora_label-fedora_17_x86_64_label\", \"pulp:repository:1\", \"pulp:action:associate\"], \"reasons\": [], \"start_time\": \"2012-11-19T16:56:30Z\", \"tags\": [\"pulp:repository:acme_corporation_label-staging_label-staging_label-fedora_label-fedora_17_x86_64_label\", \"pulp:repository:1\", \"pulp:action:associate\"], \"state\": \"finished\", \"finish_time\": \"2012-11-19T16:56:30Z\", \"dependency_failures\": {}, \"schedule_id\": null, \"progress\": {}, \"call_request_group_id\": null, \"call_request_id\": \"980b9d5a-0571-4a1a-8f7c-022d433d4911\", \"principal_login\": \"admin\", \"response\": \"accepted\", \"result\": null}"
    http_version: 
  recorded_at: Mon, 19 Nov 2012 16:56:30 GMT
- request: 
    method: get
    uri: https://dhcp231-16.rdu.redhat.com/pulp/api/v2/tasks/8e2b2403-3b4b-44a3-945f-90c4e393aa94/
    body: 
      string: ""
    headers: 
      Accept-Encoding: 
      - gzip, deflate
      Authorization: 
      - OAuth oauth_consumer_key="katello", oauth_nonce="vtLNUZKQlLys7NKcV0eMILd2LOZ8HcUoZYovA9A4CeA", oauth_signature="PejZiRHMvw8K1zYWBSAACOgJAoY%3D", oauth_signature_method="HMAC-SHA1", oauth_timestamp="1353344190", oauth_version="1.0"
      Pulp-User: 
      - admin
      Content-Type: 
      - application/json
      Accept: 
      - application/json
  response: 
    status: 
      code: 200
      message: OK
    headers: 
      Content-Length: 
      - "853"
      Server: 
      - Apache/2.2.22 (Fedora)
      Content-Type: 
      - application/json
      Date: 
      - Mon, 19 Nov 2012 16:56:30 GMT
    body: 
      string: "{\"task_group_id\": null, \"exception\": null, \"traceback\": null, \"_href\": \"/pulp/api/v2/tasks/8e2b2403-3b4b-44a3-945f-90c4e393aa94/\", \"task_id\": \"8e2b2403-3b4b-44a3-945f-90c4e393aa94\", \"call_request_tags\": [\"pulp:repository:acme_corporation_label-staging_label-staging_label-fedora_label-fedora_17_x86_64_label\", \"pulp:repository:1\", \"pulp:action:associate\"], \"reasons\": [], \"start_time\": \"2012-11-19T16:56:30Z\", \"tags\": [\"pulp:repository:acme_corporation_label-staging_label-staging_label-fedora_label-fedora_17_x86_64_label\", \"pulp:repository:1\", \"pulp:action:associate\"], \"state\": \"finished\", \"finish_time\": \"2012-11-19T16:56:30Z\", \"dependency_failures\": {}, \"schedule_id\": null, \"progress\": {}, \"call_request_group_id\": null, \"call_request_id\": \"8e2b2403-3b4b-44a3-945f-90c4e393aa94\", \"principal_login\": \"admin\", \"response\": \"accepted\", \"result\": null}"
    http_version: 
  recorded_at: Mon, 19 Nov 2012 16:56:30 GMT
- request: 
    method: get
    uri: https://dhcp231-16.rdu.redhat.com/pulp/api/v2/tasks/552fe51b-93bb-4b34-a352-3ddd7e303318/
    body: 
      string: ""
    headers: 
      Accept-Encoding: 
      - gzip, deflate
      Authorization: 
      - OAuth oauth_consumer_key="katello", oauth_nonce="V6ir7TtY5lhpgaxh3JYn8Nzajlvko3pQ6qBVRA1kI", oauth_signature="%2BKhcqKXhU1oVYBREsaYfJffcbRg%3D", oauth_signature_method="HMAC-SHA1", oauth_timestamp="1353344191", oauth_version="1.0"
      Pulp-User: 
      - admin
      Content-Type: 
      - application/json
      Accept: 
      - application/json
  response: 
    status: 
      code: 200
      message: OK
    headers: 
      Content-Length: 
      - "853"
      Server: 
      - Apache/2.2.22 (Fedora)
      Content-Type: 
      - application/json
      Date: 
      - Mon, 19 Nov 2012 16:56:31 GMT
    body: 
      string: "{\"task_group_id\": null, \"exception\": null, \"traceback\": null, \"_href\": \"/pulp/api/v2/tasks/552fe51b-93bb-4b34-a352-3ddd7e303318/\", \"task_id\": \"552fe51b-93bb-4b34-a352-3ddd7e303318\", \"call_request_tags\": [\"pulp:repository:acme_corporation_label-staging_label-staging_label-fedora_label-fedora_17_x86_64_label\", \"pulp:repository:1\", \"pulp:action:associate\"], \"reasons\": [], \"start_time\": \"2012-11-19T16:56:30Z\", \"tags\": [\"pulp:repository:acme_corporation_label-staging_label-staging_label-fedora_label-fedora_17_x86_64_label\", \"pulp:repository:1\", \"pulp:action:associate\"], \"state\": \"finished\", \"finish_time\": \"2012-11-19T16:56:30Z\", \"dependency_failures\": {}, \"schedule_id\": null, \"progress\": {}, \"call_request_group_id\": null, \"call_request_id\": \"552fe51b-93bb-4b34-a352-3ddd7e303318\", \"principal_login\": \"admin\", \"response\": \"accepted\", \"result\": null}"
    http_version: 
  recorded_at: Mon, 19 Nov 2012 16:56:31 GMT
- request: 
    method: get
    uri: https://dhcp231-16.rdu.redhat.com/pulp/api/v2/tasks/6b2a4c5c-4168-4bbe-96e2-9b1dad7c75d3/
    body: 
      string: ""
    headers: 
      Accept-Encoding: 
      - gzip, deflate
      Authorization: 
      - OAuth oauth_consumer_key="katello", oauth_nonce="LvlBsjAdQOj37g0Ln03uNkmxLwiqIPSaTLG9sJS1c", oauth_signature="OGgHRly9LX8yPYuHTmr%2BuOulA4M%3D", oauth_signature_method="HMAC-SHA1", oauth_timestamp="1353344191", oauth_version="1.0"
      Pulp-User: 
      - admin
      Content-Type: 
      - application/json
      Accept: 
      - application/json
  response: 
    status: 
      code: 200
      message: OK
    headers: 
      Content-Length: 
      - "842"
      Server: 
      - Apache/2.2.22 (Fedora)
      Content-Type: 
      - application/json
      Date: 
      - Mon, 19 Nov 2012 16:56:31 GMT
    body: 
      string: "{\"task_group_id\": \"77ab7395-75c3-45d4-aed6-d001270ab668\", \"exception\": null, \"traceback\": null, \"_href\": \"/pulp/api/v2/tasks/6b2a4c5c-4168-4bbe-96e2-9b1dad7c75d3/\", \"task_id\": \"6b2a4c5c-4168-4bbe-96e2-9b1dad7c75d3\", \"call_request_tags\": [\"pulp:repository:1\", \"pulp:action:sync\"], \"reasons\": [], \"start_time\": \"2012-11-19T16:56:31Z\", \"tags\": [\"pulp:repository:1\", \"pulp:action:sync\"], \"state\": \"running\", \"finish_time\": null, \"dependency_failures\": {}, \"schedule_id\": null, \"progress\": {\"yum_importer\": {\"content\": {\"state\": \"NOT_STARTED\"}, \"comps\": {\"state\": \"NOT_STARTED\"}, \"errata\": {\"state\": \"NOT_STARTED\"}, \"metadata\": {\"state\": \"IN_PROGRESS\"}}}, \"call_request_group_id\": \"77ab7395-75c3-45d4-aed6-d001270ab668\", \"call_request_id\": \"6b2a4c5c-4168-4bbe-96e2-9b1dad7c75d3\", \"principal_login\": \"admin\", \"response\": \"accepted\", \"result\": null}"
    http_version: 
  recorded_at: Mon, 19 Nov 2012 16:56:31 GMT
- request: 
    method: get
    uri: https://dhcp231-16.rdu.redhat.com/pulp/api/v2/tasks/6b2a4c5c-4168-4bbe-96e2-9b1dad7c75d3/
    body: 
      string: ""
    headers: 
      Accept-Encoding: 
      - gzip, deflate
      Authorization: 
      - OAuth oauth_consumer_key="katello", oauth_nonce="y3aV98kw7PLXdm3IBlNI6zx3C4ZFy8c6CDZWOal0", oauth_signature="lcy86o%2B633AjBj9886x79pSfiYQ%3D", oauth_signature_method="HMAC-SHA1", oauth_timestamp="1353344191", oauth_version="1.0"
      Pulp-User: 
      - admin
      Content-Type: 
      - application/json
      Accept: 
      - application/json
  response: 
    status: 
      code: 200
      message: OK
    headers: 
      Content-Length: 
      - "839"
      Server: 
      - Apache/2.2.22 (Fedora)
      Content-Type: 
      - application/json
      Date: 
      - Mon, 19 Nov 2012 16:56:31 GMT
    body: 
      string: "{\"task_group_id\": \"77ab7395-75c3-45d4-aed6-d001270ab668\", \"exception\": null, \"traceback\": null, \"_href\": \"/pulp/api/v2/tasks/6b2a4c5c-4168-4bbe-96e2-9b1dad7c75d3/\", \"task_id\": \"6b2a4c5c-4168-4bbe-96e2-9b1dad7c75d3\", \"call_request_tags\": [\"pulp:repository:1\", \"pulp:action:sync\"], \"reasons\": [], \"start_time\": \"2012-11-19T16:56:31Z\", \"tags\": [\"pulp:repository:1\", \"pulp:action:sync\"], \"state\": \"running\", \"finish_time\": null, \"dependency_failures\": {}, \"schedule_id\": null, \"progress\": {\"yum_importer\": {\"content\": {\"state\": \"NOT_STARTED\"}, \"comps\": {\"state\": \"NOT_STARTED\"}, \"errata\": {\"state\": \"NOT_STARTED\"}, \"metadata\": {\"state\": \"FINISHED\"}}}, \"call_request_group_id\": \"77ab7395-75c3-45d4-aed6-d001270ab668\", \"call_request_id\": \"6b2a4c5c-4168-4bbe-96e2-9b1dad7c75d3\", \"principal_login\": \"admin\", \"response\": \"accepted\", \"result\": null}"
    http_version: 
  recorded_at: Mon, 19 Nov 2012 16:56:31 GMT
- request: 
    method: get
    uri: https://dhcp231-16.rdu.redhat.com/pulp/api/v2/tasks/6b2a4c5c-4168-4bbe-96e2-9b1dad7c75d3/
    body: 
      string: ""
    headers: 
      Accept-Encoding: 
      - gzip, deflate
      Authorization: 
      - OAuth oauth_consumer_key="katello", oauth_nonce="hZx6SXLYXZkbGYpq5Z4I8I8X8sGxyiNd9OyoEYmdP0", oauth_signature="lyAdGbSq6%2FkX%2Ft2zRey2tq6ZHN4%3D", oauth_signature_method="HMAC-SHA1", oauth_timestamp="1353344192", oauth_version="1.0"
      Pulp-User: 
      - admin
      Content-Type: 
      - application/json
      Accept: 
      - application/json
  response: 
    status: 
      code: 200
      message: OK
    headers: 
      Content-Length: 
      - "1450"
      Server: 
      - Apache/2.2.22 (Fedora)
      Content-Type: 
      - application/json
      Date: 
      - Mon, 19 Nov 2012 16:56:32 GMT
    body: 
      string: "{\"task_group_id\": \"77ab7395-75c3-45d4-aed6-d001270ab668\", \"exception\": null, \"traceback\": null, \"_href\": \"/pulp/api/v2/tasks/6b2a4c5c-4168-4bbe-96e2-9b1dad7c75d3/\", \"task_id\": \"6b2a4c5c-4168-4bbe-96e2-9b1dad7c75d3\", \"call_request_tags\": [\"pulp:repository:1\", \"pulp:action:sync\"], \"reasons\": [], \"start_time\": \"2012-11-19T16:56:31Z\", \"tags\": [\"pulp:repository:1\", \"pulp:action:sync\"], \"state\": \"running\", \"finish_time\": null, \"dependency_failures\": {}, \"schedule_id\": null, \"progress\": {\"yum_importer\": {\"content\": {\"num_success\": 0, \"size_total\": 17872, \"items_left\": 11, \"items_total\": 11, \"state\": \"IN_PROGRESS\", \"size_left\": 17872, \"details\": {\"tree_file\": {\"num_success\": 0, \"size_total\": 0, \"items_left\": 3, \"items_total\": 3, \"size_left\": 0, \"num_error\": 0}, \"rpm\": {\"num_success\": 0, \"size_total\": 17872, \"items_left\": 8, \"items_total\": 8, \"size_left\": 17872, \"num_error\": 0}, \"delta_rpm\": {\"num_success\": 0, \"size_total\": 0, \"items_left\": 0, \"items_total\": 0, \"size_left\": 0, \"num_error\": 0}, \"file\": {\"num_success\": 0, \"size_total\": 0, \"items_left\": 0, \"items_total\": 0, \"size_left\": 0, \"num_error\": 0}}, \"error_details\": [], \"num_error\": 0}, \"comps\": {\"state\": \"NOT_STARTED\"}, \"errata\": {\"state\": \"NOT_STARTED\"}, \"metadata\": {\"state\": \"FINISHED\"}}}, \"call_request_group_id\": \"77ab7395-75c3-45d4-aed6-d001270ab668\", \"call_request_id\": \"6b2a4c5c-4168-4bbe-96e2-9b1dad7c75d3\", \"principal_login\": \"admin\", \"response\": \"accepted\", \"result\": null}"
    http_version: 
  recorded_at: Mon, 19 Nov 2012 16:56:32 GMT
- request: 
    method: get
    uri: https://dhcp231-16.rdu.redhat.com/pulp/api/v2/tasks/6b2a4c5c-4168-4bbe-96e2-9b1dad7c75d3/
    body: 
      string: ""
    headers: 
      Accept-Encoding: 
      - gzip, deflate
      Authorization: 
      - OAuth oauth_consumer_key="katello", oauth_nonce="07DGYHJjZj7NcM7d4Aez7YO1O2gDuYN9tmVo7uE0", oauth_signature="N%2F3lPepdBqLDcHSPFngGTuzzQfg%3D", oauth_signature_method="HMAC-SHA1", oauth_timestamp="1353344192", oauth_version="1.0"
      Pulp-User: 
      - admin
      Content-Type: 
      - application/json
      Accept: 
      - application/json
  response: 
    status: 
      code: 200
      message: OK
    headers: 
      Content-Length: 
      - "1447"
      Server: 
      - Apache/2.2.22 (Fedora)
      Content-Type: 
      - application/json
      Date: 
      - Mon, 19 Nov 2012 16:56:32 GMT
    body: 
      string: "{\"task_group_id\": \"77ab7395-75c3-45d4-aed6-d001270ab668\", \"exception\": null, \"traceback\": null, \"_href\": \"/pulp/api/v2/tasks/6b2a4c5c-4168-4bbe-96e2-9b1dad7c75d3/\", \"task_id\": \"6b2a4c5c-4168-4bbe-96e2-9b1dad7c75d3\", \"call_request_tags\": [\"pulp:repository:1\", \"pulp:action:sync\"], \"reasons\": [], \"start_time\": \"2012-11-19T16:56:31Z\", \"tags\": [\"pulp:repository:1\", \"pulp:action:sync\"], \"state\": \"running\", \"finish_time\": null, \"dependency_failures\": {}, \"schedule_id\": null, \"progress\": {\"yum_importer\": {\"content\": {\"num_success\": 8, \"size_total\": 17872, \"items_left\": 3, \"items_total\": 11, \"state\": \"IN_PROGRESS\", \"size_left\": 4464, \"details\": {\"tree_file\": {\"num_success\": 2, \"size_total\": 0, \"items_left\": 1, \"items_total\": 3, \"size_left\": 0, \"num_error\": 0}, \"rpm\": {\"num_success\": 6, \"size_total\": 17872, \"items_left\": 2, \"items_total\": 8, \"size_left\": 4464, \"num_error\": 0}, \"delta_rpm\": {\"num_success\": 0, \"size_total\": 0, \"items_left\": 0, \"items_total\": 0, \"size_left\": 0, \"num_error\": 0}, \"file\": {\"num_success\": 0, \"size_total\": 0, \"items_left\": 0, \"items_total\": 0, \"size_left\": 0, \"num_error\": 0}}, \"error_details\": [], \"num_error\": 0}, \"comps\": {\"state\": \"NOT_STARTED\"}, \"errata\": {\"state\": \"NOT_STARTED\"}, \"metadata\": {\"state\": \"FINISHED\"}}}, \"call_request_group_id\": \"77ab7395-75c3-45d4-aed6-d001270ab668\", \"call_request_id\": \"6b2a4c5c-4168-4bbe-96e2-9b1dad7c75d3\", \"principal_login\": \"admin\", \"response\": \"accepted\", \"result\": null}"
    http_version: 
  recorded_at: Mon, 19 Nov 2012 16:56:32 GMT
- request: 
    method: get
    uri: https://dhcp231-16.rdu.redhat.com/pulp/api/v2/tasks/6b2a4c5c-4168-4bbe-96e2-9b1dad7c75d3/
    body: 
      string: ""
    headers: 
      Accept-Encoding: 
      - gzip, deflate
      Authorization: 
      - OAuth oauth_consumer_key="katello", oauth_nonce="a3o5TTTltixv08yJVoiUwuij1cRBYJOzPMoRE0zDQ", oauth_signature="nuMXmA%2FSEFjQHLbU5%2F9iJVSQrkE%3D", oauth_signature_method="HMAC-SHA1", oauth_timestamp="1353344192", oauth_version="1.0"
      Pulp-User: 
      - admin
      Content-Type: 
      - application/json
      Accept: 
      - application/json
  response: 
    status: 
      code: 200
      message: OK
    headers: 
      Content-Length: 
      - "1442"
      Server: 
      - Apache/2.2.22 (Fedora)
      Content-Type: 
      - application/json
      Date: 
      - Mon, 19 Nov 2012 16:56:32 GMT
    body: 
      string: "{\"task_group_id\": \"77ab7395-75c3-45d4-aed6-d001270ab668\", \"exception\": null, \"traceback\": null, \"_href\": \"/pulp/api/v2/tasks/6b2a4c5c-4168-4bbe-96e2-9b1dad7c75d3/\", \"task_id\": \"6b2a4c5c-4168-4bbe-96e2-9b1dad7c75d3\", \"call_request_tags\": [\"pulp:repository:1\", \"pulp:action:sync\"], \"reasons\": [], \"start_time\": \"2012-11-19T16:56:31Z\", \"tags\": [\"pulp:repository:1\", \"pulp:action:sync\"], \"state\": \"running\", \"finish_time\": null, \"dependency_failures\": {}, \"schedule_id\": null, \"progress\": {\"yum_importer\": {\"content\": {\"num_success\": 11, \"size_total\": 17872, \"items_left\": 0, \"items_total\": 11, \"state\": \"IN_PROGRESS\", \"size_left\": 0, \"details\": {\"tree_file\": {\"num_success\": 3, \"size_total\": 0, \"items_left\": 0, \"items_total\": 3, \"size_left\": 0, \"num_error\": 0}, \"rpm\": {\"num_success\": 8, \"size_total\": 17872, \"items_left\": 0, \"items_total\": 8, \"size_left\": 0, \"num_error\": 0}, \"delta_rpm\": {\"num_success\": 0, \"size_total\": 0, \"items_left\": 0, \"items_total\": 0, \"size_left\": 0, \"num_error\": 0}, \"file\": {\"num_success\": 0, \"size_total\": 0, \"items_left\": 0, \"items_total\": 0, \"size_left\": 0, \"num_error\": 0}}, \"error_details\": [], \"num_error\": 0}, \"comps\": {\"state\": \"NOT_STARTED\"}, \"errata\": {\"state\": \"NOT_STARTED\"}, \"metadata\": {\"state\": \"FINISHED\"}}}, \"call_request_group_id\": \"77ab7395-75c3-45d4-aed6-d001270ab668\", \"call_request_id\": \"6b2a4c5c-4168-4bbe-96e2-9b1dad7c75d3\", \"principal_login\": \"admin\", \"response\": \"accepted\", \"result\": null}"
    http_version: 
  recorded_at: Mon, 19 Nov 2012 16:56:32 GMT
- request: 
    method: get
    uri: https://dhcp231-16.rdu.redhat.com/pulp/api/v2/tasks/6b2a4c5c-4168-4bbe-96e2-9b1dad7c75d3/
    body: 
      string: ""
    headers: 
      Accept-Encoding: 
      - gzip, deflate
      Authorization: 
      - OAuth oauth_consumer_key="katello", oauth_nonce="He67bRdeYZhxSczkJRopX048pRktXtAqOLNtB3PM", oauth_signature="RNyCZj%2BZmFB8CuLrwsRdaDhfBIU%3D", oauth_signature_method="HMAC-SHA1", oauth_timestamp="1353344192", oauth_version="1.0"
      Pulp-User: 
      - admin
      Content-Type: 
      - application/json
      Accept: 
      - application/json
  response: 
    status: 
      code: 200
      message: OK
    headers: 
      Content-Length: 
      - "1439"
      Server: 
      - Apache/2.2.22 (Fedora)
      Content-Type: 
      - application/json
      Date: 
      - Mon, 19 Nov 2012 16:56:32 GMT
    body: 
      string: "{\"task_group_id\": \"77ab7395-75c3-45d4-aed6-d001270ab668\", \"exception\": null, \"traceback\": null, \"_href\": \"/pulp/api/v2/tasks/6b2a4c5c-4168-4bbe-96e2-9b1dad7c75d3/\", \"task_id\": \"6b2a4c5c-4168-4bbe-96e2-9b1dad7c75d3\", \"call_request_tags\": [\"pulp:repository:1\", \"pulp:action:sync\"], \"reasons\": [], \"start_time\": \"2012-11-19T16:56:31Z\", \"tags\": [\"pulp:repository:1\", \"pulp:action:sync\"], \"state\": \"running\", \"finish_time\": null, \"dependency_failures\": {}, \"schedule_id\": null, \"progress\": {\"yum_importer\": {\"content\": {\"num_success\": 11, \"size_total\": 17872, \"items_left\": 0, \"items_total\": 11, \"state\": \"FINISHED\", \"size_left\": 0, \"details\": {\"tree_file\": {\"num_success\": 3, \"size_total\": 0, \"items_left\": 0, \"items_total\": 3, \"size_left\": 0, \"num_error\": 0}, \"rpm\": {\"num_success\": 8, \"size_total\": 17872, \"items_left\": 0, \"items_total\": 8, \"size_left\": 0, \"num_error\": 0}, \"delta_rpm\": {\"num_success\": 0, \"size_total\": 0, \"items_left\": 0, \"items_total\": 0, \"size_left\": 0, \"num_error\": 0}, \"file\": {\"num_success\": 0, \"size_total\": 0, \"items_left\": 0, \"items_total\": 0, \"size_left\": 0, \"num_error\": 0}}, \"error_details\": [], \"num_error\": 0}, \"comps\": {\"state\": \"NOT_STARTED\"}, \"errata\": {\"state\": \"NOT_STARTED\"}, \"metadata\": {\"state\": \"FINISHED\"}}}, \"call_request_group_id\": \"77ab7395-75c3-45d4-aed6-d001270ab668\", \"call_request_id\": \"6b2a4c5c-4168-4bbe-96e2-9b1dad7c75d3\", \"principal_login\": \"admin\", \"response\": \"accepted\", \"result\": null}"
    http_version: 
  recorded_at: Mon, 19 Nov 2012 16:56:32 GMT
- request: 
    method: get
    uri: https://dhcp231-16.rdu.redhat.com/pulp/api/v2/tasks/6b2a4c5c-4168-4bbe-96e2-9b1dad7c75d3/
    body: 
      string: ""
    headers: 
      Accept-Encoding: 
      - gzip, deflate
      Authorization: 
      - OAuth oauth_consumer_key="katello", oauth_nonce="0LdSmBpARYB3b9YXYEwD67VvireDQ6QUvE8rCUZG1o", oauth_signature="%2Bfy5p4Qdlr6fo4jMbVsc4J7kMIw%3D", oauth_signature_method="HMAC-SHA1", oauth_timestamp="1353344192", oauth_version="1.0"
      Pulp-User: 
      - admin
      Content-Type: 
      - application/json
      Accept: 
      - application/json
  response: 
    status: 
      code: 200
      message: OK
    headers: 
      Content-Length: 
      - "1469"
      Server: 
      - Apache/2.2.22 (Fedora)
      Content-Type: 
      - application/json
      Date: 
      - Mon, 19 Nov 2012 16:56:33 GMT
    body: 
      string: "{\"task_group_id\": \"77ab7395-75c3-45d4-aed6-d001270ab668\", \"exception\": null, \"traceback\": null, \"_href\": \"/pulp/api/v2/tasks/6b2a4c5c-4168-4bbe-96e2-9b1dad7c75d3/\", \"task_id\": \"6b2a4c5c-4168-4bbe-96e2-9b1dad7c75d3\", \"call_request_tags\": [\"pulp:repository:1\", \"pulp:action:sync\"], \"reasons\": [], \"start_time\": \"2012-11-19T16:56:31Z\", \"tags\": [\"pulp:repository:1\", \"pulp:action:sync\"], \"state\": \"finished\", \"finish_time\": \"2012-11-19T16:56:32Z\", \"dependency_failures\": {}, \"schedule_id\": null, \"progress\": {\"yum_importer\": {\"content\": {\"num_success\": 11, \"size_total\": 17872, \"items_left\": 0, \"items_total\": 11, \"state\": \"FINISHED\", \"size_left\": 0, \"details\": {\"tree_file\": {\"num_success\": 3, \"size_total\": 0, \"items_left\": 0, \"items_total\": 3, \"size_left\": 0, \"num_error\": 0}, \"rpm\": {\"num_success\": 8, \"size_total\": 17872, \"items_left\": 0, \"items_total\": 8, \"size_left\": 0, \"num_error\": 0}, \"delta_rpm\": {\"num_success\": 0, \"size_total\": 0, \"items_left\": 0, \"items_total\": 0, \"size_left\": 0, \"num_error\": 0}, \"file\": {\"num_success\": 0, \"size_total\": 0, \"items_left\": 0, \"items_total\": 0, \"size_left\": 0, \"num_error\": 0}}, \"error_details\": [], \"num_error\": 0}, \"comps\": {\"state\": \"FINISHED\"}, \"errata\": {\"state\": \"FINISHED\", \"num_errata\": 2}, \"metadata\": {\"state\": \"FINISHED\"}}}, \"call_request_group_id\": \"77ab7395-75c3-45d4-aed6-d001270ab668\", \"call_request_id\": \"6b2a4c5c-4168-4bbe-96e2-9b1dad7c75d3\", \"principal_login\": \"admin\", \"response\": \"accepted\", \"result\": null}"
    http_version: 
  recorded_at: Mon, 19 Nov 2012 16:56:33 GMT
- request: 
    method: get
    uri: https://dhcp231-16.rdu.redhat.com/pulp/api/v2/tasks/3a78531f-a214-43b5-9226-859a680f2abc/
    body: 
      string: ""
    headers: 
      Accept-Encoding: 
      - gzip, deflate
      Authorization: 
      - OAuth oauth_consumer_key="katello", oauth_nonce="n7NvdJoyZagaF89hU8uQgUEC9O1rdu1H4nJECCa7E1g", oauth_signature="G%2FM2eCQYo5II%2Fb1Zk5YZN8mIurw%3D", oauth_signature_method="HMAC-SHA1", oauth_timestamp="1353344195", oauth_version="1.0"
      Pulp-User: 
      - admin
      Content-Type: 
      - application/json
      Accept: 
      - application/json
  response: 
    status: 
      code: 200
      message: OK
    headers: 
      Content-Length: 
      - "842"
      Server: 
      - Apache/2.2.22 (Fedora)
      Content-Type: 
      - application/json
      Date: 
      - Mon, 19 Nov 2012 16:56:35 GMT
    body: 
      string: "{\"task_group_id\": \"c6d61c95-8911-4649-ba58-447b95edace0\", \"exception\": null, \"traceback\": null, \"_href\": \"/pulp/api/v2/tasks/3a78531f-a214-43b5-9226-859a680f2abc/\", \"task_id\": \"3a78531f-a214-43b5-9226-859a680f2abc\", \"call_request_tags\": [\"pulp:repository:1\", \"pulp:action:sync\"], \"reasons\": [], \"start_time\": \"2012-11-19T16:56:35Z\", \"tags\": [\"pulp:repository:1\", \"pulp:action:sync\"], \"state\": \"running\", \"finish_time\": null, \"dependency_failures\": {}, \"schedule_id\": null, \"progress\": {\"yum_importer\": {\"content\": {\"state\": \"NOT_STARTED\"}, \"comps\": {\"state\": \"NOT_STARTED\"}, \"errata\": {\"state\": \"NOT_STARTED\"}, \"metadata\": {\"state\": \"IN_PROGRESS\"}}}, \"call_request_group_id\": \"c6d61c95-8911-4649-ba58-447b95edace0\", \"call_request_id\": \"3a78531f-a214-43b5-9226-859a680f2abc\", \"principal_login\": \"admin\", \"response\": \"accepted\", \"result\": null}"
    http_version: 
  recorded_at: Mon, 19 Nov 2012 16:56:35 GMT
- request: 
    method: get
    uri: https://dhcp231-16.rdu.redhat.com/pulp/api/v2/tasks/3a78531f-a214-43b5-9226-859a680f2abc/
    body: 
      string: ""
    headers: 
      Accept-Encoding: 
      - gzip, deflate
      Authorization: 
      - OAuth oauth_consumer_key="katello", oauth_nonce="851BJBty1HqWHcnfW5o5mE3pXqp2zVTqIkMoECC8IDY", oauth_signature="Ii9AxJpkdFSJ%2FuqUjqSdVZS4V5I%3D", oauth_signature_method="HMAC-SHA1", oauth_timestamp="1353344195", oauth_version="1.0"
      Pulp-User: 
      - admin
      Content-Type: 
      - application/json
      Accept: 
      - application/json
  response: 
    status: 
      code: 200
      message: OK
    headers: 
      Content-Length: 
      - "842"
      Server: 
      - Apache/2.2.22 (Fedora)
      Content-Type: 
      - application/json
      Date: 
      - Mon, 19 Nov 2012 16:56:35 GMT
    body: 
      string: "{\"task_group_id\": \"c6d61c95-8911-4649-ba58-447b95edace0\", \"exception\": null, \"traceback\": null, \"_href\": \"/pulp/api/v2/tasks/3a78531f-a214-43b5-9226-859a680f2abc/\", \"task_id\": \"3a78531f-a214-43b5-9226-859a680f2abc\", \"call_request_tags\": [\"pulp:repository:1\", \"pulp:action:sync\"], \"reasons\": [], \"start_time\": \"2012-11-19T16:56:35Z\", \"tags\": [\"pulp:repository:1\", \"pulp:action:sync\"], \"state\": \"running\", \"finish_time\": null, \"dependency_failures\": {}, \"schedule_id\": null, \"progress\": {\"yum_importer\": {\"content\": {\"state\": \"NOT_STARTED\"}, \"comps\": {\"state\": \"NOT_STARTED\"}, \"errata\": {\"state\": \"NOT_STARTED\"}, \"metadata\": {\"state\": \"IN_PROGRESS\"}}}, \"call_request_group_id\": \"c6d61c95-8911-4649-ba58-447b95edace0\", \"call_request_id\": \"3a78531f-a214-43b5-9226-859a680f2abc\", \"principal_login\": \"admin\", \"response\": \"accepted\", \"result\": null}"
    http_version: 
  recorded_at: Mon, 19 Nov 2012 16:56:35 GMT
- request: 
    method: get
    uri: https://dhcp231-16.rdu.redhat.com/pulp/api/v2/tasks/3a78531f-a214-43b5-9226-859a680f2abc/
    body: 
      string: ""
    headers: 
      Accept-Encoding: 
      - gzip, deflate
      Authorization: 
      - OAuth oauth_consumer_key="katello", oauth_nonce="5MDf4y1uV4LQdnTAuNWfia4II3hcAZkjb94kNlaCw", oauth_signature="2aqA1PuCMOCnzWB3AusvPiI6E%2BE%3D", oauth_signature_method="HMAC-SHA1", oauth_timestamp="1353344195", oauth_version="1.0"
      Pulp-User: 
      - admin
      Content-Type: 
      - application/json
      Accept: 
      - application/json
  response: 
    status: 
      code: 200
      message: OK
    headers: 
      Content-Length: 
      - "839"
      Server: 
      - Apache/2.2.22 (Fedora)
      Content-Type: 
      - application/json
      Date: 
      - Mon, 19 Nov 2012 16:56:35 GMT
    body: 
      string: "{\"task_group_id\": \"c6d61c95-8911-4649-ba58-447b95edace0\", \"exception\": null, \"traceback\": null, \"_href\": \"/pulp/api/v2/tasks/3a78531f-a214-43b5-9226-859a680f2abc/\", \"task_id\": \"3a78531f-a214-43b5-9226-859a680f2abc\", \"call_request_tags\": [\"pulp:repository:1\", \"pulp:action:sync\"], \"reasons\": [], \"start_time\": \"2012-11-19T16:56:35Z\", \"tags\": [\"pulp:repository:1\", \"pulp:action:sync\"], \"state\": \"running\", \"finish_time\": null, \"dependency_failures\": {}, \"schedule_id\": null, \"progress\": {\"yum_importer\": {\"content\": {\"state\": \"NOT_STARTED\"}, \"comps\": {\"state\": \"NOT_STARTED\"}, \"errata\": {\"state\": \"NOT_STARTED\"}, \"metadata\": {\"state\": \"FINISHED\"}}}, \"call_request_group_id\": \"c6d61c95-8911-4649-ba58-447b95edace0\", \"call_request_id\": \"3a78531f-a214-43b5-9226-859a680f2abc\", \"principal_login\": \"admin\", \"response\": \"accepted\", \"result\": null}"
    http_version: 
  recorded_at: Mon, 19 Nov 2012 16:56:35 GMT
- request: 
    method: get
    uri: https://dhcp231-16.rdu.redhat.com/pulp/api/v2/tasks/3a78531f-a214-43b5-9226-859a680f2abc/
    body: 
      string: ""
    headers: 
      Accept-Encoding: 
      - gzip, deflate
      Authorization: 
      - OAuth oauth_consumer_key="katello", oauth_nonce="8tFPFA82GiK8T2jorfhpkH5DlCYDucBg225lhTGBQzw", oauth_signature="m4HKZIvXzW3FaHQ%2BgPacmBmz%2F%2Bc%3D", oauth_signature_method="HMAC-SHA1", oauth_timestamp="1353344195", oauth_version="1.0"
      Pulp-User: 
      - admin
      Content-Type: 
      - application/json
      Accept: 
      - application/json
  response: 
    status: 
      code: 200
      message: OK
    headers: 
      Content-Length: 
      - "1450"
      Server: 
      - Apache/2.2.22 (Fedora)
      Content-Type: 
      - application/json
      Date: 
      - Mon, 19 Nov 2012 16:56:35 GMT
    body: 
      string: "{\"task_group_id\": \"c6d61c95-8911-4649-ba58-447b95edace0\", \"exception\": null, \"traceback\": null, \"_href\": \"/pulp/api/v2/tasks/3a78531f-a214-43b5-9226-859a680f2abc/\", \"task_id\": \"3a78531f-a214-43b5-9226-859a680f2abc\", \"call_request_tags\": [\"pulp:repository:1\", \"pulp:action:sync\"], \"reasons\": [], \"start_time\": \"2012-11-19T16:56:35Z\", \"tags\": [\"pulp:repository:1\", \"pulp:action:sync\"], \"state\": \"running\", \"finish_time\": null, \"dependency_failures\": {}, \"schedule_id\": null, \"progress\": {\"yum_importer\": {\"content\": {\"num_success\": 0, \"size_total\": 17872, \"items_left\": 11, \"items_total\": 11, \"state\": \"IN_PROGRESS\", \"size_left\": 17872, \"details\": {\"tree_file\": {\"num_success\": 0, \"size_total\": 0, \"items_left\": 3, \"items_total\": 3, \"size_left\": 0, \"num_error\": 0}, \"rpm\": {\"num_success\": 0, \"size_total\": 17872, \"items_left\": 8, \"items_total\": 8, \"size_left\": 17872, \"num_error\": 0}, \"delta_rpm\": {\"num_success\": 0, \"size_total\": 0, \"items_left\": 0, \"items_total\": 0, \"size_left\": 0, \"num_error\": 0}, \"file\": {\"num_success\": 0, \"size_total\": 0, \"items_left\": 0, \"items_total\": 0, \"size_left\": 0, \"num_error\": 0}}, \"error_details\": [], \"num_error\": 0}, \"comps\": {\"state\": \"NOT_STARTED\"}, \"errata\": {\"state\": \"NOT_STARTED\"}, \"metadata\": {\"state\": \"FINISHED\"}}}, \"call_request_group_id\": \"c6d61c95-8911-4649-ba58-447b95edace0\", \"call_request_id\": \"3a78531f-a214-43b5-9226-859a680f2abc\", \"principal_login\": \"admin\", \"response\": \"accepted\", \"result\": null}"
    http_version: 
  recorded_at: Mon, 19 Nov 2012 16:56:35 GMT
- request: 
    method: get
    uri: https://dhcp231-16.rdu.redhat.com/pulp/api/v2/tasks/3a78531f-a214-43b5-9226-859a680f2abc/
    body: 
      string: ""
    headers: 
      Accept-Encoding: 
      - gzip, deflate
      Authorization: 
      - OAuth oauth_consumer_key="katello", oauth_nonce="0JtWgNlBeVZqyaQFE7BFHxNfbE0NOgGu9QLJXMiM8", oauth_signature="YJHKBE0xyzyr15rMpEaYzghzOls%3D", oauth_signature_method="HMAC-SHA1", oauth_timestamp="1353344196", oauth_version="1.0"
      Pulp-User: 
      - admin
      Content-Type: 
      - application/json
      Accept: 
      - application/json
  response: 
    status: 
      code: 200
      message: OK
    headers: 
      Content-Length: 
      - "1442"
      Server: 
      - Apache/2.2.22 (Fedora)
      Content-Type: 
      - application/json
      Date: 
      - Mon, 19 Nov 2012 16:56:36 GMT
    body: 
      string: "{\"task_group_id\": \"c6d61c95-8911-4649-ba58-447b95edace0\", \"exception\": null, \"traceback\": null, \"_href\": \"/pulp/api/v2/tasks/3a78531f-a214-43b5-9226-859a680f2abc/\", \"task_id\": \"3a78531f-a214-43b5-9226-859a680f2abc\", \"call_request_tags\": [\"pulp:repository:1\", \"pulp:action:sync\"], \"reasons\": [], \"start_time\": \"2012-11-19T16:56:35Z\", \"tags\": [\"pulp:repository:1\", \"pulp:action:sync\"], \"state\": \"running\", \"finish_time\": null, \"dependency_failures\": {}, \"schedule_id\": null, \"progress\": {\"yum_importer\": {\"content\": {\"num_success\": 11, \"size_total\": 17872, \"items_left\": 0, \"items_total\": 11, \"state\": \"IN_PROGRESS\", \"size_left\": 0, \"details\": {\"tree_file\": {\"num_success\": 3, \"size_total\": 0, \"items_left\": 0, \"items_total\": 3, \"size_left\": 0, \"num_error\": 0}, \"rpm\": {\"num_success\": 8, \"size_total\": 17872, \"items_left\": 0, \"items_total\": 8, \"size_left\": 0, \"num_error\": 0}, \"delta_rpm\": {\"num_success\": 0, \"size_total\": 0, \"items_left\": 0, \"items_total\": 0, \"size_left\": 0, \"num_error\": 0}, \"file\": {\"num_success\": 0, \"size_total\": 0, \"items_left\": 0, \"items_total\": 0, \"size_left\": 0, \"num_error\": 0}}, \"error_details\": [], \"num_error\": 0}, \"comps\": {\"state\": \"NOT_STARTED\"}, \"errata\": {\"state\": \"NOT_STARTED\"}, \"metadata\": {\"state\": \"FINISHED\"}}}, \"call_request_group_id\": \"c6d61c95-8911-4649-ba58-447b95edace0\", \"call_request_id\": \"3a78531f-a214-43b5-9226-859a680f2abc\", \"principal_login\": \"admin\", \"response\": \"accepted\", \"result\": null}"
    http_version: 
  recorded_at: Mon, 19 Nov 2012 16:56:36 GMT
- request: 
    method: get
    uri: https://dhcp231-16.rdu.redhat.com/pulp/api/v2/tasks/3a78531f-a214-43b5-9226-859a680f2abc/
    body: 
      string: ""
    headers: 
      Accept-Encoding: 
      - gzip, deflate
      Authorization: 
      - OAuth oauth_consumer_key="katello", oauth_nonce="Bpu86E1Yx9c9lJ1vTfLSIls7EgOFu3NRZh5T4Xyc", oauth_signature="BePP2Q4ef5iydFOiPdQPfykbImQ%3D", oauth_signature_method="HMAC-SHA1", oauth_timestamp="1353344196", oauth_version="1.0"
      Pulp-User: 
      - admin
      Content-Type: 
      - application/json
      Accept: 
      - application/json
  response: 
    status: 
      code: 200
      message: OK
    headers: 
      Content-Length: 
      - "1442"
      Server: 
      - Apache/2.2.22 (Fedora)
      Content-Type: 
      - application/json
      Date: 
      - Mon, 19 Nov 2012 16:56:36 GMT
    body: 
      string: "{\"task_group_id\": \"c6d61c95-8911-4649-ba58-447b95edace0\", \"exception\": null, \"traceback\": null, \"_href\": \"/pulp/api/v2/tasks/3a78531f-a214-43b5-9226-859a680f2abc/\", \"task_id\": \"3a78531f-a214-43b5-9226-859a680f2abc\", \"call_request_tags\": [\"pulp:repository:1\", \"pulp:action:sync\"], \"reasons\": [], \"start_time\": \"2012-11-19T16:56:35Z\", \"tags\": [\"pulp:repository:1\", \"pulp:action:sync\"], \"state\": \"running\", \"finish_time\": null, \"dependency_failures\": {}, \"schedule_id\": null, \"progress\": {\"yum_importer\": {\"content\": {\"num_success\": 11, \"size_total\": 17872, \"items_left\": 0, \"items_total\": 11, \"state\": \"IN_PROGRESS\", \"size_left\": 0, \"details\": {\"tree_file\": {\"num_success\": 3, \"size_total\": 0, \"items_left\": 0, \"items_total\": 3, \"size_left\": 0, \"num_error\": 0}, \"rpm\": {\"num_success\": 8, \"size_total\": 17872, \"items_left\": 0, \"items_total\": 8, \"size_left\": 0, \"num_error\": 0}, \"delta_rpm\": {\"num_success\": 0, \"size_total\": 0, \"items_left\": 0, \"items_total\": 0, \"size_left\": 0, \"num_error\": 0}, \"file\": {\"num_success\": 0, \"size_total\": 0, \"items_left\": 0, \"items_total\": 0, \"size_left\": 0, \"num_error\": 0}}, \"error_details\": [], \"num_error\": 0}, \"comps\": {\"state\": \"NOT_STARTED\"}, \"errata\": {\"state\": \"NOT_STARTED\"}, \"metadata\": {\"state\": \"FINISHED\"}}}, \"call_request_group_id\": \"c6d61c95-8911-4649-ba58-447b95edace0\", \"call_request_id\": \"3a78531f-a214-43b5-9226-859a680f2abc\", \"principal_login\": \"admin\", \"response\": \"accepted\", \"result\": null}"
    http_version: 
  recorded_at: Mon, 19 Nov 2012 16:56:36 GMT
- request: 
    method: get
    uri: https://dhcp231-16.rdu.redhat.com/pulp/api/v2/tasks/3a78531f-a214-43b5-9226-859a680f2abc/
    body: 
      string: ""
    headers: 
      Accept-Encoding: 
      - gzip, deflate
      Authorization: 
      - OAuth oauth_consumer_key="katello", oauth_nonce="cWv0k64rWwwU6yV3rOy7Bb1iHQXyk3So7kBhSGO4U", oauth_signature="Y4s4PfxU8EViwWyxl47%2B%2B724UgY%3D", oauth_signature_method="HMAC-SHA1", oauth_timestamp="1353344196", oauth_version="1.0"
      Pulp-User: 
      - admin
      Content-Type: 
      - application/json
      Accept: 
      - application/json
  response: 
    status: 
      code: 200
      message: OK
    headers: 
      Content-Length: 
      - "1469"
      Server: 
      - Apache/2.2.22 (Fedora)
      Content-Type: 
      - application/json
      Date: 
      - Mon, 19 Nov 2012 16:56:36 GMT
    body: 
      string: "{\"task_group_id\": \"c6d61c95-8911-4649-ba58-447b95edace0\", \"exception\": null, \"traceback\": null, \"_href\": \"/pulp/api/v2/tasks/3a78531f-a214-43b5-9226-859a680f2abc/\", \"task_id\": \"3a78531f-a214-43b5-9226-859a680f2abc\", \"call_request_tags\": [\"pulp:repository:1\", \"pulp:action:sync\"], \"reasons\": [], \"start_time\": \"2012-11-19T16:56:35Z\", \"tags\": [\"pulp:repository:1\", \"pulp:action:sync\"], \"state\": \"finished\", \"finish_time\": \"2012-11-19T16:56:36Z\", \"dependency_failures\": {}, \"schedule_id\": null, \"progress\": {\"yum_importer\": {\"content\": {\"num_success\": 11, \"size_total\": 17872, \"items_left\": 0, \"items_total\": 11, \"state\": \"FINISHED\", \"size_left\": 0, \"details\": {\"tree_file\": {\"num_success\": 3, \"size_total\": 0, \"items_left\": 0, \"items_total\": 3, \"size_left\": 0, \"num_error\": 0}, \"rpm\": {\"num_success\": 8, \"size_total\": 17872, \"items_left\": 0, \"items_total\": 8, \"size_left\": 0, \"num_error\": 0}, \"delta_rpm\": {\"num_success\": 0, \"size_total\": 0, \"items_left\": 0, \"items_total\": 0, \"size_left\": 0, \"num_error\": 0}, \"file\": {\"num_success\": 0, \"size_total\": 0, \"items_left\": 0, \"items_total\": 0, \"size_left\": 0, \"num_error\": 0}}, \"error_details\": [], \"num_error\": 0}, \"comps\": {\"state\": \"FINISHED\"}, \"errata\": {\"state\": \"FINISHED\", \"num_errata\": 2}, \"metadata\": {\"state\": \"FINISHED\"}}}, \"call_request_group_id\": \"c6d61c95-8911-4649-ba58-447b95edace0\", \"call_request_id\": \"3a78531f-a214-43b5-9226-859a680f2abc\", \"principal_login\": \"admin\", \"response\": \"accepted\", \"result\": null}"
    http_version: 
  recorded_at: Mon, 19 Nov 2012 16:56:36 GMT
- request: 
    method: get
    uri: https://dhcp231-16.rdu.redhat.com/pulp/api/v2/tasks/5bdfb646-3338-4b9a-aee6-67b062e71ec5/
    body: 
      string: ""
    headers: 
      Accept-Encoding: 
      - gzip, deflate
      Authorization: 
      - OAuth oauth_consumer_key="katello", oauth_nonce="mfiaMq6qhfXxqehbXjU91rKhOzEQmBFGWem4TCki90", oauth_signature="uNhlEL05IGyLVi65q%2FSkIihfUDA%3D", oauth_signature_method="HMAC-SHA1", oauth_timestamp="1353344197", oauth_version="1.0"
      Pulp-User: 
      - admin
      Content-Type: 
      - application/json
      Accept: 
      - application/json
  response: 
    status: 
      code: 200
      message: OK
    headers: 
      Content-Length: 
      - "853"
      Server: 
      - Apache/2.2.22 (Fedora)
      Content-Type: 
      - application/json
      Date: 
      - Mon, 19 Nov 2012 16:56:37 GMT
    body: 
      string: "{\"task_group_id\": null, \"exception\": null, \"traceback\": null, \"_href\": \"/pulp/api/v2/tasks/5bdfb646-3338-4b9a-aee6-67b062e71ec5/\", \"task_id\": \"5bdfb646-3338-4b9a-aee6-67b062e71ec5\", \"call_request_tags\": [\"pulp:repository:acme_corporation_label-staging_label-staging_label-fedora_label-fedora_17_x86_64_label\", \"pulp:repository:1\", \"pulp:action:associate\"], \"reasons\": [], \"start_time\": \"2012-11-19T16:56:37Z\", \"tags\": [\"pulp:repository:acme_corporation_label-staging_label-staging_label-fedora_label-fedora_17_x86_64_label\", \"pulp:repository:1\", \"pulp:action:associate\"], \"state\": \"finished\", \"finish_time\": \"2012-11-19T16:56:37Z\", \"dependency_failures\": {}, \"schedule_id\": null, \"progress\": {}, \"call_request_group_id\": null, \"call_request_id\": \"5bdfb646-3338-4b9a-aee6-67b062e71ec5\", \"principal_login\": \"admin\", \"response\": \"accepted\", \"result\": null}"
    http_version: 
  recorded_at: Mon, 19 Nov 2012 16:56:37 GMT
- request: 
    method: get
    uri: https://dhcp231-16.rdu.redhat.com/pulp/api/v2/tasks/51ed71bd-fe08-4466-a095-9cf44c5b7068/
    body: 
      string: ""
    headers: 
      Accept-Encoding: 
      - gzip, deflate
      Authorization: 
      - OAuth oauth_consumer_key="katello", oauth_nonce="K1LvOY8r290vOKemXL1qjWO8WbiQNozyu7EfvIjulsU", oauth_signature="rJ6Dlv2988GNcERe%2BUi89zO%2Bc3k%3D", oauth_signature_method="HMAC-SHA1", oauth_timestamp="1353344197", oauth_version="1.0"
      Pulp-User: 
      - admin
      Content-Type: 
      - application/json
      Accept: 
      - application/json
  response: 
    status: 
      code: 200
      message: OK
    headers: 
      Content-Length: 
      - "853"
      Server: 
      - Apache/2.2.22 (Fedora)
      Content-Type: 
      - application/json
      Date: 
      - Mon, 19 Nov 2012 16:56:38 GMT
    body: 
      string: "{\"task_group_id\": null, \"exception\": null, \"traceback\": null, \"_href\": \"/pulp/api/v2/tasks/51ed71bd-fe08-4466-a095-9cf44c5b7068/\", \"task_id\": \"51ed71bd-fe08-4466-a095-9cf44c5b7068\", \"call_request_tags\": [\"pulp:repository:acme_corporation_label-staging_label-staging_label-fedora_label-fedora_17_x86_64_label\", \"pulp:repository:1\", \"pulp:action:associate\"], \"reasons\": [], \"start_time\": \"2012-11-19T16:56:37Z\", \"tags\": [\"pulp:repository:acme_corporation_label-staging_label-staging_label-fedora_label-fedora_17_x86_64_label\", \"pulp:repository:1\", \"pulp:action:associate\"], \"state\": \"finished\", \"finish_time\": \"2012-11-19T16:56:37Z\", \"dependency_failures\": {}, \"schedule_id\": null, \"progress\": {}, \"call_request_group_id\": null, \"call_request_id\": \"51ed71bd-fe08-4466-a095-9cf44c5b7068\", \"principal_login\": \"admin\", \"response\": \"accepted\", \"result\": null}"
    http_version: 
  recorded_at: Mon, 19 Nov 2012 16:56:38 GMT
- request: 
    method: get
    uri: https://dhcp231-16.rdu.redhat.com/pulp/api/v2/tasks/40791514-7a30-4fa7-b5d4-14c9ae659798/
    body: 
      string: ""
    headers: 
      Accept-Encoding: 
      - gzip, deflate
      Authorization: 
      - OAuth oauth_consumer_key="katello", oauth_nonce="BFIfMHbyetqiU33mTKZ3ToqzyT91kYUjJx6RzbdUPzw", oauth_signature="5ds%2F5vDVW2Z2LHCFFVxh24MliL4%3D", oauth_signature_method="HMAC-SHA1", oauth_timestamp="1353344198", oauth_version="1.0"
      Pulp-User: 
      - admin
      Content-Type: 
      - application/json
      Accept: 
      - application/json
  response: 
    status: 
      code: 200
      message: OK
    headers: 
      Content-Length: 
      - "853"
      Server: 
      - Apache/2.2.22 (Fedora)
      Content-Type: 
      - application/json
      Date: 
      - Mon, 19 Nov 2012 16:56:38 GMT
    body: 
      string: "{\"task_group_id\": null, \"exception\": null, \"traceback\": null, \"_href\": \"/pulp/api/v2/tasks/40791514-7a30-4fa7-b5d4-14c9ae659798/\", \"task_id\": \"40791514-7a30-4fa7-b5d4-14c9ae659798\", \"call_request_tags\": [\"pulp:repository:acme_corporation_label-staging_label-staging_label-fedora_label-fedora_17_x86_64_label\", \"pulp:repository:1\", \"pulp:action:associate\"], \"reasons\": [], \"start_time\": \"2012-11-19T16:56:37Z\", \"tags\": [\"pulp:repository:acme_corporation_label-staging_label-staging_label-fedora_label-fedora_17_x86_64_label\", \"pulp:repository:1\", \"pulp:action:associate\"], \"state\": \"finished\", \"finish_time\": \"2012-11-19T16:56:37Z\", \"dependency_failures\": {}, \"schedule_id\": null, \"progress\": {}, \"call_request_group_id\": null, \"call_request_id\": \"40791514-7a30-4fa7-b5d4-14c9ae659798\", \"principal_login\": \"admin\", \"response\": \"accepted\", \"result\": null}"
    http_version: 
  recorded_at: Mon, 19 Nov 2012 16:56:38 GMT
- request: 
    method: get
    uri: https://dhcp231-16.rdu.redhat.com/pulp/api/v2/tasks/ba4dcf86-42e4-4d26-9b19-bf1e963b3488/
    body: 
      string: ""
    headers: 
      Accept-Encoding: 
      - gzip, deflate
      Authorization: 
      - OAuth oauth_consumer_key="katello", oauth_nonce="QlftX6utTPtfm7jCDHDhpMiG46nIvHytUCViGTs9tc", oauth_signature="9Pe7Cwdz%2FcfaECgxpnDBMy6z%2Fvw%3D", oauth_signature_method="HMAC-SHA1", oauth_timestamp="1353344200", oauth_version="1.0"
      Pulp-User: 
      - admin
      Content-Type: 
      - application/json
      Accept: 
      - application/json
  response: 
    status: 
      code: 200
      message: OK
    headers: 
      Content-Length: 
      - "842"
      Server: 
      - Apache/2.2.22 (Fedora)
      Content-Type: 
      - application/json
      Date: 
      - Mon, 19 Nov 2012 16:56:40 GMT
    body: 
      string: "{\"task_group_id\": \"db770a45-5cf5-470d-9787-a3ee42626600\", \"exception\": null, \"traceback\": null, \"_href\": \"/pulp/api/v2/tasks/ba4dcf86-42e4-4d26-9b19-bf1e963b3488/\", \"task_id\": \"ba4dcf86-42e4-4d26-9b19-bf1e963b3488\", \"call_request_tags\": [\"pulp:repository:1\", \"pulp:action:sync\"], \"reasons\": [], \"start_time\": \"2012-11-19T16:56:40Z\", \"tags\": [\"pulp:repository:1\", \"pulp:action:sync\"], \"state\": \"running\", \"finish_time\": null, \"dependency_failures\": {}, \"schedule_id\": null, \"progress\": {\"yum_importer\": {\"content\": {\"state\": \"NOT_STARTED\"}, \"comps\": {\"state\": \"NOT_STARTED\"}, \"errata\": {\"state\": \"NOT_STARTED\"}, \"metadata\": {\"state\": \"IN_PROGRESS\"}}}, \"call_request_group_id\": \"db770a45-5cf5-470d-9787-a3ee42626600\", \"call_request_id\": \"ba4dcf86-42e4-4d26-9b19-bf1e963b3488\", \"principal_login\": \"admin\", \"response\": \"accepted\", \"result\": null}"
    http_version: 
  recorded_at: Mon, 19 Nov 2012 16:56:40 GMT
- request: 
    method: get
    uri: https://dhcp231-16.rdu.redhat.com/pulp/api/v2/tasks/ba4dcf86-42e4-4d26-9b19-bf1e963b3488/
    body: 
      string: ""
    headers: 
      Accept-Encoding: 
      - gzip, deflate
      Authorization: 
      - OAuth oauth_consumer_key="katello", oauth_nonce="Io37X3rYeYzgHeXimkDOEShrlg3onFwAcKXGZ864", oauth_signature="AMIxtDwa5nENdfp%2BXSBpvTNLnb0%3D", oauth_signature_method="HMAC-SHA1", oauth_timestamp="1353344200", oauth_version="1.0"
      Pulp-User: 
      - admin
      Content-Type: 
      - application/json
      Accept: 
      - application/json
  response: 
    status: 
      code: 200
      message: OK
    headers: 
      Content-Length: 
      - "842"
      Server: 
      - Apache/2.2.22 (Fedora)
      Content-Type: 
      - application/json
      Date: 
      - Mon, 19 Nov 2012 16:56:40 GMT
    body: 
      string: "{\"task_group_id\": \"db770a45-5cf5-470d-9787-a3ee42626600\", \"exception\": null, \"traceback\": null, \"_href\": \"/pulp/api/v2/tasks/ba4dcf86-42e4-4d26-9b19-bf1e963b3488/\", \"task_id\": \"ba4dcf86-42e4-4d26-9b19-bf1e963b3488\", \"call_request_tags\": [\"pulp:repository:1\", \"pulp:action:sync\"], \"reasons\": [], \"start_time\": \"2012-11-19T16:56:40Z\", \"tags\": [\"pulp:repository:1\", \"pulp:action:sync\"], \"state\": \"running\", \"finish_time\": null, \"dependency_failures\": {}, \"schedule_id\": null, \"progress\": {\"yum_importer\": {\"content\": {\"state\": \"NOT_STARTED\"}, \"comps\": {\"state\": \"NOT_STARTED\"}, \"errata\": {\"state\": \"NOT_STARTED\"}, \"metadata\": {\"state\": \"IN_PROGRESS\"}}}, \"call_request_group_id\": \"db770a45-5cf5-470d-9787-a3ee42626600\", \"call_request_id\": \"ba4dcf86-42e4-4d26-9b19-bf1e963b3488\", \"principal_login\": \"admin\", \"response\": \"accepted\", \"result\": null}"
    http_version: 
  recorded_at: Mon, 19 Nov 2012 16:56:40 GMT
- request: 
    method: get
    uri: https://dhcp231-16.rdu.redhat.com/pulp/api/v2/tasks/ba4dcf86-42e4-4d26-9b19-bf1e963b3488/
    body: 
      string: ""
    headers: 
      Accept-Encoding: 
      - gzip, deflate
      Authorization: 
      - OAuth oauth_consumer_key="katello", oauth_nonce="RlMSf3iltYQvFMcUHOKpZRINOyP5jdDTpXXEC9qOg0", oauth_signature="ZFJDpIlj%2FWvBhdaSwMiWps2N0C4%3D", oauth_signature_method="HMAC-SHA1", oauth_timestamp="1353344201", oauth_version="1.0"
      Pulp-User: 
      - admin
      Content-Type: 
      - application/json
      Accept: 
      - application/json
  response: 
    status: 
      code: 200
      message: OK
    headers: 
      Content-Length: 
      - "839"
      Server: 
      - Apache/2.2.22 (Fedora)
      Content-Type: 
      - application/json
      Date: 
      - Mon, 19 Nov 2012 16:56:41 GMT
    body: 
      string: "{\"task_group_id\": \"db770a45-5cf5-470d-9787-a3ee42626600\", \"exception\": null, \"traceback\": null, \"_href\": \"/pulp/api/v2/tasks/ba4dcf86-42e4-4d26-9b19-bf1e963b3488/\", \"task_id\": \"ba4dcf86-42e4-4d26-9b19-bf1e963b3488\", \"call_request_tags\": [\"pulp:repository:1\", \"pulp:action:sync\"], \"reasons\": [], \"start_time\": \"2012-11-19T16:56:40Z\", \"tags\": [\"pulp:repository:1\", \"pulp:action:sync\"], \"state\": \"running\", \"finish_time\": null, \"dependency_failures\": {}, \"schedule_id\": null, \"progress\": {\"yum_importer\": {\"content\": {\"state\": \"NOT_STARTED\"}, \"comps\": {\"state\": \"NOT_STARTED\"}, \"errata\": {\"state\": \"NOT_STARTED\"}, \"metadata\": {\"state\": \"FINISHED\"}}}, \"call_request_group_id\": \"db770a45-5cf5-470d-9787-a3ee42626600\", \"call_request_id\": \"ba4dcf86-42e4-4d26-9b19-bf1e963b3488\", \"principal_login\": \"admin\", \"response\": \"accepted\", \"result\": null}"
    http_version: 
  recorded_at: Mon, 19 Nov 2012 16:56:41 GMT
- request: 
    method: get
    uri: https://dhcp231-16.rdu.redhat.com/pulp/api/v2/tasks/ba4dcf86-42e4-4d26-9b19-bf1e963b3488/
    body: 
      string: ""
    headers: 
      Accept-Encoding: 
      - gzip, deflate
      Authorization: 
      - OAuth oauth_consumer_key="katello", oauth_nonce="7mgR2DZIC7AT1qi4yFIjps7QKUSQzcY0cCGIPLRTo4", oauth_signature="VAtyAKMiqeeNGeouFJaUZEt41zE%3D", oauth_signature_method="HMAC-SHA1", oauth_timestamp="1353344201", oauth_version="1.0"
      Pulp-User: 
      - admin
      Content-Type: 
      - application/json
      Accept: 
      - application/json
  response: 
    status: 
      code: 200
      message: OK
    headers: 
      Content-Length: 
      - "1450"
      Server: 
      - Apache/2.2.22 (Fedora)
      Content-Type: 
      - application/json
      Date: 
      - Mon, 19 Nov 2012 16:56:41 GMT
    body: 
      string: "{\"task_group_id\": \"db770a45-5cf5-470d-9787-a3ee42626600\", \"exception\": null, \"traceback\": null, \"_href\": \"/pulp/api/v2/tasks/ba4dcf86-42e4-4d26-9b19-bf1e963b3488/\", \"task_id\": \"ba4dcf86-42e4-4d26-9b19-bf1e963b3488\", \"call_request_tags\": [\"pulp:repository:1\", \"pulp:action:sync\"], \"reasons\": [], \"start_time\": \"2012-11-19T16:56:40Z\", \"tags\": [\"pulp:repository:1\", \"pulp:action:sync\"], \"state\": \"running\", \"finish_time\": null, \"dependency_failures\": {}, \"schedule_id\": null, \"progress\": {\"yum_importer\": {\"content\": {\"num_success\": 0, \"size_total\": 17872, \"items_left\": 11, \"items_total\": 11, \"state\": \"IN_PROGRESS\", \"size_left\": 17872, \"details\": {\"tree_file\": {\"num_success\": 0, \"size_total\": 0, \"items_left\": 3, \"items_total\": 3, \"size_left\": 0, \"num_error\": 0}, \"rpm\": {\"num_success\": 0, \"size_total\": 17872, \"items_left\": 8, \"items_total\": 8, \"size_left\": 17872, \"num_error\": 0}, \"delta_rpm\": {\"num_success\": 0, \"size_total\": 0, \"items_left\": 0, \"items_total\": 0, \"size_left\": 0, \"num_error\": 0}, \"file\": {\"num_success\": 0, \"size_total\": 0, \"items_left\": 0, \"items_total\": 0, \"size_left\": 0, \"num_error\": 0}}, \"error_details\": [], \"num_error\": 0}, \"comps\": {\"state\": \"NOT_STARTED\"}, \"errata\": {\"state\": \"NOT_STARTED\"}, \"metadata\": {\"state\": \"FINISHED\"}}}, \"call_request_group_id\": \"db770a45-5cf5-470d-9787-a3ee42626600\", \"call_request_id\": \"ba4dcf86-42e4-4d26-9b19-bf1e963b3488\", \"principal_login\": \"admin\", \"response\": \"accepted\", \"result\": null}"
    http_version: 
  recorded_at: Mon, 19 Nov 2012 16:56:41 GMT
- request: 
    method: get
    uri: https://dhcp231-16.rdu.redhat.com/pulp/api/v2/tasks/ba4dcf86-42e4-4d26-9b19-bf1e963b3488/
    body: 
      string: ""
    headers: 
      Accept-Encoding: 
      - gzip, deflate
      Authorization: 
      - OAuth oauth_consumer_key="katello", oauth_nonce="s5BRAUxvWmNaFWSnzROoKvJDFEHqPHg2fUUKOVT1eI", oauth_signature="sSqx%2BW3LM99t2f9%2BzJlpXnO%2ByvA%3D", oauth_signature_method="HMAC-SHA1", oauth_timestamp="1353344201", oauth_version="1.0"
      Pulp-User: 
      - admin
      Content-Type: 
      - application/json
      Accept: 
      - application/json
  response: 
    status: 
      code: 200
      message: OK
    headers: 
      Content-Length: 
      - "1442"
      Server: 
      - Apache/2.2.22 (Fedora)
      Content-Type: 
      - application/json
      Date: 
      - Mon, 19 Nov 2012 16:56:41 GMT
    body: 
      string: "{\"task_group_id\": \"db770a45-5cf5-470d-9787-a3ee42626600\", \"exception\": null, \"traceback\": null, \"_href\": \"/pulp/api/v2/tasks/ba4dcf86-42e4-4d26-9b19-bf1e963b3488/\", \"task_id\": \"ba4dcf86-42e4-4d26-9b19-bf1e963b3488\", \"call_request_tags\": [\"pulp:repository:1\", \"pulp:action:sync\"], \"reasons\": [], \"start_time\": \"2012-11-19T16:56:40Z\", \"tags\": [\"pulp:repository:1\", \"pulp:action:sync\"], \"state\": \"running\", \"finish_time\": null, \"dependency_failures\": {}, \"schedule_id\": null, \"progress\": {\"yum_importer\": {\"content\": {\"num_success\": 11, \"size_total\": 17872, \"items_left\": 0, \"items_total\": 11, \"state\": \"IN_PROGRESS\", \"size_left\": 0, \"details\": {\"tree_file\": {\"num_success\": 3, \"size_total\": 0, \"items_left\": 0, \"items_total\": 3, \"size_left\": 0, \"num_error\": 0}, \"rpm\": {\"num_success\": 8, \"size_total\": 17872, \"items_left\": 0, \"items_total\": 8, \"size_left\": 0, \"num_error\": 0}, \"delta_rpm\": {\"num_success\": 0, \"size_total\": 0, \"items_left\": 0, \"items_total\": 0, \"size_left\": 0, \"num_error\": 0}, \"file\": {\"num_success\": 0, \"size_total\": 0, \"items_left\": 0, \"items_total\": 0, \"size_left\": 0, \"num_error\": 0}}, \"error_details\": [], \"num_error\": 0}, \"comps\": {\"state\": \"NOT_STARTED\"}, \"errata\": {\"state\": \"NOT_STARTED\"}, \"metadata\": {\"state\": \"FINISHED\"}}}, \"call_request_group_id\": \"db770a45-5cf5-470d-9787-a3ee42626600\", \"call_request_id\": \"ba4dcf86-42e4-4d26-9b19-bf1e963b3488\", \"principal_login\": \"admin\", \"response\": \"accepted\", \"result\": null}"
    http_version: 
  recorded_at: Mon, 19 Nov 2012 16:56:41 GMT
- request: 
    method: get
    uri: https://dhcp231-16.rdu.redhat.com/pulp/api/v2/tasks/ba4dcf86-42e4-4d26-9b19-bf1e963b3488/
    body: 
      string: ""
    headers: 
      Accept-Encoding: 
      - gzip, deflate
      Authorization: 
      - OAuth oauth_consumer_key="katello", oauth_nonce="OHuGQwxDNu35XHbQDf1uNvsqA6TSY1tVkQ6AmuHc", oauth_signature="nwL0eiuIsTWC3UlIB%2BGfcRI1G0w%3D", oauth_signature_method="HMAC-SHA1", oauth_timestamp="1353344201", oauth_version="1.0"
      Pulp-User: 
      - admin
      Content-Type: 
      - application/json
      Accept: 
      - application/json
  response: 
    status: 
      code: 200
      message: OK
    headers: 
      Content-Length: 
      - "1442"
      Server: 
      - Apache/2.2.22 (Fedora)
      Content-Type: 
      - application/json
      Date: 
      - Mon, 19 Nov 2012 16:56:41 GMT
    body: 
      string: "{\"task_group_id\": \"db770a45-5cf5-470d-9787-a3ee42626600\", \"exception\": null, \"traceback\": null, \"_href\": \"/pulp/api/v2/tasks/ba4dcf86-42e4-4d26-9b19-bf1e963b3488/\", \"task_id\": \"ba4dcf86-42e4-4d26-9b19-bf1e963b3488\", \"call_request_tags\": [\"pulp:repository:1\", \"pulp:action:sync\"], \"reasons\": [], \"start_time\": \"2012-11-19T16:56:40Z\", \"tags\": [\"pulp:repository:1\", \"pulp:action:sync\"], \"state\": \"running\", \"finish_time\": null, \"dependency_failures\": {}, \"schedule_id\": null, \"progress\": {\"yum_importer\": {\"content\": {\"num_success\": 11, \"size_total\": 17872, \"items_left\": 0, \"items_total\": 11, \"state\": \"IN_PROGRESS\", \"size_left\": 0, \"details\": {\"tree_file\": {\"num_success\": 3, \"size_total\": 0, \"items_left\": 0, \"items_total\": 3, \"size_left\": 0, \"num_error\": 0}, \"rpm\": {\"num_success\": 8, \"size_total\": 17872, \"items_left\": 0, \"items_total\": 8, \"size_left\": 0, \"num_error\": 0}, \"delta_rpm\": {\"num_success\": 0, \"size_total\": 0, \"items_left\": 0, \"items_total\": 0, \"size_left\": 0, \"num_error\": 0}, \"file\": {\"num_success\": 0, \"size_total\": 0, \"items_left\": 0, \"items_total\": 0, \"size_left\": 0, \"num_error\": 0}}, \"error_details\": [], \"num_error\": 0}, \"comps\": {\"state\": \"NOT_STARTED\"}, \"errata\": {\"state\": \"NOT_STARTED\"}, \"metadata\": {\"state\": \"FINISHED\"}}}, \"call_request_group_id\": \"db770a45-5cf5-470d-9787-a3ee42626600\", \"call_request_id\": \"ba4dcf86-42e4-4d26-9b19-bf1e963b3488\", \"principal_login\": \"admin\", \"response\": \"accepted\", \"result\": null}"
    http_version: 
  recorded_at: Mon, 19 Nov 2012 16:56:41 GMT
- request: 
    method: get
    uri: https://dhcp231-16.rdu.redhat.com/pulp/api/v2/tasks/ba4dcf86-42e4-4d26-9b19-bf1e963b3488/
    body: 
      string: ""
    headers: 
      Accept-Encoding: 
      - gzip, deflate
      Authorization: 
      - OAuth oauth_consumer_key="katello", oauth_nonce="AkvUOJLnZ3QmeY4v1msmbD5CLcVrw9TjtX7nUb8ZZs", oauth_signature="g20npOgx1%2F7PfbuUF0IuGXvc%2Bzo%3D", oauth_signature_method="HMAC-SHA1", oauth_timestamp="1353344202", oauth_version="1.0"
      Pulp-User: 
      - admin
      Content-Type: 
      - application/json
      Accept: 
      - application/json
  response: 
    status: 
      code: 200
      message: OK
    headers: 
      Content-Length: 
      - "1469"
      Server: 
      - Apache/2.2.22 (Fedora)
      Content-Type: 
      - application/json
      Date: 
      - Mon, 19 Nov 2012 16:56:42 GMT
    body: 
      string: "{\"task_group_id\": \"db770a45-5cf5-470d-9787-a3ee42626600\", \"exception\": null, \"traceback\": null, \"_href\": \"/pulp/api/v2/tasks/ba4dcf86-42e4-4d26-9b19-bf1e963b3488/\", \"task_id\": \"ba4dcf86-42e4-4d26-9b19-bf1e963b3488\", \"call_request_tags\": [\"pulp:repository:1\", \"pulp:action:sync\"], \"reasons\": [], \"start_time\": \"2012-11-19T16:56:40Z\", \"tags\": [\"pulp:repository:1\", \"pulp:action:sync\"], \"state\": \"finished\", \"finish_time\": \"2012-11-19T16:56:41Z\", \"dependency_failures\": {}, \"schedule_id\": null, \"progress\": {\"yum_importer\": {\"content\": {\"num_success\": 11, \"size_total\": 17872, \"items_left\": 0, \"items_total\": 11, \"state\": \"FINISHED\", \"size_left\": 0, \"details\": {\"tree_file\": {\"num_success\": 3, \"size_total\": 0, \"items_left\": 0, \"items_total\": 3, \"size_left\": 0, \"num_error\": 0}, \"rpm\": {\"num_success\": 8, \"size_total\": 17872, \"items_left\": 0, \"items_total\": 8, \"size_left\": 0, \"num_error\": 0}, \"delta_rpm\": {\"num_success\": 0, \"size_total\": 0, \"items_left\": 0, \"items_total\": 0, \"size_left\": 0, \"num_error\": 0}, \"file\": {\"num_success\": 0, \"size_total\": 0, \"items_left\": 0, \"items_total\": 0, \"size_left\": 0, \"num_error\": 0}}, \"error_details\": [], \"num_error\": 0}, \"comps\": {\"state\": \"FINISHED\"}, \"errata\": {\"state\": \"FINISHED\", \"num_errata\": 2}, \"metadata\": {\"state\": \"FINISHED\"}}}, \"call_request_group_id\": \"db770a45-5cf5-470d-9787-a3ee42626600\", \"call_request_id\": \"ba4dcf86-42e4-4d26-9b19-bf1e963b3488\", \"principal_login\": \"admin\", \"response\": \"accepted\", \"result\": null}"
    http_version: 
  recorded_at: Mon, 19 Nov 2012 16:56:42 GMT
- request: 
    method: get
    uri: https://dhcp231-16.rdu.redhat.com/pulp/api/v2/tasks/ff378b6d-ea7b-4b27-8db4-084915a74fcf/
    body: 
      string: ""
    headers: 
      Accept-Encoding: 
      - gzip, deflate
      Authorization: 
      - OAuth oauth_consumer_key="katello", oauth_nonce="C1TEDQsXXN0H8ZNpKIMH9zOt1oxkme3UZ7tARAWeEDU", oauth_signature="9Yu%2BLucIxQyuwbIgmSkBi6C%2FCzk%3D", oauth_signature_method="HMAC-SHA1", oauth_timestamp="1353344204", oauth_version="1.0"
      Pulp-User: 
      - admin
      Content-Type: 
      - application/json
      Accept: 
      - application/json
  response: 
    status: 
      code: 200
      message: OK
    headers: 
      Content-Length: 
      - "683"
      Server: 
      - Apache/2.2.22 (Fedora)
      Content-Type: 
      - application/json
      Date: 
      - Mon, 19 Nov 2012 16:56:44 GMT
    body: 
      string: "{\"task_group_id\": null, \"exception\": null, \"traceback\": null, \"_href\": \"/pulp/api/v2/tasks/ff378b6d-ea7b-4b27-8db4-084915a74fcf/\", \"task_id\": \"ff378b6d-ea7b-4b27-8db4-084915a74fcf\", \"call_request_tags\": [\"pulp:repository:2\", \"pulp:repository:1\", \"pulp:action:associate\"], \"reasons\": [], \"start_time\": \"2012-11-19T16:56:44Z\", \"tags\": [\"pulp:repository:2\", \"pulp:repository:1\", \"pulp:action:associate\"], \"state\": \"finished\", \"finish_time\": \"2012-11-19T16:56:44Z\", \"dependency_failures\": {}, \"schedule_id\": null, \"progress\": {}, \"call_request_group_id\": null, \"call_request_id\": \"ff378b6d-ea7b-4b27-8db4-084915a74fcf\", \"principal_login\": \"admin\", \"response\": \"accepted\", \"result\": null}"
    http_version: 
  recorded_at: Mon, 19 Nov 2012 16:56:44 GMT
- request: 
    method: get
    uri: https://dhcp231-16.rdu.redhat.com/pulp/api/v2/tasks/e34adb8c-429a-42d4-bb58-3fb6e5f91811/
    body: 
      string: ""
    headers: 
      Accept-Encoding: 
      - gzip, deflate
      Authorization: 
      - OAuth oauth_consumer_key="katello", oauth_nonce="fcDGdlP2GVkZdUgxlwScpqlNppTUGNPloo4jFgnymg", oauth_signature="C7jfdZNQXMtNJNMQX6W7DsE1z2w%3D", oauth_signature_method="HMAC-SHA1", oauth_timestamp="1353344204", oauth_version="1.0"
      Pulp-User: 
      - admin
      Content-Type: 
      - application/json
      Accept: 
      - application/json
  response: 
    status: 
      code: 200
      message: OK
    headers: 
      Content-Length: 
      - "683"
      Server: 
      - Apache/2.2.22 (Fedora)
      Content-Type: 
      - application/json
      Date: 
      - Mon, 19 Nov 2012 16:56:44 GMT
    body: 
      string: "{\"task_group_id\": null, \"exception\": null, \"traceback\": null, \"_href\": \"/pulp/api/v2/tasks/e34adb8c-429a-42d4-bb58-3fb6e5f91811/\", \"task_id\": \"e34adb8c-429a-42d4-bb58-3fb6e5f91811\", \"call_request_tags\": [\"pulp:repository:2\", \"pulp:repository:1\", \"pulp:action:associate\"], \"reasons\": [], \"start_time\": \"2012-11-19T16:56:44Z\", \"tags\": [\"pulp:repository:2\", \"pulp:repository:1\", \"pulp:action:associate\"], \"state\": \"finished\", \"finish_time\": \"2012-11-19T16:56:44Z\", \"dependency_failures\": {}, \"schedule_id\": null, \"progress\": {}, \"call_request_group_id\": null, \"call_request_id\": \"e34adb8c-429a-42d4-bb58-3fb6e5f91811\", \"principal_login\": \"admin\", \"response\": \"accepted\", \"result\": null}"
    http_version: 
  recorded_at: Mon, 19 Nov 2012 16:56:44 GMT
- request: 
    method: get
    uri: https://dhcp231-16.rdu.redhat.com/pulp/api/v2/tasks/d66ec61f-bfeb-4ab5-8ef0-40b44a59e8eb/
    body: 
      string: ""
    headers: 
      Accept-Encoding: 
      - gzip, deflate
      Authorization: 
      - OAuth oauth_consumer_key="katello", oauth_nonce="2KxU7xA8aAeBWctjmUy6wFZzAIBgma8EL9r9yUJPr6U", oauth_signature="1toXGbCDXkwyrPQVwvzltf4wBeI%3D", oauth_signature_method="HMAC-SHA1", oauth_timestamp="1353344204", oauth_version="1.0"
      Pulp-User: 
      - admin
      Content-Type: 
      - application/json
      Accept: 
      - application/json
  response: 
    status: 
      code: 200
      message: OK
    headers: 
      Content-Length: 
      - "683"
      Server: 
      - Apache/2.2.22 (Fedora)
      Content-Type: 
      - application/json
      Date: 
      - Mon, 19 Nov 2012 16:56:44 GMT
    body: 
      string: "{\"task_group_id\": null, \"exception\": null, \"traceback\": null, \"_href\": \"/pulp/api/v2/tasks/d66ec61f-bfeb-4ab5-8ef0-40b44a59e8eb/\", \"task_id\": \"d66ec61f-bfeb-4ab5-8ef0-40b44a59e8eb\", \"call_request_tags\": [\"pulp:repository:2\", \"pulp:repository:1\", \"pulp:action:associate\"], \"reasons\": [], \"start_time\": \"2012-11-19T16:56:44Z\", \"tags\": [\"pulp:repository:2\", \"pulp:repository:1\", \"pulp:action:associate\"], \"state\": \"finished\", \"finish_time\": \"2012-11-19T16:56:44Z\", \"dependency_failures\": {}, \"schedule_id\": null, \"progress\": {}, \"call_request_group_id\": null, \"call_request_id\": \"d66ec61f-bfeb-4ab5-8ef0-40b44a59e8eb\", \"principal_login\": \"admin\", \"response\": \"accepted\", \"result\": null}"
    http_version: 
  recorded_at: Mon, 19 Nov 2012 16:56:44 GMT
- request: 
    method: get
    uri: https://dhcp231-16.rdu.redhat.com/pulp/api/v2/tasks/34787d56-9946-4fea-9cdc-8dec7c3a8022/
    body: 
      string: ""
    headers: 
      Accept-Encoding: 
      - gzip, deflate
      Authorization: 
      - OAuth oauth_consumer_key="katello", oauth_nonce="BjYJQCDULSWYVrn6NdOaSNlKjiTaZOOginn951A", oauth_signature="xpJM4uaEAvUJI3dKHwvw1setSy0%3D", oauth_signature_method="HMAC-SHA1", oauth_timestamp="1353344209", oauth_version="1.0"
      Pulp-User: 
      - admin
      Content-Type: 
      - application/json
      Accept: 
      - application/json
  response: 
    status: 
      code: 200
      message: OK
    headers: 
      Content-Length: 
      - "853"
      Server: 
      - Apache/2.2.22 (Fedora)
      Content-Type: 
      - application/json
      Date: 
      - Mon, 19 Nov 2012 16:56:49 GMT
    body: 
      string: "{\"task_group_id\": null, \"exception\": null, \"traceback\": null, \"_href\": \"/pulp/api/v2/tasks/34787d56-9946-4fea-9cdc-8dec7c3a8022/\", \"task_id\": \"34787d56-9946-4fea-9cdc-8dec7c3a8022\", \"call_request_tags\": [\"pulp:repository:acme_corporation_label-staging_label-staging_label-fedora_label-fedora_17_x86_64_label\", \"pulp:repository:1\", \"pulp:action:associate\"], \"reasons\": [], \"start_time\": \"2012-11-19T16:56:49Z\", \"tags\": [\"pulp:repository:acme_corporation_label-staging_label-staging_label-fedora_label-fedora_17_x86_64_label\", \"pulp:repository:1\", \"pulp:action:associate\"], \"state\": \"finished\", \"finish_time\": \"2012-11-19T16:56:49Z\", \"dependency_failures\": {}, \"schedule_id\": null, \"progress\": {}, \"call_request_group_id\": null, \"call_request_id\": \"34787d56-9946-4fea-9cdc-8dec7c3a8022\", \"principal_login\": \"admin\", \"response\": \"accepted\", \"result\": null}"
    http_version: 
  recorded_at: Mon, 19 Nov 2012 16:56:50 GMT
- request: 
    method: get
    uri: https://dhcp231-16.rdu.redhat.com/pulp/api/v2/tasks/fca8a0e7-1166-450c-bae2-6b021ffed5ea/
    body: 
      string: ""
    headers: 
      Accept-Encoding: 
      - gzip, deflate
      Authorization: 
      - OAuth oauth_consumer_key="katello", oauth_nonce="0bdv1jCXD6efX1sZW9wY71Y6Tz3f2q7QankZlZOAqA", oauth_signature="Lt%2F1Q0OL6zwzbbfwFEa%2Fk6EfGAY%3D", oauth_signature_method="HMAC-SHA1", oauth_timestamp="1353344210", oauth_version="1.0"
      Pulp-User: 
      - admin
      Content-Type: 
      - application/json
      Accept: 
      - application/json
  response: 
    status: 
      code: 200
      message: OK
    headers: 
      Content-Length: 
      - "853"
      Server: 
      - Apache/2.2.22 (Fedora)
      Content-Type: 
      - application/json
      Date: 
      - Mon, 19 Nov 2012 16:56:50 GMT
    body: 
      string: "{\"task_group_id\": null, \"exception\": null, \"traceback\": null, \"_href\": \"/pulp/api/v2/tasks/fca8a0e7-1166-450c-bae2-6b021ffed5ea/\", \"task_id\": \"fca8a0e7-1166-450c-bae2-6b021ffed5ea\", \"call_request_tags\": [\"pulp:repository:acme_corporation_label-staging_label-staging_label-fedora_label-fedora_17_x86_64_label\", \"pulp:repository:1\", \"pulp:action:associate\"], \"reasons\": [], \"start_time\": \"2012-11-19T16:56:49Z\", \"tags\": [\"pulp:repository:acme_corporation_label-staging_label-staging_label-fedora_label-fedora_17_x86_64_label\", \"pulp:repository:1\", \"pulp:action:associate\"], \"state\": \"finished\", \"finish_time\": \"2012-11-19T16:56:49Z\", \"dependency_failures\": {}, \"schedule_id\": null, \"progress\": {}, \"call_request_group_id\": null, \"call_request_id\": \"fca8a0e7-1166-450c-bae2-6b021ffed5ea\", \"principal_login\": \"admin\", \"response\": \"accepted\", \"result\": null}"
    http_version: 
  recorded_at: Mon, 19 Nov 2012 16:56:50 GMT
- request: 
    method: get
    uri: https://dhcp231-16.rdu.redhat.com/pulp/api/v2/tasks/a9322d78-feea-43d3-8312-fc8ca9b02dc6/
    body: 
      string: ""
    headers: 
      Accept-Encoding: 
      - gzip, deflate
      Authorization: 
      - OAuth oauth_consumer_key="katello", oauth_nonce="WwEXbAn3HWATgnXwDCasPwAsLEL6FrNvuTyd90QkQYo", oauth_signature="e2Xor%2BC54FwB9GRysy388KS4a50%3D", oauth_signature_method="HMAC-SHA1", oauth_timestamp="1353344210", oauth_version="1.0"
      Pulp-User: 
      - admin
      Content-Type: 
      - application/json
      Accept: 
      - application/json
  response: 
    status: 
      code: 200
      message: OK
    headers: 
      Content-Length: 
      - "853"
      Server: 
      - Apache/2.2.22 (Fedora)
      Content-Type: 
      - application/json
      Date: 
      - Mon, 19 Nov 2012 16:56:50 GMT
    body: 
      string: "{\"task_group_id\": null, \"exception\": null, \"traceback\": null, \"_href\": \"/pulp/api/v2/tasks/a9322d78-feea-43d3-8312-fc8ca9b02dc6/\", \"task_id\": \"a9322d78-feea-43d3-8312-fc8ca9b02dc6\", \"call_request_tags\": [\"pulp:repository:acme_corporation_label-staging_label-staging_label-fedora_label-fedora_17_x86_64_label\", \"pulp:repository:1\", \"pulp:action:associate\"], \"reasons\": [], \"start_time\": \"2012-11-19T16:56:49Z\", \"tags\": [\"pulp:repository:acme_corporation_label-staging_label-staging_label-fedora_label-fedora_17_x86_64_label\", \"pulp:repository:1\", \"pulp:action:associate\"], \"state\": \"finished\", \"finish_time\": \"2012-11-19T16:56:49Z\", \"dependency_failures\": {}, \"schedule_id\": null, \"progress\": {}, \"call_request_group_id\": null, \"call_request_id\": \"a9322d78-feea-43d3-8312-fc8ca9b02dc6\", \"principal_login\": \"admin\", \"response\": \"accepted\", \"result\": null}"
    http_version: 
  recorded_at: Mon, 19 Nov 2012 16:56:50 GMT
- request: 
    method: get
    uri: https://dhcp231-16.rdu.redhat.com/pulp/api/v2/tasks/ed46bb71-0a5b-4451-bb8b-c3824a7d4d30/
    body: 
      string: ""
    headers: 
      Accept-Encoding: 
      - gzip, deflate
      Authorization: 
      - OAuth oauth_consumer_key="katello", oauth_nonce="xnKstKLwTbiYANnG92YwDbOhY3WnF5b2RWE5nL4mM", oauth_signature="raKFt97AY60tI9ZIxRG4a0wBuvY%3D", oauth_signature_method="HMAC-SHA1", oauth_timestamp="1353344214", oauth_version="1.0"
      Pulp-User: 
      - admin
      Content-Type: 
      - application/json
      Accept: 
      - application/json
  response: 
    status: 
      code: 200
      message: OK
    headers: 
      Content-Length: 
      - "842"
      Server: 
      - Apache/2.2.22 (Fedora)
      Content-Type: 
      - application/json
      Date: 
      - Mon, 19 Nov 2012 16:56:55 GMT
    body: 
      string: "{\"task_group_id\": \"e20970eb-6b07-4e6d-b781-d29f7414e2b4\", \"exception\": null, \"traceback\": null, \"_href\": \"/pulp/api/v2/tasks/ed46bb71-0a5b-4451-bb8b-c3824a7d4d30/\", \"task_id\": \"ed46bb71-0a5b-4451-bb8b-c3824a7d4d30\", \"call_request_tags\": [\"pulp:repository:1\", \"pulp:action:sync\"], \"reasons\": [], \"start_time\": \"2012-11-19T16:56:54Z\", \"tags\": [\"pulp:repository:1\", \"pulp:action:sync\"], \"state\": \"running\", \"finish_time\": null, \"dependency_failures\": {}, \"schedule_id\": null, \"progress\": {\"yum_importer\": {\"content\": {\"state\": \"NOT_STARTED\"}, \"comps\": {\"state\": \"NOT_STARTED\"}, \"errata\": {\"state\": \"NOT_STARTED\"}, \"metadata\": {\"state\": \"IN_PROGRESS\"}}}, \"call_request_group_id\": \"e20970eb-6b07-4e6d-b781-d29f7414e2b4\", \"call_request_id\": \"ed46bb71-0a5b-4451-bb8b-c3824a7d4d30\", \"principal_login\": \"admin\", \"response\": \"accepted\", \"result\": null}"
    http_version: 
  recorded_at: Mon, 19 Nov 2012 16:56:55 GMT
- request: 
    method: get
    uri: https://dhcp231-16.rdu.redhat.com/pulp/api/v2/tasks/ed46bb71-0a5b-4451-bb8b-c3824a7d4d30/
    body: 
      string: ""
    headers: 
      Accept-Encoding: 
      - gzip, deflate
      Authorization: 
      - OAuth oauth_consumer_key="katello", oauth_nonce="JwD5Xh2SBtRKq1nbes8n8pMER4ehYdhbN43YQNYpkg", oauth_signature="ffJ8ZOuSvmTvVMi7MSm50WtHB4s%3D", oauth_signature_method="HMAC-SHA1", oauth_timestamp="1353344215", oauth_version="1.0"
      Pulp-User: 
      - admin
      Content-Type: 
      - application/json
      Accept: 
      - application/json
  response: 
    status: 
      code: 200
      message: OK
    headers: 
      Content-Length: 
      - "839"
      Server: 
      - Apache/2.2.22 (Fedora)
      Content-Type: 
      - application/json
      Date: 
      - Mon, 19 Nov 2012 16:56:55 GMT
    body: 
      string: "{\"task_group_id\": \"e20970eb-6b07-4e6d-b781-d29f7414e2b4\", \"exception\": null, \"traceback\": null, \"_href\": \"/pulp/api/v2/tasks/ed46bb71-0a5b-4451-bb8b-c3824a7d4d30/\", \"task_id\": \"ed46bb71-0a5b-4451-bb8b-c3824a7d4d30\", \"call_request_tags\": [\"pulp:repository:1\", \"pulp:action:sync\"], \"reasons\": [], \"start_time\": \"2012-11-19T16:56:54Z\", \"tags\": [\"pulp:repository:1\", \"pulp:action:sync\"], \"state\": \"running\", \"finish_time\": null, \"dependency_failures\": {}, \"schedule_id\": null, \"progress\": {\"yum_importer\": {\"content\": {\"state\": \"NOT_STARTED\"}, \"comps\": {\"state\": \"NOT_STARTED\"}, \"errata\": {\"state\": \"NOT_STARTED\"}, \"metadata\": {\"state\": \"FINISHED\"}}}, \"call_request_group_id\": \"e20970eb-6b07-4e6d-b781-d29f7414e2b4\", \"call_request_id\": \"ed46bb71-0a5b-4451-bb8b-c3824a7d4d30\", \"principal_login\": \"admin\", \"response\": \"accepted\", \"result\": null}"
    http_version: 
  recorded_at: Mon, 19 Nov 2012 16:56:55 GMT
- request: 
    method: get
    uri: https://dhcp231-16.rdu.redhat.com/pulp/api/v2/tasks/ed46bb71-0a5b-4451-bb8b-c3824a7d4d30/
    body: 
      string: ""
    headers: 
      Accept-Encoding: 
      - gzip, deflate
      Authorization: 
      - OAuth oauth_consumer_key="katello", oauth_nonce="zy2WRuh8wWH5QnTyqpti1Xn9EoIiGnpJ5IG48CmCw", oauth_signature="0c1yoVFHi2sLxSSp9PaskZYqATY%3D", oauth_signature_method="HMAC-SHA1", oauth_timestamp="1353344215", oauth_version="1.0"
      Pulp-User: 
      - admin
      Content-Type: 
      - application/json
      Accept: 
      - application/json
  response: 
    status: 
      code: 200
      message: OK
    headers: 
      Content-Length: 
      - "1450"
      Server: 
      - Apache/2.2.22 (Fedora)
      Content-Type: 
      - application/json
      Date: 
      - Mon, 19 Nov 2012 16:56:55 GMT
    body: 
      string: "{\"task_group_id\": \"e20970eb-6b07-4e6d-b781-d29f7414e2b4\", \"exception\": null, \"traceback\": null, \"_href\": \"/pulp/api/v2/tasks/ed46bb71-0a5b-4451-bb8b-c3824a7d4d30/\", \"task_id\": \"ed46bb71-0a5b-4451-bb8b-c3824a7d4d30\", \"call_request_tags\": [\"pulp:repository:1\", \"pulp:action:sync\"], \"reasons\": [], \"start_time\": \"2012-11-19T16:56:54Z\", \"tags\": [\"pulp:repository:1\", \"pulp:action:sync\"], \"state\": \"running\", \"finish_time\": null, \"dependency_failures\": {}, \"schedule_id\": null, \"progress\": {\"yum_importer\": {\"content\": {\"num_success\": 0, \"size_total\": 17872, \"items_left\": 11, \"items_total\": 11, \"state\": \"IN_PROGRESS\", \"size_left\": 17872, \"details\": {\"tree_file\": {\"num_success\": 0, \"size_total\": 0, \"items_left\": 3, \"items_total\": 3, \"size_left\": 0, \"num_error\": 0}, \"rpm\": {\"num_success\": 0, \"size_total\": 17872, \"items_left\": 8, \"items_total\": 8, \"size_left\": 17872, \"num_error\": 0}, \"delta_rpm\": {\"num_success\": 0, \"size_total\": 0, \"items_left\": 0, \"items_total\": 0, \"size_left\": 0, \"num_error\": 0}, \"file\": {\"num_success\": 0, \"size_total\": 0, \"items_left\": 0, \"items_total\": 0, \"size_left\": 0, \"num_error\": 0}}, \"error_details\": [], \"num_error\": 0}, \"comps\": {\"state\": \"NOT_STARTED\"}, \"errata\": {\"state\": \"NOT_STARTED\"}, \"metadata\": {\"state\": \"FINISHED\"}}}, \"call_request_group_id\": \"e20970eb-6b07-4e6d-b781-d29f7414e2b4\", \"call_request_id\": \"ed46bb71-0a5b-4451-bb8b-c3824a7d4d30\", \"principal_login\": \"admin\", \"response\": \"accepted\", \"result\": null}"
    http_version: 
  recorded_at: Mon, 19 Nov 2012 16:56:55 GMT
- request: 
    method: get
    uri: https://dhcp231-16.rdu.redhat.com/pulp/api/v2/tasks/ed46bb71-0a5b-4451-bb8b-c3824a7d4d30/
    body: 
      string: ""
    headers: 
      Accept-Encoding: 
      - gzip, deflate
      Authorization: 
      - OAuth oauth_consumer_key="katello", oauth_nonce="aY2qtxpK39VR1Qoh5lbv4DzfCeSPAGm91uYkUbtyP0", oauth_signature="pHIYd67%2FF8M1GjSXc%2B5w0TKGBSY%3D", oauth_signature_method="HMAC-SHA1", oauth_timestamp="1353344215", oauth_version="1.0"
      Pulp-User: 
      - admin
      Content-Type: 
      - application/json
      Accept: 
      - application/json
  response: 
    status: 
      code: 200
      message: OK
    headers: 
      Content-Length: 
      - "1447"
      Server: 
      - Apache/2.2.22 (Fedora)
      Content-Type: 
      - application/json
      Date: 
      - Mon, 19 Nov 2012 16:56:55 GMT
    body: 
      string: "{\"task_group_id\": \"e20970eb-6b07-4e6d-b781-d29f7414e2b4\", \"exception\": null, \"traceback\": null, \"_href\": \"/pulp/api/v2/tasks/ed46bb71-0a5b-4451-bb8b-c3824a7d4d30/\", \"task_id\": \"ed46bb71-0a5b-4451-bb8b-c3824a7d4d30\", \"call_request_tags\": [\"pulp:repository:1\", \"pulp:action:sync\"], \"reasons\": [], \"start_time\": \"2012-11-19T16:56:54Z\", \"tags\": [\"pulp:repository:1\", \"pulp:action:sync\"], \"state\": \"running\", \"finish_time\": null, \"dependency_failures\": {}, \"schedule_id\": null, \"progress\": {\"yum_importer\": {\"content\": {\"num_success\": 9, \"size_total\": 17872, \"items_left\": 2, \"items_total\": 11, \"state\": \"IN_PROGRESS\", \"size_left\": 2232, \"details\": {\"tree_file\": {\"num_success\": 2, \"size_total\": 0, \"items_left\": 1, \"items_total\": 3, \"size_left\": 0, \"num_error\": 0}, \"rpm\": {\"num_success\": 7, \"size_total\": 17872, \"items_left\": 1, \"items_total\": 8, \"size_left\": 2232, \"num_error\": 0}, \"delta_rpm\": {\"num_success\": 0, \"size_total\": 0, \"items_left\": 0, \"items_total\": 0, \"size_left\": 0, \"num_error\": 0}, \"file\": {\"num_success\": 0, \"size_total\": 0, \"items_left\": 0, \"items_total\": 0, \"size_left\": 0, \"num_error\": 0}}, \"error_details\": [], \"num_error\": 0}, \"comps\": {\"state\": \"NOT_STARTED\"}, \"errata\": {\"state\": \"NOT_STARTED\"}, \"metadata\": {\"state\": \"FINISHED\"}}}, \"call_request_group_id\": \"e20970eb-6b07-4e6d-b781-d29f7414e2b4\", \"call_request_id\": \"ed46bb71-0a5b-4451-bb8b-c3824a7d4d30\", \"principal_login\": \"admin\", \"response\": \"accepted\", \"result\": null}"
    http_version: 
  recorded_at: Mon, 19 Nov 2012 16:56:55 GMT
- request: 
    method: get
    uri: https://dhcp231-16.rdu.redhat.com/pulp/api/v2/tasks/ed46bb71-0a5b-4451-bb8b-c3824a7d4d30/
    body: 
      string: ""
    headers: 
      Accept-Encoding: 
      - gzip, deflate
      Authorization: 
      - OAuth oauth_consumer_key="katello", oauth_nonce="z03hut9O89NJZk5bEaNGfTkwojINgDd5KiKNa7Wss", oauth_signature="61o9UzOm4sSuk9DiWe9XCm4z%2BJY%3D", oauth_signature_method="HMAC-SHA1", oauth_timestamp="1353344215", oauth_version="1.0"
      Pulp-User: 
      - admin
      Content-Type: 
      - application/json
      Accept: 
      - application/json
  response: 
    status: 
      code: 200
      message: OK
    headers: 
      Content-Length: 
      - "1442"
      Server: 
      - Apache/2.2.22 (Fedora)
      Content-Type: 
      - application/json
      Date: 
      - Mon, 19 Nov 2012 16:56:55 GMT
    body: 
      string: "{\"task_group_id\": \"e20970eb-6b07-4e6d-b781-d29f7414e2b4\", \"exception\": null, \"traceback\": null, \"_href\": \"/pulp/api/v2/tasks/ed46bb71-0a5b-4451-bb8b-c3824a7d4d30/\", \"task_id\": \"ed46bb71-0a5b-4451-bb8b-c3824a7d4d30\", \"call_request_tags\": [\"pulp:repository:1\", \"pulp:action:sync\"], \"reasons\": [], \"start_time\": \"2012-11-19T16:56:54Z\", \"tags\": [\"pulp:repository:1\", \"pulp:action:sync\"], \"state\": \"running\", \"finish_time\": null, \"dependency_failures\": {}, \"schedule_id\": null, \"progress\": {\"yum_importer\": {\"content\": {\"num_success\": 11, \"size_total\": 17872, \"items_left\": 0, \"items_total\": 11, \"state\": \"IN_PROGRESS\", \"size_left\": 0, \"details\": {\"tree_file\": {\"num_success\": 3, \"size_total\": 0, \"items_left\": 0, \"items_total\": 3, \"size_left\": 0, \"num_error\": 0}, \"rpm\": {\"num_success\": 8, \"size_total\": 17872, \"items_left\": 0, \"items_total\": 8, \"size_left\": 0, \"num_error\": 0}, \"delta_rpm\": {\"num_success\": 0, \"size_total\": 0, \"items_left\": 0, \"items_total\": 0, \"size_left\": 0, \"num_error\": 0}, \"file\": {\"num_success\": 0, \"size_total\": 0, \"items_left\": 0, \"items_total\": 0, \"size_left\": 0, \"num_error\": 0}}, \"error_details\": [], \"num_error\": 0}, \"comps\": {\"state\": \"NOT_STARTED\"}, \"errata\": {\"state\": \"NOT_STARTED\"}, \"metadata\": {\"state\": \"FINISHED\"}}}, \"call_request_group_id\": \"e20970eb-6b07-4e6d-b781-d29f7414e2b4\", \"call_request_id\": \"ed46bb71-0a5b-4451-bb8b-c3824a7d4d30\", \"principal_login\": \"admin\", \"response\": \"accepted\", \"result\": null}"
    http_version: 
  recorded_at: Mon, 19 Nov 2012 16:56:55 GMT
- request: 
    method: get
    uri: https://dhcp231-16.rdu.redhat.com/pulp/api/v2/tasks/ed46bb71-0a5b-4451-bb8b-c3824a7d4d30/
    body: 
      string: ""
    headers: 
      Accept-Encoding: 
      - gzip, deflate
      Authorization: 
      - OAuth oauth_consumer_key="katello", oauth_nonce="BVhuL40nKHubKWue7ATfOIRIdlvoBXXzShPvGGADZ84", oauth_signature="ZRhYQ%2BMmJ0rHi2oOUR3MSOJU4bo%3D", oauth_signature_method="HMAC-SHA1", oauth_timestamp="1353344215", oauth_version="1.0"
      Pulp-User: 
      - admin
      Content-Type: 
      - application/json
      Accept: 
      - application/json
  response: 
    status: 
      code: 200
      message: OK
    headers: 
      Content-Length: 
      - "1439"
      Server: 
      - Apache/2.2.22 (Fedora)
      Content-Type: 
      - application/json
      Date: 
      - Mon, 19 Nov 2012 16:56:56 GMT
    body: 
      string: "{\"task_group_id\": \"e20970eb-6b07-4e6d-b781-d29f7414e2b4\", \"exception\": null, \"traceback\": null, \"_href\": \"/pulp/api/v2/tasks/ed46bb71-0a5b-4451-bb8b-c3824a7d4d30/\", \"task_id\": \"ed46bb71-0a5b-4451-bb8b-c3824a7d4d30\", \"call_request_tags\": [\"pulp:repository:1\", \"pulp:action:sync\"], \"reasons\": [], \"start_time\": \"2012-11-19T16:56:54Z\", \"tags\": [\"pulp:repository:1\", \"pulp:action:sync\"], \"state\": \"running\", \"finish_time\": null, \"dependency_failures\": {}, \"schedule_id\": null, \"progress\": {\"yum_importer\": {\"content\": {\"num_success\": 11, \"size_total\": 17872, \"items_left\": 0, \"items_total\": 11, \"state\": \"FINISHED\", \"size_left\": 0, \"details\": {\"tree_file\": {\"num_success\": 3, \"size_total\": 0, \"items_left\": 0, \"items_total\": 3, \"size_left\": 0, \"num_error\": 0}, \"rpm\": {\"num_success\": 8, \"size_total\": 17872, \"items_left\": 0, \"items_total\": 8, \"size_left\": 0, \"num_error\": 0}, \"delta_rpm\": {\"num_success\": 0, \"size_total\": 0, \"items_left\": 0, \"items_total\": 0, \"size_left\": 0, \"num_error\": 0}, \"file\": {\"num_success\": 0, \"size_total\": 0, \"items_left\": 0, \"items_total\": 0, \"size_left\": 0, \"num_error\": 0}}, \"error_details\": [], \"num_error\": 0}, \"comps\": {\"state\": \"NOT_STARTED\"}, \"errata\": {\"state\": \"NOT_STARTED\"}, \"metadata\": {\"state\": \"FINISHED\"}}}, \"call_request_group_id\": \"e20970eb-6b07-4e6d-b781-d29f7414e2b4\", \"call_request_id\": \"ed46bb71-0a5b-4451-bb8b-c3824a7d4d30\", \"principal_login\": \"admin\", \"response\": \"accepted\", \"result\": null}"
    http_version: 
  recorded_at: Mon, 19 Nov 2012 16:56:56 GMT
- request: 
    method: get
    uri: https://dhcp231-16.rdu.redhat.com/pulp/api/v2/tasks/ed46bb71-0a5b-4451-bb8b-c3824a7d4d30/
    body: 
      string: ""
    headers: 
      Accept-Encoding: 
      - gzip, deflate
      Authorization: 
      - OAuth oauth_consumer_key="katello", oauth_nonce="LZmUCsPQSVYLMblFaJyITLKCXz73uDKN4h1X1jwctA", oauth_signature="dZ5xkjTJJ38MQTBAeTYe7mNQmo4%3D", oauth_signature_method="HMAC-SHA1", oauth_timestamp="1353344216", oauth_version="1.0"
      Pulp-User: 
      - admin
      Content-Type: 
      - application/json
      Accept: 
      - application/json
  response: 
    status: 
      code: 200
      message: OK
    headers: 
      Content-Length: 
      - "1469"
      Server: 
      - Apache/2.2.22 (Fedora)
      Content-Type: 
      - application/json
      Date: 
      - Mon, 19 Nov 2012 16:56:56 GMT
    body: 
      string: "{\"task_group_id\": \"e20970eb-6b07-4e6d-b781-d29f7414e2b4\", \"exception\": null, \"traceback\": null, \"_href\": \"/pulp/api/v2/tasks/ed46bb71-0a5b-4451-bb8b-c3824a7d4d30/\", \"task_id\": \"ed46bb71-0a5b-4451-bb8b-c3824a7d4d30\", \"call_request_tags\": [\"pulp:repository:1\", \"pulp:action:sync\"], \"reasons\": [], \"start_time\": \"2012-11-19T16:56:54Z\", \"tags\": [\"pulp:repository:1\", \"pulp:action:sync\"], \"state\": \"finished\", \"finish_time\": \"2012-11-19T16:56:56Z\", \"dependency_failures\": {}, \"schedule_id\": null, \"progress\": {\"yum_importer\": {\"content\": {\"num_success\": 11, \"size_total\": 17872, \"items_left\": 0, \"items_total\": 11, \"state\": \"FINISHED\", \"size_left\": 0, \"details\": {\"tree_file\": {\"num_success\": 3, \"size_total\": 0, \"items_left\": 0, \"items_total\": 3, \"size_left\": 0, \"num_error\": 0}, \"rpm\": {\"num_success\": 8, \"size_total\": 17872, \"items_left\": 0, \"items_total\": 8, \"size_left\": 0, \"num_error\": 0}, \"delta_rpm\": {\"num_success\": 0, \"size_total\": 0, \"items_left\": 0, \"items_total\": 0, \"size_left\": 0, \"num_error\": 0}, \"file\": {\"num_success\": 0, \"size_total\": 0, \"items_left\": 0, \"items_total\": 0, \"size_left\": 0, \"num_error\": 0}}, \"error_details\": [], \"num_error\": 0}, \"comps\": {\"state\": \"FINISHED\"}, \"errata\": {\"state\": \"FINISHED\", \"num_errata\": 2}, \"metadata\": {\"state\": \"FINISHED\"}}}, \"call_request_group_id\": \"e20970eb-6b07-4e6d-b781-d29f7414e2b4\", \"call_request_id\": \"ed46bb71-0a5b-4451-bb8b-c3824a7d4d30\", \"principal_login\": \"admin\", \"response\": \"accepted\", \"result\": null}"
    http_version: 
  recorded_at: Mon, 19 Nov 2012 16:56:56 GMT
- request: 
    method: get
    uri: https://dhcp231-16.rdu.redhat.com/pulp/api/v2/tasks/927c0694-af19-4c76-9220-c18d127654f8/
    body: 
      string: ""
    headers: 
      Accept-Encoding: 
      - gzip, deflate
      Authorization: 
      - OAuth oauth_consumer_key="katello", oauth_nonce="sCHR24tvejspxq2u9XkUoJeOEUoYIetjB1L4NOEfcw", oauth_signature="eSyRbLxsz7%2FNkwiDazsNlXaImt0%3D", oauth_signature_method="HMAC-SHA1", oauth_timestamp="1353344241", oauth_version="1.0"
      Pulp-User: 
      - admin
      Content-Type: 
      - application/json
      Accept: 
      - application/json
  response: 
    status: 
      code: 200
      message: OK
    headers: 
      Content-Length: 
      - "853"
      Server: 
      - Apache/2.2.22 (Fedora)
      Content-Type: 
      - application/json
      Date: 
      - Mon, 19 Nov 2012 16:57:21 GMT
    body: 
      string: "{\"task_group_id\": null, \"exception\": null, \"traceback\": null, \"_href\": \"/pulp/api/v2/tasks/927c0694-af19-4c76-9220-c18d127654f8/\", \"task_id\": \"927c0694-af19-4c76-9220-c18d127654f8\", \"call_request_tags\": [\"pulp:repository:acme_corporation_label-staging_label-staging_label-fedora_label-fedora_17_x86_64_label\", \"pulp:repository:1\", \"pulp:action:associate\"], \"reasons\": [], \"start_time\": \"2012-11-19T16:57:20Z\", \"tags\": [\"pulp:repository:acme_corporation_label-staging_label-staging_label-fedora_label-fedora_17_x86_64_label\", \"pulp:repository:1\", \"pulp:action:associate\"], \"state\": \"finished\", \"finish_time\": \"2012-11-19T16:57:20Z\", \"dependency_failures\": {}, \"schedule_id\": null, \"progress\": {}, \"call_request_group_id\": null, \"call_request_id\": \"927c0694-af19-4c76-9220-c18d127654f8\", \"principal_login\": \"admin\", \"response\": \"accepted\", \"result\": null}"
    http_version: 
  recorded_at: Mon, 19 Nov 2012 16:57:21 GMT
- request: 
    method: get
    uri: https://dhcp231-16.rdu.redhat.com/pulp/api/v2/tasks/d20dab6c-5e41-4cda-a263-4c5bb6cf4388/
    body: 
      string: ""
    headers: 
      Accept-Encoding: 
      - gzip, deflate
      Authorization: 
      - OAuth oauth_consumer_key="katello", oauth_nonce="i6diZWWq1RhdprOWTSl7MsvX9HY7vtYjpT3EOWwZTc", oauth_signature="zCZ3N%2FSS8JGdW7RHvdHfGNs%2FVgQ%3D", oauth_signature_method="HMAC-SHA1", oauth_timestamp="1353344241", oauth_version="1.0"
      Pulp-User: 
      - admin
      Content-Type: 
      - application/json
      Accept: 
      - application/json
  response: 
    status: 
      code: 200
      message: OK
    headers: 
      Content-Length: 
      - "853"
      Server: 
      - Apache/2.2.22 (Fedora)
      Content-Type: 
      - application/json
      Date: 
      - Mon, 19 Nov 2012 16:57:21 GMT
    body: 
      string: "{\"task_group_id\": null, \"exception\": null, \"traceback\": null, \"_href\": \"/pulp/api/v2/tasks/d20dab6c-5e41-4cda-a263-4c5bb6cf4388/\", \"task_id\": \"d20dab6c-5e41-4cda-a263-4c5bb6cf4388\", \"call_request_tags\": [\"pulp:repository:acme_corporation_label-staging_label-staging_label-fedora_label-fedora_17_x86_64_label\", \"pulp:repository:1\", \"pulp:action:associate\"], \"reasons\": [], \"start_time\": \"2012-11-19T16:57:20Z\", \"tags\": [\"pulp:repository:acme_corporation_label-staging_label-staging_label-fedora_label-fedora_17_x86_64_label\", \"pulp:repository:1\", \"pulp:action:associate\"], \"state\": \"finished\", \"finish_time\": \"2012-11-19T16:57:20Z\", \"dependency_failures\": {}, \"schedule_id\": null, \"progress\": {}, \"call_request_group_id\": null, \"call_request_id\": \"d20dab6c-5e41-4cda-a263-4c5bb6cf4388\", \"principal_login\": \"admin\", \"response\": \"accepted\", \"result\": null}"
    http_version: 
  recorded_at: Mon, 19 Nov 2012 16:57:21 GMT
- request: 
    method: get
    uri: https://dhcp231-16.rdu.redhat.com/pulp/api/v2/tasks/c03b1edc-1dd1-4602-acc6-d773a76a52c8/
    body: 
      string: ""
    headers: 
      Accept-Encoding: 
      - gzip, deflate
      Authorization: 
      - OAuth oauth_consumer_key="katello", oauth_nonce="jesuQGewmu6nG0LVjhQRiCmFLsskbnWjVO4dko8", oauth_signature="%2BnZTFPlz5R4yDT9k5EDVXdTMcU8%3D", oauth_signature_method="HMAC-SHA1", oauth_timestamp="1353344241", oauth_version="1.0"
      Pulp-User: 
      - admin
      Content-Type: 
      - application/json
      Accept: 
      - application/json
  response: 
    status: 
      code: 200
      message: OK
    headers: 
      Content-Length: 
      - "853"
      Server: 
      - Apache/2.2.22 (Fedora)
      Content-Type: 
      - application/json
      Date: 
      - Mon, 19 Nov 2012 16:57:21 GMT
    body: 
      string: "{\"task_group_id\": null, \"exception\": null, \"traceback\": null, \"_href\": \"/pulp/api/v2/tasks/c03b1edc-1dd1-4602-acc6-d773a76a52c8/\", \"task_id\": \"c03b1edc-1dd1-4602-acc6-d773a76a52c8\", \"call_request_tags\": [\"pulp:repository:acme_corporation_label-staging_label-staging_label-fedora_label-fedora_17_x86_64_label\", \"pulp:repository:1\", \"pulp:action:associate\"], \"reasons\": [], \"start_time\": \"2012-11-19T16:57:21Z\", \"tags\": [\"pulp:repository:acme_corporation_label-staging_label-staging_label-fedora_label-fedora_17_x86_64_label\", \"pulp:repository:1\", \"pulp:action:associate\"], \"state\": \"finished\", \"finish_time\": \"2012-11-19T16:57:21Z\", \"dependency_failures\": {}, \"schedule_id\": null, \"progress\": {}, \"call_request_group_id\": null, \"call_request_id\": \"c03b1edc-1dd1-4602-acc6-d773a76a52c8\", \"principal_login\": \"admin\", \"response\": \"accepted\", \"result\": null}"
    http_version: 
  recorded_at: Mon, 19 Nov 2012 16:57:21 GMT
- request: 
    method: get
    uri: https://dhcp231-16.rdu.redhat.com/pulp/api/v2/tasks/6ce526e5-e65b-4ff2-bba7-59e113755bac/
    body: 
      string: ""
    headers: 
      Accept-Encoding: 
      - gzip, deflate
      Authorization: 
      - OAuth oauth_consumer_key="katello", oauth_nonce="0FMLCyom5UHfdSC39EF5gdNflK4jNfTwWGCBNXaDLbE", oauth_signature="QpE0bXvwe7e4Iq7RdUZ1GRoahqg%3D", oauth_signature_method="HMAC-SHA1", oauth_timestamp="1353344242", oauth_version="1.0"
      Pulp-User: 
      - admin
      Content-Type: 
      - application/json
      Accept: 
      - application/json
  response: 
    status: 
      code: 200
      message: OK
    headers: 
      Content-Length: 
      - "842"
      Server: 
      - Apache/2.2.22 (Fedora)
      Content-Type: 
      - application/json
      Date: 
      - Mon, 19 Nov 2012 16:57:22 GMT
    body: 
      string: "{\"task_group_id\": \"9be9667e-9af9-439c-ae7d-0715f08d87fa\", \"exception\": null, \"traceback\": null, \"_href\": \"/pulp/api/v2/tasks/6ce526e5-e65b-4ff2-bba7-59e113755bac/\", \"task_id\": \"6ce526e5-e65b-4ff2-bba7-59e113755bac\", \"call_request_tags\": [\"pulp:repository:1\", \"pulp:action:sync\"], \"reasons\": [], \"start_time\": \"2012-11-19T16:57:22Z\", \"tags\": [\"pulp:repository:1\", \"pulp:action:sync\"], \"state\": \"running\", \"finish_time\": null, \"dependency_failures\": {}, \"schedule_id\": null, \"progress\": {\"yum_importer\": {\"content\": {\"state\": \"NOT_STARTED\"}, \"comps\": {\"state\": \"NOT_STARTED\"}, \"errata\": {\"state\": \"NOT_STARTED\"}, \"metadata\": {\"state\": \"IN_PROGRESS\"}}}, \"call_request_group_id\": \"9be9667e-9af9-439c-ae7d-0715f08d87fa\", \"call_request_id\": \"6ce526e5-e65b-4ff2-bba7-59e113755bac\", \"principal_login\": \"admin\", \"response\": \"accepted\", \"result\": null}"
    http_version: 
  recorded_at: Mon, 19 Nov 2012 16:57:22 GMT
- request: 
    method: get
    uri: https://dhcp231-16.rdu.redhat.com/pulp/api/v2/tasks/6ce526e5-e65b-4ff2-bba7-59e113755bac/
    body: 
      string: ""
    headers: 
      Accept-Encoding: 
      - gzip, deflate
      Authorization: 
      - OAuth oauth_consumer_key="katello", oauth_nonce="9Wpu1BL3YkF7ee1uLmTvwX7JR3iDdlMORFzSYLaQI", oauth_signature="nvk538R%2F7cYO4A61E6Oa7n3gOoo%3D", oauth_signature_method="HMAC-SHA1", oauth_timestamp="1353344242", oauth_version="1.0"
      Pulp-User: 
      - admin
      Content-Type: 
      - application/json
      Accept: 
      - application/json
  response: 
    status: 
      code: 200
      message: OK
    headers: 
      Content-Length: 
      - "842"
      Server: 
      - Apache/2.2.22 (Fedora)
      Content-Type: 
      - application/json
      Date: 
      - Mon, 19 Nov 2012 16:57:22 GMT
    body: 
      string: "{\"task_group_id\": \"9be9667e-9af9-439c-ae7d-0715f08d87fa\", \"exception\": null, \"traceback\": null, \"_href\": \"/pulp/api/v2/tasks/6ce526e5-e65b-4ff2-bba7-59e113755bac/\", \"task_id\": \"6ce526e5-e65b-4ff2-bba7-59e113755bac\", \"call_request_tags\": [\"pulp:repository:1\", \"pulp:action:sync\"], \"reasons\": [], \"start_time\": \"2012-11-19T16:57:22Z\", \"tags\": [\"pulp:repository:1\", \"pulp:action:sync\"], \"state\": \"running\", \"finish_time\": null, \"dependency_failures\": {}, \"schedule_id\": null, \"progress\": {\"yum_importer\": {\"content\": {\"state\": \"NOT_STARTED\"}, \"comps\": {\"state\": \"NOT_STARTED\"}, \"errata\": {\"state\": \"NOT_STARTED\"}, \"metadata\": {\"state\": \"IN_PROGRESS\"}}}, \"call_request_group_id\": \"9be9667e-9af9-439c-ae7d-0715f08d87fa\", \"call_request_id\": \"6ce526e5-e65b-4ff2-bba7-59e113755bac\", \"principal_login\": \"admin\", \"response\": \"accepted\", \"result\": null}"
    http_version: 
  recorded_at: Mon, 19 Nov 2012 16:57:22 GMT
- request: 
    method: get
    uri: https://dhcp231-16.rdu.redhat.com/pulp/api/v2/tasks/6ce526e5-e65b-4ff2-bba7-59e113755bac/
    body: 
      string: ""
    headers: 
      Accept-Encoding: 
      - gzip, deflate
      Authorization: 
      - OAuth oauth_consumer_key="katello", oauth_nonce="j1er3OBardH925HDjijGWhGDYHZsenyt0zjdLqKhaXc", oauth_signature="J0qvIYJs6Ng1bgWztfSUxu3Bh5w%3D", oauth_signature_method="HMAC-SHA1", oauth_timestamp="1353344243", oauth_version="1.0"
      Pulp-User: 
      - admin
      Content-Type: 
      - application/json
      Accept: 
      - application/json
  response: 
    status: 
      code: 200
      message: OK
    headers: 
      Content-Length: 
      - "842"
      Server: 
      - Apache/2.2.22 (Fedora)
      Content-Type: 
      - application/json
      Date: 
      - Mon, 19 Nov 2012 16:57:23 GMT
    body: 
      string: "{\"task_group_id\": \"9be9667e-9af9-439c-ae7d-0715f08d87fa\", \"exception\": null, \"traceback\": null, \"_href\": \"/pulp/api/v2/tasks/6ce526e5-e65b-4ff2-bba7-59e113755bac/\", \"task_id\": \"6ce526e5-e65b-4ff2-bba7-59e113755bac\", \"call_request_tags\": [\"pulp:repository:1\", \"pulp:action:sync\"], \"reasons\": [], \"start_time\": \"2012-11-19T16:57:22Z\", \"tags\": [\"pulp:repository:1\", \"pulp:action:sync\"], \"state\": \"running\", \"finish_time\": null, \"dependency_failures\": {}, \"schedule_id\": null, \"progress\": {\"yum_importer\": {\"content\": {\"state\": \"NOT_STARTED\"}, \"comps\": {\"state\": \"NOT_STARTED\"}, \"errata\": {\"state\": \"NOT_STARTED\"}, \"metadata\": {\"state\": \"IN_PROGRESS\"}}}, \"call_request_group_id\": \"9be9667e-9af9-439c-ae7d-0715f08d87fa\", \"call_request_id\": \"6ce526e5-e65b-4ff2-bba7-59e113755bac\", \"principal_login\": \"admin\", \"response\": \"accepted\", \"result\": null}"
    http_version: 
  recorded_at: Mon, 19 Nov 2012 16:57:23 GMT
- request: 
    method: get
    uri: https://dhcp231-16.rdu.redhat.com/pulp/api/v2/tasks/6ce526e5-e65b-4ff2-bba7-59e113755bac/
    body: 
      string: ""
    headers: 
      Accept-Encoding: 
      - gzip, deflate
      Authorization: 
      - OAuth oauth_consumer_key="katello", oauth_nonce="T4zKuaELb50odSuR3aMHKrWJLKUUMf4LSSe9E3ZRs", oauth_signature="2dE0qz83nesRf1xaREYZoHA83LM%3D", oauth_signature_method="HMAC-SHA1", oauth_timestamp="1353344243", oauth_version="1.0"
      Pulp-User: 
      - admin
      Content-Type: 
      - application/json
      Accept: 
      - application/json
  response: 
    status: 
      code: 200
      message: OK
    headers: 
      Content-Length: 
      - "839"
      Server: 
      - Apache/2.2.22 (Fedora)
      Content-Type: 
      - application/json
      Date: 
      - Mon, 19 Nov 2012 16:57:23 GMT
    body: 
      string: "{\"task_group_id\": \"9be9667e-9af9-439c-ae7d-0715f08d87fa\", \"exception\": null, \"traceback\": null, \"_href\": \"/pulp/api/v2/tasks/6ce526e5-e65b-4ff2-bba7-59e113755bac/\", \"task_id\": \"6ce526e5-e65b-4ff2-bba7-59e113755bac\", \"call_request_tags\": [\"pulp:repository:1\", \"pulp:action:sync\"], \"reasons\": [], \"start_time\": \"2012-11-19T16:57:22Z\", \"tags\": [\"pulp:repository:1\", \"pulp:action:sync\"], \"state\": \"running\", \"finish_time\": null, \"dependency_failures\": {}, \"schedule_id\": null, \"progress\": {\"yum_importer\": {\"content\": {\"state\": \"NOT_STARTED\"}, \"comps\": {\"state\": \"NOT_STARTED\"}, \"errata\": {\"state\": \"NOT_STARTED\"}, \"metadata\": {\"state\": \"FINISHED\"}}}, \"call_request_group_id\": \"9be9667e-9af9-439c-ae7d-0715f08d87fa\", \"call_request_id\": \"6ce526e5-e65b-4ff2-bba7-59e113755bac\", \"principal_login\": \"admin\", \"response\": \"accepted\", \"result\": null}"
    http_version: 
  recorded_at: Mon, 19 Nov 2012 16:57:23 GMT
- request: 
    method: get
    uri: https://dhcp231-16.rdu.redhat.com/pulp/api/v2/tasks/6ce526e5-e65b-4ff2-bba7-59e113755bac/
    body: 
      string: ""
    headers: 
      Accept-Encoding: 
      - gzip, deflate
      Authorization: 
      - OAuth oauth_consumer_key="katello", oauth_nonce="gVJRiLtJqd8lE70wns4PFqXaMR9Jq2ncGwDbXm5wMk", oauth_signature="ssqZTNjpEfjzGlzPwe3mKMoWIBI%3D", oauth_signature_method="HMAC-SHA1", oauth_timestamp="1353344243", oauth_version="1.0"
      Pulp-User: 
      - admin
      Content-Type: 
      - application/json
      Accept: 
      - application/json
  response: 
    status: 
      code: 200
      message: OK
    headers: 
      Content-Length: 
      - "1442"
      Server: 
      - Apache/2.2.22 (Fedora)
      Content-Type: 
      - application/json
      Date: 
      - Mon, 19 Nov 2012 16:57:23 GMT
    body: 
      string: "{\"task_group_id\": \"9be9667e-9af9-439c-ae7d-0715f08d87fa\", \"exception\": null, \"traceback\": null, \"_href\": \"/pulp/api/v2/tasks/6ce526e5-e65b-4ff2-bba7-59e113755bac/\", \"task_id\": \"6ce526e5-e65b-4ff2-bba7-59e113755bac\", \"call_request_tags\": [\"pulp:repository:1\", \"pulp:action:sync\"], \"reasons\": [], \"start_time\": \"2012-11-19T16:57:22Z\", \"tags\": [\"pulp:repository:1\", \"pulp:action:sync\"], \"state\": \"running\", \"finish_time\": null, \"dependency_failures\": {}, \"schedule_id\": null, \"progress\": {\"yum_importer\": {\"content\": {\"num_success\": 11, \"size_total\": 17872, \"items_left\": 0, \"items_total\": 11, \"state\": \"IN_PROGRESS\", \"size_left\": 0, \"details\": {\"tree_file\": {\"num_success\": 3, \"size_total\": 0, \"items_left\": 0, \"items_total\": 3, \"size_left\": 0, \"num_error\": 0}, \"rpm\": {\"num_success\": 8, \"size_total\": 17872, \"items_left\": 0, \"items_total\": 8, \"size_left\": 0, \"num_error\": 0}, \"delta_rpm\": {\"num_success\": 0, \"size_total\": 0, \"items_left\": 0, \"items_total\": 0, \"size_left\": 0, \"num_error\": 0}, \"file\": {\"num_success\": 0, \"size_total\": 0, \"items_left\": 0, \"items_total\": 0, \"size_left\": 0, \"num_error\": 0}}, \"error_details\": [], \"num_error\": 0}, \"comps\": {\"state\": \"NOT_STARTED\"}, \"errata\": {\"state\": \"NOT_STARTED\"}, \"metadata\": {\"state\": \"FINISHED\"}}}, \"call_request_group_id\": \"9be9667e-9af9-439c-ae7d-0715f08d87fa\", \"call_request_id\": \"6ce526e5-e65b-4ff2-bba7-59e113755bac\", \"principal_login\": \"admin\", \"response\": \"accepted\", \"result\": null}"
    http_version: 
  recorded_at: Mon, 19 Nov 2012 16:57:23 GMT
- request: 
    method: get
    uri: https://dhcp231-16.rdu.redhat.com/pulp/api/v2/tasks/6ce526e5-e65b-4ff2-bba7-59e113755bac/
    body: 
      string: ""
    headers: 
      Accept-Encoding: 
      - gzip, deflate
      Authorization: 
      - OAuth oauth_consumer_key="katello", oauth_nonce="0UDBX2l1u0icJg3akAx55hNpekWvfdjcVzWKrCWZOGQ", oauth_signature="r7wLnyHOqsNdbtNF4dOsKfdOd6c%3D", oauth_signature_method="HMAC-SHA1", oauth_timestamp="1353344243", oauth_version="1.0"
      Pulp-User: 
      - admin
      Content-Type: 
      - application/json
      Accept: 
      - application/json
  response: 
    status: 
      code: 200
      message: OK
    headers: 
      Content-Length: 
      - "1439"
      Server: 
      - Apache/2.2.22 (Fedora)
      Content-Type: 
      - application/json
      Date: 
      - Mon, 19 Nov 2012 16:57:23 GMT
    body: 
      string: "{\"task_group_id\": \"9be9667e-9af9-439c-ae7d-0715f08d87fa\", \"exception\": null, \"traceback\": null, \"_href\": \"/pulp/api/v2/tasks/6ce526e5-e65b-4ff2-bba7-59e113755bac/\", \"task_id\": \"6ce526e5-e65b-4ff2-bba7-59e113755bac\", \"call_request_tags\": [\"pulp:repository:1\", \"pulp:action:sync\"], \"reasons\": [], \"start_time\": \"2012-11-19T16:57:22Z\", \"tags\": [\"pulp:repository:1\", \"pulp:action:sync\"], \"state\": \"running\", \"finish_time\": null, \"dependency_failures\": {}, \"schedule_id\": null, \"progress\": {\"yum_importer\": {\"content\": {\"num_success\": 11, \"size_total\": 17872, \"items_left\": 0, \"items_total\": 11, \"state\": \"FINISHED\", \"size_left\": 0, \"details\": {\"tree_file\": {\"num_success\": 3, \"size_total\": 0, \"items_left\": 0, \"items_total\": 3, \"size_left\": 0, \"num_error\": 0}, \"rpm\": {\"num_success\": 8, \"size_total\": 17872, \"items_left\": 0, \"items_total\": 8, \"size_left\": 0, \"num_error\": 0}, \"delta_rpm\": {\"num_success\": 0, \"size_total\": 0, \"items_left\": 0, \"items_total\": 0, \"size_left\": 0, \"num_error\": 0}, \"file\": {\"num_success\": 0, \"size_total\": 0, \"items_left\": 0, \"items_total\": 0, \"size_left\": 0, \"num_error\": 0}}, \"error_details\": [], \"num_error\": 0}, \"comps\": {\"state\": \"NOT_STARTED\"}, \"errata\": {\"state\": \"NOT_STARTED\"}, \"metadata\": {\"state\": \"FINISHED\"}}}, \"call_request_group_id\": \"9be9667e-9af9-439c-ae7d-0715f08d87fa\", \"call_request_id\": \"6ce526e5-e65b-4ff2-bba7-59e113755bac\", \"principal_login\": \"admin\", \"response\": \"accepted\", \"result\": null}"
    http_version: 
  recorded_at: Mon, 19 Nov 2012 16:57:23 GMT
- request: 
    method: get
    uri: https://dhcp231-16.rdu.redhat.com/pulp/api/v2/tasks/6ce526e5-e65b-4ff2-bba7-59e113755bac/
    body: 
      string: ""
    headers: 
      Accept-Encoding: 
      - gzip, deflate
      Authorization: 
      - OAuth oauth_consumer_key="katello", oauth_nonce="PWjwmYSGCbcYqoqSLFqdLzgts7QSKLSqDk9aT2lETIU", oauth_signature="xRbOmay4I5vRCOXqsEvOsTTYfTM%3D", oauth_signature_method="HMAC-SHA1", oauth_timestamp="1353344244", oauth_version="1.0"
      Pulp-User: 
      - admin
      Content-Type: 
      - application/json
      Accept: 
      - application/json
  response: 
    status: 
      code: 200
      message: OK
    headers: 
      Content-Length: 
      - "1469"
      Server: 
      - Apache/2.2.22 (Fedora)
      Content-Type: 
      - application/json
      Date: 
      - Mon, 19 Nov 2012 16:57:24 GMT
    body: 
      string: "{\"task_group_id\": \"9be9667e-9af9-439c-ae7d-0715f08d87fa\", \"exception\": null, \"traceback\": null, \"_href\": \"/pulp/api/v2/tasks/6ce526e5-e65b-4ff2-bba7-59e113755bac/\", \"task_id\": \"6ce526e5-e65b-4ff2-bba7-59e113755bac\", \"call_request_tags\": [\"pulp:repository:1\", \"pulp:action:sync\"], \"reasons\": [], \"start_time\": \"2012-11-19T16:57:22Z\", \"tags\": [\"pulp:repository:1\", \"pulp:action:sync\"], \"state\": \"finished\", \"finish_time\": \"2012-11-19T16:57:24Z\", \"dependency_failures\": {}, \"schedule_id\": null, \"progress\": {\"yum_importer\": {\"content\": {\"num_success\": 11, \"size_total\": 17872, \"items_left\": 0, \"items_total\": 11, \"state\": \"FINISHED\", \"size_left\": 0, \"details\": {\"tree_file\": {\"num_success\": 3, \"size_total\": 0, \"items_left\": 0, \"items_total\": 3, \"size_left\": 0, \"num_error\": 0}, \"rpm\": {\"num_success\": 8, \"size_total\": 17872, \"items_left\": 0, \"items_total\": 8, \"size_left\": 0, \"num_error\": 0}, \"delta_rpm\": {\"num_success\": 0, \"size_total\": 0, \"items_left\": 0, \"items_total\": 0, \"size_left\": 0, \"num_error\": 0}, \"file\": {\"num_success\": 0, \"size_total\": 0, \"items_left\": 0, \"items_total\": 0, \"size_left\": 0, \"num_error\": 0}}, \"error_details\": [], \"num_error\": 0}, \"comps\": {\"state\": \"FINISHED\"}, \"errata\": {\"state\": \"FINISHED\", \"num_errata\": 2}, \"metadata\": {\"state\": \"FINISHED\"}}}, \"call_request_group_id\": \"9be9667e-9af9-439c-ae7d-0715f08d87fa\", \"call_request_id\": \"6ce526e5-e65b-4ff2-bba7-59e113755bac\", \"principal_login\": \"admin\", \"response\": \"accepted\", \"result\": null}"
    http_version: 
  recorded_at: Mon, 19 Nov 2012 16:57:24 GMT
- request: 
    method: get
    uri: https://dhcp231-16.rdu.redhat.com/pulp/api/v2/tasks/da417b54-e248-4049-bf56-db135381c2d9/
    body: 
      string: ""
    headers: 
      Accept-Encoding: 
      - gzip, deflate
      Authorization: 
      - OAuth oauth_consumer_key="katello", oauth_nonce="c0TU27q47onpM83fv5gxOodk5HXhNcJIhPcR2FEDu0g", oauth_signature="LffxGSiLdVxtVoICuhlr1CyYhNc%3D", oauth_signature_method="HMAC-SHA1", oauth_timestamp="1353344248", oauth_version="1.0"
      Pulp-User: 
      - admin
      Content-Type: 
      - application/json
      Accept: 
      - application/json
  response: 
    status: 
      code: 200
      message: OK
    headers: 
      Content-Length: 
      - "842"
      Server: 
      - Apache/2.2.22 (Fedora)
      Content-Type: 
      - application/json
      Date: 
      - Mon, 19 Nov 2012 16:57:28 GMT
    body: 
      string: "{\"task_group_id\": \"3b60b79b-073a-42c2-bf43-1d2dd01e74dc\", \"exception\": null, \"traceback\": null, \"_href\": \"/pulp/api/v2/tasks/da417b54-e248-4049-bf56-db135381c2d9/\", \"task_id\": \"da417b54-e248-4049-bf56-db135381c2d9\", \"call_request_tags\": [\"pulp:repository:1\", \"pulp:action:sync\"], \"reasons\": [], \"start_time\": \"2012-11-19T16:57:28Z\", \"tags\": [\"pulp:repository:1\", \"pulp:action:sync\"], \"state\": \"running\", \"finish_time\": null, \"dependency_failures\": {}, \"schedule_id\": null, \"progress\": {\"yum_importer\": {\"content\": {\"state\": \"NOT_STARTED\"}, \"comps\": {\"state\": \"NOT_STARTED\"}, \"errata\": {\"state\": \"NOT_STARTED\"}, \"metadata\": {\"state\": \"IN_PROGRESS\"}}}, \"call_request_group_id\": \"3b60b79b-073a-42c2-bf43-1d2dd01e74dc\", \"call_request_id\": \"da417b54-e248-4049-bf56-db135381c2d9\", \"principal_login\": \"admin\", \"response\": \"accepted\", \"result\": null}"
    http_version: 
  recorded_at: Mon, 19 Nov 2012 16:57:28 GMT
- request: 
    method: get
    uri: https://dhcp231-16.rdu.redhat.com/pulp/api/v2/tasks/da417b54-e248-4049-bf56-db135381c2d9/
    body: 
      string: ""
    headers: 
      Accept-Encoding: 
      - gzip, deflate
      Authorization: 
      - OAuth oauth_consumer_key="katello", oauth_nonce="v14nxHBXHSFzfuVmzwA2oNC453QYeXizTJtlrRze4", oauth_signature="Gv7p0xyPYeClYM9SaO5sZ1%2BY6KA%3D", oauth_signature_method="HMAC-SHA1", oauth_timestamp="1353344248", oauth_version="1.0"
      Pulp-User: 
      - admin
      Content-Type: 
      - application/json
      Accept: 
      - application/json
  response: 
    status: 
      code: 200
      message: OK
    headers: 
      Content-Length: 
      - "842"
      Server: 
      - Apache/2.2.22 (Fedora)
      Content-Type: 
      - application/json
      Date: 
      - Mon, 19 Nov 2012 16:57:28 GMT
    body: 
      string: "{\"task_group_id\": \"3b60b79b-073a-42c2-bf43-1d2dd01e74dc\", \"exception\": null, \"traceback\": null, \"_href\": \"/pulp/api/v2/tasks/da417b54-e248-4049-bf56-db135381c2d9/\", \"task_id\": \"da417b54-e248-4049-bf56-db135381c2d9\", \"call_request_tags\": [\"pulp:repository:1\", \"pulp:action:sync\"], \"reasons\": [], \"start_time\": \"2012-11-19T16:57:28Z\", \"tags\": [\"pulp:repository:1\", \"pulp:action:sync\"], \"state\": \"running\", \"finish_time\": null, \"dependency_failures\": {}, \"schedule_id\": null, \"progress\": {\"yum_importer\": {\"content\": {\"state\": \"NOT_STARTED\"}, \"comps\": {\"state\": \"NOT_STARTED\"}, \"errata\": {\"state\": \"NOT_STARTED\"}, \"metadata\": {\"state\": \"IN_PROGRESS\"}}}, \"call_request_group_id\": \"3b60b79b-073a-42c2-bf43-1d2dd01e74dc\", \"call_request_id\": \"da417b54-e248-4049-bf56-db135381c2d9\", \"principal_login\": \"admin\", \"response\": \"accepted\", \"result\": null}"
    http_version: 
  recorded_at: Mon, 19 Nov 2012 16:57:28 GMT
- request: 
    method: get
    uri: https://dhcp231-16.rdu.redhat.com/pulp/api/v2/tasks/da417b54-e248-4049-bf56-db135381c2d9/
    body: 
      string: ""
    headers: 
      Accept-Encoding: 
      - gzip, deflate
      Authorization: 
      - OAuth oauth_consumer_key="katello", oauth_nonce="U7SnRspAyN4GBBwUoBtf6aKrDCfXlS0aKXgSKOoJek", oauth_signature="QrW%2FYDvyemdQYp5DPY%2B5mM0tsj0%3D", oauth_signature_method="HMAC-SHA1", oauth_timestamp="1353344248", oauth_version="1.0"
      Pulp-User: 
      - admin
      Content-Type: 
      - application/json
      Accept: 
      - application/json
  response: 
    status: 
      code: 200
      message: OK
    headers: 
      Content-Length: 
      - "839"
      Server: 
      - Apache/2.2.22 (Fedora)
      Content-Type: 
      - application/json
      Date: 
      - Mon, 19 Nov 2012 16:57:28 GMT
    body: 
      string: "{\"task_group_id\": \"3b60b79b-073a-42c2-bf43-1d2dd01e74dc\", \"exception\": null, \"traceback\": null, \"_href\": \"/pulp/api/v2/tasks/da417b54-e248-4049-bf56-db135381c2d9/\", \"task_id\": \"da417b54-e248-4049-bf56-db135381c2d9\", \"call_request_tags\": [\"pulp:repository:1\", \"pulp:action:sync\"], \"reasons\": [], \"start_time\": \"2012-11-19T16:57:28Z\", \"tags\": [\"pulp:repository:1\", \"pulp:action:sync\"], \"state\": \"running\", \"finish_time\": null, \"dependency_failures\": {}, \"schedule_id\": null, \"progress\": {\"yum_importer\": {\"content\": {\"state\": \"NOT_STARTED\"}, \"comps\": {\"state\": \"NOT_STARTED\"}, \"errata\": {\"state\": \"NOT_STARTED\"}, \"metadata\": {\"state\": \"FINISHED\"}}}, \"call_request_group_id\": \"3b60b79b-073a-42c2-bf43-1d2dd01e74dc\", \"call_request_id\": \"da417b54-e248-4049-bf56-db135381c2d9\", \"principal_login\": \"admin\", \"response\": \"accepted\", \"result\": null}"
    http_version: 
  recorded_at: Mon, 19 Nov 2012 16:57:28 GMT
- request: 
    method: get
    uri: https://dhcp231-16.rdu.redhat.com/pulp/api/v2/tasks/da417b54-e248-4049-bf56-db135381c2d9/
    body: 
      string: ""
    headers: 
      Accept-Encoding: 
      - gzip, deflate
      Authorization: 
      - OAuth oauth_consumer_key="katello", oauth_nonce="WAfXgXiakDAAEyfoVGrrOS4YIIgZetwTChrVMdjI", oauth_signature="QaGKLMLrud72JN1XXrThcafUlgo%3D", oauth_signature_method="HMAC-SHA1", oauth_timestamp="1353344248", oauth_version="1.0"
      Pulp-User: 
      - admin
      Content-Type: 
      - application/json
      Accept: 
      - application/json
  response: 
    status: 
      code: 200
      message: OK
    headers: 
      Content-Length: 
      - "1450"
      Server: 
      - Apache/2.2.22 (Fedora)
      Content-Type: 
      - application/json
      Date: 
      - Mon, 19 Nov 2012 16:57:28 GMT
    body: 
      string: "{\"task_group_id\": \"3b60b79b-073a-42c2-bf43-1d2dd01e74dc\", \"exception\": null, \"traceback\": null, \"_href\": \"/pulp/api/v2/tasks/da417b54-e248-4049-bf56-db135381c2d9/\", \"task_id\": \"da417b54-e248-4049-bf56-db135381c2d9\", \"call_request_tags\": [\"pulp:repository:1\", \"pulp:action:sync\"], \"reasons\": [], \"start_time\": \"2012-11-19T16:57:28Z\", \"tags\": [\"pulp:repository:1\", \"pulp:action:sync\"], \"state\": \"running\", \"finish_time\": null, \"dependency_failures\": {}, \"schedule_id\": null, \"progress\": {\"yum_importer\": {\"content\": {\"num_success\": 0, \"size_total\": 17872, \"items_left\": 11, \"items_total\": 11, \"state\": \"IN_PROGRESS\", \"size_left\": 17872, \"details\": {\"tree_file\": {\"num_success\": 0, \"size_total\": 0, \"items_left\": 3, \"items_total\": 3, \"size_left\": 0, \"num_error\": 0}, \"rpm\": {\"num_success\": 0, \"size_total\": 17872, \"items_left\": 8, \"items_total\": 8, \"size_left\": 17872, \"num_error\": 0}, \"delta_rpm\": {\"num_success\": 0, \"size_total\": 0, \"items_left\": 0, \"items_total\": 0, \"size_left\": 0, \"num_error\": 0}, \"file\": {\"num_success\": 0, \"size_total\": 0, \"items_left\": 0, \"items_total\": 0, \"size_left\": 0, \"num_error\": 0}}, \"error_details\": [], \"num_error\": 0}, \"comps\": {\"state\": \"NOT_STARTED\"}, \"errata\": {\"state\": \"NOT_STARTED\"}, \"metadata\": {\"state\": \"FINISHED\"}}}, \"call_request_group_id\": \"3b60b79b-073a-42c2-bf43-1d2dd01e74dc\", \"call_request_id\": \"da417b54-e248-4049-bf56-db135381c2d9\", \"principal_login\": \"admin\", \"response\": \"accepted\", \"result\": null}"
    http_version: 
  recorded_at: Mon, 19 Nov 2012 16:57:28 GMT
- request: 
    method: get
    uri: https://dhcp231-16.rdu.redhat.com/pulp/api/v2/tasks/da417b54-e248-4049-bf56-db135381c2d9/
    body: 
      string: ""
    headers: 
      Accept-Encoding: 
      - gzip, deflate
      Authorization: 
      - OAuth oauth_consumer_key="katello", oauth_nonce="nWPQtozl11Vx0nz9CWWQbXdY31x3Fcj2fzGZAtlO8", oauth_signature="0SQlOKuBtCnvPTQc4y8muwSGXiU%3D", oauth_signature_method="HMAC-SHA1", oauth_timestamp="1353344248", oauth_version="1.0"
      Pulp-User: 
      - admin
      Content-Type: 
      - application/json
      Accept: 
      - application/json
  response: 
    status: 
      code: 200
      message: OK
    headers: 
      Content-Length: 
      - "1442"
      Server: 
      - Apache/2.2.22 (Fedora)
      Content-Type: 
      - application/json
      Date: 
      - Mon, 19 Nov 2012 16:57:28 GMT
    body: 
      string: "{\"task_group_id\": \"3b60b79b-073a-42c2-bf43-1d2dd01e74dc\", \"exception\": null, \"traceback\": null, \"_href\": \"/pulp/api/v2/tasks/da417b54-e248-4049-bf56-db135381c2d9/\", \"task_id\": \"da417b54-e248-4049-bf56-db135381c2d9\", \"call_request_tags\": [\"pulp:repository:1\", \"pulp:action:sync\"], \"reasons\": [], \"start_time\": \"2012-11-19T16:57:28Z\", \"tags\": [\"pulp:repository:1\", \"pulp:action:sync\"], \"state\": \"running\", \"finish_time\": null, \"dependency_failures\": {}, \"schedule_id\": null, \"progress\": {\"yum_importer\": {\"content\": {\"num_success\": 11, \"size_total\": 17872, \"items_left\": 0, \"items_total\": 11, \"state\": \"IN_PROGRESS\", \"size_left\": 0, \"details\": {\"tree_file\": {\"num_success\": 3, \"size_total\": 0, \"items_left\": 0, \"items_total\": 3, \"size_left\": 0, \"num_error\": 0}, \"rpm\": {\"num_success\": 8, \"size_total\": 17872, \"items_left\": 0, \"items_total\": 8, \"size_left\": 0, \"num_error\": 0}, \"delta_rpm\": {\"num_success\": 0, \"size_total\": 0, \"items_left\": 0, \"items_total\": 0, \"size_left\": 0, \"num_error\": 0}, \"file\": {\"num_success\": 0, \"size_total\": 0, \"items_left\": 0, \"items_total\": 0, \"size_left\": 0, \"num_error\": 0}}, \"error_details\": [], \"num_error\": 0}, \"comps\": {\"state\": \"NOT_STARTED\"}, \"errata\": {\"state\": \"NOT_STARTED\"}, \"metadata\": {\"state\": \"FINISHED\"}}}, \"call_request_group_id\": \"3b60b79b-073a-42c2-bf43-1d2dd01e74dc\", \"call_request_id\": \"da417b54-e248-4049-bf56-db135381c2d9\", \"principal_login\": \"admin\", \"response\": \"accepted\", \"result\": null}"
    http_version: 
  recorded_at: Mon, 19 Nov 2012 16:57:28 GMT
- request: 
    method: get
    uri: https://dhcp231-16.rdu.redhat.com/pulp/api/v2/tasks/da417b54-e248-4049-bf56-db135381c2d9/
    body: 
      string: ""
    headers: 
      Accept-Encoding: 
      - gzip, deflate
      Authorization: 
      - OAuth oauth_consumer_key="katello", oauth_nonce="hETyLfJV5VqhBuw1XUSfXgXdf8xL4bsmfU4ZqQkAo", oauth_signature="SSa6v%2BfzHKznn%2FnFuSkguyhlbT0%3D", oauth_signature_method="HMAC-SHA1", oauth_timestamp="1353344248", oauth_version="1.0"
      Pulp-User: 
      - admin
      Content-Type: 
      - application/json
      Accept: 
      - application/json
  response: 
    status: 
      code: 200
      message: OK
    headers: 
      Content-Length: 
      - "1442"
      Server: 
      - Apache/2.2.22 (Fedora)
      Content-Type: 
      - application/json
      Date: 
      - Mon, 19 Nov 2012 16:57:28 GMT
    body: 
      string: "{\"task_group_id\": \"3b60b79b-073a-42c2-bf43-1d2dd01e74dc\", \"exception\": null, \"traceback\": null, \"_href\": \"/pulp/api/v2/tasks/da417b54-e248-4049-bf56-db135381c2d9/\", \"task_id\": \"da417b54-e248-4049-bf56-db135381c2d9\", \"call_request_tags\": [\"pulp:repository:1\", \"pulp:action:sync\"], \"reasons\": [], \"start_time\": \"2012-11-19T16:57:28Z\", \"tags\": [\"pulp:repository:1\", \"pulp:action:sync\"], \"state\": \"running\", \"finish_time\": null, \"dependency_failures\": {}, \"schedule_id\": null, \"progress\": {\"yum_importer\": {\"content\": {\"num_success\": 11, \"size_total\": 17872, \"items_left\": 0, \"items_total\": 11, \"state\": \"IN_PROGRESS\", \"size_left\": 0, \"details\": {\"tree_file\": {\"num_success\": 3, \"size_total\": 0, \"items_left\": 0, \"items_total\": 3, \"size_left\": 0, \"num_error\": 0}, \"rpm\": {\"num_success\": 8, \"size_total\": 17872, \"items_left\": 0, \"items_total\": 8, \"size_left\": 0, \"num_error\": 0}, \"delta_rpm\": {\"num_success\": 0, \"size_total\": 0, \"items_left\": 0, \"items_total\": 0, \"size_left\": 0, \"num_error\": 0}, \"file\": {\"num_success\": 0, \"size_total\": 0, \"items_left\": 0, \"items_total\": 0, \"size_left\": 0, \"num_error\": 0}}, \"error_details\": [], \"num_error\": 0}, \"comps\": {\"state\": \"NOT_STARTED\"}, \"errata\": {\"state\": \"NOT_STARTED\"}, \"metadata\": {\"state\": \"FINISHED\"}}}, \"call_request_group_id\": \"3b60b79b-073a-42c2-bf43-1d2dd01e74dc\", \"call_request_id\": \"da417b54-e248-4049-bf56-db135381c2d9\", \"principal_login\": \"admin\", \"response\": \"accepted\", \"result\": null}"
    http_version: 
  recorded_at: Mon, 19 Nov 2012 16:57:28 GMT
- request: 
    method: get
    uri: https://dhcp231-16.rdu.redhat.com/pulp/api/v2/tasks/da417b54-e248-4049-bf56-db135381c2d9/
    body: 
      string: ""
    headers: 
      Accept-Encoding: 
      - gzip, deflate
      Authorization: 
      - OAuth oauth_consumer_key="katello", oauth_nonce="y4pCWXpLqJzWv1kmMUnFlNBSrBV9FZIdMXqfBDCc", oauth_signature="8OAyxqRXaWjHDVHpSHZstSa0aH0%3D", oauth_signature_method="HMAC-SHA1", oauth_timestamp="1353344249", oauth_version="1.0"
      Pulp-User: 
      - admin
      Content-Type: 
      - application/json
      Accept: 
      - application/json
  response: 
    status: 
      code: 200
      message: OK
    headers: 
      Content-Length: 
      - "1469"
      Server: 
      - Apache/2.2.22 (Fedora)
      Content-Type: 
      - application/json
      Date: 
      - Mon, 19 Nov 2012 16:57:29 GMT
    body: 
      string: "{\"task_group_id\": \"3b60b79b-073a-42c2-bf43-1d2dd01e74dc\", \"exception\": null, \"traceback\": null, \"_href\": \"/pulp/api/v2/tasks/da417b54-e248-4049-bf56-db135381c2d9/\", \"task_id\": \"da417b54-e248-4049-bf56-db135381c2d9\", \"call_request_tags\": [\"pulp:repository:1\", \"pulp:action:sync\"], \"reasons\": [], \"start_time\": \"2012-11-19T16:57:28Z\", \"tags\": [\"pulp:repository:1\", \"pulp:action:sync\"], \"state\": \"finished\", \"finish_time\": \"2012-11-19T16:57:29Z\", \"dependency_failures\": {}, \"schedule_id\": null, \"progress\": {\"yum_importer\": {\"content\": {\"num_success\": 11, \"size_total\": 17872, \"items_left\": 0, \"items_total\": 11, \"state\": \"FINISHED\", \"size_left\": 0, \"details\": {\"tree_file\": {\"num_success\": 3, \"size_total\": 0, \"items_left\": 0, \"items_total\": 3, \"size_left\": 0, \"num_error\": 0}, \"rpm\": {\"num_success\": 8, \"size_total\": 17872, \"items_left\": 0, \"items_total\": 8, \"size_left\": 0, \"num_error\": 0}, \"delta_rpm\": {\"num_success\": 0, \"size_total\": 0, \"items_left\": 0, \"items_total\": 0, \"size_left\": 0, \"num_error\": 0}, \"file\": {\"num_success\": 0, \"size_total\": 0, \"items_left\": 0, \"items_total\": 0, \"size_left\": 0, \"num_error\": 0}}, \"error_details\": [], \"num_error\": 0}, \"comps\": {\"state\": \"FINISHED\"}, \"errata\": {\"state\": \"FINISHED\", \"num_errata\": 2}, \"metadata\": {\"state\": \"FINISHED\"}}}, \"call_request_group_id\": \"3b60b79b-073a-42c2-bf43-1d2dd01e74dc\", \"call_request_id\": \"da417b54-e248-4049-bf56-db135381c2d9\", \"principal_login\": \"admin\", \"response\": \"accepted\", \"result\": null}"
    http_version: 
  recorded_at: Mon, 19 Nov 2012 16:57:29 GMT
- request: 
    method: get
    uri: https://dhcp231-16.rdu.redhat.com/pulp/api/v2/tasks/f07d593d-cbde-45b0-938f-346fbc7d4b3b/
    body: 
      string: ""
    headers: 
      Accept-Encoding: 
      - gzip, deflate
      Authorization: 
      - OAuth oauth_consumer_key="katello", oauth_nonce="8zV8ivqGZCJcxV0uaXiYs4ZGQJ4PtYefAKfaw90WPZc", oauth_signature="NLKr0E0LQ3bIdK3xks%2B%2BztefdOg%3D", oauth_signature_method="HMAC-SHA1", oauth_timestamp="1353344251", oauth_version="1.0"
      Pulp-User: 
      - admin
      Content-Type: 
      - application/json
      Accept: 
      - application/json
  response: 
    status: 
      code: 200
      message: OK
    headers: 
      Content-Length: 
      - "853"
      Server: 
      - Apache/2.2.22 (Fedora)
      Content-Type: 
      - application/json
      Date: 
      - Mon, 19 Nov 2012 16:57:31 GMT
    body: 
      string: "{\"task_group_id\": null, \"exception\": null, \"traceback\": null, \"_href\": \"/pulp/api/v2/tasks/f07d593d-cbde-45b0-938f-346fbc7d4b3b/\", \"task_id\": \"f07d593d-cbde-45b0-938f-346fbc7d4b3b\", \"call_request_tags\": [\"pulp:repository:acme_corporation_label-staging_label-staging_label-fedora_label-fedora_17_x86_64_label\", \"pulp:repository:1\", \"pulp:action:associate\"], \"reasons\": [], \"start_time\": \"2012-11-19T16:57:31Z\", \"tags\": [\"pulp:repository:acme_corporation_label-staging_label-staging_label-fedora_label-fedora_17_x86_64_label\", \"pulp:repository:1\", \"pulp:action:associate\"], \"state\": \"finished\", \"finish_time\": \"2012-11-19T16:57:31Z\", \"dependency_failures\": {}, \"schedule_id\": null, \"progress\": {}, \"call_request_group_id\": null, \"call_request_id\": \"f07d593d-cbde-45b0-938f-346fbc7d4b3b\", \"principal_login\": \"admin\", \"response\": \"accepted\", \"result\": null}"
    http_version: 
  recorded_at: Mon, 19 Nov 2012 16:57:31 GMT
- request: 
    method: get
    uri: https://dhcp231-16.rdu.redhat.com/pulp/api/v2/tasks/e5aafc7d-700f-4ad3-bdda-197deb2556b3/
    body: 
      string: ""
    headers: 
      Accept-Encoding: 
      - gzip, deflate
      Authorization: 
      - OAuth oauth_consumer_key="katello", oauth_nonce="2NUMrTTmCLU2Bh4KBy2sclV9YZOb9MGIHykTA2RU4I", oauth_signature="UH3QciGbAen4%2FR4E7KFEw4MtOX4%3D", oauth_signature_method="HMAC-SHA1", oauth_timestamp="1353344251", oauth_version="1.0"
      Pulp-User: 
      - admin
      Content-Type: 
      - application/json
      Accept: 
      - application/json
  response: 
    status: 
      code: 200
      message: OK
    headers: 
      Content-Length: 
      - "853"
      Server: 
      - Apache/2.2.22 (Fedora)
      Content-Type: 
      - application/json
      Date: 
      - Mon, 19 Nov 2012 16:57:31 GMT
    body: 
      string: "{\"task_group_id\": null, \"exception\": null, \"traceback\": null, \"_href\": \"/pulp/api/v2/tasks/e5aafc7d-700f-4ad3-bdda-197deb2556b3/\", \"task_id\": \"e5aafc7d-700f-4ad3-bdda-197deb2556b3\", \"call_request_tags\": [\"pulp:repository:acme_corporation_label-staging_label-staging_label-fedora_label-fedora_17_x86_64_label\", \"pulp:repository:1\", \"pulp:action:associate\"], \"reasons\": [], \"start_time\": \"2012-11-19T16:57:31Z\", \"tags\": [\"pulp:repository:acme_corporation_label-staging_label-staging_label-fedora_label-fedora_17_x86_64_label\", \"pulp:repository:1\", \"pulp:action:associate\"], \"state\": \"finished\", \"finish_time\": \"2012-11-19T16:57:31Z\", \"dependency_failures\": {}, \"schedule_id\": null, \"progress\": {}, \"call_request_group_id\": null, \"call_request_id\": \"e5aafc7d-700f-4ad3-bdda-197deb2556b3\", \"principal_login\": \"admin\", \"response\": \"accepted\", \"result\": null}"
    http_version: 
  recorded_at: Mon, 19 Nov 2012 16:57:31 GMT
- request: 
    method: get
    uri: https://dhcp231-16.rdu.redhat.com/pulp/api/v2/tasks/9dd51394-af18-4e2b-bd8d-84e35276ac35/
    body: 
      string: ""
    headers: 
      Accept-Encoding: 
      - gzip, deflate
      Authorization: 
      - OAuth oauth_consumer_key="katello", oauth_nonce="BpaDyREvkVsvSEepwDvnr2HOOOG8XQTrvY4qotSov0", oauth_signature="%2FMYmC%2B%2FBztlpSwADx88yJBpl7RI%3D", oauth_signature_method="HMAC-SHA1", oauth_timestamp="1353344251", oauth_version="1.0"
      Pulp-User: 
      - admin
      Content-Type: 
      - application/json
      Accept: 
      - application/json
  response: 
    status: 
      code: 200
      message: OK
    headers: 
      Content-Length: 
      - "853"
      Server: 
      - Apache/2.2.22 (Fedora)
      Content-Type: 
      - application/json
      Date: 
      - Mon, 19 Nov 2012 16:57:32 GMT
    body: 
      string: "{\"task_group_id\": null, \"exception\": null, \"traceback\": null, \"_href\": \"/pulp/api/v2/tasks/9dd51394-af18-4e2b-bd8d-84e35276ac35/\", \"task_id\": \"9dd51394-af18-4e2b-bd8d-84e35276ac35\", \"call_request_tags\": [\"pulp:repository:acme_corporation_label-staging_label-staging_label-fedora_label-fedora_17_x86_64_label\", \"pulp:repository:1\", \"pulp:action:associate\"], \"reasons\": [], \"start_time\": \"2012-11-19T16:57:31Z\", \"tags\": [\"pulp:repository:acme_corporation_label-staging_label-staging_label-fedora_label-fedora_17_x86_64_label\", \"pulp:repository:1\", \"pulp:action:associate\"], \"state\": \"finished\", \"finish_time\": \"2012-11-19T16:57:31Z\", \"dependency_failures\": {}, \"schedule_id\": null, \"progress\": {}, \"call_request_group_id\": null, \"call_request_id\": \"9dd51394-af18-4e2b-bd8d-84e35276ac35\", \"principal_login\": \"admin\", \"response\": \"accepted\", \"result\": null}"
    http_version: 
  recorded_at: Mon, 19 Nov 2012 16:57:32 GMT
- request: 
    method: get
    uri: https://dhcp231-16.rdu.redhat.com/pulp/api/v2/tasks/bf904e97-f04a-4e01-ae69-ac2ac263d3f2/
    body: 
      string: ""
    headers: 
      Accept-Encoding: 
      - gzip, deflate
      Authorization: 
      - OAuth oauth_consumer_key="katello", oauth_nonce="Ko1eiqwco6ICLEG3QgGptnv8UybAukloIVRoUt9nw", oauth_signature="qYEp8%2BEIF96aPv16mQ%2B0z2Dsc4A%3D", oauth_signature_method="HMAC-SHA1", oauth_timestamp="1353344255", oauth_version="1.0"
      Pulp-User: 
      - admin
      Content-Type: 
      - application/json
      Accept: 
      - application/json
  response: 
    status: 
      code: 200
      message: OK
    headers: 
      Content-Length: 
      - "842"
      Server: 
      - Apache/2.2.22 (Fedora)
      Content-Type: 
      - application/json
      Date: 
      - Mon, 19 Nov 2012 16:57:35 GMT
    body: 
      string: "{\"task_group_id\": \"eb795b09-acf6-4cbe-8a43-94cbe2741073\", \"exception\": null, \"traceback\": null, \"_href\": \"/pulp/api/v2/tasks/bf904e97-f04a-4e01-ae69-ac2ac263d3f2/\", \"task_id\": \"bf904e97-f04a-4e01-ae69-ac2ac263d3f2\", \"call_request_tags\": [\"pulp:repository:1\", \"pulp:action:sync\"], \"reasons\": [], \"start_time\": \"2012-11-19T16:57:35Z\", \"tags\": [\"pulp:repository:1\", \"pulp:action:sync\"], \"state\": \"running\", \"finish_time\": null, \"dependency_failures\": {}, \"schedule_id\": null, \"progress\": {\"yum_importer\": {\"content\": {\"state\": \"NOT_STARTED\"}, \"comps\": {\"state\": \"NOT_STARTED\"}, \"errata\": {\"state\": \"NOT_STARTED\"}, \"metadata\": {\"state\": \"IN_PROGRESS\"}}}, \"call_request_group_id\": \"eb795b09-acf6-4cbe-8a43-94cbe2741073\", \"call_request_id\": \"bf904e97-f04a-4e01-ae69-ac2ac263d3f2\", \"principal_login\": \"admin\", \"response\": \"accepted\", \"result\": null}"
    http_version: 
  recorded_at: Mon, 19 Nov 2012 16:57:36 GMT
- request: 
    method: get
    uri: https://dhcp231-16.rdu.redhat.com/pulp/api/v2/tasks/bf904e97-f04a-4e01-ae69-ac2ac263d3f2/
    body: 
      string: ""
    headers: 
      Accept-Encoding: 
      - gzip, deflate
      Authorization: 
      - OAuth oauth_consumer_key="katello", oauth_nonce="Pyz7k7z9UUUh59CPiFClYhNmlW6FzjzjUQQpZopo0", oauth_signature="P1eaBcbSpdgZqoYIUSKCiAnbTSQ%3D", oauth_signature_method="HMAC-SHA1", oauth_timestamp="1353344256", oauth_version="1.0"
      Pulp-User: 
      - admin
      Content-Type: 
      - application/json
      Accept: 
      - application/json
  response: 
    status: 
      code: 200
      message: OK
    headers: 
      Content-Length: 
      - "842"
      Server: 
      - Apache/2.2.22 (Fedora)
      Content-Type: 
      - application/json
      Date: 
      - Mon, 19 Nov 2012 16:57:36 GMT
    body: 
      string: "{\"task_group_id\": \"eb795b09-acf6-4cbe-8a43-94cbe2741073\", \"exception\": null, \"traceback\": null, \"_href\": \"/pulp/api/v2/tasks/bf904e97-f04a-4e01-ae69-ac2ac263d3f2/\", \"task_id\": \"bf904e97-f04a-4e01-ae69-ac2ac263d3f2\", \"call_request_tags\": [\"pulp:repository:1\", \"pulp:action:sync\"], \"reasons\": [], \"start_time\": \"2012-11-19T16:57:35Z\", \"tags\": [\"pulp:repository:1\", \"pulp:action:sync\"], \"state\": \"running\", \"finish_time\": null, \"dependency_failures\": {}, \"schedule_id\": null, \"progress\": {\"yum_importer\": {\"content\": {\"state\": \"NOT_STARTED\"}, \"comps\": {\"state\": \"NOT_STARTED\"}, \"errata\": {\"state\": \"NOT_STARTED\"}, \"metadata\": {\"state\": \"IN_PROGRESS\"}}}, \"call_request_group_id\": \"eb795b09-acf6-4cbe-8a43-94cbe2741073\", \"call_request_id\": \"bf904e97-f04a-4e01-ae69-ac2ac263d3f2\", \"principal_login\": \"admin\", \"response\": \"accepted\", \"result\": null}"
    http_version: 
  recorded_at: Mon, 19 Nov 2012 16:57:36 GMT
- request: 
    method: get
    uri: https://dhcp231-16.rdu.redhat.com/pulp/api/v2/tasks/bf904e97-f04a-4e01-ae69-ac2ac263d3f2/
    body: 
      string: ""
    headers: 
      Accept-Encoding: 
      - gzip, deflate
      Authorization: 
      - OAuth oauth_consumer_key="katello", oauth_nonce="aaCutVoDpwS0gngabxGzwvGnlnLLZox6IJNzcKuEc", oauth_signature="6VXMdLeMci6AsYJF3zMwc7EH824%3D", oauth_signature_method="HMAC-SHA1", oauth_timestamp="1353344256", oauth_version="1.0"
      Pulp-User: 
      - admin
      Content-Type: 
      - application/json
      Accept: 
      - application/json
  response: 
    status: 
      code: 200
      message: OK
    headers: 
      Content-Length: 
      - "839"
      Server: 
      - Apache/2.2.22 (Fedora)
      Content-Type: 
      - application/json
      Date: 
      - Mon, 19 Nov 2012 16:57:36 GMT
    body: 
      string: "{\"task_group_id\": \"eb795b09-acf6-4cbe-8a43-94cbe2741073\", \"exception\": null, \"traceback\": null, \"_href\": \"/pulp/api/v2/tasks/bf904e97-f04a-4e01-ae69-ac2ac263d3f2/\", \"task_id\": \"bf904e97-f04a-4e01-ae69-ac2ac263d3f2\", \"call_request_tags\": [\"pulp:repository:1\", \"pulp:action:sync\"], \"reasons\": [], \"start_time\": \"2012-11-19T16:57:35Z\", \"tags\": [\"pulp:repository:1\", \"pulp:action:sync\"], \"state\": \"running\", \"finish_time\": null, \"dependency_failures\": {}, \"schedule_id\": null, \"progress\": {\"yum_importer\": {\"content\": {\"state\": \"NOT_STARTED\"}, \"comps\": {\"state\": \"NOT_STARTED\"}, \"errata\": {\"state\": \"NOT_STARTED\"}, \"metadata\": {\"state\": \"FINISHED\"}}}, \"call_request_group_id\": \"eb795b09-acf6-4cbe-8a43-94cbe2741073\", \"call_request_id\": \"bf904e97-f04a-4e01-ae69-ac2ac263d3f2\", \"principal_login\": \"admin\", \"response\": \"accepted\", \"result\": null}"
    http_version: 
  recorded_at: Mon, 19 Nov 2012 16:57:36 GMT
- request: 
    method: get
    uri: https://dhcp231-16.rdu.redhat.com/pulp/api/v2/tasks/bf904e97-f04a-4e01-ae69-ac2ac263d3f2/
    body: 
      string: ""
    headers: 
      Accept-Encoding: 
      - gzip, deflate
      Authorization: 
      - OAuth oauth_consumer_key="katello", oauth_nonce="1kVJGmmSSB3ecr8HjJPgC2ag321ZnqNfkTfKoAhypXg", oauth_signature="NpxU4DUQChmSAh%2FYccmqN0KJVTg%3D", oauth_signature_method="HMAC-SHA1", oauth_timestamp="1353344256", oauth_version="1.0"
      Pulp-User: 
      - admin
      Content-Type: 
      - application/json
      Accept: 
      - application/json
  response: 
    status: 
      code: 200
      message: OK
    headers: 
      Content-Length: 
      - "1450"
      Server: 
      - Apache/2.2.22 (Fedora)
      Content-Type: 
      - application/json
      Date: 
      - Mon, 19 Nov 2012 16:57:36 GMT
    body: 
      string: "{\"task_group_id\": \"eb795b09-acf6-4cbe-8a43-94cbe2741073\", \"exception\": null, \"traceback\": null, \"_href\": \"/pulp/api/v2/tasks/bf904e97-f04a-4e01-ae69-ac2ac263d3f2/\", \"task_id\": \"bf904e97-f04a-4e01-ae69-ac2ac263d3f2\", \"call_request_tags\": [\"pulp:repository:1\", \"pulp:action:sync\"], \"reasons\": [], \"start_time\": \"2012-11-19T16:57:35Z\", \"tags\": [\"pulp:repository:1\", \"pulp:action:sync\"], \"state\": \"running\", \"finish_time\": null, \"dependency_failures\": {}, \"schedule_id\": null, \"progress\": {\"yum_importer\": {\"content\": {\"num_success\": 0, \"size_total\": 17872, \"items_left\": 11, \"items_total\": 11, \"state\": \"IN_PROGRESS\", \"size_left\": 17872, \"details\": {\"tree_file\": {\"num_success\": 0, \"size_total\": 0, \"items_left\": 3, \"items_total\": 3, \"size_left\": 0, \"num_error\": 0}, \"rpm\": {\"num_success\": 0, \"size_total\": 17872, \"items_left\": 8, \"items_total\": 8, \"size_left\": 17872, \"num_error\": 0}, \"delta_rpm\": {\"num_success\": 0, \"size_total\": 0, \"items_left\": 0, \"items_total\": 0, \"size_left\": 0, \"num_error\": 0}, \"file\": {\"num_success\": 0, \"size_total\": 0, \"items_left\": 0, \"items_total\": 0, \"size_left\": 0, \"num_error\": 0}}, \"error_details\": [], \"num_error\": 0}, \"comps\": {\"state\": \"NOT_STARTED\"}, \"errata\": {\"state\": \"NOT_STARTED\"}, \"metadata\": {\"state\": \"FINISHED\"}}}, \"call_request_group_id\": \"eb795b09-acf6-4cbe-8a43-94cbe2741073\", \"call_request_id\": \"bf904e97-f04a-4e01-ae69-ac2ac263d3f2\", \"principal_login\": \"admin\", \"response\": \"accepted\", \"result\": null}"
    http_version: 
  recorded_at: Mon, 19 Nov 2012 16:57:36 GMT
- request: 
    method: get
    uri: https://dhcp231-16.rdu.redhat.com/pulp/api/v2/tasks/bf904e97-f04a-4e01-ae69-ac2ac263d3f2/
    body: 
      string: ""
    headers: 
      Accept-Encoding: 
      - gzip, deflate
      Authorization: 
      - OAuth oauth_consumer_key="katello", oauth_nonce="nZE1aclKBa1O39Miy7elAJjdB6MmQNJroHLyhSEI990", oauth_signature="Cg%2B3y%2BKiI%2B%2F1FaAqkIPGPFNj4fc%3D", oauth_signature_method="HMAC-SHA1", oauth_timestamp="1353344256", oauth_version="1.0"
      Pulp-User: 
      - admin
      Content-Type: 
      - application/json
      Accept: 
      - application/json
  response: 
    status: 
      code: 200
      message: OK
    headers: 
      Content-Length: 
      - "1442"
      Server: 
      - Apache/2.2.22 (Fedora)
      Content-Type: 
      - application/json
      Date: 
      - Mon, 19 Nov 2012 16:57:36 GMT
    body: 
      string: "{\"task_group_id\": \"eb795b09-acf6-4cbe-8a43-94cbe2741073\", \"exception\": null, \"traceback\": null, \"_href\": \"/pulp/api/v2/tasks/bf904e97-f04a-4e01-ae69-ac2ac263d3f2/\", \"task_id\": \"bf904e97-f04a-4e01-ae69-ac2ac263d3f2\", \"call_request_tags\": [\"pulp:repository:1\", \"pulp:action:sync\"], \"reasons\": [], \"start_time\": \"2012-11-19T16:57:35Z\", \"tags\": [\"pulp:repository:1\", \"pulp:action:sync\"], \"state\": \"running\", \"finish_time\": null, \"dependency_failures\": {}, \"schedule_id\": null, \"progress\": {\"yum_importer\": {\"content\": {\"num_success\": 11, \"size_total\": 17872, \"items_left\": 0, \"items_total\": 11, \"state\": \"IN_PROGRESS\", \"size_left\": 0, \"details\": {\"tree_file\": {\"num_success\": 3, \"size_total\": 0, \"items_left\": 0, \"items_total\": 3, \"size_left\": 0, \"num_error\": 0}, \"rpm\": {\"num_success\": 8, \"size_total\": 17872, \"items_left\": 0, \"items_total\": 8, \"size_left\": 0, \"num_error\": 0}, \"delta_rpm\": {\"num_success\": 0, \"size_total\": 0, \"items_left\": 0, \"items_total\": 0, \"size_left\": 0, \"num_error\": 0}, \"file\": {\"num_success\": 0, \"size_total\": 0, \"items_left\": 0, \"items_total\": 0, \"size_left\": 0, \"num_error\": 0}}, \"error_details\": [], \"num_error\": 0}, \"comps\": {\"state\": \"NOT_STARTED\"}, \"errata\": {\"state\": \"NOT_STARTED\"}, \"metadata\": {\"state\": \"FINISHED\"}}}, \"call_request_group_id\": \"eb795b09-acf6-4cbe-8a43-94cbe2741073\", \"call_request_id\": \"bf904e97-f04a-4e01-ae69-ac2ac263d3f2\", \"principal_login\": \"admin\", \"response\": \"accepted\", \"result\": null}"
    http_version: 
  recorded_at: Mon, 19 Nov 2012 16:57:36 GMT
- request: 
    method: get
    uri: https://dhcp231-16.rdu.redhat.com/pulp/api/v2/tasks/bf904e97-f04a-4e01-ae69-ac2ac263d3f2/
    body: 
      string: ""
    headers: 
      Accept-Encoding: 
      - gzip, deflate
      Authorization: 
      - OAuth oauth_consumer_key="katello", oauth_nonce="heHTmzHisEdIwSh0IxDE64576c2GrqJoDFhPtqaA", oauth_signature="BvsjGadrcX%2FoG0t0ChetRRx3prs%3D", oauth_signature_method="HMAC-SHA1", oauth_timestamp="1353344257", oauth_version="1.0"
      Pulp-User: 
      - admin
      Content-Type: 
      - application/json
      Accept: 
      - application/json
  response: 
    status: 
      code: 200
      message: OK
    headers: 
      Content-Length: 
      - "1453"
      Server: 
      - Apache/2.2.22 (Fedora)
      Content-Type: 
      - application/json
      Date: 
      - Mon, 19 Nov 2012 16:57:37 GMT
    body: 
      string: "{\"task_group_id\": \"eb795b09-acf6-4cbe-8a43-94cbe2741073\", \"exception\": null, \"traceback\": null, \"_href\": \"/pulp/api/v2/tasks/bf904e97-f04a-4e01-ae69-ac2ac263d3f2/\", \"task_id\": \"bf904e97-f04a-4e01-ae69-ac2ac263d3f2\", \"call_request_tags\": [\"pulp:repository:1\", \"pulp:action:sync\"], \"reasons\": [], \"start_time\": \"2012-11-19T16:57:35Z\", \"tags\": [\"pulp:repository:1\", \"pulp:action:sync\"], \"state\": \"running\", \"finish_time\": null, \"dependency_failures\": {}, \"schedule_id\": null, \"progress\": {\"yum_importer\": {\"content\": {\"num_success\": 11, \"size_total\": 17872, \"items_left\": 0, \"items_total\": 11, \"state\": \"FINISHED\", \"size_left\": 0, \"details\": {\"tree_file\": {\"num_success\": 3, \"size_total\": 0, \"items_left\": 0, \"items_total\": 3, \"size_left\": 0, \"num_error\": 0}, \"rpm\": {\"num_success\": 8, \"size_total\": 17872, \"items_left\": 0, \"items_total\": 8, \"size_left\": 0, \"num_error\": 0}, \"delta_rpm\": {\"num_success\": 0, \"size_total\": 0, \"items_left\": 0, \"items_total\": 0, \"size_left\": 0, \"num_error\": 0}, \"file\": {\"num_success\": 0, \"size_total\": 0, \"items_left\": 0, \"items_total\": 0, \"size_left\": 0, \"num_error\": 0}}, \"error_details\": [], \"num_error\": 0}, \"comps\": {\"state\": \"IN_PROGRESS\"}, \"errata\": {\"state\": \"FINISHED\", \"num_errata\": 2}, \"metadata\": {\"state\": \"FINISHED\"}}}, \"call_request_group_id\": \"eb795b09-acf6-4cbe-8a43-94cbe2741073\", \"call_request_id\": \"bf904e97-f04a-4e01-ae69-ac2ac263d3f2\", \"principal_login\": \"admin\", \"response\": \"accepted\", \"result\": null}"
    http_version: 
  recorded_at: Mon, 19 Nov 2012 16:57:37 GMT
- request: 
    method: get
    uri: https://dhcp231-16.rdu.redhat.com/pulp/api/v2/tasks/bf904e97-f04a-4e01-ae69-ac2ac263d3f2/
    body: 
      string: ""
    headers: 
      Accept-Encoding: 
      - gzip, deflate
      Authorization: 
      - OAuth oauth_consumer_key="katello", oauth_nonce="TFaviAOqYybKnOy3qwtiZhWzjSYSXc7SsajC8JwPI", oauth_signature="zgLU60O%2F79fRBe%2FZy6idvZLTVzM%3D", oauth_signature_method="HMAC-SHA1", oauth_timestamp="1353344257", oauth_version="1.0"
      Pulp-User: 
      - admin
      Content-Type: 
      - application/json
      Accept: 
      - application/json
  response: 
    status: 
      code: 200
      message: OK
    headers: 
      Content-Length: 
      - "1469"
      Server: 
      - Apache/2.2.22 (Fedora)
      Content-Type: 
      - application/json
      Date: 
      - Mon, 19 Nov 2012 16:57:37 GMT
    body: 
      string: "{\"task_group_id\": \"eb795b09-acf6-4cbe-8a43-94cbe2741073\", \"exception\": null, \"traceback\": null, \"_href\": \"/pulp/api/v2/tasks/bf904e97-f04a-4e01-ae69-ac2ac263d3f2/\", \"task_id\": \"bf904e97-f04a-4e01-ae69-ac2ac263d3f2\", \"call_request_tags\": [\"pulp:repository:1\", \"pulp:action:sync\"], \"reasons\": [], \"start_time\": \"2012-11-19T16:57:35Z\", \"tags\": [\"pulp:repository:1\", \"pulp:action:sync\"], \"state\": \"finished\", \"finish_time\": \"2012-11-19T16:57:37Z\", \"dependency_failures\": {}, \"schedule_id\": null, \"progress\": {\"yum_importer\": {\"content\": {\"num_success\": 11, \"size_total\": 17872, \"items_left\": 0, \"items_total\": 11, \"state\": \"FINISHED\", \"size_left\": 0, \"details\": {\"tree_file\": {\"num_success\": 3, \"size_total\": 0, \"items_left\": 0, \"items_total\": 3, \"size_left\": 0, \"num_error\": 0}, \"rpm\": {\"num_success\": 8, \"size_total\": 17872, \"items_left\": 0, \"items_total\": 8, \"size_left\": 0, \"num_error\": 0}, \"delta_rpm\": {\"num_success\": 0, \"size_total\": 0, \"items_left\": 0, \"items_total\": 0, \"size_left\": 0, \"num_error\": 0}, \"file\": {\"num_success\": 0, \"size_total\": 0, \"items_left\": 0, \"items_total\": 0, \"size_left\": 0, \"num_error\": 0}}, \"error_details\": [], \"num_error\": 0}, \"comps\": {\"state\": \"FINISHED\"}, \"errata\": {\"state\": \"FINISHED\", \"num_errata\": 2}, \"metadata\": {\"state\": \"FINISHED\"}}}, \"call_request_group_id\": \"eb795b09-acf6-4cbe-8a43-94cbe2741073\", \"call_request_id\": \"bf904e97-f04a-4e01-ae69-ac2ac263d3f2\", \"principal_login\": \"admin\", \"response\": \"accepted\", \"result\": null}"
    http_version: 
  recorded_at: Mon, 19 Nov 2012 16:57:37 GMT
- request: 
    method: get
    uri: https://dhcp231-16.rdu.redhat.com/pulp/api/v2/tasks/138b1ed7-c554-4ba4-894c-27a76513cc8b/
    body: 
      string: ""
    headers: 
      Accept-Encoding: 
      - gzip, deflate
      Authorization: 
      - OAuth oauth_consumer_key="katello", oauth_nonce="yTohJuTqA4UxaoKQPbEtrWzyAxrZmV9huXEVVPgkvo", oauth_signature="a8oviHqNLBZGW0%2FLLG9lfK748q8%3D", oauth_signature_method="HMAC-SHA1", oauth_timestamp="1353344261", oauth_version="1.0"
      Pulp-User: 
      - admin
      Content-Type: 
      - application/json
      Accept: 
      - application/json
  response: 
    status: 
      code: 200
      message: OK
    headers: 
      Content-Length: 
      - "853"
      Server: 
      - Apache/2.2.22 (Fedora)
      Content-Type: 
      - application/json
      Date: 
      - Mon, 19 Nov 2012 16:57:41 GMT
    body: 
      string: "{\"task_group_id\": null, \"exception\": null, \"traceback\": null, \"_href\": \"/pulp/api/v2/tasks/138b1ed7-c554-4ba4-894c-27a76513cc8b/\", \"task_id\": \"138b1ed7-c554-4ba4-894c-27a76513cc8b\", \"call_request_tags\": [\"pulp:repository:acme_corporation_label-staging_label-staging_label-fedora_label-fedora_17_x86_64_label\", \"pulp:repository:1\", \"pulp:action:associate\"], \"reasons\": [], \"start_time\": \"2012-11-19T16:57:40Z\", \"tags\": [\"pulp:repository:acme_corporation_label-staging_label-staging_label-fedora_label-fedora_17_x86_64_label\", \"pulp:repository:1\", \"pulp:action:associate\"], \"state\": \"finished\", \"finish_time\": \"2012-11-19T16:57:40Z\", \"dependency_failures\": {}, \"schedule_id\": null, \"progress\": {}, \"call_request_group_id\": null, \"call_request_id\": \"138b1ed7-c554-4ba4-894c-27a76513cc8b\", \"principal_login\": \"admin\", \"response\": \"accepted\", \"result\": null}"
    http_version: 
  recorded_at: Mon, 19 Nov 2012 16:57:41 GMT
- request: 
    method: get
    uri: https://dhcp231-16.rdu.redhat.com/pulp/api/v2/tasks/883b6361-ee03-49f8-951b-f8522938c1a9/
    body: 
      string: ""
    headers: 
      Accept-Encoding: 
      - gzip, deflate
      Authorization: 
      - OAuth oauth_consumer_key="katello", oauth_nonce="g8Wtbxz8mKTFimG45tZA2YMJTs4ntAQxknrlZPBP7Dg", oauth_signature="2h3UtbZGp5G5xNoFJQdPcwRf0Ok%3D", oauth_signature_method="HMAC-SHA1", oauth_timestamp="1353344261", oauth_version="1.0"
      Pulp-User: 
      - admin
      Content-Type: 
      - application/json
      Accept: 
      - application/json
  response: 
    status: 
      code: 200
      message: OK
    headers: 
      Content-Length: 
      - "853"
      Server: 
      - Apache/2.2.22 (Fedora)
      Content-Type: 
      - application/json
      Date: 
      - Mon, 19 Nov 2012 16:57:41 GMT
    body: 
      string: "{\"task_group_id\": null, \"exception\": null, \"traceback\": null, \"_href\": \"/pulp/api/v2/tasks/883b6361-ee03-49f8-951b-f8522938c1a9/\", \"task_id\": \"883b6361-ee03-49f8-951b-f8522938c1a9\", \"call_request_tags\": [\"pulp:repository:acme_corporation_label-staging_label-staging_label-fedora_label-fedora_17_x86_64_label\", \"pulp:repository:1\", \"pulp:action:associate\"], \"reasons\": [], \"start_time\": \"2012-11-19T16:57:41Z\", \"tags\": [\"pulp:repository:acme_corporation_label-staging_label-staging_label-fedora_label-fedora_17_x86_64_label\", \"pulp:repository:1\", \"pulp:action:associate\"], \"state\": \"finished\", \"finish_time\": \"2012-11-19T16:57:41Z\", \"dependency_failures\": {}, \"schedule_id\": null, \"progress\": {}, \"call_request_group_id\": null, \"call_request_id\": \"883b6361-ee03-49f8-951b-f8522938c1a9\", \"principal_login\": \"admin\", \"response\": \"accepted\", \"result\": null}"
    http_version: 
  recorded_at: Mon, 19 Nov 2012 16:57:41 GMT
- request: 
    method: get
    uri: https://dhcp231-16.rdu.redhat.com/pulp/api/v2/tasks/8d74ca19-c893-42d0-aff3-0409f38a6e19/
    body: 
      string: ""
    headers: 
      Accept-Encoding: 
      - gzip, deflate
      Authorization: 
      - OAuth oauth_consumer_key="katello", oauth_nonce="5Quq1j5HQt0Vuq7Qmh5D1fi3ea0ypX3zEywVRN6LY", oauth_signature="YQkjk1%2BXBSLvOFUB995l3ftDqyc%3D", oauth_signature_method="HMAC-SHA1", oauth_timestamp="1353344261", oauth_version="1.0"
      Pulp-User: 
      - admin
      Content-Type: 
      - application/json
      Accept: 
      - application/json
  response: 
    status: 
      code: 200
      message: OK
    headers: 
      Content-Length: 
      - "853"
      Server: 
      - Apache/2.2.22 (Fedora)
      Content-Type: 
      - application/json
      Date: 
      - Mon, 19 Nov 2012 16:57:41 GMT
    body: 
      string: "{\"task_group_id\": null, \"exception\": null, \"traceback\": null, \"_href\": \"/pulp/api/v2/tasks/8d74ca19-c893-42d0-aff3-0409f38a6e19/\", \"task_id\": \"8d74ca19-c893-42d0-aff3-0409f38a6e19\", \"call_request_tags\": [\"pulp:repository:acme_corporation_label-staging_label-staging_label-fedora_label-fedora_17_x86_64_label\", \"pulp:repository:1\", \"pulp:action:associate\"], \"reasons\": [], \"start_time\": \"2012-11-19T16:57:41Z\", \"tags\": [\"pulp:repository:acme_corporation_label-staging_label-staging_label-fedora_label-fedora_17_x86_64_label\", \"pulp:repository:1\", \"pulp:action:associate\"], \"state\": \"finished\", \"finish_time\": \"2012-11-19T16:57:41Z\", \"dependency_failures\": {}, \"schedule_id\": null, \"progress\": {}, \"call_request_group_id\": null, \"call_request_id\": \"8d74ca19-c893-42d0-aff3-0409f38a6e19\", \"principal_login\": \"admin\", \"response\": \"accepted\", \"result\": null}"
    http_version: 
  recorded_at: Mon, 19 Nov 2012 16:57:41 GMT
- request: 
    method: get
    uri: https://dhcp231-16.rdu.redhat.com/pulp/api/v2/tasks/83f684ab-e79e-4136-b64b-d66f2161a43f/
    body: 
      string: ""
    headers: 
      Accept-Encoding: 
      - gzip, deflate
      Authorization: 
      - OAuth oauth_consumer_key="katello", oauth_nonce="fdw4uNaK9N7iV9HivxTBkVgG2WpafYmaqHxV1axWd3o", oauth_signature="J1M44G304q%2FRpX4AxR85V0A%2F%2FhY%3D", oauth_signature_method="HMAC-SHA1", oauth_timestamp="1353344269", oauth_version="1.0"
      Pulp-User: 
      - admin
      Content-Type: 
      - application/json
      Accept: 
      - application/json
  response: 
    status: 
      code: 200
      message: OK
    headers: 
      Content-Length: 
      - "683"
      Server: 
      - Apache/2.2.22 (Fedora)
      Content-Type: 
      - application/json
      Date: 
      - Mon, 19 Nov 2012 16:57:49 GMT
    body: 
      string: "{\"task_group_id\": null, \"exception\": null, \"traceback\": null, \"_href\": \"/pulp/api/v2/tasks/83f684ab-e79e-4136-b64b-d66f2161a43f/\", \"task_id\": \"83f684ab-e79e-4136-b64b-d66f2161a43f\", \"call_request_tags\": [\"pulp:repository:2\", \"pulp:repository:1\", \"pulp:action:associate\"], \"reasons\": [], \"start_time\": \"2012-11-19T16:57:48Z\", \"tags\": [\"pulp:repository:2\", \"pulp:repository:1\", \"pulp:action:associate\"], \"state\": \"finished\", \"finish_time\": \"2012-11-19T16:57:48Z\", \"dependency_failures\": {}, \"schedule_id\": null, \"progress\": {}, \"call_request_group_id\": null, \"call_request_id\": \"83f684ab-e79e-4136-b64b-d66f2161a43f\", \"principal_login\": \"admin\", \"response\": \"accepted\", \"result\": null}"
    http_version: 
  recorded_at: Mon, 19 Nov 2012 16:57:49 GMT
- request: 
    method: get
    uri: https://dhcp231-16.rdu.redhat.com/pulp/api/v2/tasks/675dd754-cc4c-486a-b50c-4986487c4386/
    body: 
      string: ""
    headers: 
      Accept-Encoding: 
      - gzip, deflate
      Authorization: 
      - OAuth oauth_consumer_key="katello", oauth_nonce="dthNCcI44bG0znYnQW0IEgYqDiFsQBYbDGurzDh9k", oauth_signature="ZBRKfdmy%2B25QNYis9qntaBa%2BP3k%3D", oauth_signature_method="HMAC-SHA1", oauth_timestamp="1353344269", oauth_version="1.0"
      Pulp-User: 
      - admin
      Content-Type: 
      - application/json
      Accept: 
      - application/json
  response: 
    status: 
      code: 200
      message: OK
    headers: 
      Content-Length: 
      - "683"
      Server: 
      - Apache/2.2.22 (Fedora)
      Content-Type: 
      - application/json
      Date: 
      - Mon, 19 Nov 2012 16:57:49 GMT
    body: 
      string: "{\"task_group_id\": null, \"exception\": null, \"traceback\": null, \"_href\": \"/pulp/api/v2/tasks/675dd754-cc4c-486a-b50c-4986487c4386/\", \"task_id\": \"675dd754-cc4c-486a-b50c-4986487c4386\", \"call_request_tags\": [\"pulp:repository:2\", \"pulp:repository:1\", \"pulp:action:associate\"], \"reasons\": [], \"start_time\": \"2012-11-19T16:57:49Z\", \"tags\": [\"pulp:repository:2\", \"pulp:repository:1\", \"pulp:action:associate\"], \"state\": \"finished\", \"finish_time\": \"2012-11-19T16:57:49Z\", \"dependency_failures\": {}, \"schedule_id\": null, \"progress\": {}, \"call_request_group_id\": null, \"call_request_id\": \"675dd754-cc4c-486a-b50c-4986487c4386\", \"principal_login\": \"admin\", \"response\": \"accepted\", \"result\": null}"
    http_version: 
  recorded_at: Mon, 19 Nov 2012 16:57:49 GMT
- request: 
    method: get
    uri: https://dhcp231-16.rdu.redhat.com/pulp/api/v2/tasks/84c863aa-10c6-4e15-ad98-310c5b3ac2ef/
    body: 
      string: ""
    headers: 
      Accept-Encoding: 
      - gzip, deflate
      Authorization: 
      - OAuth oauth_consumer_key="katello", oauth_nonce="P9L1JI4iGGYPsNwHx6gE3ha6VorJTvaZl5J1nfTdEo", oauth_signature="YtX6LrBNoDxrxGBLk8AYk6fKXPA%3D", oauth_signature_method="HMAC-SHA1", oauth_timestamp="1353344269", oauth_version="1.0"
      Pulp-User: 
      - admin
      Content-Type: 
      - application/json
      Accept: 
      - application/json
  response: 
    status: 
      code: 200
      message: OK
    headers: 
      Content-Length: 
      - "683"
      Server: 
      - Apache/2.2.22 (Fedora)
      Content-Type: 
      - application/json
      Date: 
      - Mon, 19 Nov 2012 16:57:49 GMT
    body: 
      string: "{\"task_group_id\": null, \"exception\": null, \"traceback\": null, \"_href\": \"/pulp/api/v2/tasks/84c863aa-10c6-4e15-ad98-310c5b3ac2ef/\", \"task_id\": \"84c863aa-10c6-4e15-ad98-310c5b3ac2ef\", \"call_request_tags\": [\"pulp:repository:2\", \"pulp:repository:1\", \"pulp:action:associate\"], \"reasons\": [], \"start_time\": \"2012-11-19T16:57:49Z\", \"tags\": [\"pulp:repository:2\", \"pulp:repository:1\", \"pulp:action:associate\"], \"state\": \"finished\", \"finish_time\": \"2012-11-19T16:57:49Z\", \"dependency_failures\": {}, \"schedule_id\": null, \"progress\": {}, \"call_request_group_id\": null, \"call_request_id\": \"84c863aa-10c6-4e15-ad98-310c5b3ac2ef\", \"principal_login\": \"admin\", \"response\": \"accepted\", \"result\": null}"
    http_version: 
  recorded_at: Mon, 19 Nov 2012 16:57:49 GMT
- request: 
    method: get
    uri: https://dhcp231-16.rdu.redhat.com/pulp/api/v2/tasks/5edfd7b0-1f1d-4ba8-8bd0-4d6282b9d423/
    body: 
      string: ""
    headers: 
      Accept-Encoding: 
      - gzip, deflate
      Authorization: 
      - OAuth oauth_consumer_key="katello", oauth_nonce="WE1NtTB4ULuCWhN5aEsGFuahAcVoDCMR5zmeOYaok", oauth_signature="liHN3fUhYcwIlY5tZ7JAB7efsHA%3D", oauth_signature_method="HMAC-SHA1", oauth_timestamp="1353344273", oauth_version="1.0"
      Pulp-User: 
      - admin
      Content-Type: 
      - application/json
      Accept: 
      - application/json
  response: 
    status: 
      code: 200
      message: OK
    headers: 
      Content-Length: 
      - "842"
      Server: 
      - Apache/2.2.22 (Fedora)
      Content-Type: 
      - application/json
      Date: 
      - Mon, 19 Nov 2012 16:57:53 GMT
    body: 
      string: "{\"task_group_id\": \"8ab9a127-c7a8-4a00-a6da-6922d7271baa\", \"exception\": null, \"traceback\": null, \"_href\": \"/pulp/api/v2/tasks/5edfd7b0-1f1d-4ba8-8bd0-4d6282b9d423/\", \"task_id\": \"5edfd7b0-1f1d-4ba8-8bd0-4d6282b9d423\", \"call_request_tags\": [\"pulp:repository:1\", \"pulp:action:sync\"], \"reasons\": [], \"start_time\": \"2012-11-19T16:57:53Z\", \"tags\": [\"pulp:repository:1\", \"pulp:action:sync\"], \"state\": \"running\", \"finish_time\": null, \"dependency_failures\": {}, \"schedule_id\": null, \"progress\": {\"yum_importer\": {\"content\": {\"state\": \"NOT_STARTED\"}, \"comps\": {\"state\": \"NOT_STARTED\"}, \"errata\": {\"state\": \"NOT_STARTED\"}, \"metadata\": {\"state\": \"IN_PROGRESS\"}}}, \"call_request_group_id\": \"8ab9a127-c7a8-4a00-a6da-6922d7271baa\", \"call_request_id\": \"5edfd7b0-1f1d-4ba8-8bd0-4d6282b9d423\", \"principal_login\": \"admin\", \"response\": \"accepted\", \"result\": null}"
    http_version: 
  recorded_at: Mon, 19 Nov 2012 16:57:53 GMT
- request: 
    method: get
    uri: https://dhcp231-16.rdu.redhat.com/pulp/api/v2/tasks/5edfd7b0-1f1d-4ba8-8bd0-4d6282b9d423/
    body: 
      string: ""
    headers: 
      Accept-Encoding: 
      - gzip, deflate
      Authorization: 
      - OAuth oauth_consumer_key="katello", oauth_nonce="xHpIF9aJY5OQZkhYwLTtp8ExRywppwAg8wtkAqHurOI", oauth_signature="qPRh064aarzrjK53SkR62HlJIZE%3D", oauth_signature_method="HMAC-SHA1", oauth_timestamp="1353344273", oauth_version="1.0"
      Pulp-User: 
      - admin
      Content-Type: 
      - application/json
      Accept: 
      - application/json
  response: 
    status: 
      code: 200
      message: OK
    headers: 
      Content-Length: 
      - "842"
      Server: 
      - Apache/2.2.22 (Fedora)
      Content-Type: 
      - application/json
      Date: 
      - Mon, 19 Nov 2012 16:57:53 GMT
    body: 
      string: "{\"task_group_id\": \"8ab9a127-c7a8-4a00-a6da-6922d7271baa\", \"exception\": null, \"traceback\": null, \"_href\": \"/pulp/api/v2/tasks/5edfd7b0-1f1d-4ba8-8bd0-4d6282b9d423/\", \"task_id\": \"5edfd7b0-1f1d-4ba8-8bd0-4d6282b9d423\", \"call_request_tags\": [\"pulp:repository:1\", \"pulp:action:sync\"], \"reasons\": [], \"start_time\": \"2012-11-19T16:57:53Z\", \"tags\": [\"pulp:repository:1\", \"pulp:action:sync\"], \"state\": \"running\", \"finish_time\": null, \"dependency_failures\": {}, \"schedule_id\": null, \"progress\": {\"yum_importer\": {\"content\": {\"state\": \"NOT_STARTED\"}, \"comps\": {\"state\": \"NOT_STARTED\"}, \"errata\": {\"state\": \"NOT_STARTED\"}, \"metadata\": {\"state\": \"IN_PROGRESS\"}}}, \"call_request_group_id\": \"8ab9a127-c7a8-4a00-a6da-6922d7271baa\", \"call_request_id\": \"5edfd7b0-1f1d-4ba8-8bd0-4d6282b9d423\", \"principal_login\": \"admin\", \"response\": \"accepted\", \"result\": null}"
    http_version: 
  recorded_at: Mon, 19 Nov 2012 16:57:53 GMT
- request: 
    method: get
    uri: https://dhcp231-16.rdu.redhat.com/pulp/api/v2/tasks/5edfd7b0-1f1d-4ba8-8bd0-4d6282b9d423/
    body: 
      string: ""
    headers: 
      Accept-Encoding: 
      - gzip, deflate
      Authorization: 
      - OAuth oauth_consumer_key="katello", oauth_nonce="zQBNvtBb41RZxGdPiT6vNanX1uxmBdgTM2IHfZaV0", oauth_signature="2NBeoyWUc%2BqXSd3ftQJJ6u36L44%3D", oauth_signature_method="HMAC-SHA1", oauth_timestamp="1353344274", oauth_version="1.0"
      Pulp-User: 
      - admin
      Content-Type: 
      - application/json
      Accept: 
      - application/json
  response: 
    status: 
      code: 200
      message: OK
    headers: 
      Content-Length: 
      - "839"
      Server: 
      - Apache/2.2.22 (Fedora)
      Content-Type: 
      - application/json
      Date: 
      - Mon, 19 Nov 2012 16:57:54 GMT
    body: 
      string: "{\"task_group_id\": \"8ab9a127-c7a8-4a00-a6da-6922d7271baa\", \"exception\": null, \"traceback\": null, \"_href\": \"/pulp/api/v2/tasks/5edfd7b0-1f1d-4ba8-8bd0-4d6282b9d423/\", \"task_id\": \"5edfd7b0-1f1d-4ba8-8bd0-4d6282b9d423\", \"call_request_tags\": [\"pulp:repository:1\", \"pulp:action:sync\"], \"reasons\": [], \"start_time\": \"2012-11-19T16:57:53Z\", \"tags\": [\"pulp:repository:1\", \"pulp:action:sync\"], \"state\": \"running\", \"finish_time\": null, \"dependency_failures\": {}, \"schedule_id\": null, \"progress\": {\"yum_importer\": {\"content\": {\"state\": \"NOT_STARTED\"}, \"comps\": {\"state\": \"NOT_STARTED\"}, \"errata\": {\"state\": \"NOT_STARTED\"}, \"metadata\": {\"state\": \"FINISHED\"}}}, \"call_request_group_id\": \"8ab9a127-c7a8-4a00-a6da-6922d7271baa\", \"call_request_id\": \"5edfd7b0-1f1d-4ba8-8bd0-4d6282b9d423\", \"principal_login\": \"admin\", \"response\": \"accepted\", \"result\": null}"
    http_version: 
  recorded_at: Mon, 19 Nov 2012 16:57:54 GMT
- request: 
    method: get
    uri: https://dhcp231-16.rdu.redhat.com/pulp/api/v2/tasks/5edfd7b0-1f1d-4ba8-8bd0-4d6282b9d423/
    body: 
      string: ""
    headers: 
      Accept-Encoding: 
      - gzip, deflate
      Authorization: 
      - OAuth oauth_consumer_key="katello", oauth_nonce="D6E6BDkn9323Nr3Ol17F87XoQADsFWFWZOMEjJYSRVQ", oauth_signature="F9uEjD69OOnD9TtkQtSwGfo%2BUzE%3D", oauth_signature_method="HMAC-SHA1", oauth_timestamp="1353344274", oauth_version="1.0"
      Pulp-User: 
      - admin
      Content-Type: 
      - application/json
      Accept: 
      - application/json
  response: 
    status: 
      code: 200
      message: OK
    headers: 
      Content-Length: 
      - "1442"
      Server: 
      - Apache/2.2.22 (Fedora)
      Content-Type: 
      - application/json
      Date: 
      - Mon, 19 Nov 2012 16:57:54 GMT
    body: 
      string: "{\"task_group_id\": \"8ab9a127-c7a8-4a00-a6da-6922d7271baa\", \"exception\": null, \"traceback\": null, \"_href\": \"/pulp/api/v2/tasks/5edfd7b0-1f1d-4ba8-8bd0-4d6282b9d423/\", \"task_id\": \"5edfd7b0-1f1d-4ba8-8bd0-4d6282b9d423\", \"call_request_tags\": [\"pulp:repository:1\", \"pulp:action:sync\"], \"reasons\": [], \"start_time\": \"2012-11-19T16:57:53Z\", \"tags\": [\"pulp:repository:1\", \"pulp:action:sync\"], \"state\": \"running\", \"finish_time\": null, \"dependency_failures\": {}, \"schedule_id\": null, \"progress\": {\"yum_importer\": {\"content\": {\"num_success\": 11, \"size_total\": 17872, \"items_left\": 0, \"items_total\": 11, \"state\": \"IN_PROGRESS\", \"size_left\": 0, \"details\": {\"tree_file\": {\"num_success\": 3, \"size_total\": 0, \"items_left\": 0, \"items_total\": 3, \"size_left\": 0, \"num_error\": 0}, \"rpm\": {\"num_success\": 8, \"size_total\": 17872, \"items_left\": 0, \"items_total\": 8, \"size_left\": 0, \"num_error\": 0}, \"delta_rpm\": {\"num_success\": 0, \"size_total\": 0, \"items_left\": 0, \"items_total\": 0, \"size_left\": 0, \"num_error\": 0}, \"file\": {\"num_success\": 0, \"size_total\": 0, \"items_left\": 0, \"items_total\": 0, \"size_left\": 0, \"num_error\": 0}}, \"error_details\": [], \"num_error\": 0}, \"comps\": {\"state\": \"NOT_STARTED\"}, \"errata\": {\"state\": \"NOT_STARTED\"}, \"metadata\": {\"state\": \"FINISHED\"}}}, \"call_request_group_id\": \"8ab9a127-c7a8-4a00-a6da-6922d7271baa\", \"call_request_id\": \"5edfd7b0-1f1d-4ba8-8bd0-4d6282b9d423\", \"principal_login\": \"admin\", \"response\": \"accepted\", \"result\": null}"
    http_version: 
  recorded_at: Mon, 19 Nov 2012 16:57:54 GMT
- request: 
    method: get
    uri: https://dhcp231-16.rdu.redhat.com/pulp/api/v2/tasks/5edfd7b0-1f1d-4ba8-8bd0-4d6282b9d423/
    body: 
      string: ""
    headers: 
      Accept-Encoding: 
      - gzip, deflate
      Authorization: 
      - OAuth oauth_consumer_key="katello", oauth_nonce="a0dl2Gyo85grUjjYT73lW4BjIZIInRaHBL5SI1Qgd0", oauth_signature="AVJkqi3q0DFJDkheO2Ng1%2FGWasw%3D", oauth_signature_method="HMAC-SHA1", oauth_timestamp="1353344274", oauth_version="1.0"
      Pulp-User: 
      - admin
      Content-Type: 
      - application/json
      Accept: 
      - application/json
  response: 
    status: 
      code: 200
      message: OK
    headers: 
      Content-Length: 
      - "1439"
      Server: 
      - Apache/2.2.22 (Fedora)
      Content-Type: 
      - application/json
      Date: 
      - Mon, 19 Nov 2012 16:57:54 GMT
    body: 
      string: "{\"task_group_id\": \"8ab9a127-c7a8-4a00-a6da-6922d7271baa\", \"exception\": null, \"traceback\": null, \"_href\": \"/pulp/api/v2/tasks/5edfd7b0-1f1d-4ba8-8bd0-4d6282b9d423/\", \"task_id\": \"5edfd7b0-1f1d-4ba8-8bd0-4d6282b9d423\", \"call_request_tags\": [\"pulp:repository:1\", \"pulp:action:sync\"], \"reasons\": [], \"start_time\": \"2012-11-19T16:57:53Z\", \"tags\": [\"pulp:repository:1\", \"pulp:action:sync\"], \"state\": \"running\", \"finish_time\": null, \"dependency_failures\": {}, \"schedule_id\": null, \"progress\": {\"yum_importer\": {\"content\": {\"num_success\": 11, \"size_total\": 17872, \"items_left\": 0, \"items_total\": 11, \"state\": \"FINISHED\", \"size_left\": 0, \"details\": {\"tree_file\": {\"num_success\": 3, \"size_total\": 0, \"items_left\": 0, \"items_total\": 3, \"size_left\": 0, \"num_error\": 0}, \"rpm\": {\"num_success\": 8, \"size_total\": 17872, \"items_left\": 0, \"items_total\": 8, \"size_left\": 0, \"num_error\": 0}, \"delta_rpm\": {\"num_success\": 0, \"size_total\": 0, \"items_left\": 0, \"items_total\": 0, \"size_left\": 0, \"num_error\": 0}, \"file\": {\"num_success\": 0, \"size_total\": 0, \"items_left\": 0, \"items_total\": 0, \"size_left\": 0, \"num_error\": 0}}, \"error_details\": [], \"num_error\": 0}, \"comps\": {\"state\": \"NOT_STARTED\"}, \"errata\": {\"state\": \"NOT_STARTED\"}, \"metadata\": {\"state\": \"FINISHED\"}}}, \"call_request_group_id\": \"8ab9a127-c7a8-4a00-a6da-6922d7271baa\", \"call_request_id\": \"5edfd7b0-1f1d-4ba8-8bd0-4d6282b9d423\", \"principal_login\": \"admin\", \"response\": \"accepted\", \"result\": null}"
    http_version: 
  recorded_at: Mon, 19 Nov 2012 16:57:54 GMT
- request: 
    method: get
    uri: https://dhcp231-16.rdu.redhat.com/pulp/api/v2/tasks/5edfd7b0-1f1d-4ba8-8bd0-4d6282b9d423/
    body: 
      string: ""
    headers: 
      Accept-Encoding: 
      - gzip, deflate
      Authorization: 
      - OAuth oauth_consumer_key="katello", oauth_nonce="B3kkSifyfGTB8ZZ04w7ZzfZYsANb3iA4bfavv2so", oauth_signature="es81t%2FXbULrq%2ByBcuKUFSoBe71M%3D", oauth_signature_method="HMAC-SHA1", oauth_timestamp="1353344274", oauth_version="1.0"
      Pulp-User: 
      - admin
      Content-Type: 
      - application/json
      Accept: 
      - application/json
  response: 
    status: 
      code: 200
      message: OK
    headers: 
      Content-Length: 
      - "1469"
      Server: 
      - Apache/2.2.22 (Fedora)
      Content-Type: 
      - application/json
      Date: 
      - Mon, 19 Nov 2012 16:57:54 GMT
    body: 
      string: "{\"task_group_id\": \"8ab9a127-c7a8-4a00-a6da-6922d7271baa\", \"exception\": null, \"traceback\": null, \"_href\": \"/pulp/api/v2/tasks/5edfd7b0-1f1d-4ba8-8bd0-4d6282b9d423/\", \"task_id\": \"5edfd7b0-1f1d-4ba8-8bd0-4d6282b9d423\", \"call_request_tags\": [\"pulp:repository:1\", \"pulp:action:sync\"], \"reasons\": [], \"start_time\": \"2012-11-19T16:57:53Z\", \"tags\": [\"pulp:repository:1\", \"pulp:action:sync\"], \"state\": \"finished\", \"finish_time\": \"2012-11-19T16:57:54Z\", \"dependency_failures\": {}, \"schedule_id\": null, \"progress\": {\"yum_importer\": {\"content\": {\"num_success\": 11, \"size_total\": 17872, \"items_left\": 0, \"items_total\": 11, \"state\": \"FINISHED\", \"size_left\": 0, \"details\": {\"tree_file\": {\"num_success\": 3, \"size_total\": 0, \"items_left\": 0, \"items_total\": 3, \"size_left\": 0, \"num_error\": 0}, \"rpm\": {\"num_success\": 8, \"size_total\": 17872, \"items_left\": 0, \"items_total\": 8, \"size_left\": 0, \"num_error\": 0}, \"delta_rpm\": {\"num_success\": 0, \"size_total\": 0, \"items_left\": 0, \"items_total\": 0, \"size_left\": 0, \"num_error\": 0}, \"file\": {\"num_success\": 0, \"size_total\": 0, \"items_left\": 0, \"items_total\": 0, \"size_left\": 0, \"num_error\": 0}}, \"error_details\": [], \"num_error\": 0}, \"comps\": {\"state\": \"FINISHED\"}, \"errata\": {\"state\": \"FINISHED\", \"num_errata\": 2}, \"metadata\": {\"state\": \"FINISHED\"}}}, \"call_request_group_id\": \"8ab9a127-c7a8-4a00-a6da-6922d7271baa\", \"call_request_id\": \"5edfd7b0-1f1d-4ba8-8bd0-4d6282b9d423\", \"principal_login\": \"admin\", \"response\": \"accepted\", \"result\": null}"
    http_version: 
  recorded_at: Mon, 19 Nov 2012 16:57:54 GMT
