--- 
http_interactions: 
- request: 
    method: post
    uri: https://localhost/pulp/api/v2/repositories/1/search/units/
    body: 
      encoding: US-ASCII
      string: "{\"criteria\":{\"type_ids\":[\"erratum\"],\"fields\":{\"unit\":[],\"association\":[\"unit_id\"]}}}"
    headers: 
      Accept: 
      - application/json
      Accept-Encoding: 
      - gzip, deflate
      Content-Type: 
      - application/json
      Authorization: 
      - OAuth oauth_body_hash="2jmj7l5rSw0yVb%2FvlWAYkK%2FYBwk%3D", oauth_consumer_key="katello", oauth_nonce="b60yqY4mGgSY4dy4H2aQ1foCyR5otu05xXr02ffw7E", oauth_signature="4aRk5ooxHegHuilw4lut6E4Hrc8%3D", oauth_signature_method="HMAC-SHA1", oauth_timestamp="1366749198", oauth_version="1.0"
      Pulp-User: 
      - admin
      Content-Length: 
      - "84"
      User-Agent: 
      - Ruby
  response: 
    status: 
      code: 200
      message: OK
    headers: 
      Date: 
      - Tue, 23 Apr 2013 20:33:18 GMT
      Server: 
      - Apache/2.2.15 (Red Hat)
      Content-Length: 
      - "372"
      Content-Type: 
      - application/json
    body: 
      encoding: US-ASCII
      string: "[{\"_id\": {\"$oid\": \"5176f00b3cbbb5464000696a\"}, \"unit_id\": \"a32a2ff9-7f23-4ae7-987f-3e01ed7ce649\", \"unit_type_id\": \"erratum\", \"metadata\": {\"_id\": \"a32a2ff9-7f23-4ae7-987f-3e01ed7ce649\"}}, {\"_id\": {\"$oid\": \"5176f00b3cbbb5464000696c\"}, \"unit_id\": \"a210c2e7-269e-4d3c-819d-0b3ea3792b69\", \"unit_type_id\": \"erratum\", \"metadata\": {\"_id\": \"a210c2e7-269e-4d3c-819d-0b3ea3792b69\"}}]"
    http_version: 
  recorded_at: Tue, 23 Apr 2013 20:33:18 GMT
- request: 
    method: post
    uri: https://localhost/pulp/api/v2/content/units/erratum/search/
    body: 
      encoding: US-ASCII
      string: "{\"criteria\":{\"filters\":{\"_id\":{\"$in\":[\"a32a2ff9-7f23-4ae7-987f-3e01ed7ce649\",\"a210c2e7-269e-4d3c-819d-0b3ea3792b69\"]}}},\"include_repos\":true}"
    headers: 
      Accept: 
      - application/json
      Accept-Encoding: 
      - gzip, deflate
      Content-Type: 
      - application/json
      Authorization: 
      - OAuth oauth_body_hash="2jmj7l5rSw0yVb%2FvlWAYkK%2FYBwk%3D", oauth_consumer_key="katello", oauth_nonce="JBlATGHUWIThImM8SaFOgX8Ya7MLwahHqeuJsTiNHs", oauth_signature="2vQeq1SN2h1DuloTnpZkB%2FdTqt4%3D", oauth_signature_method="HMAC-SHA1", oauth_timestamp="1366749198", oauth_version="1.0"
      Pulp-User: 
      - admin
      Content-Length: 
      - "141"
      User-Agent: 
      - Ruby
  response: 
    status: 
      code: 200
      message: OK
    headers: 
      Date: 
      - Tue, 23 Apr 2013 20:33:18 GMT
      Server: 
      - Apache/2.2.15 (Red Hat)
      Content-Length: 
      - "1443"
      Content-Type: 
      - application/json
    body: 
      encoding: US-ASCII
      string: "[{\"issued\": \"2010-01-01 01:01:01\", \"references\": [], \"_content_type_id\": \"erratum\", \"id\": \"RHEA-2010:0002\", \"severity\": \"\", \"title\": \"One package errata\", \"version\": \"1\", \"reboot_suggested\": false, \"type\": \"security\", \"pkglist\": [{\"packages\": [{\"src\": \"http://www.fedoraproject.org\", \"name\": \"elephant\", \"filename\": \"elephant-0.3-0.8.noarch.rpm\", \"epoch\": null, \"version\": \"0.3\", \"release\": \"0.8\", \"arch\": \"noarch\"}], \"name\": \"1\", \"short\": \"\"}], \"status\": \"stable\", \"updated\": \"\", \"description\": \"One package errata\", \"pushcount\": 1, \"from_str\": \"lzap+pub@redhat.com\", \"_storage_path\": null, \"rights\": \"\", \"solution\": \"\", \"summary\": \"\", \"release\": \"1\", \"_id\": \"a210c2e7-269e-4d3c-819d-0b3ea3792b69\", \"_href\": \"/pulp/api/v2/content/units/erratum/a210c2e7-269e-4d3c-819d-0b3ea3792b69/\", \"children\": {}, \"repository_memberships\": [\"1\"]}, {\"issued\": \"2010-01-01 01:01:01\", \"references\": [], \"_content_type_id\": \"erratum\", \"id\": \"RHEA-2010:0001\", \"severity\": \"\", \"title\": \"Empty errata\", \"version\": \"1\", \"reboot_suggested\": false, \"type\": \"security\", \"pkglist\": [], \"status\": \"stable\", \"updated\": \"\", \"description\": \"Empty errata\", \"pushcount\": 1, \"from_str\": \"lzap+pub@redhat.com\", \"_storage_path\": null, \"rights\": \"\", \"solution\": \"\", \"summary\": \"\", \"release\": \"1\", \"_id\": \"a32a2ff9-7f23-4ae7-987f-3e01ed7ce649\", \"_href\": \"/pulp/api/v2/content/units/erratum/a32a2ff9-7f23-4ae7-987f-3e01ed7ce649/\", \"children\": {}, \"repository_memberships\": [\"1\"]}]"
    http_version: 
  recorded_at: Tue, 23 Apr 2013 20:33:18 GMT
- request: 
    method: post
    uri: https://localhost/pulp/api/v2/repositories/1/search/units/
    body: 
      encoding: US-ASCII
      string: "{\"criteria\":{\"type_ids\":[\"distribution\"]}}"
    headers: 
      Accept: 
      - application/json
      Accept-Encoding: 
      - gzip, deflate
      Content-Type: 
      - application/json
      Authorization: 
      - OAuth oauth_body_hash="2jmj7l5rSw0yVb%2FvlWAYkK%2FYBwk%3D", oauth_consumer_key="katello", oauth_nonce="dnC5w6FqoKvIaumpq24tcDsKa3zWkNrksYZdDz0Y", oauth_signature="2iTNybYnkJD4A2w1dIER0OyyYnc%3D", oauth_signature_method="HMAC-SHA1", oauth_timestamp="1366749200", oauth_version="1.0"
      Pulp-User: 
      - admin
      Content-Length: 
      - "42"
      User-Agent: 
      - Ruby
  response: 
    status: 
      code: 200
      message: OK
    headers: 
      Date: 
      - Tue, 23 Apr 2013 20:33:20 GMT
      Server: 
      - Apache/2.2.15 (Red Hat)
      Content-Length: 
      - "2155"
      Content-Type: 
      - application/json
    body: 
      encoding: US-ASCII
      string: "[{\"updated\": \"2013-04-24T00:33:15Z\", \"repo_id\": \"1\", \"created\": \"2013-04-24T00:33:15Z\", \"_ns\": \"repo_content_units\", \"unit_id\": \"fcdc7d52-7a14-4c26-84e3-63326b9e0060\", \"unit_type_id\": \"distribution\", \"owner_type\": \"importer\", \"_id\": {\"$oid\": \"5176f00b3cbbb54640006966\"}, \"id\": \"5176f00b3cbbb54640006966\", \"owner_id\": \"yum_importer\", \"metadata\": {\"files\": [{\"checksumtype\": \"sha256\", \"relativepath\": \"images/test2.img\", \"fileName\": \"test2.img\", \"downloadurl\": \"file:///home/bbucking/github/katello/src/test/fixtures/zoo5/images/test2.img\", \"item_type\": \"tree_file\", \"savepath\": \"/var/lib/pulp/working/repos/1/importers/yum_importer/1/images\", \"checksum\": \"e3b0c44298fc1c149afbf4c8996fb92427ae41e4649b934ca495991b7852b855\", \"filename\": \"test2.img\", \"pkgpath\": \"/var/lib/pulp/content/distribution/ks-Test Family-TestVariant-16-x86_64/images\", \"size\": 0}, {\"checksumtype\": \"sha256\", \"relativepath\": \"empty.iso\", \"fileName\": \"empty.iso\", \"downloadurl\": \"file:///home/bbucking/github/katello/src/test/fixtures/zoo5/empty.iso\", \"item_type\": \"tree_file\", \"savepath\": \"/var/lib/pulp/working/repos/1/importers/yum_importer/1/\", \"checksum\": \"e3b0c44298fc1c149afbf4c8996fb92427ae41e4649b934ca495991b7852b855\", \"filename\": \"empty.iso\", \"pkgpath\": \"/var/lib/pulp/content/distribution/ks-Test Family-TestVariant-16-x86_64\", \"size\": 0}, {\"checksumtype\": \"sha256\", \"relativepath\": \"images/test1.img\", \"fileName\": \"test1.img\", \"downloadurl\": \"file:///home/bbucking/github/katello/src/test/fixtures/zoo5/images/test1.img\", \"item_type\": \"tree_file\", \"savepath\": \"/var/lib/pulp/working/repos/1/importers/yum_importer/1/images\", \"checksum\": \"e3b0c44298fc1c149afbf4c8996fb92427ae41e4649b934ca495991b7852b855\", \"filename\": \"test1.img\", \"pkgpath\": \"/var/lib/pulp/content/distribution/ks-Test Family-TestVariant-16-x86_64/images\", \"size\": 0}], \"_storage_path\": \"/var/lib/pulp/content/distribution/ks-Test Family-TestVariant-16-x86_64\", \"family\": \"Test Family\", \"_ns\": \"units_distribution\", \"variant\": \"TestVariant\", \"version\": \"16\", \"_content_type_id\": \"distribution\", \"_id\": \"fcdc7d52-7a14-4c26-84e3-63326b9e0060\", \"arch\": \"x86_64\", \"id\": \"ks-Test Family-TestVariant-16-x86_64\"}}]"
    http_version: 
  recorded_at: Tue, 23 Apr 2013 20:33:20 GMT
- request: 
    method: post
    uri: https://localhost/pulp/api/v2/repositories/1/search/units/
    body: 
      encoding: US-ASCII
      string: "{\"criteria\":{\"type_ids\":[\"package_category\"]}}"
    headers: 
      Accept: 
      - application/json
      Accept-Encoding: 
      - gzip, deflate
      Content-Type: 
      - application/json
      Authorization: 
      - OAuth oauth_body_hash="2jmj7l5rSw0yVb%2FvlWAYkK%2FYBwk%3D", oauth_consumer_key="katello", oauth_nonce="SOvVNGQZwhu2suobyFzB2f4Cd6O5Aqczw8a9QmMP50", oauth_signature="uZEA7PlCPL9zpt67lbeAUy6kLkw%3D", oauth_signature_method="HMAC-SHA1", oauth_timestamp="1366749208", oauth_version="1.0"
      Pulp-User: 
      - admin
      Content-Length: 
      - "46"
      User-Agent: 
      - Ruby
  response: 
    status: 
      code: 200
      message: OK
    headers: 
      Date: 
      - Tue, 23 Apr 2013 20:33:28 GMT
      Server: 
      - Apache/2.2.15 (Red Hat)
      Content-Length: 
      - "672"
      Content-Type: 
      - application/json
    body: 
      encoding: US-ASCII
      string: "[{\"updated\": \"2013-04-24T00:33:16Z\", \"repo_id\": \"1\", \"created\": \"2013-04-24T00:33:16Z\", \"_ns\": \"repo_content_units\", \"unit_id\": \"efaf3ac5-f4d3-4f18-a893-2b581e4bd35a\", \"unit_type_id\": \"package_category\", \"owner_type\": \"importer\", \"_id\": {\"$oid\": \"5176f00c3cbbb54640006973\"}, \"id\": \"5176f00c3cbbb54640006973\", \"owner_id\": \"yum_importer\", \"metadata\": {\"_storage_path\": null, \"repo_id\": \"1\", \"description\": null, \"_ns\": \"units_package_category\", \"display_order\": 99, \"translated_name\": {}, \"packagegroupids\": [\"mammal\", \"bird\"], \"translated_description\": {}, \"_content_type_id\": \"package_category\", \"_id\": \"efaf3ac5-f4d3-4f18-a893-2b581e4bd35a\", \"id\": \"all\", \"name\": \"all\"}}]"
    http_version: 
  recorded_at: Tue, 23 Apr 2013 20:33:28 GMT
- request: 
    method: post
    uri: https://localhost/pulp/api/v2/repositories/1/search/units/
    body: 
      encoding: US-ASCII
      string: "{\"criteria\":{\"type_ids\":[\"package_group\"]}}"
    headers: 
      Accept: 
      - application/json
      Accept-Encoding: 
      - gzip, deflate
      Content-Type: 
      - application/json
      Authorization: 
      - OAuth oauth_body_hash="2jmj7l5rSw0yVb%2FvlWAYkK%2FYBwk%3D", oauth_consumer_key="katello", oauth_nonce="Ai1FUTH1m9kAeIHHoIYpIBwEZkE8VwHSXfz4A3LoA", oauth_signature="thzmFPAtTwhVbwhlh3LwUYAPles%3D", oauth_signature_method="HMAC-SHA1", oauth_timestamp="1366749209", oauth_version="1.0"
      Pulp-User: 
      - admin
      Content-Length: 
      - "43"
      User-Agent: 
      - Ruby
  response: 
    status: 
      code: 200
      message: OK
    headers: 
      Date: 
      - Tue, 23 Apr 2013 20:33:29 GMT
      Server: 
      - Apache/2.2.15 (Red Hat)
      Content-Length: 
      - "1698"
      Content-Type: 
      - application/json
    body: 
      encoding: US-ASCII
      string: "[{\"updated\": \"2013-04-24T00:33:15Z\", \"repo_id\": \"1\", \"created\": \"2013-04-24T00:33:15Z\", \"_ns\": \"repo_content_units\", \"unit_id\": \"8116696a-d9c1-4be7-ade4-39d5ea9a8efc\", \"unit_type_id\": \"package_group\", \"owner_type\": \"importer\", \"_id\": {\"$oid\": \"5176f00b3cbbb54640006972\"}, \"id\": \"5176f00b3cbbb54640006972\", \"owner_id\": \"yum_importer\", \"metadata\": {\"_storage_path\": null, \"mandatory_package_names\": [\"penguin\"], \"repo_id\": \"1\", \"description\": \"\", \"user_visible\": true, \"default\": true, \"_ns\": \"units_package_group\", \"display_order\": 1024, \"optional_package_names\": [], \"translated_name\": {}, \"translated_description\": {}, \"conditional_package_names\": [], \"default_package_names\": [], \"_content_type_id\": \"package_group\", \"langonly\": null, \"_id\": \"8116696a-d9c1-4be7-ade4-39d5ea9a8efc\", \"id\": \"bird\", \"name\": \"bird\"}}, {\"updated\": \"2013-04-24T00:33:15Z\", \"repo_id\": \"1\", \"created\": \"2013-04-24T00:33:15Z\", \"_ns\": \"repo_content_units\", \"unit_id\": \"3841d72e-85b1-4c11-9a93-228bb48b3e07\", \"unit_type_id\": \"package_group\", \"owner_type\": \"importer\", \"_id\": {\"$oid\": \"5176f00b3cbbb54640006971\"}, \"id\": \"5176f00b3cbbb54640006971\", \"owner_id\": \"yum_importer\", \"metadata\": {\"_storage_path\": null, \"mandatory_package_names\": [\"elephant,giraffe,cheetah,lion,monkey,penguin,squirrel,walrus\", \"penguin\"], \"repo_id\": \"1\", \"description\": \"\", \"user_visible\": true, \"default\": true, \"_ns\": \"units_package_group\", \"display_order\": 1024, \"optional_package_names\": [], \"translated_name\": {}, \"translated_description\": {}, \"conditional_package_names\": [], \"default_package_names\": [], \"_content_type_id\": \"package_group\", \"langonly\": null, \"_id\": \"3841d72e-85b1-4c11-9a93-228bb48b3e07\", \"id\": \"mammal\", \"name\": \"mammal\"}}]"
    http_version: 
  recorded_at: Tue, 23 Apr 2013 20:33:29 GMT
recorded_with: VCR 2.4.0
