--- 
recorded_with: VCR 2.4.0
http_interactions: 
- request: 
    method: post
    uri: https://kafka.usersys.redhat.com/pulp/api/v2/content/units/rpm/search/
    body: 
      string: "{\"criteria\":{\"filters\":{\"_id\":{\"$in\":[\"20a92e6e-8a7b-47bd-9e53-a56a5954a826\"]}}}}"
    headers: 
      Authorization: 
      - OAuth oauth_body_hash="2jmj7l5rSw0yVb%2FvlWAYkK%2FYBwk%3D", oauth_consumer_key="katello", oauth_nonce="WyRNIpUZrMHJPlXlNi9IMjMOiizvHIreTB2JKsvZGI", oauth_signature="ivUXQ61FkpBdoC2UcuhnsL1b17E%3D", oauth_signature_method="HMAC-SHA1", oauth_timestamp="1358201207", oauth_version="1.0"
      Pulp-User: 
      - admin
      Content-Length: 
      - "81"
      Accept-Encoding: 
      - gzip, deflate
      Content-Type: 
      - application/json
      Accept: 
      - application/json
  response: 
    status: 
      code: 200
      message: OK
    headers: 
      Server: 
      - Apache/2.2.22 (Fedora)
      Date: 
      - Mon, 14 Jan 2013 22:06:48 GMT
      Content-Length: 
      - "2428"
      Content-Type: 
      - application/json
    body: 
      string: "[{\"requires\": [[\"/bin/sh\", null, [null, null, null]]], \"_storage_path\": \"/var/lib/pulp/content/rpm/.//penguin/0.3/0.8/noarch/3fcb2c927de9e13bf68469032a28b139d3e5ad2e58564fc210fd6e48635be694/penguin-0.3-0.8.noarch.rpm\", \"repodata\": {\"filelists\": \"\\n<package pkgid=\\\"3fcb2c927de9e13bf68469032a28b139d3e5ad2e58564fc210fd6e48635be694\\\" name=\\\"penguin\\\" arch=\\\"noarch\\\">\\n    <version epoch=\\\"0\\\" ver=\\\"0.3\\\" rel=\\\"0.8\\\"/>\\n\\n    <file>//penguin.txt</file>\\n</package>\\n\", \"other\": \"\\n<package pkgid=\\\"3fcb2c927de9e13bf68469032a28b139d3e5ad2e58564fc210fd6e48635be694\\\" name=\\\"penguin\\\" arch=\\\"noarch\\\">\\n    <version epoch=\\\"0\\\" ver=\\\"0.3\\\" rel=\\\"0.8\\\"/>\\n\\n</package>\\n\", \"primary\": \"\\n<package type=\\\"rpm\\\">\\n  <name>penguin</name>\\n  <arch>noarch</arch>\\n  <version epoch=\\\"0\\\" ver=\\\"0.3\\\" rel=\\\"0.8\\\"/>\\n  <checksum type=\\\"sha256\\\" pkgid=\\\"YES\\\">3fcb2c927de9e13bf68469032a28b139d3e5ad2e58564fc210fd6e48635be694</checksum>\\n  <summary>A dummy package of penguin</summary>\\n  <description>A dummy package of penguin</description>\\n  <packager></packager>\\n  <url>http://tstrachota.fedorapeople.org</url>\\n  <time file=\\\"1321891029\\\" build=\\\"1308257460\\\"/>\\n  <size package=\\\"2232\\\" installed=\\\"42\\\" archive=\\\"292\\\"/>\\n<location href=\\\"penguin-0.3-0.8.noarch.rpm\\\"/>\\n  <format>\\n    <rpm:license>GPLv2</rpm:license>\\n    <rpm:vendor/>\\n    <rpm:group>Internet/Applications</rpm:group>\\n    <rpm:buildhost>dhcp-26-118.brq.redhat.com</rpm:buildhost>\\n    <rpm:sourcerpm>penguin-0.3-0.8.src.rpm</rpm:sourcerpm>\\n    <rpm:header-range start=\\\"280\\\" end=\\\"2016\\\"/>\\n    <rpm:provides>\\n      <rpm:entry name=\\\"penguin\\\" flags=\\\"EQ\\\" epoch=\\\"0\\\" ver=\\\"0.3\\\" rel=\\\"0.8\\\"/>\\n    </rpm:provides>\\n    <rpm:requires>\\n      <rpm:entry name=\\\"/bin/sh\\\" pre=\\\"1\\\"/>\\n    </rpm:requires>\\n  </format>\\n</package>\"}, \"checksumtype\": \"sha256\", \"license\": \"GPLv2\", \"checksum\": \"3fcb2c927de9e13bf68469032a28b139d3e5ad2e58564fc210fd6e48635be694\", \"filename\": \"penguin-0.3-0.8.noarch.rpm\", \"buildhost\": \"dhcp-26-118.brq.redhat.com\", \"epoch\": \"0\", \"version\": \"0.3\", \"relativepath\": \"penguin-0.3-0.8.noarch.rpm\", \"provides\": [[\"penguin\", \"EQ\", [\"0\", \"0.3\", \"0.8\"]]], \"_content_type_id\": \"rpm\", \"release\": \"0.8\", \"vendor\": \"\", \"_id\": \"20a92e6e-8a7b-47bd-9e53-a56a5954a826\", \"arch\": \"noarch\", \"name\": \"penguin\", \"description\": \"A dummy package of penguin\", \"_href\": \"/pulp/api/v2/content/units/rpm/20a92e6e-8a7b-47bd-9e53-a56a5954a826/\", \"children\": {}}]"
    http_version: 
  recorded_at: Mon, 14 Jan 2013 22:06:48 GMT
- request: 
    method: post
    uri: https://kafka.usersys.redhat.com/pulp/api/v2/content/units/rpm/search/
    body: 
      string: "{\"criteria\":{\"filters\":{\"_id\":{\"$in\":[\"20a92e6e-8a7b-47bd-9e53-a56a5954a826\"]}}}}"
    headers: 
      Authorization: 
      - OAuth oauth_body_hash="2jmj7l5rSw0yVb%2FvlWAYkK%2FYBwk%3D", oauth_consumer_key="katello", oauth_nonce="YhVBySwu48Uqeb01MIIW5L04VwtP4XHwPefZlwQtM", oauth_signature="TlTa8mXEGAOIaIfEsVfYL3Mv9%2FE%3D", oauth_signature_method="HMAC-SHA1", oauth_timestamp="1358201208", oauth_version="1.0"
      Pulp-User: 
      - admin
      Content-Length: 
      - "81"
      Accept-Encoding: 
      - gzip, deflate
      Content-Type: 
      - application/json
      Accept: 
      - application/json
  response: 
    status: 
      code: 200
      message: OK
    headers: 
      Server: 
      - Apache/2.2.22 (Fedora)
      Date: 
      - Mon, 14 Jan 2013 22:06:48 GMT
      Content-Length: 
      - "2428"
      Content-Type: 
      - application/json
    body: 
      string: "[{\"requires\": [[\"/bin/sh\", null, [null, null, null]]], \"_storage_path\": \"/var/lib/pulp/content/rpm/.//penguin/0.3/0.8/noarch/3fcb2c927de9e13bf68469032a28b139d3e5ad2e58564fc210fd6e48635be694/penguin-0.3-0.8.noarch.rpm\", \"repodata\": {\"filelists\": \"\\n<package pkgid=\\\"3fcb2c927de9e13bf68469032a28b139d3e5ad2e58564fc210fd6e48635be694\\\" name=\\\"penguin\\\" arch=\\\"noarch\\\">\\n    <version epoch=\\\"0\\\" ver=\\\"0.3\\\" rel=\\\"0.8\\\"/>\\n\\n    <file>//penguin.txt</file>\\n</package>\\n\", \"other\": \"\\n<package pkgid=\\\"3fcb2c927de9e13bf68469032a28b139d3e5ad2e58564fc210fd6e48635be694\\\" name=\\\"penguin\\\" arch=\\\"noarch\\\">\\n    <version epoch=\\\"0\\\" ver=\\\"0.3\\\" rel=\\\"0.8\\\"/>\\n\\n</package>\\n\", \"primary\": \"\\n<package type=\\\"rpm\\\">\\n  <name>penguin</name>\\n  <arch>noarch</arch>\\n  <version epoch=\\\"0\\\" ver=\\\"0.3\\\" rel=\\\"0.8\\\"/>\\n  <checksum type=\\\"sha256\\\" pkgid=\\\"YES\\\">3fcb2c927de9e13bf68469032a28b139d3e5ad2e58564fc210fd6e48635be694</checksum>\\n  <summary>A dummy package of penguin</summary>\\n  <description>A dummy package of penguin</description>\\n  <packager></packager>\\n  <url>http://tstrachota.fedorapeople.org</url>\\n  <time file=\\\"1321891029\\\" build=\\\"1308257460\\\"/>\\n  <size package=\\\"2232\\\" installed=\\\"42\\\" archive=\\\"292\\\"/>\\n<location href=\\\"penguin-0.3-0.8.noarch.rpm\\\"/>\\n  <format>\\n    <rpm:license>GPLv2</rpm:license>\\n    <rpm:vendor/>\\n    <rpm:group>Internet/Applications</rpm:group>\\n    <rpm:buildhost>dhcp-26-118.brq.redhat.com</rpm:buildhost>\\n    <rpm:sourcerpm>penguin-0.3-0.8.src.rpm</rpm:sourcerpm>\\n    <rpm:header-range start=\\\"280\\\" end=\\\"2016\\\"/>\\n    <rpm:provides>\\n      <rpm:entry name=\\\"penguin\\\" flags=\\\"EQ\\\" epoch=\\\"0\\\" ver=\\\"0.3\\\" rel=\\\"0.8\\\"/>\\n    </rpm:provides>\\n    <rpm:requires>\\n      <rpm:entry name=\\\"/bin/sh\\\" pre=\\\"1\\\"/>\\n    </rpm:requires>\\n  </format>\\n</package>\"}, \"checksumtype\": \"sha256\", \"license\": \"GPLv2\", \"checksum\": \"3fcb2c927de9e13bf68469032a28b139d3e5ad2e58564fc210fd6e48635be694\", \"filename\": \"penguin-0.3-0.8.noarch.rpm\", \"buildhost\": \"dhcp-26-118.brq.redhat.com\", \"epoch\": \"0\", \"version\": \"0.3\", \"relativepath\": \"penguin-0.3-0.8.noarch.rpm\", \"provides\": [[\"penguin\", \"EQ\", [\"0\", \"0.3\", \"0.8\"]]], \"_content_type_id\": \"rpm\", \"release\": \"0.8\", \"vendor\": \"\", \"_id\": \"20a92e6e-8a7b-47bd-9e53-a56a5954a826\", \"arch\": \"noarch\", \"name\": \"penguin\", \"description\": \"A dummy package of penguin\", \"_href\": \"/pulp/api/v2/content/units/rpm/20a92e6e-8a7b-47bd-9e53-a56a5954a826/\", \"children\": {}}]"
    http_version: 
  recorded_at: Mon, 14 Jan 2013 22:06:48 GMT
- request: 
    method: post
    uri: https://kafka.usersys.redhat.com/pulp/api/v2/repositories/1/search/units/
    body: 
      string: "{\"criteria\":{\"type_ids\":[\"rpm\"]}}"
    headers: 
      Authorization: 
      - OAuth oauth_body_hash="2jmj7l5rSw0yVb%2FvlWAYkK%2FYBwk%3D", oauth_consumer_key="katello", oauth_nonce="0rgszzvrvorRAGh2cFXolFM9UCvs2vBIswlYigvM", oauth_signature="avSDb2%2FJ%2F5v8O6X%2FUgb%2FpjFOuuc%3D", oauth_signature_method="HMAC-SHA1", oauth_timestamp="1358201212", oauth_version="1.0"
      Pulp-User: 
      - admin
      Content-Length: 
      - "33"
      Accept-Encoding: 
      - gzip, deflate
      Content-Type: 
      - application/json
      Accept: 
      - application/json
  response: 
    status: 
      code: 200
      message: OK
    headers: 
      Server: 
      - Apache/2.2.22 (Fedora)
      Date: 
      - Mon, 14 Jan 2013 22:06:52 GMT
      Content-Length: 
      - "21448"
      Content-Type: 
      - application/json
    body: 
      string: "[{\"updated\": \"2013-01-15T03:06:50Z\", \"repo_id\": \"1\", \"created\": \"2013-01-15T03:06:50Z\", \"_ns\": \"repo_content_units\", \"unit_id\": \"69e46e24-dc70-4257-b939-60b7ca4c534c\", \"unit_type_id\": \"rpm\", \"owner_type\": \"importer\", \"_id\": {\"$oid\": \"50f4817a196cbe557b000a1f\"}, \"id\": \"50f4817a196cbe557b000a1f\", \"owner_id\": \"yum_importer\", \"metadata\": {\"requires\": [[\"/bin/sh\", null, [null, null, null]]], \"_storage_path\": \"/var/lib/pulp/content/rpm/.//cheetah/0.3/0.8/noarch/422d0baa0cd9d7713ae796e886a23e17f578f924f74880debdbb7d65fb368dae/cheetah-0.3-0.8.noarch.rpm\", \"repodata\": {\"filelists\": \"\\n<package pkgid=\\\"422d0baa0cd9d7713ae796e886a23e17f578f924f74880debdbb7d65fb368dae\\\" name=\\\"cheetah\\\" arch=\\\"noarch\\\">\\n    <version epoch=\\\"0\\\" ver=\\\"0.3\\\" rel=\\\"0.8\\\"/>\\n\\n    <file>//cheetah.txt</file>\\n</package>\\n\", \"other\": \"\\n<package pkgid=\\\"422d0baa0cd9d7713ae796e886a23e17f578f924f74880debdbb7d65fb368dae\\\" name=\\\"cheetah\\\" arch=\\\"noarch\\\">\\n    <version epoch=\\\"0\\\" ver=\\\"0.3\\\" rel=\\\"0.8\\\"/>\\n\\n</package>\\n\", \"primary\": \"\\n<package type=\\\"rpm\\\">\\n  <name>cheetah</name>\\n  <arch>noarch</arch>\\n  <version epoch=\\\"0\\\" ver=\\\"0.3\\\" rel=\\\"0.8\\\"/>\\n  <checksum type=\\\"sha256\\\" pkgid=\\\"YES\\\">422d0baa0cd9d7713ae796e886a23e17f578f924f74880debdbb7d65fb368dae</checksum>\\n  <summary>A dummy package of cheetah</summary>\\n  <description>A dummy package of cheetah</description>\\n  <packager></packager>\\n  <url>http://tstrachota.fedorapeople.org</url>\\n  <time file=\\\"1321891028\\\" build=\\\"1308257472\\\"/>\\n  <size package=\\\"2232\\\" installed=\\\"42\\\" archive=\\\"292\\\"/>\\n<location href=\\\"cheetah-0.3-0.8.noarch.rpm\\\"/>\\n  <format>\\n    <rpm:license>GPLv2</rpm:license>\\n    <rpm:vendor/>\\n    <rpm:group>Internet/Applications</rpm:group>\\n    <rpm:buildhost>dhcp-26-118.brq.redhat.com</rpm:buildhost>\\n    <rpm:sourcerpm>cheetah-0.3-0.8.src.rpm</rpm:sourcerpm>\\n    <rpm:header-range start=\\\"280\\\" end=\\\"2016\\\"/>\\n    <rpm:provides>\\n      <rpm:entry name=\\\"cheetah\\\" flags=\\\"EQ\\\" epoch=\\\"0\\\" ver=\\\"0.3\\\" rel=\\\"0.8\\\"/>\\n    </rpm:provides>\\n    <rpm:requires>\\n      <rpm:entry name=\\\"/bin/sh\\\" pre=\\\"1\\\"/>\\n    </rpm:requires>\\n  </format>\\n</package>\"}, \"checksumtype\": \"sha256\", \"license\": \"GPLv2\", \"_ns\": \"units_rpm\", \"checksum\": \"422d0baa0cd9d7713ae796e886a23e17f578f924f74880debdbb7d65fb368dae\", \"filename\": \"cheetah-0.3-0.8.noarch.rpm\", \"buildhost\": \"dhcp-26-118.brq.redhat.com\", \"epoch\": \"0\", \"version\": \"0.3\", \"relativepath\": \"cheetah-0.3-0.8.noarch.rpm\", \"provides\": [[\"cheetah\", \"EQ\", [\"0\", \"0.3\", \"0.8\"]]], \"_content_type_id\": \"rpm\", \"release\": \"0.8\", \"vendor\": \"\", \"_id\": \"69e46e24-dc70-4257-b939-60b7ca4c534c\", \"arch\": \"noarch\", \"name\": \"cheetah\", \"description\": \"A dummy package of cheetah\"}}, {\"updated\": \"2013-01-15T03:06:50Z\", \"repo_id\": \"1\", \"created\": \"2013-01-15T03:06:50Z\", \"_ns\": \"repo_content_units\", \"unit_id\": \"4a2ca5c5-b06c-459b-a22a-98c315d7468b\", \"unit_type_id\": \"rpm\", \"owner_type\": \"importer\", \"_id\": {\"$oid\": \"50f4817a196cbe557b000a1b\"}, \"id\": \"50f4817a196cbe557b000a1b\", \"owner_id\": \"yum_importer\", \"metadata\": {\"requires\": [[\"/bin/sh\", null, [null, null, null]]], \"_storage_path\": \"/var/lib/pulp/content/rpm/.//elephant/0.3/0.8/noarch/3e1c70cd1b421328acaf6397cb3d16145306bb95f65d1b095fc31372a0a701f3/elephant-0.3-0.8.noarch.rpm\", \"repodata\": {\"filelists\": \"\\n<package pkgid=\\\"3e1c70cd1b421328acaf6397cb3d16145306bb95f65d1b095fc31372a0a701f3\\\" name=\\\"elephant\\\" arch=\\\"noarch\\\">\\n    <version epoch=\\\"0\\\" ver=\\\"0.3\\\" rel=\\\"0.8\\\"/>\\n\\n    <file>//elephant.txt</file>\\n</package>\\n\", \"other\": \"\\n<package pkgid=\\\"3e1c70cd1b421328acaf6397cb3d16145306bb95f65d1b095fc31372a0a701f3\\\" name=\\\"elephant\\\" arch=\\\"noarch\\\">\\n    <version epoch=\\\"0\\\" ver=\\\"0.3\\\" rel=\\\"0.8\\\"/>\\n\\n</package>\\n\", \"primary\": \"\\n<package type=\\\"rpm\\\">\\n  <name>elephant</name>\\n  <arch>noarch</arch>\\n  <version epoch=\\\"0\\\" ver=\\\"0.3\\\" rel=\\\"0.8\\\"/>\\n  <checksum type=\\\"sha256\\\" pkgid=\\\"YES\\\">3e1c70cd1b421328acaf6397cb3d16145306bb95f65d1b095fc31372a0a701f3</checksum>\\n  <summary>A dummy package of elephant</summary>\\n  <description>A dummy package of elephant</description>\\n  <packager></packager>\\n  <url>http://tstrachota.fedorapeople.org</url>\\n  <time file=\\\"1321891027\\\" build=\\\"1308257466\\\"/>\\n  <size package=\\\"2244\\\" installed=\\\"42\\\" archive=\\\"296\\\"/>\\n<location href=\\\"elephant-0.3-0.8.noarch.rpm\\\"/>\\n  <format>\\n    <rpm:license>GPLv2</rpm:license>\\n    <rpm:vendor/>\\n    <rpm:group>Internet/Applications</rpm:group>\\n    <rpm:buildhost>dhcp-26-118.brq.redhat.com</rpm:buildhost>\\n    <rpm:sourcerpm>elephant-0.3-0.8.src.rpm</rpm:sourcerpm>\\n    <rpm:header-range start=\\\"280\\\" end=\\\"2028\\\"/>\\n    <rpm:provides>\\n      <rpm:entry name=\\\"elephant\\\" flags=\\\"EQ\\\" epoch=\\\"0\\\" ver=\\\"0.3\\\" rel=\\\"0.8\\\"/>\\n    </rpm:provides>\\n    <rpm:requires>\\n      <rpm:entry name=\\\"/bin/sh\\\" pre=\\\"1\\\"/>\\n    </rpm:requires>\\n  </format>\\n</package>\"}, \"checksumtype\": \"sha256\", \"license\": \"GPLv2\", \"_ns\": \"units_rpm\", \"checksum\": \"3e1c70cd1b421328acaf6397cb3d16145306bb95f65d1b095fc31372a0a701f3\", \"filename\": \"elephant-0.3-0.8.noarch.rpm\", \"buildhost\": \"dhcp-26-118.brq.redhat.com\", \"epoch\": \"0\", \"version\": \"0.3\", \"relativepath\": \"elephant-0.3-0.8.noarch.rpm\", \"provides\": [[\"elephant\", \"EQ\", [\"0\", \"0.3\", \"0.8\"]]], \"_content_type_id\": \"rpm\", \"release\": \"0.8\", \"vendor\": \"\", \"_id\": \"4a2ca5c5-b06c-459b-a22a-98c315d7468b\", \"arch\": \"noarch\", \"name\": \"elephant\", \"description\": \"A dummy package of elephant\"}}, {\"updated\": \"2013-01-15T03:06:50Z\", \"repo_id\": \"1\", \"created\": \"2013-01-15T03:06:50Z\", \"_ns\": \"repo_content_units\", \"unit_id\": \"665e77f8-b114-4430-ba2d-dc2954328540\", \"unit_type_id\": \"rpm\", \"owner_type\": \"importer\", \"_id\": {\"$oid\": \"50f4817a196cbe557b000a1a\"}, \"id\": \"50f4817a196cbe557b000a1a\", \"owner_id\": \"yum_importer\", \"metadata\": {\"requires\": [[\"/bin/sh\", null, [null, null, null]]], \"_storage_path\": \"/var/lib/pulp/content/rpm/.//giraffe/0.3/0.8/noarch/f25d67d1d9da04f12e57ca323247b43891ac46533e355b82de6d1922009f9f14/giraffe-0.3-0.8.noarch.rpm\", \"repodata\": {\"filelists\": \"\\n<package pkgid=\\\"f25d67d1d9da04f12e57ca323247b43891ac46533e355b82de6d1922009f9f14\\\" name=\\\"giraffe\\\" arch=\\\"noarch\\\">\\n    <version epoch=\\\"0\\\" ver=\\\"0.3\\\" rel=\\\"0.8\\\"/>\\n\\n    <file>//giraffe.txt</file>\\n</package>\\n\", \"other\": \"\\n<package pkgid=\\\"f25d67d1d9da04f12e57ca323247b43891ac46533e355b82de6d1922009f9f14\\\" name=\\\"giraffe\\\" arch=\\\"noarch\\\">\\n    <version epoch=\\\"0\\\" ver=\\\"0.3\\\" rel=\\\"0.8\\\"/>\\n\\n</package>\\n\", \"primary\": \"\\n<package type=\\\"rpm\\\">\\n  <name>giraffe</name>\\n  <arch>noarch</arch>\\n  <version epoch=\\\"0\\\" ver=\\\"0.3\\\" rel=\\\"0.8\\\"/>\\n  <checksum type=\\\"sha256\\\" pkgid=\\\"YES\\\">f25d67d1d9da04f12e57ca323247b43891ac46533e355b82de6d1922009f9f14</checksum>\\n  <summary>A dummy package of giraffe</summary>\\n  <description>A dummy package of giraffe</description>\\n  <packager></packager>\\n  <url>http://tstrachota.fedorapeople.org</url>\\n  <time file=\\\"1321891027\\\" build=\\\"1308257414\\\"/>\\n  <size package=\\\"2236\\\" installed=\\\"42\\\" archive=\\\"292\\\"/>\\n<location href=\\\"giraffe-0.3-0.8.noarch.rpm\\\"/>\\n  <format>\\n    <rpm:license>GPLv2</rpm:license>\\n    <rpm:vendor/>\\n    <rpm:group>Internet/Applications</rpm:group>\\n    <rpm:buildhost>dhcp-26-118.brq.redhat.com</rpm:buildhost>\\n    <rpm:sourcerpm>giraffe-0.3-0.8.src.rpm</rpm:sourcerpm>\\n    <rpm:header-range start=\\\"280\\\" end=\\\"2016\\\"/>\\n    <rpm:provides>\\n      <rpm:entry name=\\\"giraffe\\\" flags=\\\"EQ\\\" epoch=\\\"0\\\" ver=\\\"0.3\\\" rel=\\\"0.8\\\"/>\\n    </rpm:provides>\\n    <rpm:requires>\\n      <rpm:entry name=\\\"/bin/sh\\\" pre=\\\"1\\\"/>\\n    </rpm:requires>\\n  </format>\\n</package>\"}, \"checksumtype\": \"sha256\", \"license\": \"GPLv2\", \"_ns\": \"units_rpm\", \"checksum\": \"f25d67d1d9da04f12e57ca323247b43891ac46533e355b82de6d1922009f9f14\", \"filename\": \"giraffe-0.3-0.8.noarch.rpm\", \"buildhost\": \"dhcp-26-118.brq.redhat.com\", \"epoch\": \"0\", \"version\": \"0.3\", \"relativepath\": \"giraffe-0.3-0.8.noarch.rpm\", \"provides\": [[\"giraffe\", \"EQ\", [\"0\", \"0.3\", \"0.8\"]]], \"_content_type_id\": \"rpm\", \"release\": \"0.8\", \"vendor\": \"\", \"_id\": \"665e77f8-b114-4430-ba2d-dc2954328540\", \"arch\": \"noarch\", \"name\": \"giraffe\", \"description\": \"A dummy package of giraffe\"}}, {\"updated\": \"2013-01-15T03:06:50Z\", \"repo_id\": \"1\", \"created\": \"2013-01-15T03:06:50Z\", \"_ns\": \"repo_content_units\", \"unit_id\": \"a792a69d-9ff5-4970-8576-850f9d968fd5\", \"unit_type_id\": \"rpm\", \"owner_type\": \"importer\", \"_id\": {\"$oid\": \"50f4817a196cbe557b000a1c\"}, \"id\": \"50f4817a196cbe557b000a1c\", \"owner_id\": \"yum_importer\", \"metadata\": {\"requires\": [[\"/bin/sh\", null, [null, null, null]]], \"_storage_path\": \"/var/lib/pulp/content/rpm/.//lion/0.3/0.8/noarch/12400dc95c23a4c160725a908716cd3fcdd7a8981585437ab64cd62efa3e4ae4/lion-0.3-0.8.noarch.rpm\", \"repodata\": {\"filelists\": \"\\n<package pkgid=\\\"12400dc95c23a4c160725a908716cd3fcdd7a8981585437ab64cd62efa3e4ae4\\\" name=\\\"lion\\\" arch=\\\"noarch\\\">\\n    <version epoch=\\\"0\\\" ver=\\\"0.3\\\" rel=\\\"0.8\\\"/>\\n\\n    <file>//lion.txt</file>\\n</package>\\n\", \"other\": \"\\n<package pkgid=\\\"12400dc95c23a4c160725a908716cd3fcdd7a8981585437ab64cd62efa3e4ae4\\\" name=\\\"lion\\\" arch=\\\"noarch\\\">\\n    <version epoch=\\\"0\\\" ver=\\\"0.3\\\" rel=\\\"0.8\\\"/>\\n\\n</package>\\n\", \"primary\": \"\\n<package type=\\\"rpm\\\">\\n  <name>lion</name>\\n  <arch>noarch</arch>\\n  <version epoch=\\\"0\\\" ver=\\\"0.3\\\" rel=\\\"0.8\\\"/>\\n  <checksum type=\\\"sha256\\\" pkgid=\\\"YES\\\">12400dc95c23a4c160725a908716cd3fcdd7a8981585437ab64cd62efa3e4ae4</checksum>\\n  <summary>A dummy package of lion</summary>\\n  <description>A dummy package of lion</description>\\n  <packager></packager>\\n  <url>http://tstrachota.fedorapeople.org</url>\\n  <time file=\\\"1321891028\\\" build=\\\"1308257455\\\"/>\\n  <size package=\\\"2212\\\" installed=\\\"42\\\" archive=\\\"292\\\"/>\\n<location href=\\\"lion-0.3-0.8.noarch.rpm\\\"/>\\n  <format>\\n    <rpm:license>GPLv2</rpm:license>\\n    <rpm:vendor/>\\n    <rpm:group>Internet/Applications</rpm:group>\\n    <rpm:buildhost>dhcp-26-118.brq.redhat.com</rpm:buildhost>\\n    <rpm:sourcerpm>lion-0.3-0.8.src.rpm</rpm:sourcerpm>\\n    <rpm:header-range start=\\\"280\\\" end=\\\"2000\\\"/>\\n    <rpm:provides>\\n      <rpm:entry name=\\\"lion\\\" flags=\\\"EQ\\\" epoch=\\\"0\\\" ver=\\\"0.3\\\" rel=\\\"0.8\\\"/>\\n    </rpm:provides>\\n    <rpm:requires>\\n      <rpm:entry name=\\\"/bin/sh\\\" pre=\\\"1\\\"/>\\n    </rpm:requires>\\n  </format>\\n</package>\"}, \"checksumtype\": \"sha256\", \"license\": \"GPLv2\", \"_ns\": \"units_rpm\", \"checksum\": \"12400dc95c23a4c160725a908716cd3fcdd7a8981585437ab64cd62efa3e4ae4\", \"filename\": \"lion-0.3-0.8.noarch.rpm\", \"buildhost\": \"dhcp-26-118.brq.redhat.com\", \"epoch\": \"0\", \"version\": \"0.3\", \"relativepath\": \"lion-0.3-0.8.noarch.rpm\", \"provides\": [[\"lion\", \"EQ\", [\"0\", \"0.3\", \"0.8\"]]], \"_content_type_id\": \"rpm\", \"release\": \"0.8\", \"vendor\": \"\", \"_id\": \"a792a69d-9ff5-4970-8576-850f9d968fd5\", \"arch\": \"noarch\", \"name\": \"lion\", \"description\": \"A dummy package of lion\"}}, {\"updated\": \"2013-01-15T03:06:50Z\", \"repo_id\": \"1\", \"created\": \"2013-01-15T03:06:50Z\", \"_ns\": \"repo_content_units\", \"unit_id\": \"d026d73a-de03-4d40-8847-f11145ab5d32\", \"unit_type_id\": \"rpm\", \"owner_type\": \"importer\", \"_id\": {\"$oid\": \"50f4817a196cbe557b000a1d\"}, \"id\": \"50f4817a196cbe557b000a1d\", \"owner_id\": \"yum_importer\", \"metadata\": {\"requires\": [[\"/bin/sh\", null, [null, null, null]]], \"_storage_path\": \"/var/lib/pulp/content/rpm/.//monkey/0.3/0.8/noarch/0e8fa50d0128fbabc7ccc5632e3fa25d39b0280169f6166cb8e2c84de8501db1/monkey-0.3-0.8.noarch.rpm\", \"repodata\": {\"filelists\": \"\\n<package pkgid=\\\"0e8fa50d0128fbabc7ccc5632e3fa25d39b0280169f6166cb8e2c84de8501db1\\\" name=\\\"monkey\\\" arch=\\\"noarch\\\">\\n    <version epoch=\\\"0\\\" ver=\\\"0.3\\\" rel=\\\"0.8\\\"/>\\n\\n    <file>//monkey.txt</file>\\n</package>\\n\", \"other\": \"\\n<package pkgid=\\\"0e8fa50d0128fbabc7ccc5632e3fa25d39b0280169f6166cb8e2c84de8501db1\\\" name=\\\"monkey\\\" arch=\\\"noarch\\\">\\n    <version epoch=\\\"0\\\" ver=\\\"0.3\\\" rel=\\\"0.8\\\"/>\\n\\n</package>\\n\", \"primary\": \"\\n<package type=\\\"rpm\\\">\\n  <name>monkey</name>\\n  <arch>noarch</arch>\\n  <version epoch=\\\"0\\\" ver=\\\"0.3\\\" rel=\\\"0.8\\\"/>\\n  <checksum type=\\\"sha256\\\" pkgid=\\\"YES\\\">0e8fa50d0128fbabc7ccc5632e3fa25d39b0280169f6166cb8e2c84de8501db1</checksum>\\n  <summary>A dummy package of monkey</summary>\\n  <description>A dummy package of monkey</description>\\n  <packager></packager>\\n  <url>http://tstrachota.fedorapeople.org</url>\\n  <time file=\\\"1321891029\\\" build=\\\"1308257260\\\"/>\\n  <size package=\\\"2232\\\" installed=\\\"42\\\" archive=\\\"292\\\"/>\\n<location href=\\\"monkey-0.3-0.8.noarch.rpm\\\"/>\\n  <format>\\n    <rpm:license>GPLv2</rpm:license>\\n    <rpm:vendor/>\\n    <rpm:group>Internet/Applications</rpm:group>\\n    <rpm:buildhost>dhcp-26-118.brq.redhat.com</rpm:buildhost>\\n    <rpm:sourcerpm>monkey-0.3-0.8.src.rpm</rpm:sourcerpm>\\n    <rpm:header-range start=\\\"280\\\" end=\\\"2016\\\"/>\\n    <rpm:provides>\\n      <rpm:entry name=\\\"monkey\\\" flags=\\\"EQ\\\" epoch=\\\"0\\\" ver=\\\"0.3\\\" rel=\\\"0.8\\\"/>\\n    </rpm:provides>\\n    <rpm:requires>\\n      <rpm:entry name=\\\"/bin/sh\\\" pre=\\\"1\\\"/>\\n    </rpm:requires>\\n  </format>\\n</package>\"}, \"checksumtype\": \"sha256\", \"license\": \"GPLv2\", \"_ns\": \"units_rpm\", \"checksum\": \"0e8fa50d0128fbabc7ccc5632e3fa25d39b0280169f6166cb8e2c84de8501db1\", \"filename\": \"monkey-0.3-0.8.noarch.rpm\", \"buildhost\": \"dhcp-26-118.brq.redhat.com\", \"epoch\": \"0\", \"version\": \"0.3\", \"relativepath\": \"monkey-0.3-0.8.noarch.rpm\", \"provides\": [[\"monkey\", \"EQ\", [\"0\", \"0.3\", \"0.8\"]]], \"_content_type_id\": \"rpm\", \"release\": \"0.8\", \"vendor\": \"\", \"_id\": \"d026d73a-de03-4d40-8847-f11145ab5d32\", \"arch\": \"noarch\", \"name\": \"monkey\", \"description\": \"A dummy package of monkey\"}}, {\"updated\": \"2013-01-15T03:06:50Z\", \"repo_id\": \"1\", \"created\": \"2013-01-15T03:06:50Z\", \"_ns\": \"repo_content_units\", \"unit_id\": \"20a92e6e-8a7b-47bd-9e53-a56a5954a826\", \"unit_type_id\": \"rpm\", \"owner_type\": \"importer\", \"_id\": {\"$oid\": \"50f4817a196cbe557b000a1e\"}, \"id\": \"50f4817a196cbe557b000a1e\", \"owner_id\": \"yum_importer\", \"metadata\": {\"requires\": [[\"/bin/sh\", null, [null, null, null]]], \"_storage_path\": \"/var/lib/pulp/content/rpm/.//penguin/0.3/0.8/noarch/3fcb2c927de9e13bf68469032a28b139d3e5ad2e58564fc210fd6e48635be694/penguin-0.3-0.8.noarch.rpm\", \"repodata\": {\"filelists\": \"\\n<package pkgid=\\\"3fcb2c927de9e13bf68469032a28b139d3e5ad2e58564fc210fd6e48635be694\\\" name=\\\"penguin\\\" arch=\\\"noarch\\\">\\n    <version epoch=\\\"0\\\" ver=\\\"0.3\\\" rel=\\\"0.8\\\"/>\\n\\n    <file>//penguin.txt</file>\\n</package>\\n\", \"other\": \"\\n<package pkgid=\\\"3fcb2c927de9e13bf68469032a28b139d3e5ad2e58564fc210fd6e48635be694\\\" name=\\\"penguin\\\" arch=\\\"noarch\\\">\\n    <version epoch=\\\"0\\\" ver=\\\"0.3\\\" rel=\\\"0.8\\\"/>\\n\\n</package>\\n\", \"primary\": \"\\n<package type=\\\"rpm\\\">\\n  <name>penguin</name>\\n  <arch>noarch</arch>\\n  <version epoch=\\\"0\\\" ver=\\\"0.3\\\" rel=\\\"0.8\\\"/>\\n  <checksum type=\\\"sha256\\\" pkgid=\\\"YES\\\">3fcb2c927de9e13bf68469032a28b139d3e5ad2e58564fc210fd6e48635be694</checksum>\\n  <summary>A dummy package of penguin</summary>\\n  <description>A dummy package of penguin</description>\\n  <packager></packager>\\n  <url>http://tstrachota.fedorapeople.org</url>\\n  <time file=\\\"1321891029\\\" build=\\\"1308257460\\\"/>\\n  <size package=\\\"2232\\\" installed=\\\"42\\\" archive=\\\"292\\\"/>\\n<location href=\\\"penguin-0.3-0.8.noarch.rpm\\\"/>\\n  <format>\\n    <rpm:license>GPLv2</rpm:license>\\n    <rpm:vendor/>\\n    <rpm:group>Internet/Applications</rpm:group>\\n    <rpm:buildhost>dhcp-26-118.brq.redhat.com</rpm:buildhost>\\n    <rpm:sourcerpm>penguin-0.3-0.8.src.rpm</rpm:sourcerpm>\\n    <rpm:header-range start=\\\"280\\\" end=\\\"2016\\\"/>\\n    <rpm:provides>\\n      <rpm:entry name=\\\"penguin\\\" flags=\\\"EQ\\\" epoch=\\\"0\\\" ver=\\\"0.3\\\" rel=\\\"0.8\\\"/>\\n    </rpm:provides>\\n    <rpm:requires>\\n      <rpm:entry name=\\\"/bin/sh\\\" pre=\\\"1\\\"/>\\n    </rpm:requires>\\n  </format>\\n</package>\"}, \"checksumtype\": \"sha256\", \"license\": \"GPLv2\", \"_ns\": \"units_rpm\", \"checksum\": \"3fcb2c927de9e13bf68469032a28b139d3e5ad2e58564fc210fd6e48635be694\", \"filename\": \"penguin-0.3-0.8.noarch.rpm\", \"buildhost\": \"dhcp-26-118.brq.redhat.com\", \"epoch\": \"0\", \"version\": \"0.3\", \"relativepath\": \"penguin-0.3-0.8.noarch.rpm\", \"provides\": [[\"penguin\", \"EQ\", [\"0\", \"0.3\", \"0.8\"]]], \"_content_type_id\": \"rpm\", \"release\": \"0.8\", \"vendor\": \"\", \"_id\": \"20a92e6e-8a7b-47bd-9e53-a56a5954a826\", \"arch\": \"noarch\", \"name\": \"penguin\", \"description\": \"A dummy package of penguin\"}}, {\"updated\": \"2013-01-15T03:06:50Z\", \"repo_id\": \"1\", \"created\": \"2013-01-15T03:06:50Z\", \"_ns\": \"repo_content_units\", \"unit_id\": \"7f006cd7-9a74-4fb5-938b-26c7d69ac45b\", \"unit_type_id\": \"rpm\", \"owner_type\": \"importer\", \"_id\": {\"$oid\": \"50f4817a196cbe557b000a21\"}, \"id\": \"50f4817a196cbe557b000a21\", \"owner_id\": \"yum_importer\", \"metadata\": {\"requires\": [[\"/bin/sh\", null, [null, null, null]]], \"_storage_path\": \"/var/lib/pulp/content/rpm/.//squirrel/0.3/0.8/noarch/251768bdd15f13d78487c27638aa6aecd01551e253756093cde1c0ae878a17d2/squirrel-0.3-0.8.noarch.rpm\", \"repodata\": {\"filelists\": \"\\n<package pkgid=\\\"251768bdd15f13d78487c27638aa6aecd01551e253756093cde1c0ae878a17d2\\\" name=\\\"squirrel\\\" arch=\\\"noarch\\\">\\n    <version epoch=\\\"0\\\" ver=\\\"0.3\\\" rel=\\\"0.8\\\"/>\\n\\n    <file>//squirrel.txt</file>\\n</package>\\n\", \"other\": \"\\n<package pkgid=\\\"251768bdd15f13d78487c27638aa6aecd01551e253756093cde1c0ae878a17d2\\\" name=\\\"squirrel\\\" arch=\\\"noarch\\\">\\n    <version epoch=\\\"0\\\" ver=\\\"0.3\\\" rel=\\\"0.8\\\"/>\\n\\n</package>\\n\", \"primary\": \"\\n<package type=\\\"rpm\\\">\\n  <name>squirrel</name>\\n  <arch>noarch</arch>\\n  <version epoch=\\\"0\\\" ver=\\\"0.3\\\" rel=\\\"0.8\\\"/>\\n  <checksum type=\\\"sha256\\\" pkgid=\\\"YES\\\">251768bdd15f13d78487c27638aa6aecd01551e253756093cde1c0ae878a17d2</checksum>\\n  <summary>A dummy package of squirrel</summary>\\n  <description>A dummy package of squirrel</description>\\n  <packager></packager>\\n  <url>http://tstrachota.fedorapeople.org</url>\\n  <time file=\\\"1321891029\\\" build=\\\"1308257502\\\"/>\\n  <size package=\\\"2248\\\" installed=\\\"42\\\" archive=\\\"296\\\"/>\\n<location href=\\\"squirrel-0.3-0.8.noarch.rpm\\\"/>\\n  <format>\\n    <rpm:license>GPLv2</rpm:license>\\n    <rpm:vendor/>\\n    <rpm:group>Internet/Applications</rpm:group>\\n    <rpm:buildhost>dhcp-26-118.brq.redhat.com</rpm:buildhost>\\n    <rpm:sourcerpm>squirrel-0.3-0.8.src.rpm</rpm:sourcerpm>\\n    <rpm:header-range start=\\\"280\\\" end=\\\"2028\\\"/>\\n    <rpm:provides>\\n      <rpm:entry name=\\\"squirrel\\\" flags=\\\"EQ\\\" epoch=\\\"0\\\" ver=\\\"0.3\\\" rel=\\\"0.8\\\"/>\\n    </rpm:provides>\\n    <rpm:requires>\\n      <rpm:entry name=\\\"/bin/sh\\\" pre=\\\"1\\\"/>\\n    </rpm:requires>\\n  </format>\\n</package>\"}, \"checksumtype\": \"sha256\", \"license\": \"GPLv2\", \"_ns\": \"units_rpm\", \"checksum\": \"251768bdd15f13d78487c27638aa6aecd01551e253756093cde1c0ae878a17d2\", \"filename\": \"squirrel-0.3-0.8.noarch.rpm\", \"buildhost\": \"dhcp-26-118.brq.redhat.com\", \"epoch\": \"0\", \"version\": \"0.3\", \"relativepath\": \"squirrel-0.3-0.8.noarch.rpm\", \"provides\": [[\"squirrel\", \"EQ\", [\"0\", \"0.3\", \"0.8\"]]], \"_content_type_id\": \"rpm\", \"release\": \"0.8\", \"vendor\": \"\", \"_id\": \"7f006cd7-9a74-4fb5-938b-26c7d69ac45b\", \"arch\": \"noarch\", \"name\": \"squirrel\", \"description\": \"A dummy package of squirrel\"}}, {\"updated\": \"2013-01-15T03:06:50Z\", \"repo_id\": \"1\", \"created\": \"2013-01-15T03:06:50Z\", \"_ns\": \"repo_content_units\", \"unit_id\": \"24b891dc-1401-42d1-b816-1272f39b1b47\", \"unit_type_id\": \"rpm\", \"owner_type\": \"importer\", \"_id\": {\"$oid\": \"50f4817a196cbe557b000a20\"}, \"id\": \"50f4817a196cbe557b000a20\", \"owner_id\": \"yum_importer\", \"metadata\": {\"requires\": [[\"/bin/sh\", null, [null, null, null]]], \"_storage_path\": \"/var/lib/pulp/content/rpm/.//walrus/0.3/0.8/noarch/6e8d6dc057e3e2c9819f0dc7e6c7b7f86bf2e8571bba414adec7fb621a461dfd/walrus-0.3-0.8.noarch.rpm\", \"repodata\": {\"filelists\": \"\\n<package pkgid=\\\"6e8d6dc057e3e2c9819f0dc7e6c7b7f86bf2e8571bba414adec7fb621a461dfd\\\" name=\\\"walrus\\\" arch=\\\"noarch\\\">\\n    <version epoch=\\\"0\\\" ver=\\\"0.3\\\" rel=\\\"0.8\\\"/>\\n\\n    <file>//walrus.txt</file>\\n</package>\\n\", \"other\": \"\\n<package pkgid=\\\"6e8d6dc057e3e2c9819f0dc7e6c7b7f86bf2e8571bba414adec7fb621a461dfd\\\" name=\\\"walrus\\\" arch=\\\"noarch\\\">\\n    <version epoch=\\\"0\\\" ver=\\\"0.3\\\" rel=\\\"0.8\\\"/>\\n\\n</package>\\n\", \"primary\": \"\\n<package type=\\\"rpm\\\">\\n  <name>walrus</name>\\n  <arch>noarch</arch>\\n  <version epoch=\\\"0\\\" ver=\\\"0.3\\\" rel=\\\"0.8\\\"/>\\n  <checksum type=\\\"sha256\\\" pkgid=\\\"YES\\\">6e8d6dc057e3e2c9819f0dc7e6c7b7f86bf2e8571bba414adec7fb621a461dfd</checksum>\\n  <summary>A dummy package of walrus</summary>\\n  <description>A dummy package of walrus</description>\\n  <packager></packager>\\n  <url>http://tstrachota.fedorapeople.org</url>\\n  <time file=\\\"1321891030\\\" build=\\\"1308257449\\\"/>\\n  <size package=\\\"2236\\\" installed=\\\"42\\\" archive=\\\"292\\\"/>\\n<location href=\\\"walrus-0.3-0.8.noarch.rpm\\\"/>\\n  <format>\\n    <rpm:license>GPLv2</rpm:license>\\n    <rpm:vendor/>\\n    <rpm:group>Internet/Applications</rpm:group>\\n    <rpm:buildhost>dhcp-26-118.brq.redhat.com</rpm:buildhost>\\n    <rpm:sourcerpm>walrus-0.3-0.8.src.rpm</rpm:sourcerpm>\\n    <rpm:header-range start=\\\"280\\\" end=\\\"2016\\\"/>\\n    <rpm:provides>\\n      <rpm:entry name=\\\"walrus\\\" flags=\\\"EQ\\\" epoch=\\\"0\\\" ver=\\\"0.3\\\" rel=\\\"0.8\\\"/>\\n    </rpm:provides>\\n    <rpm:requires>\\n      <rpm:entry name=\\\"/bin/sh\\\" pre=\\\"1\\\"/>\\n    </rpm:requires>\\n  </format>\\n</package>\"}, \"checksumtype\": \"sha256\", \"license\": \"GPLv2\", \"_ns\": \"units_rpm\", \"checksum\": \"6e8d6dc057e3e2c9819f0dc7e6c7b7f86bf2e8571bba414adec7fb621a461dfd\", \"filename\": \"walrus-0.3-0.8.noarch.rpm\", \"buildhost\": \"dhcp-26-118.brq.redhat.com\", \"epoch\": \"0\", \"version\": \"0.3\", \"relativepath\": \"walrus-0.3-0.8.noarch.rpm\", \"provides\": [[\"walrus\", \"EQ\", [\"0\", \"0.3\", \"0.8\"]]], \"_content_type_id\": \"rpm\", \"release\": \"0.8\", \"vendor\": \"\", \"_id\": \"24b891dc-1401-42d1-b816-1272f39b1b47\", \"arch\": \"noarch\", \"name\": \"walrus\", \"description\": \"A dummy package of walrus\"}}]"
    http_version: 
  recorded_at: Mon, 14 Jan 2013 22:06:52 GMT
- request: 
    method: post
    uri: https://kafka.usersys.redhat.com/pulp/api/v2/content/units/rpm/search/
    body: 
      string: "{\"criteria\":{\"filters\":{\"_id\":{\"$in\":[\"69e46e24-dc70-4257-b939-60b7ca4c534c\",\"4a2ca5c5-b06c-459b-a22a-98c315d7468b\",\"665e77f8-b114-4430-ba2d-dc2954328540\",\"a792a69d-9ff5-4970-8576-850f9d968fd5\",\"d026d73a-de03-4d40-8847-f11145ab5d32\",\"20a92e6e-8a7b-47bd-9e53-a56a5954a826\",\"7f006cd7-9a74-4fb5-938b-26c7d69ac45b\",\"24b891dc-1401-42d1-b816-1272f39b1b47\"]}}}}"
    headers: 
      Authorization: 
      - OAuth oauth_body_hash="2jmj7l5rSw0yVb%2FvlWAYkK%2FYBwk%3D", oauth_consumer_key="katello", oauth_nonce="gkiMDnszVlg7PZagyY1IxPw7kPhPf65A9cAlzckVA", oauth_signature="sojFwROpFo59reRDWa36GLjUvqc%3D", oauth_signature_method="HMAC-SHA1", oauth_timestamp="1358201212", oauth_version="1.0"
      Pulp-User: 
      - admin
      Content-Length: 
      - "354"
      Accept-Encoding: 
      - gzip, deflate
      Content-Type: 
      - application/json
      Accept: 
      - application/json
  response: 
    status: 
      code: 200
      message: OK
    headers: 
      Server: 
      - Apache/2.2.22 (Fedora)
      Date: 
      - Mon, 14 Jan 2013 22:06:52 GMT
      Content-Length: 
      - "19376"
      Content-Type: 
      - application/json
    body: 
      string: "[{\"requires\": [[\"/bin/sh\", null, [null, null, null]]], \"_storage_path\": \"/var/lib/pulp/content/rpm/.//penguin/0.3/0.8/noarch/3fcb2c927de9e13bf68469032a28b139d3e5ad2e58564fc210fd6e48635be694/penguin-0.3-0.8.noarch.rpm\", \"repodata\": {\"filelists\": \"\\n<package pkgid=\\\"3fcb2c927de9e13bf68469032a28b139d3e5ad2e58564fc210fd6e48635be694\\\" name=\\\"penguin\\\" arch=\\\"noarch\\\">\\n    <version epoch=\\\"0\\\" ver=\\\"0.3\\\" rel=\\\"0.8\\\"/>\\n\\n    <file>//penguin.txt</file>\\n</package>\\n\", \"other\": \"\\n<package pkgid=\\\"3fcb2c927de9e13bf68469032a28b139d3e5ad2e58564fc210fd6e48635be694\\\" name=\\\"penguin\\\" arch=\\\"noarch\\\">\\n    <version epoch=\\\"0\\\" ver=\\\"0.3\\\" rel=\\\"0.8\\\"/>\\n\\n</package>\\n\", \"primary\": \"\\n<package type=\\\"rpm\\\">\\n  <name>penguin</name>\\n  <arch>noarch</arch>\\n  <version epoch=\\\"0\\\" ver=\\\"0.3\\\" rel=\\\"0.8\\\"/>\\n  <checksum type=\\\"sha256\\\" pkgid=\\\"YES\\\">3fcb2c927de9e13bf68469032a28b139d3e5ad2e58564fc210fd6e48635be694</checksum>\\n  <summary>A dummy package of penguin</summary>\\n  <description>A dummy package of penguin</description>\\n  <packager></packager>\\n  <url>http://tstrachota.fedorapeople.org</url>\\n  <time file=\\\"1321891029\\\" build=\\\"1308257460\\\"/>\\n  <size package=\\\"2232\\\" installed=\\\"42\\\" archive=\\\"292\\\"/>\\n<location href=\\\"penguin-0.3-0.8.noarch.rpm\\\"/>\\n  <format>\\n    <rpm:license>GPLv2</rpm:license>\\n    <rpm:vendor/>\\n    <rpm:group>Internet/Applications</rpm:group>\\n    <rpm:buildhost>dhcp-26-118.brq.redhat.com</rpm:buildhost>\\n    <rpm:sourcerpm>penguin-0.3-0.8.src.rpm</rpm:sourcerpm>\\n    <rpm:header-range start=\\\"280\\\" end=\\\"2016\\\"/>\\n    <rpm:provides>\\n      <rpm:entry name=\\\"penguin\\\" flags=\\\"EQ\\\" epoch=\\\"0\\\" ver=\\\"0.3\\\" rel=\\\"0.8\\\"/>\\n    </rpm:provides>\\n    <rpm:requires>\\n      <rpm:entry name=\\\"/bin/sh\\\" pre=\\\"1\\\"/>\\n    </rpm:requires>\\n  </format>\\n</package>\"}, \"checksumtype\": \"sha256\", \"license\": \"GPLv2\", \"checksum\": \"3fcb2c927de9e13bf68469032a28b139d3e5ad2e58564fc210fd6e48635be694\", \"filename\": \"penguin-0.3-0.8.noarch.rpm\", \"buildhost\": \"dhcp-26-118.brq.redhat.com\", \"epoch\": \"0\", \"version\": \"0.3\", \"relativepath\": \"penguin-0.3-0.8.noarch.rpm\", \"provides\": [[\"penguin\", \"EQ\", [\"0\", \"0.3\", \"0.8\"]]], \"_content_type_id\": \"rpm\", \"release\": \"0.8\", \"vendor\": \"\", \"_id\": \"20a92e6e-8a7b-47bd-9e53-a56a5954a826\", \"arch\": \"noarch\", \"name\": \"penguin\", \"description\": \"A dummy package of penguin\", \"_href\": \"/pulp/api/v2/content/units/rpm/20a92e6e-8a7b-47bd-9e53-a56a5954a826/\", \"children\": {}}, {\"requires\": [[\"/bin/sh\", null, [null, null, null]]], \"_storage_path\": \"/var/lib/pulp/content/rpm/.//walrus/0.3/0.8/noarch/6e8d6dc057e3e2c9819f0dc7e6c7b7f86bf2e8571bba414adec7fb621a461dfd/walrus-0.3-0.8.noarch.rpm\", \"repodata\": {\"filelists\": \"\\n<package pkgid=\\\"6e8d6dc057e3e2c9819f0dc7e6c7b7f86bf2e8571bba414adec7fb621a461dfd\\\" name=\\\"walrus\\\" arch=\\\"noarch\\\">\\n    <version epoch=\\\"0\\\" ver=\\\"0.3\\\" rel=\\\"0.8\\\"/>\\n\\n    <file>//walrus.txt</file>\\n</package>\\n\", \"other\": \"\\n<package pkgid=\\\"6e8d6dc057e3e2c9819f0dc7e6c7b7f86bf2e8571bba414adec7fb621a461dfd\\\" name=\\\"walrus\\\" arch=\\\"noarch\\\">\\n    <version epoch=\\\"0\\\" ver=\\\"0.3\\\" rel=\\\"0.8\\\"/>\\n\\n</package>\\n\", \"primary\": \"\\n<package type=\\\"rpm\\\">\\n  <name>walrus</name>\\n  <arch>noarch</arch>\\n  <version epoch=\\\"0\\\" ver=\\\"0.3\\\" rel=\\\"0.8\\\"/>\\n  <checksum type=\\\"sha256\\\" pkgid=\\\"YES\\\">6e8d6dc057e3e2c9819f0dc7e6c7b7f86bf2e8571bba414adec7fb621a461dfd</checksum>\\n  <summary>A dummy package of walrus</summary>\\n  <description>A dummy package of walrus</description>\\n  <packager></packager>\\n  <url>http://tstrachota.fedorapeople.org</url>\\n  <time file=\\\"1321891030\\\" build=\\\"1308257449\\\"/>\\n  <size package=\\\"2236\\\" installed=\\\"42\\\" archive=\\\"292\\\"/>\\n<location href=\\\"walrus-0.3-0.8.noarch.rpm\\\"/>\\n  <format>\\n    <rpm:license>GPLv2</rpm:license>\\n    <rpm:vendor/>\\n    <rpm:group>Internet/Applications</rpm:group>\\n    <rpm:buildhost>dhcp-26-118.brq.redhat.com</rpm:buildhost>\\n    <rpm:sourcerpm>walrus-0.3-0.8.src.rpm</rpm:sourcerpm>\\n    <rpm:header-range start=\\\"280\\\" end=\\\"2016\\\"/>\\n    <rpm:provides>\\n      <rpm:entry name=\\\"walrus\\\" flags=\\\"EQ\\\" epoch=\\\"0\\\" ver=\\\"0.3\\\" rel=\\\"0.8\\\"/>\\n    </rpm:provides>\\n    <rpm:requires>\\n      <rpm:entry name=\\\"/bin/sh\\\" pre=\\\"1\\\"/>\\n    </rpm:requires>\\n  </format>\\n</package>\"}, \"checksumtype\": \"sha256\", \"license\": \"GPLv2\", \"checksum\": \"6e8d6dc057e3e2c9819f0dc7e6c7b7f86bf2e8571bba414adec7fb621a461dfd\", \"filename\": \"walrus-0.3-0.8.noarch.rpm\", \"buildhost\": \"dhcp-26-118.brq.redhat.com\", \"epoch\": \"0\", \"version\": \"0.3\", \"relativepath\": \"walrus-0.3-0.8.noarch.rpm\", \"provides\": [[\"walrus\", \"EQ\", [\"0\", \"0.3\", \"0.8\"]]], \"_content_type_id\": \"rpm\", \"release\": \"0.8\", \"vendor\": \"\", \"_id\": \"24b891dc-1401-42d1-b816-1272f39b1b47\", \"arch\": \"noarch\", \"name\": \"walrus\", \"description\": \"A dummy package of walrus\", \"_href\": \"/pulp/api/v2/content/units/rpm/24b891dc-1401-42d1-b816-1272f39b1b47/\", \"children\": {}}, {\"requires\": [[\"/bin/sh\", null, [null, null, null]]], \"_storage_path\": \"/var/lib/pulp/content/rpm/.//elephant/0.3/0.8/noarch/3e1c70cd1b421328acaf6397cb3d16145306bb95f65d1b095fc31372a0a701f3/elephant-0.3-0.8.noarch.rpm\", \"repodata\": {\"filelists\": \"\\n<package pkgid=\\\"3e1c70cd1b421328acaf6397cb3d16145306bb95f65d1b095fc31372a0a701f3\\\" name=\\\"elephant\\\" arch=\\\"noarch\\\">\\n    <version epoch=\\\"0\\\" ver=\\\"0.3\\\" rel=\\\"0.8\\\"/>\\n\\n    <file>//elephant.txt</file>\\n</package>\\n\", \"other\": \"\\n<package pkgid=\\\"3e1c70cd1b421328acaf6397cb3d16145306bb95f65d1b095fc31372a0a701f3\\\" name=\\\"elephant\\\" arch=\\\"noarch\\\">\\n    <version epoch=\\\"0\\\" ver=\\\"0.3\\\" rel=\\\"0.8\\\"/>\\n\\n</package>\\n\", \"primary\": \"\\n<package type=\\\"rpm\\\">\\n  <name>elephant</name>\\n  <arch>noarch</arch>\\n  <version epoch=\\\"0\\\" ver=\\\"0.3\\\" rel=\\\"0.8\\\"/>\\n  <checksum type=\\\"sha256\\\" pkgid=\\\"YES\\\">3e1c70cd1b421328acaf6397cb3d16145306bb95f65d1b095fc31372a0a701f3</checksum>\\n  <summary>A dummy package of elephant</summary>\\n  <description>A dummy package of elephant</description>\\n  <packager></packager>\\n  <url>http://tstrachota.fedorapeople.org</url>\\n  <time file=\\\"1321891027\\\" build=\\\"1308257466\\\"/>\\n  <size package=\\\"2244\\\" installed=\\\"42\\\" archive=\\\"296\\\"/>\\n<location href=\\\"elephant-0.3-0.8.noarch.rpm\\\"/>\\n  <format>\\n    <rpm:license>GPLv2</rpm:license>\\n    <rpm:vendor/>\\n    <rpm:group>Internet/Applications</rpm:group>\\n    <rpm:buildhost>dhcp-26-118.brq.redhat.com</rpm:buildhost>\\n    <rpm:sourcerpm>elephant-0.3-0.8.src.rpm</rpm:sourcerpm>\\n    <rpm:header-range start=\\\"280\\\" end=\\\"2028\\\"/>\\n    <rpm:provides>\\n      <rpm:entry name=\\\"elephant\\\" flags=\\\"EQ\\\" epoch=\\\"0\\\" ver=\\\"0.3\\\" rel=\\\"0.8\\\"/>\\n    </rpm:provides>\\n    <rpm:requires>\\n      <rpm:entry name=\\\"/bin/sh\\\" pre=\\\"1\\\"/>\\n    </rpm:requires>\\n  </format>\\n</package>\"}, \"checksumtype\": \"sha256\", \"license\": \"GPLv2\", \"checksum\": \"3e1c70cd1b421328acaf6397cb3d16145306bb95f65d1b095fc31372a0a701f3\", \"filename\": \"elephant-0.3-0.8.noarch.rpm\", \"buildhost\": \"dhcp-26-118.brq.redhat.com\", \"epoch\": \"0\", \"version\": \"0.3\", \"relativepath\": \"elephant-0.3-0.8.noarch.rpm\", \"provides\": [[\"elephant\", \"EQ\", [\"0\", \"0.3\", \"0.8\"]]], \"_content_type_id\": \"rpm\", \"release\": \"0.8\", \"vendor\": \"\", \"_id\": \"4a2ca5c5-b06c-459b-a22a-98c315d7468b\", \"arch\": \"noarch\", \"name\": \"elephant\", \"description\": \"A dummy package of elephant\", \"_href\": \"/pulp/api/v2/content/units/rpm/4a2ca5c5-b06c-459b-a22a-98c315d7468b/\", \"children\": {}}, {\"requires\": [[\"/bin/sh\", null, [null, null, null]]], \"_storage_path\": \"/var/lib/pulp/content/rpm/.//giraffe/0.3/0.8/noarch/f25d67d1d9da04f12e57ca323247b43891ac46533e355b82de6d1922009f9f14/giraffe-0.3-0.8.noarch.rpm\", \"repodata\": {\"filelists\": \"\\n<package pkgid=\\\"f25d67d1d9da04f12e57ca323247b43891ac46533e355b82de6d1922009f9f14\\\" name=\\\"giraffe\\\" arch=\\\"noarch\\\">\\n    <version epoch=\\\"0\\\" ver=\\\"0.3\\\" rel=\\\"0.8\\\"/>\\n\\n    <file>//giraffe.txt</file>\\n</package>\\n\", \"other\": \"\\n<package pkgid=\\\"f25d67d1d9da04f12e57ca323247b43891ac46533e355b82de6d1922009f9f14\\\" name=\\\"giraffe\\\" arch=\\\"noarch\\\">\\n    <version epoch=\\\"0\\\" ver=\\\"0.3\\\" rel=\\\"0.8\\\"/>\\n\\n</package>\\n\", \"primary\": \"\\n<package type=\\\"rpm\\\">\\n  <name>giraffe</name>\\n  <arch>noarch</arch>\\n  <version epoch=\\\"0\\\" ver=\\\"0.3\\\" rel=\\\"0.8\\\"/>\\n  <checksum type=\\\"sha256\\\" pkgid=\\\"YES\\\">f25d67d1d9da04f12e57ca323247b43891ac46533e355b82de6d1922009f9f14</checksum>\\n  <summary>A dummy package of giraffe</summary>\\n  <description>A dummy package of giraffe</description>\\n  <packager></packager>\\n  <url>http://tstrachota.fedorapeople.org</url>\\n  <time file=\\\"1321891027\\\" build=\\\"1308257414\\\"/>\\n  <size package=\\\"2236\\\" installed=\\\"42\\\" archive=\\\"292\\\"/>\\n<location href=\\\"giraffe-0.3-0.8.noarch.rpm\\\"/>\\n  <format>\\n    <rpm:license>GPLv2</rpm:license>\\n    <rpm:vendor/>\\n    <rpm:group>Internet/Applications</rpm:group>\\n    <rpm:buildhost>dhcp-26-118.brq.redhat.com</rpm:buildhost>\\n    <rpm:sourcerpm>giraffe-0.3-0.8.src.rpm</rpm:sourcerpm>\\n    <rpm:header-range start=\\\"280\\\" end=\\\"2016\\\"/>\\n    <rpm:provides>\\n      <rpm:entry name=\\\"giraffe\\\" flags=\\\"EQ\\\" epoch=\\\"0\\\" ver=\\\"0.3\\\" rel=\\\"0.8\\\"/>\\n    </rpm:provides>\\n    <rpm:requires>\\n      <rpm:entry name=\\\"/bin/sh\\\" pre=\\\"1\\\"/>\\n    </rpm:requires>\\n  </format>\\n</package>\"}, \"checksumtype\": \"sha256\", \"license\": \"GPLv2\", \"checksum\": \"f25d67d1d9da04f12e57ca323247b43891ac46533e355b82de6d1922009f9f14\", \"filename\": \"giraffe-0.3-0.8.noarch.rpm\", \"buildhost\": \"dhcp-26-118.brq.redhat.com\", \"epoch\": \"0\", \"version\": \"0.3\", \"relativepath\": \"giraffe-0.3-0.8.noarch.rpm\", \"provides\": [[\"giraffe\", \"EQ\", [\"0\", \"0.3\", \"0.8\"]]], \"_content_type_id\": \"rpm\", \"release\": \"0.8\", \"vendor\": \"\", \"_id\": \"665e77f8-b114-4430-ba2d-dc2954328540\", \"arch\": \"noarch\", \"name\": \"giraffe\", \"description\": \"A dummy package of giraffe\", \"_href\": \"/pulp/api/v2/content/units/rpm/665e77f8-b114-4430-ba2d-dc2954328540/\", \"children\": {}}, {\"requires\": [[\"/bin/sh\", null, [null, null, null]]], \"_storage_path\": \"/var/lib/pulp/content/rpm/.//cheetah/0.3/0.8/noarch/422d0baa0cd9d7713ae796e886a23e17f578f924f74880debdbb7d65fb368dae/cheetah-0.3-0.8.noarch.rpm\", \"repodata\": {\"filelists\": \"\\n<package pkgid=\\\"422d0baa0cd9d7713ae796e886a23e17f578f924f74880debdbb7d65fb368dae\\\" name=\\\"cheetah\\\" arch=\\\"noarch\\\">\\n    <version epoch=\\\"0\\\" ver=\\\"0.3\\\" rel=\\\"0.8\\\"/>\\n\\n    <file>//cheetah.txt</file>\\n</package>\\n\", \"other\": \"\\n<package pkgid=\\\"422d0baa0cd9d7713ae796e886a23e17f578f924f74880debdbb7d65fb368dae\\\" name=\\\"cheetah\\\" arch=\\\"noarch\\\">\\n    <version epoch=\\\"0\\\" ver=\\\"0.3\\\" rel=\\\"0.8\\\"/>\\n\\n</package>\\n\", \"primary\": \"\\n<package type=\\\"rpm\\\">\\n  <name>cheetah</name>\\n  <arch>noarch</arch>\\n  <version epoch=\\\"0\\\" ver=\\\"0.3\\\" rel=\\\"0.8\\\"/>\\n  <checksum type=\\\"sha256\\\" pkgid=\\\"YES\\\">422d0baa0cd9d7713ae796e886a23e17f578f924f74880debdbb7d65fb368dae</checksum>\\n  <summary>A dummy package of cheetah</summary>\\n  <description>A dummy package of cheetah</description>\\n  <packager></packager>\\n  <url>http://tstrachota.fedorapeople.org</url>\\n  <time file=\\\"1321891028\\\" build=\\\"1308257472\\\"/>\\n  <size package=\\\"2232\\\" installed=\\\"42\\\" archive=\\\"292\\\"/>\\n<location href=\\\"cheetah-0.3-0.8.noarch.rpm\\\"/>\\n  <format>\\n    <rpm:license>GPLv2</rpm:license>\\n    <rpm:vendor/>\\n    <rpm:group>Internet/Applications</rpm:group>\\n    <rpm:buildhost>dhcp-26-118.brq.redhat.com</rpm:buildhost>\\n    <rpm:sourcerpm>cheetah-0.3-0.8.src.rpm</rpm:sourcerpm>\\n    <rpm:header-range start=\\\"280\\\" end=\\\"2016\\\"/>\\n    <rpm:provides>\\n      <rpm:entry name=\\\"cheetah\\\" flags=\\\"EQ\\\" epoch=\\\"0\\\" ver=\\\"0.3\\\" rel=\\\"0.8\\\"/>\\n    </rpm:provides>\\n    <rpm:requires>\\n      <rpm:entry name=\\\"/bin/sh\\\" pre=\\\"1\\\"/>\\n    </rpm:requires>\\n  </format>\\n</package>\"}, \"checksumtype\": \"sha256\", \"license\": \"GPLv2\", \"checksum\": \"422d0baa0cd9d7713ae796e886a23e17f578f924f74880debdbb7d65fb368dae\", \"filename\": \"cheetah-0.3-0.8.noarch.rpm\", \"buildhost\": \"dhcp-26-118.brq.redhat.com\", \"epoch\": \"0\", \"version\": \"0.3\", \"relativepath\": \"cheetah-0.3-0.8.noarch.rpm\", \"provides\": [[\"cheetah\", \"EQ\", [\"0\", \"0.3\", \"0.8\"]]], \"_content_type_id\": \"rpm\", \"release\": \"0.8\", \"vendor\": \"\", \"_id\": \"69e46e24-dc70-4257-b939-60b7ca4c534c\", \"arch\": \"noarch\", \"name\": \"cheetah\", \"description\": \"A dummy package of cheetah\", \"_href\": \"/pulp/api/v2/content/units/rpm/69e46e24-dc70-4257-b939-60b7ca4c534c/\", \"children\": {}}, {\"requires\": [[\"/bin/sh\", null, [null, null, null]]], \"_storage_path\": \"/var/lib/pulp/content/rpm/.//squirrel/0.3/0.8/noarch/251768bdd15f13d78487c27638aa6aecd01551e253756093cde1c0ae878a17d2/squirrel-0.3-0.8.noarch.rpm\", \"repodata\": {\"filelists\": \"\\n<package pkgid=\\\"251768bdd15f13d78487c27638aa6aecd01551e253756093cde1c0ae878a17d2\\\" name=\\\"squirrel\\\" arch=\\\"noarch\\\">\\n    <version epoch=\\\"0\\\" ver=\\\"0.3\\\" rel=\\\"0.8\\\"/>\\n\\n    <file>//squirrel.txt</file>\\n</package>\\n\", \"other\": \"\\n<package pkgid=\\\"251768bdd15f13d78487c27638aa6aecd01551e253756093cde1c0ae878a17d2\\\" name=\\\"squirrel\\\" arch=\\\"noarch\\\">\\n    <version epoch=\\\"0\\\" ver=\\\"0.3\\\" rel=\\\"0.8\\\"/>\\n\\n</package>\\n\", \"primary\": \"\\n<package type=\\\"rpm\\\">\\n  <name>squirrel</name>\\n  <arch>noarch</arch>\\n  <version epoch=\\\"0\\\" ver=\\\"0.3\\\" rel=\\\"0.8\\\"/>\\n  <checksum type=\\\"sha256\\\" pkgid=\\\"YES\\\">251768bdd15f13d78487c27638aa6aecd01551e253756093cde1c0ae878a17d2</checksum>\\n  <summary>A dummy package of squirrel</summary>\\n  <description>A dummy package of squirrel</description>\\n  <packager></packager>\\n  <url>http://tstrachota.fedorapeople.org</url>\\n  <time file=\\\"1321891029\\\" build=\\\"1308257502\\\"/>\\n  <size package=\\\"2248\\\" installed=\\\"42\\\" archive=\\\"296\\\"/>\\n<location href=\\\"squirrel-0.3-0.8.noarch.rpm\\\"/>\\n  <format>\\n    <rpm:license>GPLv2</rpm:license>\\n    <rpm:vendor/>\\n    <rpm:group>Internet/Applications</rpm:group>\\n    <rpm:buildhost>dhcp-26-118.brq.redhat.com</rpm:buildhost>\\n    <rpm:sourcerpm>squirrel-0.3-0.8.src.rpm</rpm:sourcerpm>\\n    <rpm:header-range start=\\\"280\\\" end=\\\"2028\\\"/>\\n    <rpm:provides>\\n      <rpm:entry name=\\\"squirrel\\\" flags=\\\"EQ\\\" epoch=\\\"0\\\" ver=\\\"0.3\\\" rel=\\\"0.8\\\"/>\\n    </rpm:provides>\\n    <rpm:requires>\\n      <rpm:entry name=\\\"/bin/sh\\\" pre=\\\"1\\\"/>\\n    </rpm:requires>\\n  </format>\\n</package>\"}, \"checksumtype\": \"sha256\", \"license\": \"GPLv2\", \"checksum\": \"251768bdd15f13d78487c27638aa6aecd01551e253756093cde1c0ae878a17d2\", \"filename\": \"squirrel-0.3-0.8.noarch.rpm\", \"buildhost\": \"dhcp-26-118.brq.redhat.com\", \"epoch\": \"0\", \"version\": \"0.3\", \"relativepath\": \"squirrel-0.3-0.8.noarch.rpm\", \"provides\": [[\"squirrel\", \"EQ\", [\"0\", \"0.3\", \"0.8\"]]], \"_content_type_id\": \"rpm\", \"release\": \"0.8\", \"vendor\": \"\", \"_id\": \"7f006cd7-9a74-4fb5-938b-26c7d69ac45b\", \"arch\": \"noarch\", \"name\": \"squirrel\", \"description\": \"A dummy package of squirrel\", \"_href\": \"/pulp/api/v2/content/units/rpm/7f006cd7-9a74-4fb5-938b-26c7d69ac45b/\", \"children\": {}}, {\"requires\": [[\"/bin/sh\", null, [null, null, null]]], \"_storage_path\": \"/var/lib/pulp/content/rpm/.//lion/0.3/0.8/noarch/12400dc95c23a4c160725a908716cd3fcdd7a8981585437ab64cd62efa3e4ae4/lion-0.3-0.8.noarch.rpm\", \"repodata\": {\"filelists\": \"\\n<package pkgid=\\\"12400dc95c23a4c160725a908716cd3fcdd7a8981585437ab64cd62efa3e4ae4\\\" name=\\\"lion\\\" arch=\\\"noarch\\\">\\n    <version epoch=\\\"0\\\" ver=\\\"0.3\\\" rel=\\\"0.8\\\"/>\\n\\n    <file>//lion.txt</file>\\n</package>\\n\", \"other\": \"\\n<package pkgid=\\\"12400dc95c23a4c160725a908716cd3fcdd7a8981585437ab64cd62efa3e4ae4\\\" name=\\\"lion\\\" arch=\\\"noarch\\\">\\n    <version epoch=\\\"0\\\" ver=\\\"0.3\\\" rel=\\\"0.8\\\"/>\\n\\n</package>\\n\", \"primary\": \"\\n<package type=\\\"rpm\\\">\\n  <name>lion</name>\\n  <arch>noarch</arch>\\n  <version epoch=\\\"0\\\" ver=\\\"0.3\\\" rel=\\\"0.8\\\"/>\\n  <checksum type=\\\"sha256\\\" pkgid=\\\"YES\\\">12400dc95c23a4c160725a908716cd3fcdd7a8981585437ab64cd62efa3e4ae4</checksum>\\n  <summary>A dummy package of lion</summary>\\n  <description>A dummy package of lion</description>\\n  <packager></packager>\\n  <url>http://tstrachota.fedorapeople.org</url>\\n  <time file=\\\"1321891028\\\" build=\\\"1308257455\\\"/>\\n  <size package=\\\"2212\\\" installed=\\\"42\\\" archive=\\\"292\\\"/>\\n<location href=\\\"lion-0.3-0.8.noarch.rpm\\\"/>\\n  <format>\\n    <rpm:license>GPLv2</rpm:license>\\n    <rpm:vendor/>\\n    <rpm:group>Internet/Applications</rpm:group>\\n    <rpm:buildhost>dhcp-26-118.brq.redhat.com</rpm:buildhost>\\n    <rpm:sourcerpm>lion-0.3-0.8.src.rpm</rpm:sourcerpm>\\n    <rpm:header-range start=\\\"280\\\" end=\\\"2000\\\"/>\\n    <rpm:provides>\\n      <rpm:entry name=\\\"lion\\\" flags=\\\"EQ\\\" epoch=\\\"0\\\" ver=\\\"0.3\\\" rel=\\\"0.8\\\"/>\\n    </rpm:provides>\\n    <rpm:requires>\\n      <rpm:entry name=\\\"/bin/sh\\\" pre=\\\"1\\\"/>\\n    </rpm:requires>\\n  </format>\\n</package>\"}, \"checksumtype\": \"sha256\", \"license\": \"GPLv2\", \"checksum\": \"12400dc95c23a4c160725a908716cd3fcdd7a8981585437ab64cd62efa3e4ae4\", \"filename\": \"lion-0.3-0.8.noarch.rpm\", \"buildhost\": \"dhcp-26-118.brq.redhat.com\", \"epoch\": \"0\", \"version\": \"0.3\", \"relativepath\": \"lion-0.3-0.8.noarch.rpm\", \"provides\": [[\"lion\", \"EQ\", [\"0\", \"0.3\", \"0.8\"]]], \"_content_type_id\": \"rpm\", \"release\": \"0.8\", \"vendor\": \"\", \"_id\": \"a792a69d-9ff5-4970-8576-850f9d968fd5\", \"arch\": \"noarch\", \"name\": \"lion\", \"description\": \"A dummy package of lion\", \"_href\": \"/pulp/api/v2/content/units/rpm/a792a69d-9ff5-4970-8576-850f9d968fd5/\", \"children\": {}}, {\"requires\": [[\"/bin/sh\", null, [null, null, null]]], \"_storage_path\": \"/var/lib/pulp/content/rpm/.//monkey/0.3/0.8/noarch/0e8fa50d0128fbabc7ccc5632e3fa25d39b0280169f6166cb8e2c84de8501db1/monkey-0.3-0.8.noarch.rpm\", \"repodata\": {\"filelists\": \"\\n<package pkgid=\\\"0e8fa50d0128fbabc7ccc5632e3fa25d39b0280169f6166cb8e2c84de8501db1\\\" name=\\\"monkey\\\" arch=\\\"noarch\\\">\\n    <version epoch=\\\"0\\\" ver=\\\"0.3\\\" rel=\\\"0.8\\\"/>\\n\\n    <file>//monkey.txt</file>\\n</package>\\n\", \"other\": \"\\n<package pkgid=\\\"0e8fa50d0128fbabc7ccc5632e3fa25d39b0280169f6166cb8e2c84de8501db1\\\" name=\\\"monkey\\\" arch=\\\"noarch\\\">\\n    <version epoch=\\\"0\\\" ver=\\\"0.3\\\" rel=\\\"0.8\\\"/>\\n\\n</package>\\n\", \"primary\": \"\\n<package type=\\\"rpm\\\">\\n  <name>monkey</name>\\n  <arch>noarch</arch>\\n  <version epoch=\\\"0\\\" ver=\\\"0.3\\\" rel=\\\"0.8\\\"/>\\n  <checksum type=\\\"sha256\\\" pkgid=\\\"YES\\\">0e8fa50d0128fbabc7ccc5632e3fa25d39b0280169f6166cb8e2c84de8501db1</checksum>\\n  <summary>A dummy package of monkey</summary>\\n  <description>A dummy package of monkey</description>\\n  <packager></packager>\\n  <url>http://tstrachota.fedorapeople.org</url>\\n  <time file=\\\"1321891029\\\" build=\\\"1308257260\\\"/>\\n  <size package=\\\"2232\\\" installed=\\\"42\\\" archive=\\\"292\\\"/>\\n<location href=\\\"monkey-0.3-0.8.noarch.rpm\\\"/>\\n  <format>\\n    <rpm:license>GPLv2</rpm:license>\\n    <rpm:vendor/>\\n    <rpm:group>Internet/Applications</rpm:group>\\n    <rpm:buildhost>dhcp-26-118.brq.redhat.com</rpm:buildhost>\\n    <rpm:sourcerpm>monkey-0.3-0.8.src.rpm</rpm:sourcerpm>\\n    <rpm:header-range start=\\\"280\\\" end=\\\"2016\\\"/>\\n    <rpm:provides>\\n      <rpm:entry name=\\\"monkey\\\" flags=\\\"EQ\\\" epoch=\\\"0\\\" ver=\\\"0.3\\\" rel=\\\"0.8\\\"/>\\n    </rpm:provides>\\n    <rpm:requires>\\n      <rpm:entry name=\\\"/bin/sh\\\" pre=\\\"1\\\"/>\\n    </rpm:requires>\\n  </format>\\n</package>\"}, \"checksumtype\": \"sha256\", \"license\": \"GPLv2\", \"checksum\": \"0e8fa50d0128fbabc7ccc5632e3fa25d39b0280169f6166cb8e2c84de8501db1\", \"filename\": \"monkey-0.3-0.8.noarch.rpm\", \"buildhost\": \"dhcp-26-118.brq.redhat.com\", \"epoch\": \"0\", \"version\": \"0.3\", \"relativepath\": \"monkey-0.3-0.8.noarch.rpm\", \"provides\": [[\"monkey\", \"EQ\", [\"0\", \"0.3\", \"0.8\"]]], \"_content_type_id\": \"rpm\", \"release\": \"0.8\", \"vendor\": \"\", \"_id\": \"d026d73a-de03-4d40-8847-f11145ab5d32\", \"arch\": \"noarch\", \"name\": \"monkey\", \"description\": \"A dummy package of monkey\", \"_href\": \"/pulp/api/v2/content/units/rpm/d026d73a-de03-4d40-8847-f11145ab5d32/\", \"children\": {}}]"
    http_version: 
  recorded_at: Mon, 14 Jan 2013 22:06:52 GMT
