// Jest Snapshot v1, https://goo.gl/fbAQLP

exports[`ActivationKeys renders 1`] = `
<FormGroup
  fieldId="reg_katello_ak"
  helperText="From host group: "
  helperTextInvalid="No Activation Keys selected"
  isRequired={true}
  label="Activation Keys"
  labelIcon={
    <LabelIcon
      text="Activation key(s) for Subscription Manager."
    />
  }
  validated="error"
>
  <Select
    aria-describedby=""
    aria-invalid={false}
    aria-label=""
    aria-labelledby=""
    chipGroupComponent={null}
    className="without_select2"
    clearSelectionsAriaLabel="Clear all"
    createText="Create"
    customBadgeText={null}
    customContent={null}
    direction="down"
    favorites={Array []}
    favoritesLabel="Favorites"
    hasInlineFilter={false}
    id="reg_katello_ak"
    inlineFilterPlaceholderText={null}
    inputIdPrefix=""
    isCreatable={false}
    isDisabled={true}
    isGrouped={false}
    isInputValuePersisted={false}
    isOpen={false}
    isPlain={false}
    menuAppendTo="inline"
    noResultsFoundText="No results found"
    onClear={[Function]}
    onCreateOption={[Function]}
    onFilter={null}
    onSelect={[Function]}
    onToggle={[Function]}
    onTypeaheadInputChanged={null}
    ouiaSafe={true}
    placeholderText="No Activation keys to select"
    position="left"
    removeSelectionAriaLabel="Remove"
    selections={Array []}
    toggleAriaLabel="Options menu"
    toggleIcon={null}
    toggleId={null}
    typeAheadAriaLabel=""
    validated="default"
    variant="typeaheadmulti"
    width=""
  />
</FormGroup>
`;
