// Jest Snapshot v1, https://goo.gl/fbAQLP

exports[`IgnoreSubmanErrors renders 1`] = `
<FormGroup
  fieldId="reg_katello_ignore"
>
  <Checkbox
    className=""
    id="reg_katello_ignore"
    isChecked={false}
    isDisabled={false}
    isLabelWrapped={false}
    isRequired={false}
    isValid={true}
    label={
      <span>
        Ignore errors
         
        <LabelIcon
          text="Ignore subscription manager errors"
        />
      </span>
    }
    onChange={[Function]}
    ouiaId="reg-katello-ignore"
    ouiaSafe={true}
  />
</FormGroup>
`;
