// Jest Snapshot v1, https://goo.gl/fbAQLP

exports[`LifeCycleEnvironment renders 1`] = `
<FormGroup
  fieldId="reg_katello_lce"
  helperText=""
  label="Lifecycle enviroment"
>
  <FormSelect
    className="without_select2"
    id="reg_katello_lce"
    isDisabled={true}
    isRequired={false}
    onBlur={[Function]}
    onChange={[Function]}
    onFocus={[Function]}
    ouiaSafe={true}
    validated="default"
    value=""
  >
    <FormSelectOption
      label="No LCE to select"
      value=""
    />
  </FormSelect>
</FormGroup>
`;
