--- 
http_interactions: 
- request: 
    method: get
    uri: https://localhost/pulp/api/tasks/?id=6862676b-e719-11e1-8fb2-bc305bcab086&state=current
    body: 
      string: ""
    headers: 
      Accept: 
      - application/json
      Authorization: 
      - OAuth oauth_consumer_key="katello", oauth_nonce="qRv4HQjmROQdihuuY8hnAYM0a1G8tg63n8fdWe5KXo", oauth_signature="6tMhkElqubfwKK7u1ofe0q9nxII%3D", oauth_signature_method="HMAC-SHA1", oauth_timestamp="1345063210", oauth_version="1.0"
      Accept-Language: 
      - en
      Pulp-User: 
      - admin
      Content-Type: 
      - application/json
      Accept-Encoding: 
      - gzip, deflate
  response: 
    status: 
      code: 200
      message: OK
    headers: 
      Date: 
      - Wed, 15 Aug 2012 20:40:10 GMT
      Connection: 
      - close
      Content-Type: 
      - application/json
      Content-Length: 
      - "422"
      Server: 
      - Apache/2.2.22 (Fedora)
    body: 
      string: "[{\"scheduled_time\": \"2012-08-15T20:40:10Z\", \"exception\": null, \"traceback\": null, \"job_id\": null, \"class_name\": null, \"start_time\": \"2012-08-15T16:40:10-04:00\", \"args\": [\"integration_test_repo\"], \"method_name\": \"_sync\", \"finish_time\": null, \"state\": \"running\", \"result\": null, \"scheduler\": \"immediate\", \"snapshot_id\": \"533f0249-7361-4c73-8490-2aa1200210e4\", \"progress\": null, \"id\": \"6862676b-e719-11e1-8fb2-bc305bcab086\"}]"
    http_version: 
  recorded_at: Wed, 15 Aug 2012 20:40:11 GMT
- request: 
    method: get
    uri: https://localhost/pulp/api/tasks/?id=6862676b-e719-11e1-8fb2-bc305bcab086&state=current
    body: 
      string: ""
    headers: 
      Accept: 
      - application/json
      Authorization: 
      - OAuth oauth_consumer_key="katello", oauth_nonce="LZLUiqvROVWYHOkvZ9d9c39Q9akdmgwh9ckpwrezFzY", oauth_signature="JF5ezicQz0qp1jo6OPQ0yNVluns%3D", oauth_signature_method="HMAC-SHA1", oauth_timestamp="1345063211", oauth_version="1.0"
      Accept-Language: 
      - en
      Pulp-User: 
      - admin
      Content-Type: 
      - application/json
      Accept-Encoding: 
      - gzip, deflate
  response: 
    status: 
      code: 200
      message: OK
    headers: 
      Date: 
      - Wed, 15 Aug 2012 20:40:11 GMT
      Connection: 
      - close
      Content-Type: 
      - application/json
      Content-Length: 
      - "659"
      Server: 
      - Apache/2.2.22 (Fedora)
    body: 
      string: "[{\"scheduled_time\": \"2012-08-15T20:40:10Z\", \"exception\": null, \"traceback\": null, \"job_id\": null, \"class_name\": null, \"start_time\": \"2012-08-15T16:40:10-04:00\", \"args\": [\"integration_test_repo\"], \"method_name\": \"_sync\", \"finish_time\": null, \"state\": \"running\", \"result\": null, \"scheduler\": \"immediate\", \"snapshot_id\": \"533f0249-7361-4c73-8490-2aa1200210e4\", \"progress\": {\"status\": null, \"num_success\": 0, \"size_total\": 0, \"num_download\": 0, \"item_name\": null, \"items_left\": 0, \"items_total\": 0, \"item_type\": \"\", \"step\": \"Downloading Metadata\", \"size_left\": 0, \"details\": {}, \"error_details\": [], \"num_error\": 0}, \"id\": \"6862676b-e719-11e1-8fb2-bc305bcab086\"}]"
    http_version: 
  recorded_at: Wed, 15 Aug 2012 20:40:11 GMT
- request: 
    method: get
    uri: https://localhost/pulp/api/tasks/?id=6862676b-e719-11e1-8fb2-bc305bcab086&state=current
    body: 
      string: ""
    headers: 
      Accept: 
      - application/json
      Authorization: 
      - OAuth oauth_consumer_key="katello", oauth_nonce="y0z22IXUmYn5D2AHigsB3B1lFqReb5xU6SR08W8Y", oauth_signature="oVQ%2BTK6%2FA6L0xiSx56PmO4HTzkw%3D", oauth_signature_method="HMAC-SHA1", oauth_timestamp="1345063212", oauth_version="1.0"
      Accept-Language: 
      - en
      Pulp-User: 
      - admin
      Content-Type: 
      - application/json
      Accept-Encoding: 
      - gzip, deflate
  response: 
    status: 
      code: 200
      message: OK
    headers: 
      Date: 
      - Wed, 15 Aug 2012 20:40:12 GMT
      Connection: 
      - close
      Content-Type: 
      - application/json
      Content-Length: 
      - "925"
      Server: 
      - Apache/2.2.22 (Fedora)
    body: 
      string: "[{\"scheduled_time\": \"2012-08-15T20:40:10Z\", \"exception\": null, \"traceback\": null, \"job_id\": null, \"class_name\": null, \"start_time\": \"2012-08-15T16:40:10-04:00\", \"args\": [\"integration_test_repo\"], \"method_name\": \"_sync\", \"finish_time\": null, \"state\": \"running\", \"result\": null, \"scheduler\": \"immediate\", \"snapshot_id\": \"533f0249-7361-4c73-8490-2aa1200210e4\", \"progress\": {\"status\": null, \"num_success\": 0, \"size_total\": 17872, \"num_download\": 0, \"item_name\": null, \"items_left\": 11, \"items_total\": 11, \"item_type\": \"\", \"step\": \"Downloading Items or Verifying\", \"size_left\": 17872, \"details\": {\"tree_file\": {\"num_success\": 0, \"total_count\": 3, \"items_left\": 3, \"size_left\": 0, \"total_size_bytes\": 0, \"num_error\": 0}, \"rpm\": {\"num_success\": 0, \"total_count\": 8, \"items_left\": 8, \"size_left\": 17872, \"total_size_bytes\": 17872, \"num_error\": 0}}, \"error_details\": [], \"num_error\": 0}, \"id\": \"6862676b-e719-11e1-8fb2-bc305bcab086\"}]"
    http_version: 
  recorded_at: Wed, 15 Aug 2012 20:40:12 GMT
- request: 
    method: get
    uri: https://localhost/pulp/api/tasks/?id=6862676b-e719-11e1-8fb2-bc305bcab086&state=current
    body: 
      string: ""
    headers: 
      Accept: 
      - application/json
      Authorization: 
      - OAuth oauth_consumer_key="katello", oauth_nonce="Uu8E1mBksh0CVc9dS9zAWNyuZMPWpRx0fBKeVP1pcQ", oauth_signature="TKVMw81Y1mOUwbW2c7fiQxrz7bw%3D", oauth_signature_method="HMAC-SHA1", oauth_timestamp="1345063212", oauth_version="1.0"
      Accept-Language: 
      - en
      Pulp-User: 
      - admin
      Content-Type: 
      - application/json
      Accept-Encoding: 
      - gzip, deflate
  response: 
    status: 
      code: 200
      message: OK
    headers: 
      Date: 
      - Wed, 15 Aug 2012 20:40:12 GMT
      Connection: 
      - close
      Content-Type: 
      - application/json
      Content-Length: 
      - "917"
      Server: 
      - Apache/2.2.22 (Fedora)
    body: 
      string: "[{\"scheduled_time\": \"2012-08-15T20:40:10Z\", \"exception\": null, \"traceback\": null, \"job_id\": null, \"class_name\": null, \"start_time\": \"2012-08-15T16:40:10-04:00\", \"args\": [\"integration_test_repo\"], \"method_name\": \"_sync\", \"finish_time\": null, \"state\": \"running\", \"result\": null, \"scheduler\": \"immediate\", \"snapshot_id\": \"533f0249-7361-4c73-8490-2aa1200210e4\", \"progress\": {\"status\": \"FINISHED\", \"num_success\": 11, \"size_total\": 17872, \"num_download\": 0, \"item_name\": null, \"items_left\": 0, \"items_total\": 11, \"item_type\": \"\", \"step\": \"Importing data into pulp\", \"size_left\": 0, \"details\": {\"tree_file\": {\"num_success\": 3, \"total_count\": 3, \"items_left\": 0, \"size_left\": 0, \"total_size_bytes\": 0, \"num_error\": 0}, \"rpm\": {\"num_success\": 8, \"total_count\": 8, \"items_left\": 0, \"size_left\": 0, \"total_size_bytes\": 17872, \"num_error\": 0}}, \"error_details\": [], \"num_error\": 0}, \"id\": \"6862676b-e719-11e1-8fb2-bc305bcab086\"}]"
    http_version: 
  recorded_at: Wed, 15 Aug 2012 20:40:12 GMT
- request: 
    method: get
    uri: https://localhost/pulp/api/tasks/?id=6862676b-e719-11e1-8fb2-bc305bcab086&state=current
    body: 
      string: ""
    headers: 
      Accept: 
      - application/json
      Authorization: 
      - OAuth oauth_consumer_key="katello", oauth_nonce="HtCmE7IFRxLKdl1PoH9div3hmlWuXfl3122x5Frb9w", oauth_signature="40jwqk59g%2BhAoVdAxEdJyNltkh0%3D", oauth_signature_method="HMAC-SHA1", oauth_timestamp="1345063213", oauth_version="1.0"
      Accept-Language: 
      - en
      Pulp-User: 
      - admin
      Content-Type: 
      - application/json
      Accept-Encoding: 
      - gzip, deflate
  response: 
    status: 
      code: 200
      message: OK
    headers: 
      Date: 
      - Wed, 15 Aug 2012 20:40:13 GMT
      Connection: 
      - close
      Content-Type: 
      - application/json
      Content-Length: 
      - "911"
      Server: 
      - Apache/2.2.22 (Fedora)
    body: 
      string: "[{\"scheduled_time\": \"2012-08-15T20:40:10Z\", \"exception\": null, \"traceback\": null, \"job_id\": null, \"class_name\": null, \"start_time\": \"2012-08-15T16:40:10-04:00\", \"args\": [\"integration_test_repo\"], \"method_name\": \"_sync\", \"finish_time\": null, \"state\": \"running\", \"result\": null, \"scheduler\": \"immediate\", \"snapshot_id\": \"533f0249-7361-4c73-8490-2aa1200210e4\", \"progress\": {\"status\": \"FINISHED\", \"num_success\": 11, \"size_total\": 17872, \"num_download\": 0, \"item_name\": null, \"items_left\": 0, \"items_total\": 11, \"item_type\": \"\", \"step\": \"Running Createrepo\", \"size_left\": 0, \"details\": {\"tree_file\": {\"num_success\": 3, \"total_count\": 3, \"items_left\": 0, \"size_left\": 0, \"total_size_bytes\": 0, \"num_error\": 0}, \"rpm\": {\"num_success\": 8, \"total_count\": 8, \"items_left\": 0, \"size_left\": 0, \"total_size_bytes\": 17872, \"num_error\": 0}}, \"error_details\": [], \"num_error\": 0}, \"id\": \"6862676b-e719-11e1-8fb2-bc305bcab086\"}]"
    http_version: 
  recorded_at: Wed, 15 Aug 2012 20:40:13 GMT
- request: 
    method: get
    uri: https://localhost/pulp/api/tasks/?id=6862676b-e719-11e1-8fb2-bc305bcab086&state=current
    body: 
      string: ""
    headers: 
      Accept: 
      - application/json
      Authorization: 
      - OAuth oauth_consumer_key="katello", oauth_nonce="1fzVIKe1VvF6OckrN54GTfKQCoQXGbgmTUF8xF3s", oauth_signature="2K6rLQmxnNwrnEs0e2%2FRWj8L5n4%3D", oauth_signature_method="HMAC-SHA1", oauth_timestamp="1345063213", oauth_version="1.0"
      Accept-Language: 
      - en
      Pulp-User: 
      - admin
      Content-Type: 
      - application/json
      Accept-Encoding: 
      - gzip, deflate
  response: 
    status: 
      code: 200
      message: OK
    headers: 
      Date: 
      - Wed, 15 Aug 2012 20:40:13 GMT
      Connection: 
      - close
      Content-Type: 
      - application/json
      Content-Length: 
      - "911"
      Server: 
      - Apache/2.2.22 (Fedora)
    body: 
      string: "[{\"scheduled_time\": \"2012-08-15T20:40:10Z\", \"exception\": null, \"traceback\": null, \"job_id\": null, \"class_name\": null, \"start_time\": \"2012-08-15T16:40:10-04:00\", \"args\": [\"integration_test_repo\"], \"method_name\": \"_sync\", \"finish_time\": null, \"state\": \"running\", \"result\": null, \"scheduler\": \"immediate\", \"snapshot_id\": \"533f0249-7361-4c73-8490-2aa1200210e4\", \"progress\": {\"status\": \"FINISHED\", \"num_success\": 11, \"size_total\": 17872, \"num_download\": 0, \"item_name\": null, \"items_left\": 0, \"items_total\": 11, \"item_type\": \"\", \"step\": \"Running Createrepo\", \"size_left\": 0, \"details\": {\"tree_file\": {\"num_success\": 3, \"total_count\": 3, \"items_left\": 0, \"size_left\": 0, \"total_size_bytes\": 0, \"num_error\": 0}, \"rpm\": {\"num_success\": 8, \"total_count\": 8, \"items_left\": 0, \"size_left\": 0, \"total_size_bytes\": 17872, \"num_error\": 0}}, \"error_details\": [], \"num_error\": 0}, \"id\": \"6862676b-e719-11e1-8fb2-bc305bcab086\"}]"
    http_version: 
  recorded_at: Wed, 15 Aug 2012 20:40:13 GMT
- request: 
    method: get
    uri: https://localhost/pulp/api/tasks/?id=6862676b-e719-11e1-8fb2-bc305bcab086&state=current
    body: 
      string: ""
    headers: 
      Accept: 
      - application/json
      Authorization: 
      - OAuth oauth_consumer_key="katello", oauth_nonce="xsQB4ocNAc1bMb8fA7adypmJRypbUT3TWuo4WQiwX30", oauth_signature="DhPxwPNcxBvQbkwYtl423pk7qTI%3D", oauth_signature_method="HMAC-SHA1", oauth_timestamp="1345063214", oauth_version="1.0"
      Accept-Language: 
      - en
      Pulp-User: 
      - admin
      Content-Type: 
      - application/json
      Accept-Encoding: 
      - gzip, deflate
  response: 
    status: 
      code: 200
      message: OK
    headers: 
      Date: 
      - Wed, 15 Aug 2012 20:40:14 GMT
      Connection: 
      - close
      Content-Type: 
      - application/json
      Content-Length: 
      - "911"
      Server: 
      - Apache/2.2.22 (Fedora)
    body: 
      string: "[{\"scheduled_time\": \"2012-08-15T20:40:10Z\", \"exception\": null, \"traceback\": null, \"job_id\": null, \"class_name\": null, \"start_time\": \"2012-08-15T16:40:10-04:00\", \"args\": [\"integration_test_repo\"], \"method_name\": \"_sync\", \"finish_time\": null, \"state\": \"running\", \"result\": null, \"scheduler\": \"immediate\", \"snapshot_id\": \"533f0249-7361-4c73-8490-2aa1200210e4\", \"progress\": {\"status\": \"FINISHED\", \"num_success\": 11, \"size_total\": 17872, \"num_download\": 0, \"item_name\": null, \"items_left\": 0, \"items_total\": 11, \"item_type\": \"\", \"step\": \"Running Createrepo\", \"size_left\": 0, \"details\": {\"tree_file\": {\"num_success\": 3, \"total_count\": 3, \"items_left\": 0, \"size_left\": 0, \"total_size_bytes\": 0, \"num_error\": 0}, \"rpm\": {\"num_success\": 8, \"total_count\": 8, \"items_left\": 0, \"size_left\": 0, \"total_size_bytes\": 17872, \"num_error\": 0}}, \"error_details\": [], \"num_error\": 0}, \"id\": \"6862676b-e719-11e1-8fb2-bc305bcab086\"}]"
    http_version: 
  recorded_at: Wed, 15 Aug 2012 20:40:14 GMT
- request: 
    method: get
    uri: https://localhost/pulp/api/tasks/?id=6862676b-e719-11e1-8fb2-bc305bcab086&state=current
    body: 
      string: ""
    headers: 
      Accept: 
      - application/json
      Authorization: 
      - OAuth oauth_consumer_key="katello", oauth_nonce="QALdOe7GcHaT2V9eNrjxC6lQXelzaYOO48CHHYD3s0", oauth_signature="pz5JPqDKalOoXIBu8V5U8SGn3Xw%3D", oauth_signature_method="HMAC-SHA1", oauth_timestamp="1345063214", oauth_version="1.0"
      Accept-Language: 
      - en
      Pulp-User: 
      - admin
      Content-Type: 
      - application/json
      Accept-Encoding: 
      - gzip, deflate
  response: 
    status: 
      code: 200
      message: OK
    headers: 
      Date: 
      - Wed, 15 Aug 2012 20:40:14 GMT
      Connection: 
      - close
      Content-Type: 
      - application/json
      Content-Length: 
      - "911"
      Server: 
      - Apache/2.2.22 (Fedora)
    body: 
      string: "[{\"scheduled_time\": \"2012-08-15T20:40:10Z\", \"exception\": null, \"traceback\": null, \"job_id\": null, \"class_name\": null, \"start_time\": \"2012-08-15T16:40:10-04:00\", \"args\": [\"integration_test_repo\"], \"method_name\": \"_sync\", \"finish_time\": null, \"state\": \"running\", \"result\": null, \"scheduler\": \"immediate\", \"snapshot_id\": \"533f0249-7361-4c73-8490-2aa1200210e4\", \"progress\": {\"status\": \"FINISHED\", \"num_success\": 11, \"size_total\": 17872, \"num_download\": 0, \"item_name\": null, \"items_left\": 0, \"items_total\": 11, \"item_type\": \"\", \"step\": \"Running Createrepo\", \"size_left\": 0, \"details\": {\"tree_file\": {\"num_success\": 3, \"total_count\": 3, \"items_left\": 0, \"size_left\": 0, \"total_size_bytes\": 0, \"num_error\": 0}, \"rpm\": {\"num_success\": 8, \"total_count\": 8, \"items_left\": 0, \"size_left\": 0, \"total_size_bytes\": 17872, \"num_error\": 0}}, \"error_details\": [], \"num_error\": 0}, \"id\": \"6862676b-e719-11e1-8fb2-bc305bcab086\"}]"
    http_version: 
  recorded_at: Wed, 15 Aug 2012 20:40:14 GMT
- request: 
    method: get
    uri: https://localhost/pulp/api/tasks/?id=6862676b-e719-11e1-8fb2-bc305bcab086&state=current
    body: 
      string: ""
    headers: 
      Accept: 
      - application/json
      Authorization: 
      - OAuth oauth_consumer_key="katello", oauth_nonce="h7mLyuvxSnSZU8odDlBdcJg1uZkiNTfpuqPWtkTFM", oauth_signature="KBBbJbVWzob4Qra128qeMWSEYnI%3D", oauth_signature_method="HMAC-SHA1", oauth_timestamp="1345063215", oauth_version="1.0"
      Accept-Language: 
      - en
      Pulp-User: 
      - admin
      Content-Type: 
      - application/json
      Accept-Encoding: 
      - gzip, deflate
  response: 
    status: 
      code: 200
      message: OK
    headers: 
      Date: 
      - Wed, 15 Aug 2012 20:40:15 GMT
      Connection: 
      - close
      Content-Type: 
      - application/json
      Content-Length: 
      - "2306"
      Server: 
      - Apache/2.2.22 (Fedora)
    body: 
      string: "[{\"scheduled_time\": null, \"exception\": null, \"traceback\": null, \"job_id\": null, \"class_name\": null, \"start_time\": \"2012-08-15T16:40:10-04:00\", \"args\": [\"integration_test_repo\"], \"method_name\": \"_sync\", \"finish_time\": \"2012-08-15T16:40:14-04:00\", \"state\": \"finished\", \"result\": true, \"scheduler\": \"immediate\", \"snapshot_id\": \"533f0249-7361-4c73-8490-2aa1200210e4\", \"progress\": {\"status\": \"FINISHED\", \"num_success\": 11, \"size_total\": 17872, \"num_download\": 0, \"item_name\": null, \"items_left\": 0, \"items_total\": 11, \"item_type\": \"\", \"step\": \"Running Createrepo\", \"size_left\": 0, \"details\": {\"tree_file\": {\"num_success\": 3, \"total_count\": 3, \"items_left\": 0, \"size_left\": 0, \"total_size_bytes\": 0, \"num_error\": 0}, \"rpm\": {\"num_success\": 8, \"total_count\": 8, \"items_left\": 0, \"size_left\": 0, \"total_size_bytes\": 17872, \"num_error\": 0}}, \"error_details\": [], \"num_error\": 0}, \"id\": \"6862676b-e719-11e1-8fb2-bc305bcab086\"}, {\"class_name\": null, \"start_time\": \"2012-08-15T16:40:10-04:00\", \"args\": [\"integration_test_repo\"], \"task_string\": \"Task 6862676b-e719-11e1-8fb2-bc305bcab086: _sync(integration_test_repo, synchronizer=<pulp.server.api.synchronizers.YumSynchronizer object at 0x7ff014da39d0>, skip={}, max_speed=None, threads=4, progress_callback=<bound method RepoSyncTask.progress_callback of <pulp.server.api.repo_sync_task.RepoSyncTask object at 0x7ff014da3a10>>)\", \"result\": true, \"id\": \"6862676b-e719-11e1-8fb2-bc305bcab086\", \"scheduled_time\": \"2012-08-15T20:40:10Z\", \"exception\": null, \"task_type\": \"RepoSyncTask\", \"job_id\": null, \"finish_time\": \"2012-08-15T16:40:14-04:00\", \"_ns\": \"task_history\", \"traceback\": null, \"method_name\": \"_sync\", \"state\": \"finished\", \"kwargs\": {\"skip\": {}, \"max_speed\": null, \"threads\": 4}, \"progress\": {\"status\": \"FINISHED\", \"num_success\": 11, \"size_total\": 17872, \"num_download\": 0, \"item_name\": null, \"items_left\": 0, \"items_total\": 11, \"item_type\": \"\", \"step\": \"Running Createrepo\", \"size_left\": 0, \"details\": {\"tree_file\": {\"num_success\": 3, \"total_count\": 3, \"items_left\": 0, \"size_left\": 0, \"total_size_bytes\": 0, \"num_error\": 0}, \"rpm\": {\"num_success\": 8, \"total_count\": 8, \"items_left\": 0, \"size_left\": 0, \"total_size_bytes\": 17872, \"num_error\": 0}}, \"error_details\": [], \"num_error\": 0}, \"_id\": \"6f0a0822-ad83-425c-b67b-24718292dff9\", \"consecutive_failures\": 0}]"
    http_version: 
  recorded_at: Wed, 15 Aug 2012 20:40:15 GMT
- request: 
    method: post
    uri: https://localhost/pulp/api/tasks/6862676b-e719-11e1-8fb2-bc305bcab086/cancel/
    body: 
      string: ""
    headers: 
      Accept: 
      - application/json
      Authorization: 
      - OAuth oauth_body_hash="2jmj7l5rSw0yVb%2FvlWAYkK%2FYBwk%3D", oauth_consumer_key="katello", oauth_nonce="c2ZMOa8OHAIllNfxsATFzsAzhlurdyvXTDhlXXlZCPU", oauth_signature="QhhH8qkJ7OLV3lhTyDZVw5iCJHU%3D", oauth_signature_method="HMAC-SHA1", oauth_timestamp="1345063228", oauth_version="1.0"
      Accept-Language: 
      - en
      Pulp-User: 
      - admin
      Content-Type: 
      - application/x-www-form-urlencoded
      Content-Length: 
      - "0"
      Accept-Encoding: 
      - gzip, deflate
  response: 
    status: 
      code: 202
      message: Accepted
    headers: 
      Date: 
      - Wed, 15 Aug 2012 20:40:28 GMT
      Connection: 
      - close
      Content-Type: 
      - application/json
      Content-Length: 
      - "860"
      Server: 
      - Apache/2.2.22 (Fedora)
    body: 
      string: "{\"scheduled_time\": null, \"exception\": null, \"traceback\": null, \"job_id\": null, \"class_name\": null, \"start_time\": \"2012-08-15T16:40:10-04:00\", \"args\": [\"integration_test_repo\"], \"method_name\": \"_sync\", \"finish_time\": \"2012-08-15T16:40:14-04:00\", \"state\": \"finished\", \"result\": true, \"scheduler\": \"immediate\", \"progress\": {\"status\": \"FINISHED\", \"num_success\": 11, \"size_total\": 17872, \"num_download\": 0, \"item_name\": null, \"items_left\": 0, \"items_total\": 11, \"item_type\": \"\", \"step\": \"Running Createrepo\", \"size_left\": 0, \"details\": {\"tree_file\": {\"num_success\": 3, \"total_count\": 3, \"items_left\": 0, \"size_left\": 0, \"total_size_bytes\": 0, \"num_error\": 0}, \"rpm\": {\"num_success\": 8, \"total_count\": 8, \"items_left\": 0, \"size_left\": 0, \"total_size_bytes\": 17872, \"num_error\": 0}}, \"error_details\": [], \"num_error\": 0}, \"id\": \"6862676b-e719-11e1-8fb2-bc305bcab086\"}"
    http_version: 
  recorded_at: Wed, 15 Aug 2012 20:40:28 GMT
- request: 
    method: get
    uri: https://localhost/pulp/api/tasks/?id=73240b68-e719-11e1-9630-bc305bcab086&state=current
    body: 
      string: ""
    headers: 
      Accept: 
      - application/json
      Authorization: 
      - OAuth oauth_consumer_key="katello", oauth_nonce="F9sQwSYMcEJJmT01591osqtrBZ0uAdpIuzNd0CVKiw", oauth_signature="iV30re6E2EslYkj1hKpGJFk44KY%3D", oauth_signature_method="HMAC-SHA1", oauth_timestamp="1345063228", oauth_version="1.0"
      Accept-Language: 
      - en
      Pulp-User: 
      - admin
      Content-Type: 
      - application/json
      Accept-Encoding: 
      - gzip, deflate
  response: 
    status: 
      code: 200
      message: OK
    headers: 
      Date: 
      - Wed, 15 Aug 2012 20:40:29 GMT
      Connection: 
      - close
      Content-Type: 
      - application/json
      Content-Length: 
      - "422"
      Server: 
      - Apache/2.2.22 (Fedora)
    body: 
      string: "[{\"scheduled_time\": \"2012-08-15T20:40:28Z\", \"exception\": null, \"traceback\": null, \"job_id\": null, \"class_name\": null, \"start_time\": \"2012-08-15T16:40:29-04:00\", \"args\": [\"integration_test_repo\"], \"method_name\": \"_sync\", \"finish_time\": null, \"state\": \"running\", \"result\": null, \"scheduler\": \"immediate\", \"snapshot_id\": \"5f4237c7-4b57-4ef5-ad39-c705db2b8376\", \"progress\": null, \"id\": \"73240b68-e719-11e1-9630-bc305bcab086\"}]"
    http_version: 
  recorded_at: Wed, 15 Aug 2012 20:40:29 GMT
- request: 
    method: get
    uri: https://localhost/pulp/api/tasks/?id=73240b68-e719-11e1-9630-bc305bcab086&state=current
    body: 
      string: ""
    headers: 
      Accept: 
      - application/json
      Authorization: 
      - OAuth oauth_consumer_key="katello", oauth_nonce="4IX5dwx4AffaxQQI9f5bwRhdRjFgmQwROhYthCeNIco", oauth_signature="C9DjokZsEGAnWUf7gKmUVM5%2BRCY%3D", oauth_signature_method="HMAC-SHA1", oauth_timestamp="1345063229", oauth_version="1.0"
      Accept-Language: 
      - en
      Pulp-User: 
      - admin
      Content-Type: 
      - application/json
      Accept-Encoding: 
      - gzip, deflate
  response: 
    status: 
      code: 200
      message: OK
    headers: 
      Date: 
      - Wed, 15 Aug 2012 20:40:29 GMT
      Connection: 
      - close
      Content-Type: 
      - application/json
      Content-Length: 
      - "659"
      Server: 
      - Apache/2.2.22 (Fedora)
    body: 
      string: "[{\"scheduled_time\": \"2012-08-15T20:40:28Z\", \"exception\": null, \"traceback\": null, \"job_id\": null, \"class_name\": null, \"start_time\": \"2012-08-15T16:40:29-04:00\", \"args\": [\"integration_test_repo\"], \"method_name\": \"_sync\", \"finish_time\": null, \"state\": \"running\", \"result\": null, \"scheduler\": \"immediate\", \"snapshot_id\": \"5f4237c7-4b57-4ef5-ad39-c705db2b8376\", \"progress\": {\"status\": null, \"num_success\": 0, \"size_total\": 0, \"num_download\": 0, \"item_name\": null, \"items_left\": 0, \"items_total\": 0, \"item_type\": \"\", \"step\": \"Downloading Metadata\", \"size_left\": 0, \"details\": {}, \"error_details\": [], \"num_error\": 0}, \"id\": \"73240b68-e719-11e1-9630-bc305bcab086\"}]"
    http_version: 
  recorded_at: Wed, 15 Aug 2012 20:40:29 GMT
- request: 
    method: get
    uri: https://localhost/pulp/api/tasks/?id=73240b68-e719-11e1-9630-bc305bcab086&state=current
    body: 
      string: ""
    headers: 
      Accept: 
      - application/json
      Authorization: 
      - OAuth oauth_consumer_key="katello", oauth_nonce="C0ucEgs1L5Ic7sUyEl9xo9s8Bzs0kkwhAPQwpRY", oauth_signature="%2BjmFAivR%2B3nKXtLPsObw0VVNLio%3D", oauth_signature_method="HMAC-SHA1", oauth_timestamp="1345063230", oauth_version="1.0"
      Accept-Language: 
      - en
      Pulp-User: 
      - admin
      Content-Type: 
      - application/json
      Accept-Encoding: 
      - gzip, deflate
  response: 
    status: 
      code: 200
      message: OK
    headers: 
      Date: 
      - Wed, 15 Aug 2012 20:40:30 GMT
      Connection: 
      - close
      Content-Type: 
      - application/json
      Content-Length: 
      - "935"
      Server: 
      - Apache/2.2.22 (Fedora)
    body: 
      string: "[{\"scheduled_time\": \"2012-08-15T20:40:28Z\", \"exception\": null, \"traceback\": null, \"job_id\": null, \"class_name\": null, \"start_time\": \"2012-08-15T16:40:29-04:00\", \"args\": [\"integration_test_repo\"], \"method_name\": \"_sync\", \"finish_time\": null, \"state\": \"running\", \"result\": null, \"scheduler\": \"immediate\", \"snapshot_id\": \"5f4237c7-4b57-4ef5-ad39-c705db2b8376\", \"progress\": {\"status\": \"noop\", \"num_success\": 11, \"size_total\": 17872, \"num_download\": 0, \"item_name\": \"empty.iso\", \"items_left\": 0, \"items_total\": 11, \"item_type\": \"tree_file\", \"step\": \"Downloading Items or Verifying\", \"size_left\": 0, \"details\": {\"tree_file\": {\"num_success\": 3, \"total_count\": 3, \"items_left\": 0, \"size_left\": 0, \"total_size_bytes\": 0, \"num_error\": 0}, \"rpm\": {\"num_success\": 8, \"total_count\": 8, \"items_left\": 0, \"size_left\": 0, \"total_size_bytes\": 17872, \"num_error\": 0}}, \"error_details\": [], \"num_error\": 0}, \"id\": \"73240b68-e719-11e1-9630-bc305bcab086\"}]"
    http_version: 
  recorded_at: Wed, 15 Aug 2012 20:40:30 GMT
- request: 
    method: get
    uri: https://localhost/pulp/api/tasks/?id=73240b68-e719-11e1-9630-bc305bcab086&state=current
    body: 
      string: ""
    headers: 
      Accept: 
      - application/json
      Authorization: 
      - OAuth oauth_consumer_key="katello", oauth_nonce="JQgdf8QcGQ657MKI9rm0IWJ23Vo6wxIAeoohxt1su4", oauth_signature="%2Fpp6lGAjV43ZDWwyb2155ufaCaQ%3D", oauth_signature_method="HMAC-SHA1", oauth_timestamp="1345063230", oauth_version="1.0"
      Accept-Language: 
      - en
      Pulp-User: 
      - admin
      Content-Type: 
      - application/json
      Accept-Encoding: 
      - gzip, deflate
  response: 
    status: 
      code: 200
      message: OK
    headers: 
      Transfer-Encoding: 
      - chunked
      Date: 
      - Wed, 15 Aug 2012 20:40:30 GMT
      Connection: 
      - close
      Content-Type: 
      - application/json
      Server: 
      - Apache/2.2.22 (Fedora)
    body: 
      string: "[{\"scheduled_time\": \"2012-08-15T20:40:28Z\", \"exception\": null, \"traceback\": null, \"job_id\": null, \"class_name\": null, \"start_time\": \"2012-08-15T16:40:29-04:00\", \"args\": [\"integration_test_repo\"], \"method_name\": \"_sync\", \"finish_time\": null, \"state\": \"running\", \"result\": null, \"scheduler\": \"immediate\", \"snapshot_id\": \"5f4237c7-4b57-4ef5-ad39-c705db2b8376\", \"progress\": {\"status\": \"FINISHED\", \"num_success\": 11, \"size_total\": 17872, \"num_download\": 0, \"item_name\": null, \"items_left\": 0, \"items_total\": 11, \"item_type\": \"\", \"step\": \"Running Createrepo\", \"size_left\": 0, \"details\": {\"tree_file\": {\"num_success\": 3, \"total_count\": 3, \"items_left\": 0, \"size_left\": 0, \"total_size_bytes\": 0, \"num_error\": 0}, \"rpm\": {\"num_success\": 8, \"total_count\": 8, \"items_left\": 0, \"size_left\": 0, \"total_size_bytes\": 17872, \"num_error\": 0}}, \"error_details\": [], \"num_error\": 0}, \"id\": \"73240b68-e719-11e1-9630-bc305bcab086\"}]"
    http_version: 
  recorded_at: Wed, 15 Aug 2012 20:40:30 GMT
- request: 
    method: get
    uri: https://localhost/pulp/api/tasks/?id=73240b68-e719-11e1-9630-bc305bcab086&state=current
    body: 
      string: ""
    headers: 
      Accept: 
      - application/json
      Authorization: 
      - OAuth oauth_consumer_key="katello", oauth_nonce="S8qFXu1uBgr2Be0CB9fzb5X8deo38tdkYYByken07A", oauth_signature="U7hQD%2BeiqKohG34Ozya5F0KKBb8%3D", oauth_signature_method="HMAC-SHA1", oauth_timestamp="1345063231", oauth_version="1.0"
      Accept-Language: 
      - en
      Pulp-User: 
      - admin
      Content-Type: 
      - application/json
      Accept-Encoding: 
      - gzip, deflate
  response: 
    status: 
      code: 200
      message: OK
    headers: 
      Date: 
      - Wed, 15 Aug 2012 20:40:31 GMT
      Connection: 
      - close
      Content-Type: 
      - application/json
      Content-Length: 
      - "911"
      Server: 
      - Apache/2.2.22 (Fedora)
    body: 
      string: "[{\"scheduled_time\": \"2012-08-15T20:40:28Z\", \"exception\": null, \"traceback\": null, \"job_id\": null, \"class_name\": null, \"start_time\": \"2012-08-15T16:40:29-04:00\", \"args\": [\"integration_test_repo\"], \"method_name\": \"_sync\", \"finish_time\": null, \"state\": \"running\", \"result\": null, \"scheduler\": \"immediate\", \"snapshot_id\": \"5f4237c7-4b57-4ef5-ad39-c705db2b8376\", \"progress\": {\"status\": \"FINISHED\", \"num_success\": 11, \"size_total\": 17872, \"num_download\": 0, \"item_name\": null, \"items_left\": 0, \"items_total\": 11, \"item_type\": \"\", \"step\": \"Running Createrepo\", \"size_left\": 0, \"details\": {\"tree_file\": {\"num_success\": 3, \"total_count\": 3, \"items_left\": 0, \"size_left\": 0, \"total_size_bytes\": 0, \"num_error\": 0}, \"rpm\": {\"num_success\": 8, \"total_count\": 8, \"items_left\": 0, \"size_left\": 0, \"total_size_bytes\": 17872, \"num_error\": 0}}, \"error_details\": [], \"num_error\": 0}, \"id\": \"73240b68-e719-11e1-9630-bc305bcab086\"}]"
    http_version: 
  recorded_at: Wed, 15 Aug 2012 20:40:31 GMT
- request: 
    method: get
    uri: https://localhost/pulp/api/tasks/?id=73240b68-e719-11e1-9630-bc305bcab086&state=current
    body: 
      string: ""
    headers: 
      Accept: 
      - application/json
      Authorization: 
      - OAuth oauth_consumer_key="katello", oauth_nonce="7BXiaK8p4Ipq0FjTg1O211vohabb2agVdEbC0pnWQ", oauth_signature="zJaXYBDOg4OGBAl1%2F7J6pSa%2FuLU%3D", oauth_signature_method="HMAC-SHA1", oauth_timestamp="1345063231", oauth_version="1.0"
      Accept-Language: 
      - en
      Pulp-User: 
      - admin
      Content-Type: 
      - application/json
      Accept-Encoding: 
      - gzip, deflate
  response: 
    status: 
      code: 200
      message: OK
    headers: 
      Transfer-Encoding: 
      - chunked
      Date: 
      - Wed, 15 Aug 2012 20:40:31 GMT
      Connection: 
      - close
      Content-Type: 
      - application/json
      Server: 
      - Apache/2.2.22 (Fedora)
    body: 
      string: "[{\"scheduled_time\": \"2012-08-15T20:40:28Z\", \"exception\": null, \"traceback\": null, \"job_id\": null, \"class_name\": null, \"start_time\": \"2012-08-15T16:40:29-04:00\", \"args\": [\"integration_test_repo\"], \"method_name\": \"_sync\", \"finish_time\": null, \"state\": \"running\", \"result\": null, \"scheduler\": \"immediate\", \"snapshot_id\": \"5f4237c7-4b57-4ef5-ad39-c705db2b8376\", \"progress\": {\"status\": \"FINISHED\", \"num_success\": 11, \"size_total\": 17872, \"num_download\": 0, \"item_name\": null, \"items_left\": 0, \"items_total\": 11, \"item_type\": \"\", \"step\": \"Running Createrepo\", \"size_left\": 0, \"details\": {\"tree_file\": {\"num_success\": 3, \"total_count\": 3, \"items_left\": 0, \"size_left\": 0, \"total_size_bytes\": 0, \"num_error\": 0}, \"rpm\": {\"num_success\": 8, \"total_count\": 8, \"items_left\": 0, \"size_left\": 0, \"total_size_bytes\": 17872, \"num_error\": 0}}, \"error_details\": [], \"num_error\": 0}, \"id\": \"73240b68-e719-11e1-9630-bc305bcab086\"}]"
    http_version: 
  recorded_at: Wed, 15 Aug 2012 20:40:31 GMT
- request: 
    method: get
    uri: https://localhost/pulp/api/tasks/?id=73240b68-e719-11e1-9630-bc305bcab086&state=current
    body: 
      string: ""
    headers: 
      Accept: 
      - application/json
      Authorization: 
      - OAuth oauth_consumer_key="katello", oauth_nonce="G0EBNizB9aRbbMXYxwjAd6Rwh6vWS2hIzbY2hhNdo", oauth_signature="kIo42aMBZFDBnQQHbge7DzE5PHI%3D", oauth_signature_method="HMAC-SHA1", oauth_timestamp="1345063232", oauth_version="1.0"
      Accept-Language: 
      - en
      Pulp-User: 
      - admin
      Content-Type: 
      - application/json
      Accept-Encoding: 
      - gzip, deflate
  response: 
    status: 
      code: 200
      message: OK
    headers: 
      Transfer-Encoding: 
      - chunked
      Date: 
      - Wed, 15 Aug 2012 20:40:32 GMT
      Connection: 
      - close
      Content-Type: 
      - application/json
      Server: 
      - Apache/2.2.22 (Fedora)
    body: 
      string: "[{\"scheduled_time\": null, \"exception\": null, \"traceback\": null, \"job_id\": null, \"class_name\": null, \"start_time\": \"2012-08-15T16:40:29-04:00\", \"args\": [\"integration_test_repo\"], \"method_name\": \"_sync\", \"finish_time\": \"2012-08-15T16:40:32-04:00\", \"state\": \"finished\", \"result\": true, \"scheduler\": \"immediate\", \"snapshot_id\": \"5f4237c7-4b57-4ef5-ad39-c705db2b8376\", \"progress\": {\"status\": \"FINISHED\", \"num_success\": 11, \"size_total\": 17872, \"num_download\": 0, \"item_name\": null, \"items_left\": 0, \"items_total\": 11, \"item_type\": \"\", \"step\": \"Running Createrepo\", \"size_left\": 0, \"details\": {\"tree_file\": {\"num_success\": 3, \"total_count\": 3, \"items_left\": 0, \"size_left\": 0, \"total_size_bytes\": 0, \"num_error\": 0}, \"rpm\": {\"num_success\": 8, \"total_count\": 8, \"items_left\": 0, \"size_left\": 0, \"total_size_bytes\": 17872, \"num_error\": 0}}, \"error_details\": [], \"num_error\": 0}, \"id\": \"73240b68-e719-11e1-9630-bc305bcab086\"}, {\"class_name\": null, \"start_time\": \"2012-08-15T16:40:29-04:00\", \"args\": [\"integration_test_repo\"], \"task_string\": \"Task 73240b68-e719-11e1-9630-bc305bcab086: _sync(integration_test_repo, synchronizer=<pulp.server.api.synchronizers.YumSynchronizer object at 0x7fefcdbd8190>, skip={}, max_speed=None, threads=4, progress_callback=<bound method RepoSyncTask.progress_callback of <pulp.server.api.repo_sync_task.RepoSyncTask object at 0x7fefc4874410>>)\", \"result\": true, \"id\": \"73240b68-e719-11e1-9630-bc305bcab086\", \"scheduled_time\": \"2012-08-15T20:40:28Z\", \"exception\": null, \"task_type\": \"RepoSyncTask\", \"job_id\": null, \"finish_time\": \"2012-08-15T16:40:32-04:00\", \"_ns\": \"task_history\", \"traceback\": null, \"method_name\": \"_sync\", \"state\": \"finished\", \"kwargs\": {\"skip\": {}, \"max_speed\": null, \"threads\": 4}, \"progress\": {\"status\": \"FINISHED\", \"num_success\": 11, \"size_total\": 17872, \"num_download\": 0, \"item_name\": null, \"items_left\": 0, \"items_total\": 11, \"item_type\": \"\", \"step\": \"Running Createrepo\", \"size_left\": 0, \"details\": {\"tree_file\": {\"num_success\": 3, \"total_count\": 3, \"items_left\": 0, \"size_left\": 0, \"total_size_bytes\": 0, \"num_error\": 0}, \"rpm\": {\"num_success\": 8, \"total_count\": 8, \"items_left\": 0, \"size_left\": 0, \"total_size_bytes\": 17872, \"num_error\": 0}}, \"error_details\": [], \"num_error\": 0}, \"_id\": \"e3f4693b-ec92-442f-8197-ab6b8ce69ccd\", \"consecutive_failures\": 0}]"
    http_version: 
  recorded_at: Wed, 15 Aug 2012 20:40:32 GMT
- request: 
    method: post
    uri: https://localhost/pulp/api/tasks/73240b68-e719-11e1-9630-bc305bcab086/cancel/
    body: 
      string: ""
    headers: 
      Accept: 
      - application/json
      Authorization: 
      - OAuth oauth_body_hash="2jmj7l5rSw0yVb%2FvlWAYkK%2FYBwk%3D", oauth_consumer_key="katello", oauth_nonce="yxdW7STuJ0vV7UjDfW4WcnVNncZ0uUAisuBnRsatY", oauth_signature="RjmXxAsCu5Vo6ySfCd%2BXuZIwEPQ%3D", oauth_signature_method="HMAC-SHA1", oauth_timestamp="1345063232", oauth_version="1.0"
      Accept-Language: 
      - en
      Pulp-User: 
      - admin
      Content-Type: 
      - application/x-www-form-urlencoded
      Content-Length: 
      - "0"
      Accept-Encoding: 
      - gzip, deflate
  response: 
    status: 
      code: 202
      message: Accepted
    headers: 
      Date: 
      - Wed, 15 Aug 2012 20:40:32 GMT
      Connection: 
      - close
      Content-Type: 
      - application/json
      Content-Length: 
      - "860"
      Server: 
      - Apache/2.2.22 (Fedora)
    body: 
      string: "{\"scheduled_time\": null, \"exception\": null, \"traceback\": null, \"job_id\": null, \"class_name\": null, \"start_time\": \"2012-08-15T16:40:29-04:00\", \"args\": [\"integration_test_repo\"], \"method_name\": \"_sync\", \"finish_time\": \"2012-08-15T16:40:32-04:00\", \"state\": \"finished\", \"result\": true, \"scheduler\": \"immediate\", \"progress\": {\"status\": \"FINISHED\", \"num_success\": 11, \"size_total\": 17872, \"num_download\": 0, \"item_name\": null, \"items_left\": 0, \"items_total\": 11, \"item_type\": \"\", \"step\": \"Running Createrepo\", \"size_left\": 0, \"details\": {\"tree_file\": {\"num_success\": 3, \"total_count\": 3, \"items_left\": 0, \"size_left\": 0, \"total_size_bytes\": 0, \"num_error\": 0}, \"rpm\": {\"num_success\": 8, \"total_count\": 8, \"items_left\": 0, \"size_left\": 0, \"total_size_bytes\": 17872, \"num_error\": 0}}, \"error_details\": [], \"num_error\": 0}, \"id\": \"73240b68-e719-11e1-9630-bc305bcab086\"}"
    http_version: 
  recorded_at: Wed, 15 Aug 2012 20:40:33 GMT
- request: 
    method: get
    uri: https://localhost/pulp/api/tasks/?id=878a62fa-e719-11e1-9be1-bc305bcab086&state=current
    body: 
      string: ""
    headers: 
      Accept: 
      - "*/*; q=0.5, application/xml"
      Authorization: 
      - OAuth oauth_consumer_key="katello", oauth_nonce="KjBvxFhsUXrUD81XkwzDudQSwoIV27WlWG2lc4Pw", oauth_signature="klSpUVrMc9SetC2VvPKTBQ6qGv8%3D", oauth_signature_method="HMAC-SHA1", oauth_timestamp="1345063263", oauth_version="1.0"
      Accept-Language: 
      - en
      Pulp-User: 
      - admin
      Content-Type: 
      - application/json
      Accept-Encoding: 
      - gzip, deflate
  response: 
    status: 
      code: 200
      message: OK
    headers: 
      Transfer-Encoding: 
      - chunked
      Date: 
      - Wed, 15 Aug 2012 20:41:03 GMT
      Connection: 
      - close
      Content-Type: 
      - application/json
      Server: 
      - Apache/2.2.22 (Fedora)
    body: 
      string: "[{\"scheduled_time\": \"2012-08-15T20:41:03Z\", \"exception\": null, \"traceback\": null, \"job_id\": null, \"class_name\": null, \"start_time\": \"2012-08-15T16:41:03-04:00\", \"args\": [\"integration_test_repo\"], \"method_name\": \"_sync\", \"finish_time\": null, \"state\": \"running\", \"result\": null, \"scheduler\": \"immediate\", \"snapshot_id\": \"fdb96ae7-c2d3-4398-8082-7088c091ee9f\", \"progress\": null, \"id\": \"878a62fa-e719-11e1-9be1-bc305bcab086\"}]"
    http_version: 
  recorded_at: Wed, 15 Aug 2012 20:41:03 GMT
- request: 
    method: get
    uri: https://localhost/pulp/api/tasks/?id=878a62fa-e719-11e1-9be1-bc305bcab086&state=current
    body: 
      string: ""
    headers: 
      Accept: 
      - "*/*; q=0.5, application/xml"
      Authorization: 
      - OAuth oauth_consumer_key="katello", oauth_nonce="UDIlhBb9zFRI3KOmRRrojQx5vbijxBUy3PrKHqoc4Gc", oauth_signature="O%2BYXtTROCeiqMG56s4qbaq7ZNeM%3D", oauth_signature_method="HMAC-SHA1", oauth_timestamp="1345063264", oauth_version="1.0"
      Accept-Language: 
      - en
      Pulp-User: 
      - admin
      Content-Type: 
      - application/json
      Accept-Encoding: 
      - gzip, deflate
  response: 
    status: 
      code: 200
      message: OK
    headers: 
      Transfer-Encoding: 
      - chunked
      Date: 
      - Wed, 15 Aug 2012 20:41:04 GMT
      Connection: 
      - close
      Content-Type: 
      - application/json
      Server: 
      - Apache/2.2.22 (Fedora)
    body: 
      string: "[{\"scheduled_time\": \"2012-08-15T20:41:03Z\", \"exception\": null, \"traceback\": null, \"job_id\": null, \"class_name\": null, \"start_time\": \"2012-08-15T16:41:03-04:00\", \"args\": [\"integration_test_repo\"], \"method_name\": \"_sync\", \"finish_time\": null, \"state\": \"running\", \"result\": null, \"scheduler\": \"immediate\", \"snapshot_id\": \"fdb96ae7-c2d3-4398-8082-7088c091ee9f\", \"progress\": {\"status\": \"noop\", \"num_success\": 11, \"size_total\": 17872, \"num_download\": 0, \"item_name\": \"giraffe-0.3-0.8.noarch.rpm\", \"items_left\": 0, \"items_total\": 11, \"item_type\": \"rpm\", \"step\": \"Downloading Items or Verifying\", \"size_left\": 0, \"details\": {\"tree_file\": {\"num_success\": 3, \"total_count\": 3, \"items_left\": 0, \"size_left\": 0, \"total_size_bytes\": 0, \"num_error\": 0}, \"rpm\": {\"num_success\": 8, \"total_count\": 8, \"items_left\": 0, \"size_left\": 0, \"total_size_bytes\": 17872, \"num_error\": 0}}, \"error_details\": [], \"num_error\": 0}, \"id\": \"878a62fa-e719-11e1-9be1-bc305bcab086\"}]"
    http_version: 
  recorded_at: Wed, 15 Aug 2012 20:41:04 GMT
- request: 
    method: get
    uri: https://localhost/pulp/api/tasks/?id=878a62fa-e719-11e1-9be1-bc305bcab086&state=current
    body: 
      string: ""
    headers: 
      Accept: 
      - "*/*; q=0.5, application/xml"
      Authorization: 
      - OAuth oauth_consumer_key="katello", oauth_nonce="lWqzK5q6cYX8YASndrjJkf4G3Uv09NFwCPrgq0ZpVeQ", oauth_signature="GLdaRSflSmFDls6dtBfojQkMM%2FU%3D", oauth_signature_method="HMAC-SHA1", oauth_timestamp="1345063265", oauth_version="1.0"
      Accept-Language: 
      - en
      Pulp-User: 
      - admin
      Content-Type: 
      - application/json
      Accept-Encoding: 
      - gzip, deflate
  response: 
    status: 
      code: 200
      message: OK
    headers: 
      Date: 
      - Wed, 15 Aug 2012 20:41:05 GMT
      Connection: 
      - close
      Content-Type: 
      - application/json
      Content-Length: 
      - "911"
      Server: 
      - Apache/2.2.22 (Fedora)
    body: 
      string: "[{\"scheduled_time\": \"2012-08-15T20:41:03Z\", \"exception\": null, \"traceback\": null, \"job_id\": null, \"class_name\": null, \"start_time\": \"2012-08-15T16:41:03-04:00\", \"args\": [\"integration_test_repo\"], \"method_name\": \"_sync\", \"finish_time\": null, \"state\": \"running\", \"result\": null, \"scheduler\": \"immediate\", \"snapshot_id\": \"fdb96ae7-c2d3-4398-8082-7088c091ee9f\", \"progress\": {\"status\": \"FINISHED\", \"num_success\": 11, \"size_total\": 17872, \"num_download\": 0, \"item_name\": null, \"items_left\": 0, \"items_total\": 11, \"item_type\": \"\", \"step\": \"Running Createrepo\", \"size_left\": 0, \"details\": {\"tree_file\": {\"num_success\": 3, \"total_count\": 3, \"items_left\": 0, \"size_left\": 0, \"total_size_bytes\": 0, \"num_error\": 0}, \"rpm\": {\"num_success\": 8, \"total_count\": 8, \"items_left\": 0, \"size_left\": 0, \"total_size_bytes\": 17872, \"num_error\": 0}}, \"error_details\": [], \"num_error\": 0}, \"id\": \"878a62fa-e719-11e1-9be1-bc305bcab086\"}]"
    http_version: 
  recorded_at: Wed, 15 Aug 2012 20:41:05 GMT
- request: 
    method: get
    uri: https://localhost/pulp/api/tasks/?id=878a62fa-e719-11e1-9be1-bc305bcab086&state=current
    body: 
      string: ""
    headers: 
      Accept: 
      - "*/*; q=0.5, application/xml"
      Authorization: 
      - OAuth oauth_consumer_key="katello", oauth_nonce="oGMNZX0h9UJVAbwgIpkabelnd9sOQUa8PemTDfKYVU", oauth_signature="RaRo%2BL94%2BkMB3g9pSUflVgPMCsY%3D", oauth_signature_method="HMAC-SHA1", oauth_timestamp="1345063266", oauth_version="1.0"
      Accept-Language: 
      - en
      Pulp-User: 
      - admin
      Content-Type: 
      - application/json
      Accept-Encoding: 
      - gzip, deflate
  response: 
    status: 
      code: 200
      message: OK
    headers: 
      Transfer-Encoding: 
      - chunked
      Date: 
      - Wed, 15 Aug 2012 20:41:06 GMT
      Connection: 
      - close
      Content-Type: 
      - application/json
      Server: 
      - Apache/2.2.22 (Fedora)
    body: 
      string: "[{\"scheduled_time\": \"2012-08-15T20:41:03Z\", \"exception\": null, \"traceback\": null, \"job_id\": null, \"class_name\": null, \"start_time\": \"2012-08-15T16:41:03-04:00\", \"args\": [\"integration_test_repo\"], \"method_name\": \"_sync\", \"finish_time\": null, \"state\": \"running\", \"result\": null, \"scheduler\": \"immediate\", \"snapshot_id\": \"fdb96ae7-c2d3-4398-8082-7088c091ee9f\", \"progress\": {\"status\": \"FINISHED\", \"num_success\": 11, \"size_total\": 17872, \"num_download\": 0, \"item_name\": null, \"items_left\": 0, \"items_total\": 11, \"item_type\": \"\", \"step\": \"Running Createrepo\", \"size_left\": 0, \"details\": {\"tree_file\": {\"num_success\": 3, \"total_count\": 3, \"items_left\": 0, \"size_left\": 0, \"total_size_bytes\": 0, \"num_error\": 0}, \"rpm\": {\"num_success\": 8, \"total_count\": 8, \"items_left\": 0, \"size_left\": 0, \"total_size_bytes\": 17872, \"num_error\": 0}}, \"error_details\": [], \"num_error\": 0}, \"id\": \"878a62fa-e719-11e1-9be1-bc305bcab086\"}]"
    http_version: 
  recorded_at: Wed, 15 Aug 2012 20:41:06 GMT
- request: 
    method: get
    uri: https://localhost/pulp/api/tasks/?id=878a62fa-e719-11e1-9be1-bc305bcab086&state=current
    body: 
      string: ""
    headers: 
      Accept: 
      - "*/*; q=0.5, application/xml"
      Authorization: 
      - OAuth oauth_consumer_key="katello", oauth_nonce="FJv6Hj92kJoNpSnb4m9KqBlwt8RoZm3gZiOgt8kVEzs", oauth_signature="lcumxTHsQ3IkNKpWXbvQg12RSsA%3D", oauth_signature_method="HMAC-SHA1", oauth_timestamp="1345063267", oauth_version="1.0"
      Accept-Language: 
      - en
      Pulp-User: 
      - admin
      Content-Type: 
      - application/json
      Accept-Encoding: 
      - gzip, deflate
  response: 
    status: 
      code: 200
      message: OK
    headers: 
      Date: 
      - Wed, 15 Aug 2012 20:41:07 GMT
      Connection: 
      - close
      Content-Type: 
      - application/json
      Content-Length: 
      - "2306"
      Server: 
      - Apache/2.2.22 (Fedora)
    body: 
      string: "[{\"scheduled_time\": null, \"exception\": null, \"traceback\": null, \"job_id\": null, \"class_name\": null, \"start_time\": \"2012-08-15T16:41:03-04:00\", \"args\": [\"integration_test_repo\"], \"method_name\": \"_sync\", \"finish_time\": \"2012-08-15T16:41:06-04:00\", \"state\": \"finished\", \"result\": true, \"scheduler\": \"immediate\", \"snapshot_id\": \"fdb96ae7-c2d3-4398-8082-7088c091ee9f\", \"progress\": {\"status\": \"FINISHED\", \"num_success\": 11, \"size_total\": 17872, \"num_download\": 0, \"item_name\": null, \"items_left\": 0, \"items_total\": 11, \"item_type\": \"\", \"step\": \"Running Createrepo\", \"size_left\": 0, \"details\": {\"tree_file\": {\"num_success\": 3, \"total_count\": 3, \"items_left\": 0, \"size_left\": 0, \"total_size_bytes\": 0, \"num_error\": 0}, \"rpm\": {\"num_success\": 8, \"total_count\": 8, \"items_left\": 0, \"size_left\": 0, \"total_size_bytes\": 17872, \"num_error\": 0}}, \"error_details\": [], \"num_error\": 0}, \"id\": \"878a62fa-e719-11e1-9be1-bc305bcab086\"}, {\"class_name\": null, \"start_time\": \"2012-08-15T16:41:03-04:00\", \"args\": [\"integration_test_repo\"], \"task_string\": \"Task 878a62fa-e719-11e1-9be1-bc305bcab086: _sync(integration_test_repo, synchronizer=<pulp.server.api.synchronizers.YumSynchronizer object at 0x7fefcdcbf750>, skip={}, max_speed=None, threads=4, progress_callback=<bound method RepoSyncTask.progress_callback of <pulp.server.api.repo_sync_task.RepoSyncTask object at 0x7fefcd73c3d0>>)\", \"result\": true, \"id\": \"878a62fa-e719-11e1-9be1-bc305bcab086\", \"scheduled_time\": \"2012-08-15T20:41:03Z\", \"exception\": null, \"task_type\": \"RepoSyncTask\", \"job_id\": null, \"finish_time\": \"2012-08-15T16:41:06-04:00\", \"_ns\": \"task_history\", \"traceback\": null, \"method_name\": \"_sync\", \"state\": \"finished\", \"kwargs\": {\"skip\": {}, \"max_speed\": null, \"threads\": 4}, \"progress\": {\"status\": \"FINISHED\", \"num_success\": 11, \"size_total\": 17872, \"num_download\": 0, \"item_name\": null, \"items_left\": 0, \"items_total\": 11, \"item_type\": \"\", \"step\": \"Running Createrepo\", \"size_left\": 0, \"details\": {\"tree_file\": {\"num_success\": 3, \"total_count\": 3, \"items_left\": 0, \"size_left\": 0, \"total_size_bytes\": 0, \"num_error\": 0}, \"rpm\": {\"num_success\": 8, \"total_count\": 8, \"items_left\": 0, \"size_left\": 0, \"total_size_bytes\": 17872, \"num_error\": 0}}, \"error_details\": [], \"num_error\": 0}, \"_id\": \"bbc9c8f0-767c-47ff-8884-593c50d311f1\", \"consecutive_failures\": 0}]"
    http_version: 
  recorded_at: Wed, 15 Aug 2012 20:41:07 GMT
- request: 
    method: get
    uri: https://localhost/pulp/api/repositories/integration_test_repo/packagegroupcategories/
    body: 
      string: ""
    headers: 
      Accept: 
      - "*/*; q=0.5, application/xml"
      Authorization: 
      - OAuth oauth_consumer_key="katello", oauth_nonce="1khuFddB1L6XVvmbGIOwkuPa2o9snvA6CRH0HeX4Q", oauth_signature="VYGbdeTtMuCBmckvrkJ8rmYo4yo%3D", oauth_signature_method="HMAC-SHA1", oauth_timestamp="1345063268", oauth_version="1.0"
      Accept-Language: 
      - en
      Pulp-User: 
      - admin
      Content-Type: 
      - application/json
      Accept-Encoding: 
      - gzip, deflate
  response: 
    status: 
      code: 200
      message: OK
    headers: 
      Date: 
      - Wed, 15 Aug 2012 20:41:08 GMT
      Connection: 
      - close
      Content-Type: 
      - application/json
      Content-Length: 
      - "226"
      Server: 
      - Apache/2.2.22 (Fedora)
    body: 
      string: "{\"all\": {\"description\": null, \"repo_defined\": true, \"display_order\": 99, \"immutable\": true, \"translated_name\": {}, \"packagegroupids\": [\"mammal\", \"bird\"], \"translated_description\": {}, \"_id\": \"all\", \"id\": \"all\", \"name\": \"all\"}}"
    http_version: 
  recorded_at: Wed, 15 Aug 2012 20:41:08 GMT
- request: 
    method: post
    uri: https://localhost/pulp/api/tasks/878a62fa-e719-11e1-9be1-bc305bcab086/cancel/
    body: 
      string: ""
    headers: 
      Accept: 
      - "*/*; q=0.5, application/xml"
      Authorization: 
      - OAuth oauth_body_hash="2jmj7l5rSw0yVb%2FvlWAYkK%2FYBwk%3D", oauth_consumer_key="katello", oauth_nonce="mVjwJ4xKvlnSmKZQokOKAXehB5eex2DLSJHrTahSzyU", oauth_signature="c0IJYYW1anklUFIcqNDiQX8sUO4%3D", oauth_signature_method="HMAC-SHA1", oauth_timestamp="1345063268", oauth_version="1.0"
      Accept-Language: 
      - en
      Pulp-User: 
      - admin
      Content-Type: 
      - application/json
      Content-Length: 
      - "0"
      Accept-Encoding: 
      - gzip, deflate
  response: 
    status: 
      code: 202
      message: Accepted
    headers: 
      Transfer-Encoding: 
      - chunked
      Date: 
      - Wed, 15 Aug 2012 20:41:08 GMT
      Connection: 
      - close
      Content-Type: 
      - application/json
      Server: 
      - Apache/2.2.22 (Fedora)
    body: 
      string: "{\"scheduled_time\": null, \"exception\": null, \"traceback\": null, \"job_id\": null, \"class_name\": null, \"start_time\": \"2012-08-15T16:41:03-04:00\", \"args\": [\"integration_test_repo\"], \"method_name\": \"_sync\", \"finish_time\": \"2012-08-15T16:41:06-04:00\", \"state\": \"finished\", \"result\": true, \"scheduler\": \"immediate\", \"progress\": {\"status\": \"FINISHED\", \"num_success\": 11, \"size_total\": 17872, \"num_download\": 0, \"item_name\": null, \"items_left\": 0, \"items_total\": 11, \"item_type\": \"\", \"step\": \"Running Createrepo\", \"size_left\": 0, \"details\": {\"tree_file\": {\"num_success\": 3, \"total_count\": 3, \"items_left\": 0, \"size_left\": 0, \"total_size_bytes\": 0, \"num_error\": 0}, \"rpm\": {\"num_success\": 8, \"total_count\": 8, \"items_left\": 0, \"size_left\": 0, \"total_size_bytes\": 17872, \"num_error\": 0}}, \"error_details\": [], \"num_error\": 0}, \"id\": \"878a62fa-e719-11e1-9be1-bc305bcab086\"}"
    http_version: 
  recorded_at: Wed, 15 Aug 2012 20:41:08 GMT
- request: 
    method: put
    uri: https://localhost/pulp/api/repositories/
    body: 
      string: "{\"arch\":\"noarch\",\"name\":\"integration_test_repo\",\"feed\":\"http://lzap.fedorapeople.org/fakerepos/zoo5/\",\"id\":\"integration_test_repo\"}"
    headers: 
      Accept: 
      - "*/*; q=0.5, application/xml"
      Authorization: 
      - OAuth oauth_body_hash="2jmj7l5rSw0yVb%2FvlWAYkK%2FYBwk%3D", oauth_consumer_key="katello", oauth_nonce="9YXcgOaPEdbD2OAIi36TUZtm3UekwqdHYb9WhfRTVA", oauth_signature="rQdH9Lr3tsBiEHduv%2BfvL02Jw%2FI%3D", oauth_signature_method="HMAC-SHA1", oauth_timestamp="1345063268", oauth_version="1.0"
      Accept-Language: 
      - en
      Pulp-User: 
      - admin
      Content-Type: 
      - application/json
      Content-Length: 
      - "131"
      Accept-Encoding: 
      - gzip, deflate
  response: 
    status: 
      code: 409
      message: Conflict
    headers: 
      Date: 
      - Wed, 15 Aug 2012 20:41:08 GMT
      Connection: 
      - close
      Content-Type: 
      - application/json
      Content-Length: 
      - "65"
      Server: 
      - Apache/2.2.22 (Fedora)
    body: 
      string: "\"A repository with the id, integration_test_repo, already exists\""
    http_version: 
  recorded_at: Wed, 15 Aug 2012 20:41:08 GMT
- request: 
    method: post
    uri: https://localhost/pulp/api/repositories/integration_test_repo/sync/
    body: 
      string: "{\"threads\":4}"
    headers: 
      Accept: 
      - "*/*; q=0.5, application/xml"
      Authorization: 
      - OAuth oauth_body_hash="2jmj7l5rSw0yVb%2FvlWAYkK%2FYBwk%3D", oauth_consumer_key="katello", oauth_nonce="sM3AF4r0Wipw5m9pJ25mrhIcCkRaPpCFZI1snn4yQTc", oauth_signature="hCpXJ1o%2Bw%2FQMv%2BgWMfTtLIpceYs%3D", oauth_signature_method="HMAC-SHA1", oauth_timestamp="1345063268", oauth_version="1.0"
      Accept-Language: 
      - en
      Pulp-User: 
      - admin
      Content-Type: 
      - application/json
      Content-Length: 
      - "13"
      Accept-Encoding: 
      - gzip, deflate
  response: 
    status: 
      code: 202
      message: Accepted
    headers: 
      Date: 
      - Wed, 15 Aug 2012 20:41:08 GMT
      Connection: 
      - close
      Content-Type: 
      - application/json
      Content-Length: 
      - "342"
      Server: 
      - Apache/2.2.22 (Fedora)
    body: 
      string: "{\"scheduled_time\": \"2012-08-15T20:41:09Z\", \"exception\": null, \"traceback\": null, \"job_id\": null, \"class_name\": null, \"start_time\": null, \"args\": [\"integration_test_repo\"], \"method_name\": \"_sync\", \"finish_time\": null, \"state\": \"waiting\", \"result\": null, \"scheduler\": \"immediate\", \"progress\": null, \"id\": \"8b00fb80-e719-11e1-b294-bc305bcab086\"}"
    http_version: 
  recorded_at: Wed, 15 Aug 2012 20:41:09 GMT
- request: 
    method: get
    uri: https://localhost/pulp/api/tasks/?id=8b00fb80-e719-11e1-b294-bc305bcab086&state=current
    body: 
      string: ""
    headers: 
      Accept: 
      - "*/*; q=0.5, application/xml"
      Authorization: 
      - OAuth oauth_consumer_key="katello", oauth_nonce="s5cvfIdTT1tGSbv3sX0AkVaLzbIOuC5P0RurQp78yNE", oauth_signature="9p96YJbHWJvcTqHJ5VgfMB6PbKk%3D", oauth_signature_method="HMAC-SHA1", oauth_timestamp="1345063269", oauth_version="1.0"
      Accept-Language: 
      - en
      Pulp-User: 
      - admin
      Content-Type: 
      - application/json
      Accept-Encoding: 
      - gzip, deflate
  response: 
    status: 
      code: 200
      message: OK
    headers: 
      Date: 
      - Wed, 15 Aug 2012 20:41:09 GMT
      Connection: 
      - close
      Content-Type: 
      - application/json
      Content-Length: 
      - "422"
      Server: 
      - Apache/2.2.22 (Fedora)
    body: 
      string: "[{\"scheduled_time\": \"2012-08-15T20:41:09Z\", \"exception\": null, \"traceback\": null, \"job_id\": null, \"class_name\": null, \"start_time\": \"2012-08-15T16:41:09-04:00\", \"args\": [\"integration_test_repo\"], \"method_name\": \"_sync\", \"finish_time\": null, \"state\": \"running\", \"result\": null, \"scheduler\": \"immediate\", \"snapshot_id\": \"8a75647e-9b85-46fb-b5f2-40b826842cae\", \"progress\": null, \"id\": \"8b00fb80-e719-11e1-b294-bc305bcab086\"}]"
    http_version: 
  recorded_at: Wed, 15 Aug 2012 20:41:09 GMT
- request: 
    method: get
    uri: https://localhost/pulp/api/tasks/?id=8b00fb80-e719-11e1-b294-bc305bcab086&state=current
    body: 
      string: ""
    headers: 
      Accept: 
      - "*/*; q=0.5, application/xml"
      Authorization: 
      - OAuth oauth_consumer_key="katello", oauth_nonce="Zz9V8ONSM9KcQqTqSYSONyQI95FaENagbsGaWZWdILc", oauth_signature="xnqUxBUlqpF5y6jNb%2BD4RFiHRWs%3D", oauth_signature_method="HMAC-SHA1", oauth_timestamp="1345063270", oauth_version="1.0"
      Accept-Language: 
      - en
      Pulp-User: 
      - admin
      Content-Type: 
      - application/json
      Accept-Encoding: 
      - gzip, deflate
  response: 
    status: 
      code: 200
      message: OK
    headers: 
      Transfer-Encoding: 
      - chunked
      Date: 
      - Wed, 15 Aug 2012 20:41:10 GMT
      Connection: 
      - close
      Content-Type: 
      - application/json
      Server: 
      - Apache/2.2.22 (Fedora)
    body: 
      string: "[{\"scheduled_time\": \"2012-08-15T20:41:09Z\", \"exception\": null, \"traceback\": null, \"job_id\": null, \"class_name\": null, \"start_time\": \"2012-08-15T16:41:09-04:00\", \"args\": [\"integration_test_repo\"], \"method_name\": \"_sync\", \"finish_time\": null, \"state\": \"running\", \"result\": null, \"scheduler\": \"immediate\", \"snapshot_id\": \"8a75647e-9b85-46fb-b5f2-40b826842cae\", \"progress\": {\"status\": \"noop\", \"num_success\": 11, \"size_total\": 17872, \"num_download\": 0, \"item_name\": \"test2.img\", \"items_left\": 0, \"items_total\": 11, \"item_type\": \"tree_file\", \"step\": \"Downloading Items or Verifying\", \"size_left\": 0, \"details\": {\"tree_file\": {\"num_success\": 3, \"total_count\": 3, \"items_left\": 0, \"size_left\": 0, \"total_size_bytes\": 0, \"num_error\": 0}, \"rpm\": {\"num_success\": 8, \"total_count\": 8, \"items_left\": 0, \"size_left\": 0, \"total_size_bytes\": 17872, \"num_error\": 0}}, \"error_details\": [], \"num_error\": 0}, \"id\": \"8b00fb80-e719-11e1-b294-bc305bcab086\"}]"
    http_version: 
  recorded_at: Wed, 15 Aug 2012 20:41:10 GMT
- request: 
    method: get
    uri: https://localhost/pulp/api/tasks/?id=8b00fb80-e719-11e1-b294-bc305bcab086&state=current
    body: 
      string: ""
    headers: 
      Accept: 
      - "*/*; q=0.5, application/xml"
      Authorization: 
      - OAuth oauth_consumer_key="katello", oauth_nonce="RHQqzh99CmkHppJhi5KQt5y0g9FfzUMqA5uB6alUkg", oauth_signature="k3ZP2tU946UolWwt8i1XwK49GGU%3D", oauth_signature_method="HMAC-SHA1", oauth_timestamp="1345063271", oauth_version="1.0"
      Accept-Language: 
      - en
      Pulp-User: 
      - admin
      Content-Type: 
      - application/json
      Accept-Encoding: 
      - gzip, deflate
  response: 
    status: 
      code: 200
      message: OK
    headers: 
      Transfer-Encoding: 
      - chunked
      Date: 
      - Wed, 15 Aug 2012 20:41:11 GMT
      Connection: 
      - close
      Content-Type: 
      - application/json
      Server: 
      - Apache/2.2.22 (Fedora)
    body: 
      string: "[{\"scheduled_time\": \"2012-08-15T20:41:09Z\", \"exception\": null, \"traceback\": null, \"job_id\": null, \"class_name\": null, \"start_time\": \"2012-08-15T16:41:09-04:00\", \"args\": [\"integration_test_repo\"], \"method_name\": \"_sync\", \"finish_time\": null, \"state\": \"running\", \"result\": null, \"scheduler\": \"immediate\", \"snapshot_id\": \"8a75647e-9b85-46fb-b5f2-40b826842cae\", \"progress\": {\"status\": \"FINISHED\", \"num_success\": 11, \"size_total\": 17872, \"num_download\": 0, \"item_name\": null, \"items_left\": 0, \"items_total\": 11, \"item_type\": \"\", \"step\": \"Running Createrepo\", \"size_left\": 0, \"details\": {\"tree_file\": {\"num_success\": 3, \"total_count\": 3, \"items_left\": 0, \"size_left\": 0, \"total_size_bytes\": 0, \"num_error\": 0}, \"rpm\": {\"num_success\": 8, \"total_count\": 8, \"items_left\": 0, \"size_left\": 0, \"total_size_bytes\": 17872, \"num_error\": 0}}, \"error_details\": [], \"num_error\": 0}, \"id\": \"8b00fb80-e719-11e1-b294-bc305bcab086\"}]"
    http_version: 
  recorded_at: Wed, 15 Aug 2012 20:41:11 GMT
- request: 
    method: get
    uri: https://localhost/pulp/api/tasks/?id=8b00fb80-e719-11e1-b294-bc305bcab086&state=current
    body: 
      string: ""
    headers: 
      Accept: 
      - "*/*; q=0.5, application/xml"
      Authorization: 
      - OAuth oauth_consumer_key="katello", oauth_nonce="h2Xbyuh6hXWT468GRShxVLU59xrcVvyHV1HLsjag4c", oauth_signature="Pu45FzhLBGoOLouSv7Cfkag3d%2BU%3D", oauth_signature_method="HMAC-SHA1", oauth_timestamp="1345063272", oauth_version="1.0"
      Accept-Language: 
      - en
      Pulp-User: 
      - admin
      Content-Type: 
      - application/json
      Accept-Encoding: 
      - gzip, deflate
  response: 
    status: 
      code: 200
      message: OK
    headers: 
      Transfer-Encoding: 
      - chunked
      Date: 
      - Wed, 15 Aug 2012 20:41:12 GMT
      Connection: 
      - close
      Content-Type: 
      - application/json
      Server: 
      - Apache/2.2.22 (Fedora)
    body: 
      string: "[{\"scheduled_time\": \"2012-08-15T20:41:09Z\", \"exception\": null, \"traceback\": null, \"job_id\": null, \"class_name\": null, \"start_time\": \"2012-08-15T16:41:09-04:00\", \"args\": [\"integration_test_repo\"], \"method_name\": \"_sync\", \"finish_time\": null, \"state\": \"running\", \"result\": null, \"scheduler\": \"immediate\", \"snapshot_id\": \"8a75647e-9b85-46fb-b5f2-40b826842cae\", \"progress\": {\"status\": \"FINISHED\", \"num_success\": 11, \"size_total\": 17872, \"num_download\": 0, \"item_name\": null, \"items_left\": 0, \"items_total\": 11, \"item_type\": \"\", \"step\": \"Running Createrepo\", \"size_left\": 0, \"details\": {\"tree_file\": {\"num_success\": 3, \"total_count\": 3, \"items_left\": 0, \"size_left\": 0, \"total_size_bytes\": 0, \"num_error\": 0}, \"rpm\": {\"num_success\": 8, \"total_count\": 8, \"items_left\": 0, \"size_left\": 0, \"total_size_bytes\": 17872, \"num_error\": 0}}, \"error_details\": [], \"num_error\": 0}, \"id\": \"8b00fb80-e719-11e1-b294-bc305bcab086\"}]"
    http_version: 
  recorded_at: Wed, 15 Aug 2012 20:41:12 GMT
- request: 
    method: get
    uri: https://localhost/pulp/api/tasks/?id=8b00fb80-e719-11e1-b294-bc305bcab086&state=current
    body: 
      string: ""
    headers: 
      Accept: 
      - "*/*; q=0.5, application/xml"
      Authorization: 
      - OAuth oauth_consumer_key="katello", oauth_nonce="vi44UzgJDB0B1gnyVHgBxNnp5MPFrXGkAUlfLCNnc4", oauth_signature="SutzaplGHlJcc3FE9cxpESNVZKs%3D", oauth_signature_method="HMAC-SHA1", oauth_timestamp="1345063273", oauth_version="1.0"
      Accept-Language: 
      - en
      Pulp-User: 
      - admin
      Content-Type: 
      - application/json
      Accept-Encoding: 
      - gzip, deflate
  response: 
    status: 
      code: 200
      message: OK
    headers: 
      Date: 
      - Wed, 15 Aug 2012 20:41:13 GMT
      Connection: 
      - close
      Content-Type: 
      - application/json
      Content-Length: 
      - "2306"
      Server: 
      - Apache/2.2.22 (Fedora)
    body: 
      string: "[{\"scheduled_time\": null, \"exception\": null, \"traceback\": null, \"job_id\": null, \"class_name\": null, \"start_time\": \"2012-08-15T16:41:09-04:00\", \"args\": [\"integration_test_repo\"], \"method_name\": \"_sync\", \"finish_time\": \"2012-08-15T16:41:12-04:00\", \"state\": \"finished\", \"result\": true, \"scheduler\": \"immediate\", \"snapshot_id\": \"8a75647e-9b85-46fb-b5f2-40b826842cae\", \"progress\": {\"status\": \"FINISHED\", \"num_success\": 11, \"size_total\": 17872, \"num_download\": 0, \"item_name\": null, \"items_left\": 0, \"items_total\": 11, \"item_type\": \"\", \"step\": \"Running Createrepo\", \"size_left\": 0, \"details\": {\"tree_file\": {\"num_success\": 3, \"total_count\": 3, \"items_left\": 0, \"size_left\": 0, \"total_size_bytes\": 0, \"num_error\": 0}, \"rpm\": {\"num_success\": 8, \"total_count\": 8, \"items_left\": 0, \"size_left\": 0, \"total_size_bytes\": 17872, \"num_error\": 0}}, \"error_details\": [], \"num_error\": 0}, \"id\": \"8b00fb80-e719-11e1-b294-bc305bcab086\"}, {\"class_name\": null, \"start_time\": \"2012-08-15T16:41:09-04:00\", \"args\": [\"integration_test_repo\"], \"task_string\": \"Task 8b00fb80-e719-11e1-b294-bc305bcab086: _sync(integration_test_repo, synchronizer=<pulp.server.api.synchronizers.YumSynchronizer object at 0x7fefc4a05990>, skip={}, max_speed=None, threads=4, progress_callback=<bound method RepoSyncTask.progress_callback of <pulp.server.api.repo_sync_task.RepoSyncTask object at 0x7fefc58c3e90>>)\", \"result\": true, \"id\": \"8b00fb80-e719-11e1-b294-bc305bcab086\", \"scheduled_time\": \"2012-08-15T20:41:09Z\", \"exception\": null, \"task_type\": \"RepoSyncTask\", \"job_id\": null, \"finish_time\": \"2012-08-15T16:41:12-04:00\", \"_ns\": \"task_history\", \"traceback\": null, \"method_name\": \"_sync\", \"state\": \"finished\", \"kwargs\": {\"skip\": {}, \"max_speed\": null, \"threads\": 4}, \"progress\": {\"status\": \"FINISHED\", \"num_success\": 11, \"size_total\": 17872, \"num_download\": 0, \"item_name\": null, \"items_left\": 0, \"items_total\": 11, \"item_type\": \"\", \"step\": \"Running Createrepo\", \"size_left\": 0, \"details\": {\"tree_file\": {\"num_success\": 3, \"total_count\": 3, \"items_left\": 0, \"size_left\": 0, \"total_size_bytes\": 0, \"num_error\": 0}, \"rpm\": {\"num_success\": 8, \"total_count\": 8, \"items_left\": 0, \"size_left\": 0, \"total_size_bytes\": 17872, \"num_error\": 0}}, \"error_details\": [], \"num_error\": 0}, \"_id\": \"66a80f84-5856-4d45-8954-78450cf6d729\", \"consecutive_failures\": 0}]"
    http_version: 
  recorded_at: Wed, 15 Aug 2012 20:41:13 GMT
- request: 
    method: post
    uri: https://localhost/pulp/api/tasks/8b00fb80-e719-11e1-b294-bc305bcab086/cancel/
    body: 
      string: ""
    headers: 
      Accept: 
      - "*/*; q=0.5, application/xml"
      Authorization: 
      - OAuth oauth_body_hash="2jmj7l5rSw0yVb%2FvlWAYkK%2FYBwk%3D", oauth_consumer_key="katello", oauth_nonce="qVAYD371T7CB4bXlSE9BZURlWwHNGwvItpH3Y9uUc", oauth_signature="9EWk%2BHoWovcn2GZcXZjUzxMVYks%3D", oauth_signature_method="HMAC-SHA1", oauth_timestamp="1345063274", oauth_version="1.0"
      Accept-Language: 
      - en
      Pulp-User: 
      - admin
      Content-Type: 
      - application/json
      Content-Length: 
      - "0"
      Accept-Encoding: 
      - gzip, deflate
  response: 
    status: 
      code: 202
      message: Accepted
    headers: 
      Transfer-Encoding: 
      - chunked
      Date: 
      - Wed, 15 Aug 2012 20:41:14 GMT
      Connection: 
      - close
      Content-Type: 
      - application/json
      Server: 
      - Apache/2.2.22 (Fedora)
    body: 
      string: "{\"scheduled_time\": null, \"exception\": null, \"traceback\": null, \"job_id\": null, \"class_name\": null, \"start_time\": \"2012-08-15T16:41:09-04:00\", \"args\": [\"integration_test_repo\"], \"method_name\": \"_sync\", \"finish_time\": \"2012-08-15T16:41:12-04:00\", \"state\": \"finished\", \"result\": true, \"scheduler\": \"immediate\", \"progress\": {\"status\": \"FINISHED\", \"num_success\": 11, \"size_total\": 17872, \"num_download\": 0, \"item_name\": null, \"items_left\": 0, \"items_total\": 11, \"item_type\": \"\", \"step\": \"Running Createrepo\", \"size_left\": 0, \"details\": {\"tree_file\": {\"num_success\": 3, \"total_count\": 3, \"items_left\": 0, \"size_left\": 0, \"total_size_bytes\": 0, \"num_error\": 0}, \"rpm\": {\"num_success\": 8, \"total_count\": 8, \"items_left\": 0, \"size_left\": 0, \"total_size_bytes\": 17872, \"num_error\": 0}}, \"error_details\": [], \"num_error\": 0}, \"id\": \"8b00fb80-e719-11e1-b294-bc305bcab086\"}"
    http_version: 
  recorded_at: Wed, 15 Aug 2012 20:41:14 GMT
- request: 
    method: get
    uri: https://localhost/pulp/api/repositories//packagegroupcategories/
    body: 
      string: ""
    headers: 
      Accept: 
      - "*/*; q=0.5, application/xml"
      Authorization: 
      - OAuth oauth_consumer_key="katello", oauth_nonce="vyEY3dhIpTBBp6jcj6aoVEJN5tzrElqAsXHKelZog", oauth_signature="MDlH07CAFuonV3Q28w7V8Uysjng%3D", oauth_signature_method="HMAC-SHA1", oauth_timestamp="1345245102", oauth_version="1.0"
      Accept-Language: 
      - en
      Pulp-User: 
      - admin
      Content-Type: 
      - application/json
      Accept-Encoding: 
      - gzip, deflate
  response: 
    status: 
      code: 404
      message: Not Found
    headers: 
      Date: 
      - Fri, 17 Aug 2012 23:11:42 GMT
      Connection: 
      - close
      Content-Type: 
      - application/json
      Content-Length: 
      - "38"
      Server: 
      - Apache/2.2.22 (Fedora)
    body: 
      string: "\"No repository packagegroupcategories\""
    http_version: 
  recorded_at: Fri, 17 Aug 2012 23:11:42 GMT
- request: 
    method: get
    uri: https://localhost/pulp/api/repositories/integration_test_id/packagegroupcategories/
    body: 
      string: ""
    headers: 
      Accept: 
      - application/json
      Authorization: 
      - OAuth oauth_consumer_key="katello", oauth_nonce="jaYyiFUIvJf0cNdpLVA7Dh33tCH345n7LIBqus3BORY", oauth_signature="XxRjMbnx4gZIsvC8rJYS1QIcOd0%3D", oauth_signature_method="HMAC-SHA1", oauth_timestamp="1345584720", oauth_version="1.0"
      Accept-Language: 
      - en
      Content-Type: 
      - application/json
      Pulp-User: 
      - admin
      Accept-Encoding: 
      - gzip, deflate
  response: 
    status: 
      code: 200
      message: OK
    headers: 
      Date: 
      - Tue, 21 Aug 2012 21:32:00 GMT
      Connection: 
      - close
      Content-Type: 
      - application/json
      Content-Length: 
      - "226"
      Server: 
      - Apache/2.2.22 (Fedora)
    body: 
      string: "{\"all\": {\"description\": null, \"repo_defined\": true, \"display_order\": 99, \"immutable\": true, \"translated_name\": {}, \"packagegroupids\": [\"mammal\", \"bird\"], \"translated_description\": {}, \"_id\": \"all\", \"id\": \"all\", \"name\": \"all\"}}"
    http_version: 
  recorded_at: Tue, 21 Aug 2012 21:32:00 GMT
recorded_with: VCR 2.2.4
