--- 
http_interactions: 
- request: 
    method: post
    uri: https://localhost/pulp/api/roles/super-users//add/
    body: 
      string: "{\"username\":\"integration_test_user\"}"
    headers: 
      Accept-Encoding: 
      - gzip, deflate
      Pulp-User: 
      - admin
      Accept-Language: 
      - en
      Accept: 
      - "*/*; q=0.5, application/xml"
      Authorization: 
      - OAuth oauth_body_hash="2jmj7l5rSw0yVb%2FvlWAYkK%2FYBwk%3D", oauth_consumer_key="katello", oauth_nonce="sfCr0nLdWqyuFWAGe2ePXMnbS6Vnd3vVYArQ83dGBsM", oauth_signature="2xSYLWF6FUeo%2FOeCbTCf7z6KXHo%3D", oauth_signature_method="HMAC-SHA1", oauth_timestamp="1345416282", oauth_version="1.0"
      Content-Length: 
      - "36"
      Content-Type: 
      - application/json
  response: 
    status: 
      code: 200
      message: OK
    headers: 
      Server: 
      - Apache/2.2.22 (Fedora)
      Content-Length: 
      - "4"
      Content-Type: 
      - application/json
      Date: 
      - Sun, 19 Aug 2012 22:44:42 GMT
      Connection: 
      - close
    body: 
      string: "true"
    http_version: 
  recorded_at: Sun, 19 Aug 2012 22:44:42 GMT
- request: 
    method: post
    uri: https://localhost/pulp/api/roles/super-users//remove/
    body: 
      string: "{\"username\":\"integration_test_user\"}"
    headers: 
      Accept-Encoding: 
      - gzip, deflate
      Pulp-User: 
      - admin
      Accept-Language: 
      - en
      Accept: 
      - "*/*; q=0.5, application/xml"
      Authorization: 
      - OAuth oauth_body_hash="2jmj7l5rSw0yVb%2FvlWAYkK%2FYBwk%3D", oauth_consumer_key="katello", oauth_nonce="k9CVqwPcjNjCUPMCj74ydAMoMdUNshHKsoEDKb6CQ", oauth_signature="bS%2F27s30NJrjW7wKe9c7UF0JwIw%3D", oauth_signature_method="HMAC-SHA1", oauth_timestamp="1345416282", oauth_version="1.0"
      Content-Length: 
      - "36"
      Content-Type: 
      - application/json
  response: 
    status: 
      code: 200
      message: OK
    headers: 
      Server: 
      - Apache/2.2.22 (Fedora)
      Content-Length: 
      - "4"
      Content-Type: 
      - application/json
      Date: 
      - Sun, 19 Aug 2012 22:44:42 GMT
      Connection: 
      - close
    body: 
      string: "true"
    http_version: 
  recorded_at: Sun, 19 Aug 2012 22:44:42 GMT
- request: 
    method: post
    uri: https://localhost/pulp/api/roles/super-users//remove/
    body: 
      string: "{\"username\":\"integration_test_user\"}"
    headers: 
      Accept-Encoding: 
      - gzip, deflate
      Pulp-User: 
      - admin
      Accept-Language: 
      - en
      Accept: 
      - "*/*; q=0.5, application/xml"
      Authorization: 
      - OAuth oauth_body_hash="2jmj7l5rSw0yVb%2FvlWAYkK%2FYBwk%3D", oauth_consumer_key="katello", oauth_nonce="xdrObZ51Nnav9Q6u7zK3T9g5mA501NWZpNqp6ie7Ws", oauth_signature="ogy3kzJg4fwj090ju6ZSClyfb6w%3D", oauth_signature_method="HMAC-SHA1", oauth_timestamp="1345416282", oauth_version="1.0"
      Content-Length: 
      - "36"
      Content-Type: 
      - application/json
  response: 
    status: 
      code: 200
      message: OK
    headers: 
      Server: 
      - Apache/2.2.22 (Fedora)
      Content-Length: 
      - "5"
      Content-Type: 
      - application/json
      Date: 
      - Sun, 19 Aug 2012 22:44:42 GMT
      Connection: 
      - close
    body: 
      string: "false"
    http_version: 
  recorded_at: Sun, 19 Aug 2012 22:44:42 GMT
recorded_with: VCR 2.2.4
