// Jest Snapshot v1, https://goo.gl/fbAQLP

exports[`Ansible Collections table should render and contain appropiate components 1`] = `
<LoadingState
  loading={false}
  loadingText="Loading"
  timeout={300}
>
  <Table
    columns={
      Array [
        Object {
          "cell": Object {
            "formatters": Array [
              [Function],
            ],
          },
          "header": Object {
            "formatters": Array [
              [Function],
            ],
            "label": "Name",
          },
          "property": "name",
        },
        Object {
          "cell": Object {
            "formatters": Array [
              [Function],
            ],
          },
          "header": Object {
            "formatters": Array [
              [Function],
            ],
            "label": "Author",
          },
          "property": "namespace",
        },
        Object {
          "cell": Object {
            "formatters": Array [
              [Function],
            ],
          },
          "header": Object {
            "formatters": Array [
              [Function],
            ],
            "label": "Version",
          },
          "property": "version",
        },
        Object {
          "cell": Object {
            "formatters": Array [
              [Function],
            ],
          },
          "header": Object {
            "formatters": Array [
              [Function],
            ],
            "label": "Checksum",
          },
          "property": "checksum",
        },
      ]
    }
    emptyState={
      Object {
        "header": "No Content found",
      }
    }
    itemCount={0}
    onPaginationChange={[Function]}
    pagination={Object {}}
    rows={Array []}
  />
</LoadingState>
`;
