// Jest Snapshot v1, https://goo.gl/fbAQLP

exports[`Ansible Collections page should render and contain appropiate components 1`] = `
<ContentPage
  content={Object {}}
  getAutoCompleteParams={[Function]}
  header="Ansible Collections"
  initialInputValue=""
  onPaginationChange={[Function]}
  onSearch={[Function]}
  tableSchema={
    Array [
      Object {
        "cell": Object {
          "formatters": Array [
            [Function],
          ],
        },
        "header": Object {
          "formatters": Array [
            [Function],
          ],
          "label": "Name",
        },
        "property": "name",
      },
      Object {
        "cell": Object {
          "formatters": Array [
            [Function],
          ],
        },
        "header": Object {
          "formatters": Array [
            [Function],
          ],
          "label": "Author",
        },
        "property": "namespace",
      },
      Object {
        "cell": Object {
          "formatters": Array [
            [Function],
          ],
        },
        "header": Object {
          "formatters": Array [
            [Function],
          ],
          "label": "Version",
        },
        "property": "version",
      },
      Object {
        "cell": Object {
          "formatters": Array [
            [Function],
          ],
        },
        "header": Object {
          "formatters": Array [
            [Function],
          ],
          "label": "Checksum",
        },
        "property": "checksum",
      },
    ]
  }
  updateSearchQuery={[Function]}
/>
`;
