--- 
http_interactions: 
- request: 
    method: post
    uri: https://localhost.localdomain/pulp/api/v2/content/units/erratum/search/
    body: 
      encoding: US-ASCII
      string: "{\"criteria\":{\"filters\":{\"_id\":{\"$in\":[\"1f9f7a3d-4c26-4d6d-a69c-c1570c3b86c0\"]}}},\"include_repos\":true}"
    headers: 
      Accept: 
      - application/json
      Accept-Encoding: 
      - gzip, deflate
      Content-Type: 
      - application/json
      Authorization: 
      - OAuth oauth_body_hash="2jmj7l5rSw0yVb%2FvlWAYkK%2FYBwk%3D", oauth_consumer_key="katello", oauth_nonce="VLXLB3TEpSud1JAziYQShk629ZgA1smd6B5BfOw", oauth_signature="DTk65bCrV73fihOFk0GpcvjFbPQ%3D", oauth_signature_method="HMAC-SHA1", oauth_timestamp="1373049568", oauth_version="1.0"
      Pulp-User: 
      - admin
      Content-Length: 
      - "102"
      User-Agent: 
      - Ruby
  response: 
    status: 
      code: 200
      message: OK
    headers: 
      Date: 
      - Fri, 05 Jul 2013 18:39:28 GMT
      Server: 
      - Apache/2.4.4 (Fedora) OpenSSL/1.0.1c-fips PHP/5.4.9 mod_wsgi/3.4 Python/2.7.3 mod_perl/2.0.7 Perl/v5.16.3
      Content-Length: 
      - "834"
      Content-Type: 
      - application/json
    body: 
      encoding: US-ASCII
      string: "[{\"issued\": \"2010-01-01 01:01:01\", \"references\": [], \"_content_type_id\": \"erratum\", \"id\": \"RHEA-2010:0002\", \"severity\": \"\", \"title\": \"One package errata\", \"version\": \"1\", \"reboot_suggested\": false, \"type\": \"security\", \"pkglist\": [{\"packages\": [{\"src\": \"http://www.fedoraproject.org\", \"name\": \"elephant\", \"filename\": \"elephant-0.3-0.8.noarch.rpm\", \"epoch\": null, \"version\": \"0.3\", \"release\": \"0.8\", \"arch\": \"noarch\"}], \"name\": \"1\", \"short\": \"\"}], \"status\": \"stable\", \"updated\": \"\", \"description\": \"One package errata\", \"pushcount\": 1, \"from_str\": \"lzap+pub@redhat.com\", \"_storage_path\": null, \"rights\": \"\", \"solution\": \"\", \"summary\": \"\", \"release\": \"1\", \"_id\": \"1f9f7a3d-4c26-4d6d-a69c-c1570c3b86c0\", \"_href\": \"/pulp/api/v2/content/units/erratum/1f9f7a3d-4c26-4d6d-a69c-c1570c3b86c0/\", \"children\": {}, \"repository_memberships\": [\"1\"]}]"
    http_version: 
  recorded_at: Fri, 05 Jul 2013 18:39:28 GMT
- request: 
    method: post
    uri: https://localhost.localdomain/pulp/api/v2/content/units/erratum/search/
    body: 
      encoding: US-ASCII
      string: "{\"criteria\":{\"filters\":{\"_id\":{\"$in\":[\"1f9f7a3d-4c26-4d6d-a69c-c1570c3b86c0\"]}}}}"
    headers: 
      Accept: 
      - application/json
      Accept-Encoding: 
      - gzip, deflate
      Content-Type: 
      - application/json
      Authorization: 
      - OAuth oauth_body_hash="2jmj7l5rSw0yVb%2FvlWAYkK%2FYBwk%3D", oauth_consumer_key="katello", oauth_nonce="Qbs9T6YtsUelfxwgA8WvQitFKsUD6DXGMDwtAJa9IEI", oauth_signature="7zNdPPnDTPRRDRzq6d33qhrNYAE%3D", oauth_signature_method="HMAC-SHA1", oauth_timestamp="1373049568", oauth_version="1.0"
      Pulp-User: 
      - admin
      Content-Length: 
      - "81"
      User-Agent: 
      - Ruby
  response: 
    status: 
      code: 200
      message: OK
    headers: 
      Date: 
      - Fri, 05 Jul 2013 18:39:28 GMT
      Server: 
      - Apache/2.4.4 (Fedora) OpenSSL/1.0.1c-fips PHP/5.4.9 mod_wsgi/3.4 Python/2.7.3 mod_perl/2.0.7 Perl/v5.16.3
      Content-Length: 
      - "801"
      Content-Type: 
      - application/json
    body: 
      encoding: US-ASCII
      string: "[{\"issued\": \"2010-01-01 01:01:01\", \"references\": [], \"_content_type_id\": \"erratum\", \"id\": \"RHEA-2010:0002\", \"severity\": \"\", \"title\": \"One package errata\", \"version\": \"1\", \"reboot_suggested\": false, \"type\": \"security\", \"pkglist\": [{\"packages\": [{\"src\": \"http://www.fedoraproject.org\", \"name\": \"elephant\", \"filename\": \"elephant-0.3-0.8.noarch.rpm\", \"epoch\": null, \"version\": \"0.3\", \"release\": \"0.8\", \"arch\": \"noarch\"}], \"name\": \"1\", \"short\": \"\"}], \"status\": \"stable\", \"updated\": \"\", \"description\": \"One package errata\", \"pushcount\": 1, \"from_str\": \"lzap+pub@redhat.com\", \"_storage_path\": null, \"rights\": \"\", \"solution\": \"\", \"summary\": \"\", \"release\": \"1\", \"_id\": \"1f9f7a3d-4c26-4d6d-a69c-c1570c3b86c0\", \"_href\": \"/pulp/api/v2/content/units/erratum/1f9f7a3d-4c26-4d6d-a69c-c1570c3b86c0/\", \"children\": {}}]"
    http_version: 
  recorded_at: Fri, 05 Jul 2013 18:39:28 GMT
- request: 
    method: post
    uri: https://localhost.localdomain/pulp/api/v2/content/units/erratum/search/
    body: 
      encoding: US-ASCII
      string: "{\"criteria\":{\"filters\":{\"_id\":{\"$in\":[\"1f9f7a3d-4c26-4d6d-a69c-c1570c3b86c0\"]}}},\"include_repos\":true}"
    headers: 
      Accept: 
      - application/json
      Accept-Encoding: 
      - gzip, deflate
      Content-Type: 
      - application/json
      Authorization: 
      - OAuth oauth_body_hash="2jmj7l5rSw0yVb%2FvlWAYkK%2FYBwk%3D", oauth_consumer_key="katello", oauth_nonce="19SRRc8W0BppB0HbqUCCt0X2jOc7tVp8x4bWhXPAI74", oauth_signature="PcRzsHioYiGdymrDXPfXPNWtBBE%3D", oauth_signature_method="HMAC-SHA1", oauth_timestamp="1373049568", oauth_version="1.0"
      Pulp-User: 
      - admin
      Content-Length: 
      - "102"
      User-Agent: 
      - Ruby
  response: 
    status: 
      code: 200
      message: OK
    headers: 
      Date: 
      - Fri, 05 Jul 2013 18:39:28 GMT
      Server: 
      - Apache/2.4.4 (Fedora) OpenSSL/1.0.1c-fips PHP/5.4.9 mod_wsgi/3.4 Python/2.7.3 mod_perl/2.0.7 Perl/v5.16.3
      Content-Length: 
      - "834"
      Content-Type: 
      - application/json
    body: 
      encoding: US-ASCII
      string: "[{\"issued\": \"2010-01-01 01:01:01\", \"references\": [], \"_content_type_id\": \"erratum\", \"id\": \"RHEA-2010:0002\", \"severity\": \"\", \"title\": \"One package errata\", \"version\": \"1\", \"reboot_suggested\": false, \"type\": \"security\", \"pkglist\": [{\"packages\": [{\"src\": \"http://www.fedoraproject.org\", \"name\": \"elephant\", \"filename\": \"elephant-0.3-0.8.noarch.rpm\", \"epoch\": null, \"version\": \"0.3\", \"release\": \"0.8\", \"arch\": \"noarch\"}], \"name\": \"1\", \"short\": \"\"}], \"status\": \"stable\", \"updated\": \"\", \"description\": \"One package errata\", \"pushcount\": 1, \"from_str\": \"lzap+pub@redhat.com\", \"_storage_path\": null, \"rights\": \"\", \"solution\": \"\", \"summary\": \"\", \"release\": \"1\", \"_id\": \"1f9f7a3d-4c26-4d6d-a69c-c1570c3b86c0\", \"_href\": \"/pulp/api/v2/content/units/erratum/1f9f7a3d-4c26-4d6d-a69c-c1570c3b86c0/\", \"children\": {}, \"repository_memberships\": [\"1\"]}]"
    http_version: 
  recorded_at: Fri, 05 Jul 2013 18:39:28 GMT
- request: 
    method: post
    uri: https://localhost.localdomain/pulp/api/v2/content/units/erratum/search/
    body: 
      encoding: US-ASCII
      string: "{\"criteria\":{\"filters\":{\"_id\":{\"$in\":[\"1f9f7a3d-4c26-4d6d-a69c-c1570c3b86c0\"]}}},\"include_repos\":true}"
    headers: 
      Accept: 
      - application/json
      Accept-Encoding: 
      - gzip, deflate
      Content-Type: 
      - application/json
      Authorization: 
      - OAuth oauth_body_hash="2jmj7l5rSw0yVb%2FvlWAYkK%2FYBwk%3D", oauth_consumer_key="katello", oauth_nonce="iqHIh6i18j1nV45EWC5gq1UXt38FkgS1fEwIMH1Kc", oauth_signature="%2FMR8FpJTqqA5d8xDkvUgY7mE7fM%3D", oauth_signature_method="HMAC-SHA1", oauth_timestamp="1373049568", oauth_version="1.0"
      Pulp-User: 
      - admin
      Content-Length: 
      - "102"
      User-Agent: 
      - Ruby
  response: 
    status: 
      code: 200
      message: OK
    headers: 
      Date: 
      - Fri, 05 Jul 2013 18:39:28 GMT
      Server: 
      - Apache/2.4.4 (Fedora) OpenSSL/1.0.1c-fips PHP/5.4.9 mod_wsgi/3.4 Python/2.7.3 mod_perl/2.0.7 Perl/v5.16.3
      Content-Length: 
      - "834"
      Content-Type: 
      - application/json
    body: 
      encoding: US-ASCII
      string: "[{\"issued\": \"2010-01-01 01:01:01\", \"references\": [], \"_content_type_id\": \"erratum\", \"id\": \"RHEA-2010:0002\", \"severity\": \"\", \"title\": \"One package errata\", \"version\": \"1\", \"reboot_suggested\": false, \"type\": \"security\", \"pkglist\": [{\"packages\": [{\"src\": \"http://www.fedoraproject.org\", \"name\": \"elephant\", \"filename\": \"elephant-0.3-0.8.noarch.rpm\", \"epoch\": null, \"version\": \"0.3\", \"release\": \"0.8\", \"arch\": \"noarch\"}], \"name\": \"1\", \"short\": \"\"}], \"status\": \"stable\", \"updated\": \"\", \"description\": \"One package errata\", \"pushcount\": 1, \"from_str\": \"lzap+pub@redhat.com\", \"_storage_path\": null, \"rights\": \"\", \"solution\": \"\", \"summary\": \"\", \"release\": \"1\", \"_id\": \"1f9f7a3d-4c26-4d6d-a69c-c1570c3b86c0\", \"_href\": \"/pulp/api/v2/content/units/erratum/1f9f7a3d-4c26-4d6d-a69c-c1570c3b86c0/\", \"children\": {}, \"repository_memberships\": [\"1\"]}]"
    http_version: 
  recorded_at: Fri, 05 Jul 2013 18:39:28 GMT
- request: 
    method: post
    uri: https://localhost.localdomain/pulp/api/v2/repositories/
    body: 
      encoding: US-ASCII
      string: "{\"id\":\"1\",\"display_name\":\"Fedora 17 x86_64\",\"importer_type_id\":\"yum_importer\",\"importer_config\":{\"ssl_ca_cert\":null,\"ssl_client_cert\":null,\"ssl_client_key\":null,\"feed_url\":\"file:///home/ehelms/workspace/katello/test/fixtures/zoo5\"},\"distributors\":[{\"distributor_type\":\"yum_distributor\",\"distributor_config\":{\"relative_url\":\"/test_path/\",\"http\":false,\"https\":true,\"protected\":true},\"auto_publish\":true,\"distributor_id\":\"1\"}]}"
    headers: 
      Accept: 
      - application/json
      Accept-Encoding: 
      - gzip, deflate
      Content-Type: 
      - application/json
      Authorization: 
      - OAuth oauth_body_hash="2jmj7l5rSw0yVb%2FvlWAYkK%2FYBwk%3D", oauth_consumer_key="katello", oauth_nonce="USB8Sifkv5x4c7hqVafB2dZGD9ztlkXnTSDpOhQqaoU", oauth_signature="KH0qsoqsz%2FM1PlsLU4DS8XlPZ8g%3D", oauth_signature_method="HMAC-SHA1", oauth_timestamp="1373049568", oauth_version="1.0"
      Pulp-User: 
      - admin
      Content-Length: 
      - "424"
      User-Agent: 
      - Ruby
  response: 
    status: 
      code: 201
      message: Created
    headers: 
      Date: 
      - Fri, 05 Jul 2013 18:39:28 GMT
      Server: 
      - Apache/2.4.4 (Fedora) OpenSSL/1.0.1c-fips PHP/5.4.9 mod_wsgi/3.4 Python/2.7.3 mod_perl/2.0.7 Perl/v5.16.3
      Location: 
      - "1"
      Content-Length: 
      - "228"
      Content-Type: 
      - application/json
    body: 
      encoding: US-ASCII
      string: "{\"scratchpad\": {}, \"display_name\": \"Fedora 17 x86_64\", \"description\": null, \"_ns\": \"repos\", \"notes\": {}, \"content_unit_counts\": {}, \"_id\": {\"$oid\": \"51d712e0e138232bc589a087\"}, \"id\": \"1\", \"_href\": \"/pulp/api/v2/repositories/1/\"}"
    http_version: 
  recorded_at: Fri, 05 Jul 2013 18:39:28 GMT
- request: 
    method: post
    uri: https://localhost.localdomain/pulp/api/v2/repositories/1/actions/sync/
    body: 
      encoding: US-ASCII
      string: "{\"override_config\":{\"num_threads\":4}}"
    headers: 
      Accept: 
      - application/json
      Accept-Encoding: 
      - gzip, deflate
      Content-Type: 
      - application/json
      Authorization: 
      - OAuth oauth_body_hash="2jmj7l5rSw0yVb%2FvlWAYkK%2FYBwk%3D", oauth_consumer_key="katello", oauth_nonce="oQAaThBK7EWhnPy2VpKk29YjInPvkOR5AFktenifRQs", oauth_signature="RuOHB%2BOS2c8XtAOxy1eMgd5qLqk%3D", oauth_signature_method="HMAC-SHA1", oauth_timestamp="1373049568", oauth_version="1.0"
      Pulp-User: 
      - admin
      Content-Length: 
      - "37"
      User-Agent: 
      - Ruby
  response: 
    status: 
      code: 202
      message: Accepted
    headers: 
      Date: 
      - Fri, 05 Jul 2013 18:39:28 GMT
      Server: 
      - Apache/2.4.4 (Fedora) OpenSSL/1.0.1c-fips PHP/5.4.9 mod_wsgi/3.4 Python/2.7.3 mod_perl/2.0.7 Perl/v5.16.3
      Content-Encoding: 
      - utf-8
      Content-Length: 
      - "1402"
      Content-Type: 
      - application/json
    body: 
      encoding: US-ASCII
      string: "[{\"task_group_id\": \"47cd2034-9349-4303-a348-5b35d55e8565\", \"exception\": null, \"traceback\": null, \"_href\": \"/pulp/api/v2/task_groups/47cd2034-9349-4303-a348-5b35d55e8565/\", \"task_id\": \"4056630c-2b29-4288-8d77-d5d1e744d547\", \"call_request_tags\": [\"pulp:repository:1\", \"pulp:action:sync\"], \"reasons\": [], \"start_time\": null, \"tags\": [\"pulp:repository:1\", \"pulp:action:sync\"], \"state\": \"waiting\", \"finish_time\": null, \"dependency_failures\": {}, \"schedule_id\": null, \"progress\": {}, \"call_request_group_id\": \"47cd2034-9349-4303-a348-5b35d55e8565\", \"call_request_id\": \"4056630c-2b29-4288-8d77-d5d1e744d547\", \"principal_login\": \"admin\", \"response\": \"accepted\", \"result\": null}, {\"task_group_id\": \"47cd2034-9349-4303-a348-5b35d55e8565\", \"exception\": null, \"traceback\": null, \"_href\": \"/pulp/api/v2/task_groups/47cd2034-9349-4303-a348-5b35d55e8565/\", \"task_id\": \"f3288f23-3624-494d-bbce-f151f800baf1\", \"call_request_tags\": [\"pulp:repository:1\", \"pulp:action:auto_publish\", \"pulp:action:publish\"], \"reasons\": [], \"start_time\": null, \"tags\": [\"pulp:repository:1\", \"pulp:action:auto_publish\", \"pulp:action:publish\"], \"state\": \"waiting\", \"finish_time\": null, \"dependency_failures\": {}, \"schedule_id\": null, \"progress\": {}, \"call_request_group_id\": \"47cd2034-9349-4303-a348-5b35d55e8565\", \"call_request_id\": \"f3288f23-3624-494d-bbce-f151f800baf1\", \"principal_login\": \"admin\", \"response\": \"accepted\", \"result\": null}]"
    http_version: 
  recorded_at: Fri, 05 Jul 2013 18:39:29 GMT
- request: 
    method: post
    uri: https://localhost.localdomain/pulp/api/v2/repositories/1/search/units/
    body: 
      encoding: US-ASCII
      string: "{\"criteria\":{\"type_ids\":[\"erratum\"],\"fields\":{\"unit\":[],\"association\":[\"unit_id\"]}}}"
    headers: 
      Accept: 
      - application/json
      Accept-Encoding: 
      - gzip, deflate
      Content-Type: 
      - application/json
      Authorization: 
      - OAuth oauth_body_hash="2jmj7l5rSw0yVb%2FvlWAYkK%2FYBwk%3D", oauth_consumer_key="katello", oauth_nonce="wFccLV1CaF6D2Yr1yShq5GGldfnUr7GM3BUzwczVk", oauth_signature="4xDfWjR81j5nv4Ww1PgH0QJhpoU%3D", oauth_signature_method="HMAC-SHA1", oauth_timestamp="1373049571", oauth_version="1.0"
      Pulp-User: 
      - admin
      Content-Length: 
      - "84"
      User-Agent: 
      - Ruby
  response: 
    status: 
      code: 200
      message: OK
    headers: 
      Date: 
      - Fri, 05 Jul 2013 18:39:31 GMT
      Server: 
      - Apache/2.4.4 (Fedora) OpenSSL/1.0.1c-fips PHP/5.4.9 mod_wsgi/3.4 Python/2.7.3 mod_perl/2.0.7 Perl/v5.16.3
      Content-Length: 
      - "372"
      Content-Type: 
      - application/json
    body: 
      encoding: US-ASCII
      string: "[{\"_id\": {\"$oid\": \"51d712e2e138232bc589a0a9\"}, \"unit_id\": \"cd004f2b-19f3-456b-bca9-a86ba04dad2c\", \"unit_type_id\": \"erratum\", \"metadata\": {\"_id\": \"cd004f2b-19f3-456b-bca9-a86ba04dad2c\"}}, {\"_id\": {\"$oid\": \"51d712e2e138232bc589a0ab\"}, \"unit_id\": \"1f9f7a3d-4c26-4d6d-a69c-c1570c3b86c0\", \"unit_type_id\": \"erratum\", \"metadata\": {\"_id\": \"1f9f7a3d-4c26-4d6d-a69c-c1570c3b86c0\"}}]"
    http_version: 
  recorded_at: Fri, 05 Jul 2013 18:39:31 GMT
- request: 
    method: post
    uri: https://localhost.localdomain/pulp/api/v2/content/units/erratum/search/
    body: 
      encoding: US-ASCII
      string: "{\"criteria\":{\"filters\":{\"_id\":{\"$in\":[\"cd004f2b-19f3-456b-bca9-a86ba04dad2c\",\"1f9f7a3d-4c26-4d6d-a69c-c1570c3b86c0\"]}}},\"include_repos\":true}"
    headers: 
      Accept: 
      - application/json
      Accept-Encoding: 
      - gzip, deflate
      Content-Type: 
      - application/json
      Authorization: 
      - OAuth oauth_body_hash="2jmj7l5rSw0yVb%2FvlWAYkK%2FYBwk%3D", oauth_consumer_key="katello", oauth_nonce="UPC0gBB8mWv3qQMvmkQ0lIg0xqituxL7Iu1syArRHQ", oauth_signature="c6A1%2BQBGOnU5JgIMEWAsQliXe1s%3D", oauth_signature_method="HMAC-SHA1", oauth_timestamp="1373049571", oauth_version="1.0"
      Pulp-User: 
      - admin
      Content-Length: 
      - "141"
      User-Agent: 
      - Ruby
  response: 
    status: 
      code: 200
      message: OK
    headers: 
      Date: 
      - Fri, 05 Jul 2013 18:39:31 GMT
      Server: 
      - Apache/2.4.4 (Fedora) OpenSSL/1.0.1c-fips PHP/5.4.9 mod_wsgi/3.4 Python/2.7.3 mod_perl/2.0.7 Perl/v5.16.3
      Content-Length: 
      - "1443"
      Content-Type: 
      - application/json
    body: 
      encoding: US-ASCII
      string: "[{\"issued\": \"2010-01-01 01:01:01\", \"references\": [], \"_content_type_id\": \"erratum\", \"id\": \"RHEA-2010:0002\", \"severity\": \"\", \"title\": \"One package errata\", \"version\": \"1\", \"reboot_suggested\": false, \"type\": \"security\", \"pkglist\": [{\"packages\": [{\"src\": \"http://www.fedoraproject.org\", \"name\": \"elephant\", \"filename\": \"elephant-0.3-0.8.noarch.rpm\", \"epoch\": null, \"version\": \"0.3\", \"release\": \"0.8\", \"arch\": \"noarch\"}], \"name\": \"1\", \"short\": \"\"}], \"status\": \"stable\", \"updated\": \"\", \"description\": \"One package errata\", \"pushcount\": 1, \"from_str\": \"lzap+pub@redhat.com\", \"_storage_path\": null, \"rights\": \"\", \"solution\": \"\", \"summary\": \"\", \"release\": \"1\", \"_id\": \"1f9f7a3d-4c26-4d6d-a69c-c1570c3b86c0\", \"_href\": \"/pulp/api/v2/content/units/erratum/1f9f7a3d-4c26-4d6d-a69c-c1570c3b86c0/\", \"children\": {}, \"repository_memberships\": [\"1\"]}, {\"issued\": \"2010-01-01 01:01:01\", \"references\": [], \"_content_type_id\": \"erratum\", \"id\": \"RHEA-2010:0001\", \"severity\": \"\", \"title\": \"Empty errata\", \"version\": \"1\", \"reboot_suggested\": false, \"type\": \"security\", \"pkglist\": [], \"status\": \"stable\", \"updated\": \"\", \"description\": \"Empty errata\", \"pushcount\": 1, \"from_str\": \"lzap+pub@redhat.com\", \"_storage_path\": null, \"rights\": \"\", \"solution\": \"\", \"summary\": \"\", \"release\": \"1\", \"_id\": \"cd004f2b-19f3-456b-bca9-a86ba04dad2c\", \"_href\": \"/pulp/api/v2/content/units/erratum/cd004f2b-19f3-456b-bca9-a86ba04dad2c/\", \"children\": {}, \"repository_memberships\": [\"1\"]}]"
    http_version: 
  recorded_at: Fri, 05 Jul 2013 18:39:32 GMT
- request: 
    method: delete
    uri: https://localhost.localdomain/pulp/api/v2/repositories/1/
    body: 
      encoding: US-ASCII
      string: ""
    headers: 
      Accept: 
      - application/json
      Accept-Encoding: 
      - gzip, deflate
      Content-Type: 
      - application/json
      Authorization: 
      - OAuth oauth_consumer_key="katello", oauth_nonce="wOekic9aBrS07EmWDGnTa3SG6ewXNyuIoSzVdmb4Cw", oauth_signature="uiYRl9LM%2ByKMoBelpjg2pNk9vcA%3D", oauth_signature_method="HMAC-SHA1", oauth_timestamp="1373049572", oauth_version="1.0"
      Pulp-User: 
      - admin
      User-Agent: 
      - Ruby
  response: 
    status: 
      code: 202
      message: Accepted
    headers: 
      Date: 
      - Fri, 05 Jul 2013 18:39:32 GMT
      Server: 
      - Apache/2.4.4 (Fedora) OpenSSL/1.0.1c-fips PHP/5.4.9 mod_wsgi/3.4 Python/2.7.3 mod_perl/2.0.7 Perl/v5.16.3
      Content-Encoding: 
      - utf-8
      Content-Length: 
      - "749"
      Content-Type: 
      - application/json
    body: 
      encoding: US-ASCII
      string: "[{\"task_group_id\": \"5d96adf7-5132-4005-b96e-4c1fd3b318d6\", \"exception\": null, \"traceback\": null, \"_href\": \"/pulp/api/v2/task_groups/5d96adf7-5132-4005-b96e-4c1fd3b318d6/\", \"task_id\": \"78fdad71-1a7c-41b0-b5e4-654890eebf67\", \"call_request_tags\": [\"pulp:repository:1\", \"pulp:action:delete\"], \"reasons\": [{\"operation\": \"update\", \"resource_type\": \"repository\", \"resource_id\": \"1\"}], \"start_time\": null, \"tags\": [\"pulp:repository:1\", \"pulp:action:delete\"], \"state\": \"waiting\", \"finish_time\": null, \"dependency_failures\": {}, \"schedule_id\": null, \"progress\": {}, \"call_request_group_id\": \"5d96adf7-5132-4005-b96e-4c1fd3b318d6\", \"call_request_id\": \"78fdad71-1a7c-41b0-b5e4-654890eebf67\", \"principal_login\": \"admin\", \"response\": \"postponed\", \"result\": null}]"
    http_version: 
  recorded_at: Fri, 05 Jul 2013 18:39:33 GMT
recorded_with: VCR 2.5.0
