--- 
http_interactions: 
- request: 
    method: post
    uri: https://localhost.localdomain/pulp/api/v2/content/units/rpm/search/
    body: 
      encoding: US-ASCII
      string: "{\"criteria\":{\"filters\":{\"_id\":{\"$in\":[\"055420be-3823-42e6-b07b-bf7ec975bc89\"]}}},\"include_repos\":true}"
    headers: 
      Accept: 
      - application/json
      Accept-Encoding: 
      - gzip, deflate
      Content-Type: 
      - application/json
      Authorization: 
      - OAuth oauth_body_hash="2jmj7l5rSw0yVb%2FvlWAYkK%2FYBwk%3D", oauth_consumer_key="katello", oauth_nonce="8TefvXe4PaJiXfuQqJkCbOOAvRTR0AxN3VgGBSOHkow", oauth_signature="H48achHmcnoq9LCT%2FKcGM%2BzWVPk%3D", oauth_signature_method="HMAC-SHA1", oauth_timestamp="1373049578", oauth_version="1.0"
      Pulp-User: 
      - admin
      Content-Length: 
      - "102"
      User-Agent: 
      - Ruby
  response: 
    status: 
      code: 200
      message: OK
    headers: 
      Date: 
      - Fri, 05 Jul 2013 18:39:38 GMT
      Server: 
      - Apache/2.4.4 (Fedora) OpenSSL/1.0.1c-fips PHP/5.4.9 mod_wsgi/3.4 Python/2.7.3 mod_perl/2.0.7 Perl/v5.16.3
      Content-Length: 
      - "2565"
      Content-Type: 
      - application/json
    body: 
      encoding: US-ASCII
      string: "[{\"buildhost\": \"dhcp-26-118.brq.redhat.com\", \"_content_type_id\": \"rpm\", \"vendor\": \"\", \"filename\": \"squirrel-0.3-0.8.noarch.rpm\", \"epoch\": \"0\", \"version\": \"0.3\", \"provides\": [[\"squirrel\", \"EQ\", [\"0\", \"0.3\", \"0.8\"]]], \"files\": {\"file\": [\"//squirrel.txt\"]}, \"repodata\": {\"filelists\": \"\\n<package pkgid=\\\"251768bdd15f13d78487c27638aa6aecd01551e253756093cde1c0ae878a17d2\\\" name=\\\"squirrel\\\" arch=\\\"noarch\\\">\\n    <version epoch=\\\"0\\\" ver=\\\"0.3\\\" rel=\\\"0.8\\\"/>\\n\\n    <file>//squirrel.txt</file>\\n</package>\\n\", \"other\": \"\\n<package pkgid=\\\"251768bdd15f13d78487c27638aa6aecd01551e253756093cde1c0ae878a17d2\\\" name=\\\"squirrel\\\" arch=\\\"noarch\\\">\\n    <version epoch=\\\"0\\\" ver=\\\"0.3\\\" rel=\\\"0.8\\\"/>\\n\\n</package>\\n\", \"primary\": \"\\n<package type=\\\"rpm\\\">\\n  <name>squirrel</name>\\n  <arch>noarch</arch>\\n  <version epoch=\\\"0\\\" ver=\\\"0.3\\\" rel=\\\"0.8\\\"/>\\n  <checksum type=\\\"sha256\\\" pkgid=\\\"YES\\\">251768bdd15f13d78487c27638aa6aecd01551e253756093cde1c0ae878a17d2</checksum>\\n  <summary>A dummy package of squirrel</summary>\\n  <description>A dummy package of squirrel</description>\\n  <packager></packager>\\n  <url>http://tstrachota.fedorapeople.org</url>\\n  <time file=\\\"1321891029\\\" build=\\\"1308257502\\\"/>\\n  <size package=\\\"2248\\\" installed=\\\"42\\\" archive=\\\"296\\\"/>\\n<location href=\\\"squirrel-0.3-0.8.noarch.rpm\\\"/>\\n  <format>\\n    <rpm:license>GPLv2</rpm:license>\\n    <rpm:vendor/>\\n    <rpm:group>Internet/Applications</rpm:group>\\n    <rpm:buildhost>dhcp-26-118.brq.redhat.com</rpm:buildhost>\\n    <rpm:sourcerpm>squirrel-0.3-0.8.src.rpm</rpm:sourcerpm>\\n    <rpm:header-range start=\\\"280\\\" end=\\\"2028\\\"/>\\n    <rpm:provides>\\n      <rpm:entry name=\\\"squirrel\\\" flags=\\\"EQ\\\" epoch=\\\"0\\\" ver=\\\"0.3\\\" rel=\\\"0.8\\\"/>\\n    </rpm:provides>\\n    <rpm:requires>\\n      <rpm:entry name=\\\"/bin/sh\\\" pre=\\\"1\\\"/>\\n    </rpm:requires>\\n  </format>\\n</package>\"}, \"description\": \"A dummy package of squirrel\", \"arch\": \"noarch\", \"name\": \"squirrel\", \"_storage_path\": \"/var/lib/pulp/content/rpm/.//squirrel/0.3/0.8/noarch/251768bdd15f13d78487c27638aa6aecd01551e253756093cde1c0ae878a17d2/squirrel-0.3-0.8.noarch.rpm\", \"checksumtype\": \"sha256\", \"license\": \"GPLv2\", \"changelog\": [], \"checksum\": \"251768bdd15f13d78487c27638aa6aecd01551e253756093cde1c0ae878a17d2\", \"filelist\": [\"//squirrel.txt\"], \"relativepath\": \"squirrel-0.3-0.8.noarch.rpm\", \"release\": \"0.8\", \"_id\": \"055420be-3823-42e6-b07b-bf7ec975bc89\", \"requires\": [[\"/bin/sh\", null, [null, null, null]]], \"_href\": \"/pulp/api/v2/content/units/rpm/055420be-3823-42e6-b07b-bf7ec975bc89/\", \"children\": {}, \"repository_memberships\": [\"1\"]}]"
    http_version: 
  recorded_at: Fri, 05 Jul 2013 18:39:38 GMT
- request: 
    method: post
    uri: https://localhost.localdomain/pulp/api/v2/content/units/rpm/search/
    body: 
      encoding: US-ASCII
      string: "{\"criteria\":{\"filters\":{\"_id\":{\"$in\":[\"055420be-3823-42e6-b07b-bf7ec975bc89\"]}}},\"include_repos\":true}"
    headers: 
      Accept: 
      - application/json
      Accept-Encoding: 
      - gzip, deflate
      Content-Type: 
      - application/json
      Authorization: 
      - OAuth oauth_body_hash="2jmj7l5rSw0yVb%2FvlWAYkK%2FYBwk%3D", oauth_consumer_key="katello", oauth_nonce="nRdpvdsOWwawZQLUYDEk49k7RmClfmq9j6kNC0s4", oauth_signature="n32amWL3Z5zWraYifHpTn7Hf3X4%3D", oauth_signature_method="HMAC-SHA1", oauth_timestamp="1373049578", oauth_version="1.0"
      Pulp-User: 
      - admin
      Content-Length: 
      - "102"
      User-Agent: 
      - Ruby
  response: 
    status: 
      code: 200
      message: OK
    headers: 
      Date: 
      - Fri, 05 Jul 2013 18:39:38 GMT
      Server: 
      - Apache/2.4.4 (Fedora) OpenSSL/1.0.1c-fips PHP/5.4.9 mod_wsgi/3.4 Python/2.7.3 mod_perl/2.0.7 Perl/v5.16.3
      Content-Length: 
      - "2565"
      Content-Type: 
      - application/json
    body: 
      encoding: US-ASCII
      string: "[{\"buildhost\": \"dhcp-26-118.brq.redhat.com\", \"_content_type_id\": \"rpm\", \"vendor\": \"\", \"filename\": \"squirrel-0.3-0.8.noarch.rpm\", \"epoch\": \"0\", \"version\": \"0.3\", \"provides\": [[\"squirrel\", \"EQ\", [\"0\", \"0.3\", \"0.8\"]]], \"files\": {\"file\": [\"//squirrel.txt\"]}, \"repodata\": {\"filelists\": \"\\n<package pkgid=\\\"251768bdd15f13d78487c27638aa6aecd01551e253756093cde1c0ae878a17d2\\\" name=\\\"squirrel\\\" arch=\\\"noarch\\\">\\n    <version epoch=\\\"0\\\" ver=\\\"0.3\\\" rel=\\\"0.8\\\"/>\\n\\n    <file>//squirrel.txt</file>\\n</package>\\n\", \"other\": \"\\n<package pkgid=\\\"251768bdd15f13d78487c27638aa6aecd01551e253756093cde1c0ae878a17d2\\\" name=\\\"squirrel\\\" arch=\\\"noarch\\\">\\n    <version epoch=\\\"0\\\" ver=\\\"0.3\\\" rel=\\\"0.8\\\"/>\\n\\n</package>\\n\", \"primary\": \"\\n<package type=\\\"rpm\\\">\\n  <name>squirrel</name>\\n  <arch>noarch</arch>\\n  <version epoch=\\\"0\\\" ver=\\\"0.3\\\" rel=\\\"0.8\\\"/>\\n  <checksum type=\\\"sha256\\\" pkgid=\\\"YES\\\">251768bdd15f13d78487c27638aa6aecd01551e253756093cde1c0ae878a17d2</checksum>\\n  <summary>A dummy package of squirrel</summary>\\n  <description>A dummy package of squirrel</description>\\n  <packager></packager>\\n  <url>http://tstrachota.fedorapeople.org</url>\\n  <time file=\\\"1321891029\\\" build=\\\"1308257502\\\"/>\\n  <size package=\\\"2248\\\" installed=\\\"42\\\" archive=\\\"296\\\"/>\\n<location href=\\\"squirrel-0.3-0.8.noarch.rpm\\\"/>\\n  <format>\\n    <rpm:license>GPLv2</rpm:license>\\n    <rpm:vendor/>\\n    <rpm:group>Internet/Applications</rpm:group>\\n    <rpm:buildhost>dhcp-26-118.brq.redhat.com</rpm:buildhost>\\n    <rpm:sourcerpm>squirrel-0.3-0.8.src.rpm</rpm:sourcerpm>\\n    <rpm:header-range start=\\\"280\\\" end=\\\"2028\\\"/>\\n    <rpm:provides>\\n      <rpm:entry name=\\\"squirrel\\\" flags=\\\"EQ\\\" epoch=\\\"0\\\" ver=\\\"0.3\\\" rel=\\\"0.8\\\"/>\\n    </rpm:provides>\\n    <rpm:requires>\\n      <rpm:entry name=\\\"/bin/sh\\\" pre=\\\"1\\\"/>\\n    </rpm:requires>\\n  </format>\\n</package>\"}, \"description\": \"A dummy package of squirrel\", \"arch\": \"noarch\", \"name\": \"squirrel\", \"_storage_path\": \"/var/lib/pulp/content/rpm/.//squirrel/0.3/0.8/noarch/251768bdd15f13d78487c27638aa6aecd01551e253756093cde1c0ae878a17d2/squirrel-0.3-0.8.noarch.rpm\", \"checksumtype\": \"sha256\", \"license\": \"GPLv2\", \"changelog\": [], \"checksum\": \"251768bdd15f13d78487c27638aa6aecd01551e253756093cde1c0ae878a17d2\", \"filelist\": [\"//squirrel.txt\"], \"relativepath\": \"squirrel-0.3-0.8.noarch.rpm\", \"release\": \"0.8\", \"_id\": \"055420be-3823-42e6-b07b-bf7ec975bc89\", \"requires\": [[\"/bin/sh\", null, [null, null, null]]], \"_href\": \"/pulp/api/v2/content/units/rpm/055420be-3823-42e6-b07b-bf7ec975bc89/\", \"children\": {}, \"repository_memberships\": [\"1\"]}]"
    http_version: 
  recorded_at: Fri, 05 Jul 2013 18:39:38 GMT
- request: 
    method: post
    uri: https://localhost.localdomain/pulp/api/v2/repositories/
    body: 
      encoding: US-ASCII
      string: "{\"id\":\"1\",\"display_name\":\"Fedora 17 x86_64\",\"importer_type_id\":\"yum_importer\",\"importer_config\":{\"ssl_ca_cert\":null,\"ssl_client_cert\":null,\"ssl_client_key\":null,\"feed_url\":\"file:///home/ehelms/workspace/katello/test/fixtures/zoo5\"},\"distributors\":[{\"distributor_type\":\"yum_distributor\",\"distributor_config\":{\"relative_url\":\"/test_path/\",\"http\":false,\"https\":true,\"protected\":true},\"auto_publish\":true,\"distributor_id\":\"1\"}]}"
    headers: 
      Accept: 
      - application/json
      Accept-Encoding: 
      - gzip, deflate
      Content-Type: 
      - application/json
      Authorization: 
      - OAuth oauth_body_hash="2jmj7l5rSw0yVb%2FvlWAYkK%2FYBwk%3D", oauth_consumer_key="katello", oauth_nonce="FMBoYprTucHAQFjOGNxzOE732CRllnFweOAyHypSg", oauth_signature="GXlJz71nOr%2BrVKAg7qAj1cP1XRA%3D", oauth_signature_method="HMAC-SHA1", oauth_timestamp="1373049578", oauth_version="1.0"
      Pulp-User: 
      - admin
      Content-Length: 
      - "424"
      User-Agent: 
      - Ruby
  response: 
    status: 
      code: 201
      message: Created
    headers: 
      Date: 
      - Fri, 05 Jul 2013 18:39:38 GMT
      Server: 
      - Apache/2.4.4 (Fedora) OpenSSL/1.0.1c-fips PHP/5.4.9 mod_wsgi/3.4 Python/2.7.3 mod_perl/2.0.7 Perl/v5.16.3
      Location: 
      - "1"
      Content-Length: 
      - "228"
      Content-Type: 
      - application/json
    body: 
      encoding: US-ASCII
      string: "{\"scratchpad\": {}, \"display_name\": \"Fedora 17 x86_64\", \"description\": null, \"_ns\": \"repos\", \"notes\": {}, \"content_unit_counts\": {}, \"_id\": {\"$oid\": \"51d712ebe138232bc589a12d\"}, \"id\": \"1\", \"_href\": \"/pulp/api/v2/repositories/1/\"}"
    http_version: 
  recorded_at: Fri, 05 Jul 2013 18:39:39 GMT
- request: 
    method: post
    uri: https://localhost.localdomain/pulp/api/v2/repositories/1/actions/sync/
    body: 
      encoding: US-ASCII
      string: "{\"override_config\":{\"num_threads\":4}}"
    headers: 
      Accept: 
      - application/json
      Accept-Encoding: 
      - gzip, deflate
      Content-Type: 
      - application/json
      Authorization: 
      - OAuth oauth_body_hash="2jmj7l5rSw0yVb%2FvlWAYkK%2FYBwk%3D", oauth_consumer_key="katello", oauth_nonce="HypnW9WDr33EnCiqEidV4qTsMDc0B0QkV0eJhf5bCk", oauth_signature="4Ue8XI%2FyKFG09z201Yp780B1MS0%3D", oauth_signature_method="HMAC-SHA1", oauth_timestamp="1373049579", oauth_version="1.0"
      Pulp-User: 
      - admin
      Content-Length: 
      - "37"
      User-Agent: 
      - Ruby
  response: 
    status: 
      code: 202
      message: Accepted
    headers: 
      Date: 
      - Fri, 05 Jul 2013 18:39:39 GMT
      Server: 
      - Apache/2.4.4 (Fedora) OpenSSL/1.0.1c-fips PHP/5.4.9 mod_wsgi/3.4 Python/2.7.3 mod_perl/2.0.7 Perl/v5.16.3
      Content-Encoding: 
      - utf-8
      Content-Length: 
      - "1402"
      Content-Type: 
      - application/json
    body: 
      encoding: US-ASCII
      string: "[{\"task_group_id\": \"5139349a-9061-4148-a6e7-d8b188295720\", \"exception\": null, \"traceback\": null, \"_href\": \"/pulp/api/v2/task_groups/5139349a-9061-4148-a6e7-d8b188295720/\", \"task_id\": \"5f5c7d32-5f89-46fc-94fe-ca3263e02cdd\", \"call_request_tags\": [\"pulp:repository:1\", \"pulp:action:sync\"], \"reasons\": [], \"start_time\": null, \"tags\": [\"pulp:repository:1\", \"pulp:action:sync\"], \"state\": \"waiting\", \"finish_time\": null, \"dependency_failures\": {}, \"schedule_id\": null, \"progress\": {}, \"call_request_group_id\": \"5139349a-9061-4148-a6e7-d8b188295720\", \"call_request_id\": \"5f5c7d32-5f89-46fc-94fe-ca3263e02cdd\", \"principal_login\": \"admin\", \"response\": \"accepted\", \"result\": null}, {\"task_group_id\": \"5139349a-9061-4148-a6e7-d8b188295720\", \"exception\": null, \"traceback\": null, \"_href\": \"/pulp/api/v2/task_groups/5139349a-9061-4148-a6e7-d8b188295720/\", \"task_id\": \"b531a4aa-0a41-4907-9736-b4c3c2753d43\", \"call_request_tags\": [\"pulp:repository:1\", \"pulp:action:auto_publish\", \"pulp:action:publish\"], \"reasons\": [], \"start_time\": null, \"tags\": [\"pulp:repository:1\", \"pulp:action:auto_publish\", \"pulp:action:publish\"], \"state\": \"waiting\", \"finish_time\": null, \"dependency_failures\": {}, \"schedule_id\": null, \"progress\": {}, \"call_request_group_id\": \"5139349a-9061-4148-a6e7-d8b188295720\", \"call_request_id\": \"b531a4aa-0a41-4907-9736-b4c3c2753d43\", \"principal_login\": \"admin\", \"response\": \"accepted\", \"result\": null}]"
    http_version: 
  recorded_at: Fri, 05 Jul 2013 18:39:39 GMT
- request: 
    method: post
    uri: https://localhost.localdomain/pulp/api/v2/repositories/1/search/units/
    body: 
      encoding: US-ASCII
      string: "{\"criteria\":{\"type_ids\":[\"rpm\"],\"fields\":{\"unit\":[],\"association\":[\"unit_id\"]},\"limit\":500,\"skip\":0}}"
    headers: 
      Accept: 
      - application/json
      Accept-Encoding: 
      - gzip, deflate
      Content-Type: 
      - application/json
      Authorization: 
      - OAuth oauth_body_hash="2jmj7l5rSw0yVb%2FvlWAYkK%2FYBwk%3D", oauth_consumer_key="katello", oauth_nonce="ugZTIcPg0KDDGwdlsqnNDBZVcyY4avoWJqlBetnY5Q", oauth_signature="LUTHMHBr9M%2FCQGcmFNH3ISXKISs%3D", oauth_signature_method="HMAC-SHA1", oauth_timestamp="1373049582", oauth_version="1.0"
      Pulp-User: 
      - admin
      Content-Length: 
      - "101"
      User-Agent: 
      - Ruby
  response: 
    status: 
      code: 200
      message: OK
    headers: 
      Date: 
      - Fri, 05 Jul 2013 18:39:42 GMT
      Server: 
      - Apache/2.4.4 (Fedora) OpenSSL/1.0.1c-fips PHP/5.4.9 mod_wsgi/3.4 Python/2.7.3 mod_perl/2.0.7 Perl/v5.16.3
      Content-Length: 
      - "1456"
      Content-Type: 
      - application/json
    body: 
      encoding: US-ASCII
      string: "[{\"_id\": {\"$oid\": \"51d712ece138232bc589a146\"}, \"unit_id\": \"68ecc82d-76a0-42cb-807b-56c1ec4daeaf\", \"unit_type_id\": \"rpm\", \"metadata\": {\"_id\": \"68ecc82d-76a0-42cb-807b-56c1ec4daeaf\"}}, {\"_id\": {\"$oid\": \"51d712ece138232bc589a143\"}, \"unit_id\": \"07c73d67-749a-4efc-87e3-a4a6600fbd81\", \"unit_type_id\": \"rpm\", \"metadata\": {\"_id\": \"07c73d67-749a-4efc-87e3-a4a6600fbd81\"}}, {\"_id\": {\"$oid\": \"51d712ece138232bc589a14b\"}, \"unit_id\": \"44eaad20-d4bf-45e7-8bfa-0888df407810\", \"unit_type_id\": \"rpm\", \"metadata\": {\"_id\": \"44eaad20-d4bf-45e7-8bfa-0888df407810\"}}, {\"_id\": {\"$oid\": \"51d712ece138232bc589a14a\"}, \"unit_id\": \"929c820d-fe9d-4db2-8529-f4ef503ec16a\", \"unit_type_id\": \"rpm\", \"metadata\": {\"_id\": \"929c820d-fe9d-4db2-8529-f4ef503ec16a\"}}, {\"_id\": {\"$oid\": \"51d712ece138232bc589a149\"}, \"unit_id\": \"2a3ddee3-f2a6-49e6-94d3-d806cb5e4af8\", \"unit_type_id\": \"rpm\", \"metadata\": {\"_id\": \"2a3ddee3-f2a6-49e6-94d3-d806cb5e4af8\"}}, {\"_id\": {\"$oid\": \"51d712ece138232bc589a145\"}, \"unit_id\": \"aeb2d6e4-8714-4222-8193-ea7aa3dd977a\", \"unit_type_id\": \"rpm\", \"metadata\": {\"_id\": \"aeb2d6e4-8714-4222-8193-ea7aa3dd977a\"}}, {\"_id\": {\"$oid\": \"51d712ece138232bc589a148\"}, \"unit_id\": \"055420be-3823-42e6-b07b-bf7ec975bc89\", \"unit_type_id\": \"rpm\", \"metadata\": {\"_id\": \"055420be-3823-42e6-b07b-bf7ec975bc89\"}}, {\"_id\": {\"$oid\": \"51d712ece138232bc589a147\"}, \"unit_id\": \"cf641f93-975e-4e5a-ace6-3eef512434fa\", \"unit_type_id\": \"rpm\", \"metadata\": {\"_id\": \"cf641f93-975e-4e5a-ace6-3eef512434fa\"}}]"
    http_version: 
  recorded_at: Fri, 05 Jul 2013 18:39:43 GMT
- request: 
    method: post
    uri: https://localhost.localdomain/pulp/api/v2/content/units/rpm/search/
    body: 
      encoding: US-ASCII
      string: "{\"criteria\":{\"filters\":{\"_id\":{\"$in\":[\"68ecc82d-76a0-42cb-807b-56c1ec4daeaf\",\"07c73d67-749a-4efc-87e3-a4a6600fbd81\",\"44eaad20-d4bf-45e7-8bfa-0888df407810\",\"929c820d-fe9d-4db2-8529-f4ef503ec16a\",\"2a3ddee3-f2a6-49e6-94d3-d806cb5e4af8\",\"aeb2d6e4-8714-4222-8193-ea7aa3dd977a\",\"055420be-3823-42e6-b07b-bf7ec975bc89\",\"cf641f93-975e-4e5a-ace6-3eef512434fa\"]}},\"fields\":[\"name\",\"version\",\"release\",\"arch\",\"suffix\",\"epoch\",\"download_url\",\"checksum\",\"checksumtype\",\"license\",\"group\",\"children\",\"vendor\",\"filename\",\"relativepath\",\"description\",\"size\",\"buildhost\",\"_id\",\"_content_type_id\",\"_href\",\"_storage_path\",\"_type\"]},\"include_repos\":true}"
    headers: 
      Accept: 
      - application/json
      Accept-Encoding: 
      - gzip, deflate
      Content-Type: 
      - application/json
      Authorization: 
      - OAuth oauth_body_hash="2jmj7l5rSw0yVb%2FvlWAYkK%2FYBwk%3D", oauth_consumer_key="katello", oauth_nonce="OUiWtxGjjhqJBehgVt3X1BLboxbMSZxk7fI1sUfOZFM", oauth_signature="QTI%2FLi71bsC1Xp7S6CP77Ii0y2s%3D", oauth_signature_method="HMAC-SHA1", oauth_timestamp="1373049583", oauth_version="1.0"
      Pulp-User: 
      - admin
      Content-Length: 
      - "632"
      User-Agent: 
      - Ruby
  response: 
    status: 
      code: 200
      message: OK
    headers: 
      Date: 
      - Fri, 05 Jul 2013 18:39:43 GMT
      Server: 
      - Apache/2.4.4 (Fedora) OpenSSL/1.0.1c-fips PHP/5.4.9 mod_wsgi/3.4 Python/2.7.3 mod_perl/2.0.7 Perl/v5.16.3
      Content-Length: 
      - "6166"
      Content-Type: 
      - application/json
    body: 
      encoding: US-ASCII
      string: "[{\"_storage_path\": \"/var/lib/pulp/content/rpm/.//squirrel/0.3/0.8/noarch/251768bdd15f13d78487c27638aa6aecd01551e253756093cde1c0ae878a17d2/squirrel-0.3-0.8.noarch.rpm\", \"vendor\": \"\", \"checksumtype\": \"sha256\", \"license\": \"GPLv2\", \"checksum\": \"251768bdd15f13d78487c27638aa6aecd01551e253756093cde1c0ae878a17d2\", \"filename\": \"squirrel-0.3-0.8.noarch.rpm\", \"buildhost\": \"dhcp-26-118.brq.redhat.com\", \"epoch\": \"0\", \"version\": \"0.3\", \"relativepath\": \"squirrel-0.3-0.8.noarch.rpm\", \"_content_type_id\": \"rpm\", \"release\": \"0.8\", \"_id\": \"055420be-3823-42e6-b07b-bf7ec975bc89\", \"arch\": \"noarch\", \"name\": \"squirrel\", \"description\": \"A dummy package of squirrel\", \"_href\": \"/pulp/api/v2/content/units/rpm/055420be-3823-42e6-b07b-bf7ec975bc89/\", \"children\": {}, \"repository_memberships\": [\"1\"]}, {\"_storage_path\": \"/var/lib/pulp/content/rpm/.//elephant/0.3/0.8/noarch/3e1c70cd1b421328acaf6397cb3d16145306bb95f65d1b095fc31372a0a701f3/elephant-0.3-0.8.noarch.rpm\", \"vendor\": \"\", \"checksumtype\": \"sha256\", \"license\": \"GPLv2\", \"checksum\": \"3e1c70cd1b421328acaf6397cb3d16145306bb95f65d1b095fc31372a0a701f3\", \"filename\": \"elephant-0.3-0.8.noarch.rpm\", \"buildhost\": \"dhcp-26-118.brq.redhat.com\", \"epoch\": \"0\", \"version\": \"0.3\", \"relativepath\": \"elephant-0.3-0.8.noarch.rpm\", \"_content_type_id\": \"rpm\", \"release\": \"0.8\", \"_id\": \"07c73d67-749a-4efc-87e3-a4a6600fbd81\", \"arch\": \"noarch\", \"name\": \"elephant\", \"description\": \"A dummy package of elephant\", \"_href\": \"/pulp/api/v2/content/units/rpm/07c73d67-749a-4efc-87e3-a4a6600fbd81/\", \"children\": {}, \"repository_memberships\": [\"1\"]}, {\"_storage_path\": \"/var/lib/pulp/content/rpm/.//monkey/0.3/0.8/noarch/0e8fa50d0128fbabc7ccc5632e3fa25d39b0280169f6166cb8e2c84de8501db1/monkey-0.3-0.8.noarch.rpm\", \"vendor\": \"\", \"checksumtype\": \"sha256\", \"license\": \"GPLv2\", \"checksum\": \"0e8fa50d0128fbabc7ccc5632e3fa25d39b0280169f6166cb8e2c84de8501db1\", \"filename\": \"monkey-0.3-0.8.noarch.rpm\", \"buildhost\": \"dhcp-26-118.brq.redhat.com\", \"epoch\": \"0\", \"version\": \"0.3\", \"relativepath\": \"monkey-0.3-0.8.noarch.rpm\", \"_content_type_id\": \"rpm\", \"release\": \"0.8\", \"_id\": \"2a3ddee3-f2a6-49e6-94d3-d806cb5e4af8\", \"arch\": \"noarch\", \"name\": \"monkey\", \"description\": \"A dummy package of monkey\", \"_href\": \"/pulp/api/v2/content/units/rpm/2a3ddee3-f2a6-49e6-94d3-d806cb5e4af8/\", \"children\": {}, \"repository_memberships\": [\"1\"]}, {\"_storage_path\": \"/var/lib/pulp/content/rpm/.//giraffe/0.3/0.8/noarch/f25d67d1d9da04f12e57ca323247b43891ac46533e355b82de6d1922009f9f14/giraffe-0.3-0.8.noarch.rpm\", \"vendor\": \"\", \"checksumtype\": \"sha256\", \"license\": \"GPLv2\", \"checksum\": \"f25d67d1d9da04f12e57ca323247b43891ac46533e355b82de6d1922009f9f14\", \"filename\": \"giraffe-0.3-0.8.noarch.rpm\", \"buildhost\": \"dhcp-26-118.brq.redhat.com\", \"epoch\": \"0\", \"version\": \"0.3\", \"relativepath\": \"giraffe-0.3-0.8.noarch.rpm\", \"_content_type_id\": \"rpm\", \"release\": \"0.8\", \"_id\": \"44eaad20-d4bf-45e7-8bfa-0888df407810\", \"arch\": \"noarch\", \"name\": \"giraffe\", \"description\": \"A dummy package of giraffe\", \"_href\": \"/pulp/api/v2/content/units/rpm/44eaad20-d4bf-45e7-8bfa-0888df407810/\", \"children\": {}, \"repository_memberships\": [\"1\"]}, {\"_storage_path\": \"/var/lib/pulp/content/rpm/.//cheetah/0.3/0.8/noarch/422d0baa0cd9d7713ae796e886a23e17f578f924f74880debdbb7d65fb368dae/cheetah-0.3-0.8.noarch.rpm\", \"vendor\": \"\", \"checksumtype\": \"sha256\", \"license\": \"GPLv2\", \"checksum\": \"422d0baa0cd9d7713ae796e886a23e17f578f924f74880debdbb7d65fb368dae\", \"filename\": \"cheetah-0.3-0.8.noarch.rpm\", \"buildhost\": \"dhcp-26-118.brq.redhat.com\", \"epoch\": \"0\", \"version\": \"0.3\", \"relativepath\": \"cheetah-0.3-0.8.noarch.rpm\", \"_content_type_id\": \"rpm\", \"release\": \"0.8\", \"_id\": \"68ecc82d-76a0-42cb-807b-56c1ec4daeaf\", \"arch\": \"noarch\", \"name\": \"cheetah\", \"description\": \"A dummy package of cheetah\", \"_href\": \"/pulp/api/v2/content/units/rpm/68ecc82d-76a0-42cb-807b-56c1ec4daeaf/\", \"children\": {}, \"repository_memberships\": [\"1\"]}, {\"_storage_path\": \"/var/lib/pulp/content/rpm/.//lion/0.3/0.8/noarch/12400dc95c23a4c160725a908716cd3fcdd7a8981585437ab64cd62efa3e4ae4/lion-0.3-0.8.noarch.rpm\", \"vendor\": \"\", \"checksumtype\": \"sha256\", \"license\": \"GPLv2\", \"checksum\": \"12400dc95c23a4c160725a908716cd3fcdd7a8981585437ab64cd62efa3e4ae4\", \"filename\": \"lion-0.3-0.8.noarch.rpm\", \"buildhost\": \"dhcp-26-118.brq.redhat.com\", \"epoch\": \"0\", \"version\": \"0.3\", \"relativepath\": \"lion-0.3-0.8.noarch.rpm\", \"_content_type_id\": \"rpm\", \"release\": \"0.8\", \"_id\": \"929c820d-fe9d-4db2-8529-f4ef503ec16a\", \"arch\": \"noarch\", \"name\": \"lion\", \"description\": \"A dummy package of lion\", \"_href\": \"/pulp/api/v2/content/units/rpm/929c820d-fe9d-4db2-8529-f4ef503ec16a/\", \"children\": {}, \"repository_memberships\": [\"1\"]}, {\"_storage_path\": \"/var/lib/pulp/content/rpm/.//penguin/0.3/0.8/noarch/3fcb2c927de9e13bf68469032a28b139d3e5ad2e58564fc210fd6e48635be694/penguin-0.3-0.8.noarch.rpm\", \"vendor\": \"\", \"checksumtype\": \"sha256\", \"license\": \"GPLv2\", \"checksum\": \"3fcb2c927de9e13bf68469032a28b139d3e5ad2e58564fc210fd6e48635be694\", \"filename\": \"penguin-0.3-0.8.noarch.rpm\", \"buildhost\": \"dhcp-26-118.brq.redhat.com\", \"epoch\": \"0\", \"version\": \"0.3\", \"relativepath\": \"penguin-0.3-0.8.noarch.rpm\", \"_content_type_id\": \"rpm\", \"release\": \"0.8\", \"_id\": \"aeb2d6e4-8714-4222-8193-ea7aa3dd977a\", \"arch\": \"noarch\", \"name\": \"penguin\", \"description\": \"A dummy package of penguin\", \"_href\": \"/pulp/api/v2/content/units/rpm/aeb2d6e4-8714-4222-8193-ea7aa3dd977a/\", \"children\": {}, \"repository_memberships\": [\"1\"]}, {\"_storage_path\": \"/var/lib/pulp/content/rpm/.//walrus/0.3/0.8/noarch/6e8d6dc057e3e2c9819f0dc7e6c7b7f86bf2e8571bba414adec7fb621a461dfd/walrus-0.3-0.8.noarch.rpm\", \"vendor\": \"\", \"checksumtype\": \"sha256\", \"license\": \"GPLv2\", \"checksum\": \"6e8d6dc057e3e2c9819f0dc7e6c7b7f86bf2e8571bba414adec7fb621a461dfd\", \"filename\": \"walrus-0.3-0.8.noarch.rpm\", \"buildhost\": \"dhcp-26-118.brq.redhat.com\", \"epoch\": \"0\", \"version\": \"0.3\", \"relativepath\": \"walrus-0.3-0.8.noarch.rpm\", \"_content_type_id\": \"rpm\", \"release\": \"0.8\", \"_id\": \"cf641f93-975e-4e5a-ace6-3eef512434fa\", \"arch\": \"noarch\", \"name\": \"walrus\", \"description\": \"A dummy package of walrus\", \"_href\": \"/pulp/api/v2/content/units/rpm/cf641f93-975e-4e5a-ace6-3eef512434fa/\", \"children\": {}, \"repository_memberships\": [\"1\"]}]"
    http_version: 
  recorded_at: Fri, 05 Jul 2013 18:39:43 GMT
- request: 
    method: delete
    uri: https://localhost.localdomain/pulp/api/v2/repositories/1/
    body: 
      encoding: US-ASCII
      string: ""
    headers: 
      Accept: 
      - application/json
      Accept-Encoding: 
      - gzip, deflate
      Content-Type: 
      - application/json
      Authorization: 
      - OAuth oauth_consumer_key="katello", oauth_nonce="C3TgBDxcXUXpKqJAvZNJvwwbwlrnU3XeSuz8G9Hz8", oauth_signature="lPs0dn%2FYmxHGLwoz%2FKV%2BZQdtouM%3D", oauth_signature_method="HMAC-SHA1", oauth_timestamp="1373049583", oauth_version="1.0"
      Pulp-User: 
      - admin
      User-Agent: 
      - Ruby
  response: 
    status: 
      code: 202
      message: Accepted
    headers: 
      Date: 
      - Fri, 05 Jul 2013 18:39:43 GMT
      Server: 
      - Apache/2.4.4 (Fedora) OpenSSL/1.0.1c-fips PHP/5.4.9 mod_wsgi/3.4 Python/2.7.3 mod_perl/2.0.7 Perl/v5.16.3
      Content-Encoding: 
      - utf-8
      Content-Length: 
      - "749"
      Content-Type: 
      - application/json
    body: 
      encoding: US-ASCII
      string: "[{\"task_group_id\": \"64ee323d-a512-4b41-9eb9-278b8243091e\", \"exception\": null, \"traceback\": null, \"_href\": \"/pulp/api/v2/task_groups/64ee323d-a512-4b41-9eb9-278b8243091e/\", \"task_id\": \"7e93869b-a75a-4c46-9db3-b3d4e708c3fa\", \"call_request_tags\": [\"pulp:repository:1\", \"pulp:action:delete\"], \"reasons\": [{\"operation\": \"update\", \"resource_type\": \"repository\", \"resource_id\": \"1\"}], \"start_time\": null, \"tags\": [\"pulp:repository:1\", \"pulp:action:delete\"], \"state\": \"waiting\", \"finish_time\": null, \"dependency_failures\": {}, \"schedule_id\": null, \"progress\": {}, \"call_request_group_id\": \"64ee323d-a512-4b41-9eb9-278b8243091e\", \"call_request_id\": \"7e93869b-a75a-4c46-9db3-b3d4e708c3fa\", \"principal_login\": \"admin\", \"response\": \"postponed\", \"result\": null}]"
    http_version: 
  recorded_at: Fri, 05 Jul 2013 18:39:43 GMT
recorded_with: VCR 2.5.0
