--- 
http_interactions: 
- request: 
    method: post
    uri: https://localhost.localdomain/pulp/api/v2/repositories/
    body: 
      encoding: US-ASCII
      string: "{\"id\":\"1\",\"display_name\":\"Fedora 17 x86_64\",\"importer_type_id\":\"yum_importer\",\"importer_config\":{\"ssl_ca_cert\":null,\"ssl_client_cert\":null,\"ssl_client_key\":null,\"feed_url\":\"file:///home/ehelms/workspace/katello/test/fixtures/zoo5\"},\"distributors\":[{\"distributor_type\":\"yum_distributor\",\"distributor_config\":{\"relative_url\":\"/test_path/\",\"http\":false,\"https\":true,\"protected\":true},\"auto_publish\":true,\"distributor_id\":\"1\"}]}"
    headers: 
      Accept: 
      - application/json
      Accept-Encoding: 
      - gzip, deflate
      Content-Type: 
      - application/json
      Authorization: 
      - OAuth oauth_body_hash="2jmj7l5rSw0yVb%2FvlWAYkK%2FYBwk%3D", oauth_consumer_key="katello", oauth_nonce="JRmQn4tqFhAx36XzMCD8oWlc0vCeaiRktnoKv2w", oauth_signature="djY3DKr8jvZs9%2BBR7HsJd2T5010%3D", oauth_signature_method="HMAC-SHA1", oauth_timestamp="1373049601", oauth_version="1.0"
      Pulp-User: 
      - admin
      Content-Length: 
      - "424"
      User-Agent: 
      - Ruby
  response: 
    status: 
      code: 201
      message: Created
    headers: 
      Date: 
      - Fri, 05 Jul 2013 18:40:01 GMT
      Server: 
      - Apache/2.4.4 (Fedora) OpenSSL/1.0.1c-fips PHP/5.4.9 mod_wsgi/3.4 Python/2.7.3 mod_perl/2.0.7 Perl/v5.16.3
      Location: 
      - "1"
      Content-Length: 
      - "228"
      Content-Type: 
      - application/json
    body: 
      encoding: US-ASCII
      string: "{\"scratchpad\": {}, \"display_name\": \"Fedora 17 x86_64\", \"description\": null, \"_ns\": \"repos\", \"notes\": {}, \"content_unit_counts\": {}, \"_id\": {\"$oid\": \"51d71301e138232bc589a2eb\"}, \"id\": \"1\", \"_href\": \"/pulp/api/v2/repositories/1/\"}"
    http_version: 
  recorded_at: Fri, 05 Jul 2013 18:40:01 GMT
- request: 
    method: post
    uri: https://localhost.localdomain/pulp/api/v2/repositories/1/actions/sync/
    body: 
      encoding: US-ASCII
      string: "{\"override_config\":{\"num_threads\":4}}"
    headers: 
      Accept: 
      - application/json
      Accept-Encoding: 
      - gzip, deflate
      Content-Type: 
      - application/json
      Authorization: 
      - OAuth oauth_body_hash="2jmj7l5rSw0yVb%2FvlWAYkK%2FYBwk%3D", oauth_consumer_key="katello", oauth_nonce="IPJiSAGkumF2HTh5PtsfeFg6UBevsRCZOd4zmkZ44", oauth_signature="G%2FE8K85uy9FwrE9iGjapF2e02g8%3D", oauth_signature_method="HMAC-SHA1", oauth_timestamp="1373049601", oauth_version="1.0"
      Pulp-User: 
      - admin
      Content-Length: 
      - "37"
      User-Agent: 
      - Ruby
  response: 
    status: 
      code: 202
      message: Accepted
    headers: 
      Date: 
      - Fri, 05 Jul 2013 18:40:01 GMT
      Server: 
      - Apache/2.4.4 (Fedora) OpenSSL/1.0.1c-fips PHP/5.4.9 mod_wsgi/3.4 Python/2.7.3 mod_perl/2.0.7 Perl/v5.16.3
      Content-Encoding: 
      - utf-8
      Content-Length: 
      - "1402"
      Content-Type: 
      - application/json
    body: 
      encoding: US-ASCII
      string: "[{\"task_group_id\": \"9988cfad-edac-42fd-80df-27183735f346\", \"exception\": null, \"traceback\": null, \"_href\": \"/pulp/api/v2/task_groups/9988cfad-edac-42fd-80df-27183735f346/\", \"task_id\": \"0ee0c8a7-aab3-4d19-93e3-0adb88d12d79\", \"call_request_tags\": [\"pulp:repository:1\", \"pulp:action:sync\"], \"reasons\": [], \"start_time\": null, \"tags\": [\"pulp:repository:1\", \"pulp:action:sync\"], \"state\": \"waiting\", \"finish_time\": null, \"dependency_failures\": {}, \"schedule_id\": null, \"progress\": {}, \"call_request_group_id\": \"9988cfad-edac-42fd-80df-27183735f346\", \"call_request_id\": \"0ee0c8a7-aab3-4d19-93e3-0adb88d12d79\", \"principal_login\": \"admin\", \"response\": \"accepted\", \"result\": null}, {\"task_group_id\": \"9988cfad-edac-42fd-80df-27183735f346\", \"exception\": null, \"traceback\": null, \"_href\": \"/pulp/api/v2/task_groups/9988cfad-edac-42fd-80df-27183735f346/\", \"task_id\": \"42bb63e9-3729-4772-b30a-40cd2a56b6bf\", \"call_request_tags\": [\"pulp:repository:1\", \"pulp:action:auto_publish\", \"pulp:action:publish\"], \"reasons\": [], \"start_time\": null, \"tags\": [\"pulp:repository:1\", \"pulp:action:auto_publish\", \"pulp:action:publish\"], \"state\": \"waiting\", \"finish_time\": null, \"dependency_failures\": {}, \"schedule_id\": null, \"progress\": {}, \"call_request_group_id\": \"9988cfad-edac-42fd-80df-27183735f346\", \"call_request_id\": \"42bb63e9-3729-4772-b30a-40cd2a56b6bf\", \"principal_login\": \"admin\", \"response\": \"accepted\", \"result\": null}]"
    http_version: 
  recorded_at: Fri, 05 Jul 2013 18:40:01 GMT
- request: 
    method: post
    uri: https://localhost.localdomain/pulp/api/v2/repositories/
    body: 
      encoding: US-ASCII
      string: "{\"id\":\"acme_corporation_label-staging_label-org_default_label-fedora_label-fedora_17_x86_64_label\",\"display_name\":\"Fedora 17 x86_64\",\"importer_type_id\":\"yum_importer\",\"importer_config\":{},\"distributors\":[{\"distributor_type\":\"yum_distributor\",\"distributor_config\":{\"relative_url\":\"/staging_label/\",\"http\":false,\"https\":true,\"protected\":true},\"auto_publish\":true,\"distributor_id\":\"acme_corporation_label-staging_label-org_default_label-fedora_label-fedora_17_x86_64_label\"}]}"
    headers: 
      Accept: 
      - application/json
      Accept-Encoding: 
      - gzip, deflate
      Content-Type: 
      - application/json
      Authorization: 
      - OAuth oauth_body_hash="2jmj7l5rSw0yVb%2FvlWAYkK%2FYBwk%3D", oauth_consumer_key="katello", oauth_nonce="fozHWyLLJUd6aNqgJKONzoCHorwiDBtDkV3b9gmcGo", oauth_signature="MtMMvy%2B1lbAvboUCcU2FLeeFh6s%3D", oauth_signature_method="HMAC-SHA1", oauth_timestamp="1373049604", oauth_version="1.0"
      Pulp-User: 
      - admin
      Content-Length: 
      - "473"
      User-Agent: 
      - Ruby
  response: 
    status: 
      code: 201
      message: Created
    headers: 
      Date: 
      - Fri, 05 Jul 2013 18:40:04 GMT
      Server: 
      - Apache/2.4.4 (Fedora) OpenSSL/1.0.1c-fips PHP/5.4.9 mod_wsgi/3.4 Python/2.7.3 mod_perl/2.0.7 Perl/v5.16.3
      Location: 
      - acme_corporation_label-staging_label-org_default_label-fedora_label-fedora_17_x86_64_label
      Content-Length: 
      - "406"
      Content-Type: 
      - application/json
    body: 
      encoding: US-ASCII
      string: "{\"scratchpad\": {}, \"display_name\": \"Fedora 17 x86_64\", \"description\": null, \"_ns\": \"repos\", \"notes\": {}, \"content_unit_counts\": {}, \"_id\": {\"$oid\": \"51d71306e138232bc589a32b\"}, \"id\": \"acme_corporation_label-staging_label-org_default_label-fedora_label-fedora_17_x86_64_label\", \"_href\": \"/pulp/api/v2/repositories/acme_corporation_label-staging_label-org_default_label-fedora_label-fedora_17_x86_64_label/\"}"
    http_version: 
  recorded_at: Fri, 05 Jul 2013 18:40:06 GMT
- request: 
    method: post
    uri: https://localhost.localdomain/pulp/api/v2/repositories/acme_corporation_label-staging_label-org_default_label-fedora_label-fedora_17_x86_64_label/actions/associate/
    body: 
      encoding: US-ASCII
      string: "{\"source_repo_id\":\"1\",\"criteria\":{\"type_ids\":[\"rpm\"],\"filters\":{},\"fields\":{\"unit\":[\"name\",\"epoch\",\"version\",\"release\",\"arch\",\"checksumtype\",\"checksum\"]}}}"
    headers: 
      Accept: 
      - application/json
      Accept-Encoding: 
      - gzip, deflate
      Content-Type: 
      - application/json
      Authorization: 
      - OAuth oauth_body_hash="2jmj7l5rSw0yVb%2FvlWAYkK%2FYBwk%3D", oauth_consumer_key="katello", oauth_nonce="xMKg9YGroXFa1alRIphfRTqsw3RYKTHYXBP2lUh95U", oauth_signature="ZaZpZFDDHtERRgC2QYIMES5nn6s%3D", oauth_signature_method="HMAC-SHA1", oauth_timestamp="1373049606", oauth_version="1.0"
      Pulp-User: 
      - admin
      Content-Length: 
      - "155"
      User-Agent: 
      - Ruby
  response: 
    status: 
      code: 202
      message: Accepted
    headers: 
      Date: 
      - Fri, 05 Jul 2013 18:40:06 GMT
      Server: 
      - Apache/2.4.4 (Fedora) OpenSSL/1.0.1c-fips PHP/5.4.9 mod_wsgi/3.4 Python/2.7.3 mod_perl/2.0.7 Perl/v5.16.3
      Content-Encoding: 
      - utf-8
      Content-Length: 
      - "824"
      Content-Type: 
      - application/json
    body: 
      encoding: US-ASCII
      string: "{\"task_group_id\": null, \"exception\": null, \"traceback\": null, \"_href\": \"/pulp/api/v2/tasks/3582f890-1f9b-4d7f-bce7-86f65caee5ac/\", \"task_id\": \"3582f890-1f9b-4d7f-bce7-86f65caee5ac\", \"call_request_tags\": [\"pulp:repository:acme_corporation_label-staging_label-org_default_label-fedora_label-fedora_17_x86_64_label\", \"pulp:repository:1\", \"pulp:action:associate\"], \"reasons\": [], \"start_time\": null, \"tags\": [\"pulp:repository:acme_corporation_label-staging_label-org_default_label-fedora_label-fedora_17_x86_64_label\", \"pulp:repository:1\", \"pulp:action:associate\"], \"state\": \"waiting\", \"finish_time\": null, \"dependency_failures\": {}, \"schedule_id\": null, \"progress\": {}, \"call_request_group_id\": null, \"call_request_id\": \"3582f890-1f9b-4d7f-bce7-86f65caee5ac\", \"principal_login\": \"admin\", \"response\": \"accepted\", \"result\": null}"
    http_version: 
  recorded_at: Fri, 05 Jul 2013 18:40:06 GMT
- request: 
    method: post
    uri: https://localhost.localdomain/pulp/api/v2/repositories/acme_corporation_label-staging_label-org_default_label-fedora_label-fedora_17_x86_64_label/actions/associate/
    body: 
      encoding: US-ASCII
      string: "{\"source_repo_id\":\"1\",\"criteria\":{\"type_ids\":[\"distribution\"],\"filters\":{}}}"
    headers: 
      Accept: 
      - application/json
      Accept-Encoding: 
      - gzip, deflate
      Content-Type: 
      - application/json
      Authorization: 
      - OAuth oauth_body_hash="2jmj7l5rSw0yVb%2FvlWAYkK%2FYBwk%3D", oauth_consumer_key="katello", oauth_nonce="6daqdeM62EobHWaEqk3XiMQGwlIjEPVSPj6MvQNcs", oauth_signature="%2FNXCUd0gI2VOx65HTRMxGUqS6%2BE%3D", oauth_signature_method="HMAC-SHA1", oauth_timestamp="1373049606", oauth_version="1.0"
      Pulp-User: 
      - admin
      Content-Length: 
      - "76"
      User-Agent: 
      - Ruby
  response: 
    status: 
      code: 202
      message: Accepted
    headers: 
      Date: 
      - Fri, 05 Jul 2013 18:40:06 GMT
      Server: 
      - Apache/2.4.4 (Fedora) OpenSSL/1.0.1c-fips PHP/5.4.9 mod_wsgi/3.4 Python/2.7.3 mod_perl/2.0.7 Perl/v5.16.3
      Content-Encoding: 
      - utf-8
      Content-Length: 
      - "824"
      Content-Type: 
      - application/json
    body: 
      encoding: US-ASCII
      string: "{\"task_group_id\": null, \"exception\": null, \"traceback\": null, \"_href\": \"/pulp/api/v2/tasks/e5713441-31b4-4683-be18-ea1a550d3417/\", \"task_id\": \"e5713441-31b4-4683-be18-ea1a550d3417\", \"call_request_tags\": [\"pulp:repository:acme_corporation_label-staging_label-org_default_label-fedora_label-fedora_17_x86_64_label\", \"pulp:repository:1\", \"pulp:action:associate\"], \"reasons\": [], \"start_time\": null, \"tags\": [\"pulp:repository:acme_corporation_label-staging_label-org_default_label-fedora_label-fedora_17_x86_64_label\", \"pulp:repository:1\", \"pulp:action:associate\"], \"state\": \"waiting\", \"finish_time\": null, \"dependency_failures\": {}, \"schedule_id\": null, \"progress\": {}, \"call_request_group_id\": null, \"call_request_id\": \"e5713441-31b4-4683-be18-ea1a550d3417\", \"principal_login\": \"admin\", \"response\": \"accepted\", \"result\": null}"
    http_version: 
  recorded_at: Fri, 05 Jul 2013 18:40:06 GMT
- request: 
    method: post
    uri: https://localhost.localdomain/pulp/api/v2/repositories/acme_corporation_label-staging_label-org_default_label-fedora_label-fedora_17_x86_64_label/actions/associate/
    body: 
      encoding: US-ASCII
      string: "{\"source_repo_id\":\"1\",\"criteria\":{\"type_ids\":[\"erratum\"],\"filters\":{}},\"override_config\":{\"copy_children\":false}}"
    headers: 
      Accept: 
      - application/json
      Accept-Encoding: 
      - gzip, deflate
      Content-Type: 
      - application/json
      Authorization: 
      - OAuth oauth_body_hash="2jmj7l5rSw0yVb%2FvlWAYkK%2FYBwk%3D", oauth_consumer_key="katello", oauth_nonce="1pSfoTJzMtqB9cD6v5Me0M84BWCkmCMRJyfCW0mxJk", oauth_signature="FfDMUS9WqcnT865sMuA1tlWZNY0%3D", oauth_signature_method="HMAC-SHA1", oauth_timestamp="1373049606", oauth_version="1.0"
      Pulp-User: 
      - admin
      Content-Length: 
      - "113"
      User-Agent: 
      - Ruby
  response: 
    status: 
      code: 202
      message: Accepted
    headers: 
      Date: 
      - Fri, 05 Jul 2013 18:40:06 GMT
      Server: 
      - Apache/2.4.4 (Fedora) OpenSSL/1.0.1c-fips PHP/5.4.9 mod_wsgi/3.4 Python/2.7.3 mod_perl/2.0.7 Perl/v5.16.3
      Content-Encoding: 
      - utf-8
      Content-Length: 
      - "824"
      Content-Type: 
      - application/json
    body: 
      encoding: US-ASCII
      string: "{\"task_group_id\": null, \"exception\": null, \"traceback\": null, \"_href\": \"/pulp/api/v2/tasks/eb0eca0b-3dd2-450e-b0f7-d15b13803815/\", \"task_id\": \"eb0eca0b-3dd2-450e-b0f7-d15b13803815\", \"call_request_tags\": [\"pulp:repository:acme_corporation_label-staging_label-org_default_label-fedora_label-fedora_17_x86_64_label\", \"pulp:repository:1\", \"pulp:action:associate\"], \"reasons\": [], \"start_time\": null, \"tags\": [\"pulp:repository:acme_corporation_label-staging_label-org_default_label-fedora_label-fedora_17_x86_64_label\", \"pulp:repository:1\", \"pulp:action:associate\"], \"state\": \"waiting\", \"finish_time\": null, \"dependency_failures\": {}, \"schedule_id\": null, \"progress\": {}, \"call_request_group_id\": null, \"call_request_id\": \"eb0eca0b-3dd2-450e-b0f7-d15b13803815\", \"principal_login\": \"admin\", \"response\": \"accepted\", \"result\": null}"
    http_version: 
  recorded_at: Fri, 05 Jul 2013 18:40:06 GMT
- request: 
    method: post
    uri: https://localhost.localdomain/pulp/api/v2/repositories/acme_corporation_label-staging_label-org_default_label-fedora_label-fedora_17_x86_64_label/actions/associate/
    body: 
      encoding: US-ASCII
      string: "{\"source_repo_id\":\"1\",\"criteria\":{\"type_ids\":[\"package_group\"],\"filters\":{}},\"override_config\":{\"copy_children\":false}}"
    headers: 
      Accept: 
      - application/json
      Accept-Encoding: 
      - gzip, deflate
      Content-Type: 
      - application/json
      Authorization: 
      - OAuth oauth_body_hash="2jmj7l5rSw0yVb%2FvlWAYkK%2FYBwk%3D", oauth_consumer_key="katello", oauth_nonce="sqWCfjdpKZ1Fmv3x0Y964ii6NPEv4KYaeJArf3casI", oauth_signature="6fQao4JCc%2FlM4jsgXUeHtRz6EZk%3D", oauth_signature_method="HMAC-SHA1", oauth_timestamp="1373049606", oauth_version="1.0"
      Pulp-User: 
      - admin
      Content-Length: 
      - "119"
      User-Agent: 
      - Ruby
  response: 
    status: 
      code: 202
      message: Accepted
    headers: 
      Date: 
      - Fri, 05 Jul 2013 18:40:06 GMT
      Server: 
      - Apache/2.4.4 (Fedora) OpenSSL/1.0.1c-fips PHP/5.4.9 mod_wsgi/3.4 Python/2.7.3 mod_perl/2.0.7 Perl/v5.16.3
      Content-Encoding: 
      - utf-8
      Content-Length: 
      - "824"
      Content-Type: 
      - application/json
    body: 
      encoding: US-ASCII
      string: "{\"task_group_id\": null, \"exception\": null, \"traceback\": null, \"_href\": \"/pulp/api/v2/tasks/fc45f4a0-0f7f-43fa-8ad8-2bfdbbec5753/\", \"task_id\": \"fc45f4a0-0f7f-43fa-8ad8-2bfdbbec5753\", \"call_request_tags\": [\"pulp:repository:acme_corporation_label-staging_label-org_default_label-fedora_label-fedora_17_x86_64_label\", \"pulp:repository:1\", \"pulp:action:associate\"], \"reasons\": [], \"start_time\": null, \"tags\": [\"pulp:repository:acme_corporation_label-staging_label-org_default_label-fedora_label-fedora_17_x86_64_label\", \"pulp:repository:1\", \"pulp:action:associate\"], \"state\": \"waiting\", \"finish_time\": null, \"dependency_failures\": {}, \"schedule_id\": null, \"progress\": {}, \"call_request_group_id\": null, \"call_request_id\": \"fc45f4a0-0f7f-43fa-8ad8-2bfdbbec5753\", \"principal_login\": \"admin\", \"response\": \"accepted\", \"result\": null}"
    http_version: 
  recorded_at: Fri, 05 Jul 2013 18:40:06 GMT
- request: 
    method: post
    uri: https://localhost.localdomain/pulp/api/v2/repositories/acme_corporation_label-staging_label-org_default_label-fedora_label-fedora_17_x86_64_label/actions/associate/
    body: 
      encoding: US-ASCII
      string: "{\"source_repo_id\":\"1\",\"criteria\":{\"type_ids\":[\"yum_repo_metadata_file\"],\"filters\":{}}}"
    headers: 
      Accept: 
      - application/json
      Accept-Encoding: 
      - gzip, deflate
      Content-Type: 
      - application/json
      Authorization: 
      - OAuth oauth_body_hash="2jmj7l5rSw0yVb%2FvlWAYkK%2FYBwk%3D", oauth_consumer_key="katello", oauth_nonce="j2bjfvhPSXp8K3CteRD7nqbf5BAQWxH05eePKhldf8", oauth_signature="iqar4oDaLMPjT%2BbDlVCug8iyNKM%3D", oauth_signature_method="HMAC-SHA1", oauth_timestamp="1373049606", oauth_version="1.0"
      Pulp-User: 
      - admin
      Content-Length: 
      - "86"
      User-Agent: 
      - Ruby
  response: 
    status: 
      code: 202
      message: Accepted
    headers: 
      Date: 
      - Fri, 05 Jul 2013 18:40:06 GMT
      Server: 
      - Apache/2.4.4 (Fedora) OpenSSL/1.0.1c-fips PHP/5.4.9 mod_wsgi/3.4 Python/2.7.3 mod_perl/2.0.7 Perl/v5.16.3
      Content-Encoding: 
      - utf-8
      Content-Length: 
      - "824"
      Content-Type: 
      - application/json
    body: 
      encoding: US-ASCII
      string: "{\"task_group_id\": null, \"exception\": null, \"traceback\": null, \"_href\": \"/pulp/api/v2/tasks/0d8cf674-9937-4277-bacf-8457fec3f5fb/\", \"task_id\": \"0d8cf674-9937-4277-bacf-8457fec3f5fb\", \"call_request_tags\": [\"pulp:repository:acme_corporation_label-staging_label-org_default_label-fedora_label-fedora_17_x86_64_label\", \"pulp:repository:1\", \"pulp:action:associate\"], \"reasons\": [], \"start_time\": null, \"tags\": [\"pulp:repository:acme_corporation_label-staging_label-org_default_label-fedora_label-fedora_17_x86_64_label\", \"pulp:repository:1\", \"pulp:action:associate\"], \"state\": \"waiting\", \"finish_time\": null, \"dependency_failures\": {}, \"schedule_id\": null, \"progress\": {}, \"call_request_group_id\": null, \"call_request_id\": \"0d8cf674-9937-4277-bacf-8457fec3f5fb\", \"principal_login\": \"admin\", \"response\": \"accepted\", \"result\": null}"
    http_version: 
  recorded_at: Fri, 05 Jul 2013 18:40:06 GMT
- request: 
    method: delete
    uri: https://localhost.localdomain/pulp/api/v2/repositories/acme_corporation_label-staging_label-org_default_label-fedora_label-fedora_17_x86_64_label/
    body: 
      encoding: US-ASCII
      string: ""
    headers: 
      Accept: 
      - application/json
      Accept-Encoding: 
      - gzip, deflate
      Content-Type: 
      - application/json
      Authorization: 
      - OAuth oauth_consumer_key="katello", oauth_nonce="jAooX5fKO9MqYnjO9lrH8AfWtQ8DnUGMVZcuxB30Aw", oauth_signature="2laJh%2BSY1xmek7Tlo4MgCwIxT6Q%3D", oauth_signature_method="HMAC-SHA1", oauth_timestamp="1373049610", oauth_version="1.0"
      Pulp-User: 
      - admin
      User-Agent: 
      - Ruby
  response: 
    status: 
      code: 202
      message: Accepted
    headers: 
      Date: 
      - Fri, 05 Jul 2013 18:40:10 GMT
      Server: 
      - Apache/2.4.4 (Fedora) OpenSSL/1.0.1c-fips PHP/5.4.9 mod_wsgi/3.4 Python/2.7.3 mod_perl/2.0.7 Perl/v5.16.3
      Content-Encoding: 
      - utf-8
      Content-Length: 
      - "852"
      Content-Type: 
      - application/json
    body: 
      encoding: US-ASCII
      string: "[{\"task_group_id\": \"9b6ff45d-4f99-4809-b495-ed1a1d157a03\", \"exception\": null, \"traceback\": null, \"_href\": \"/pulp/api/v2/task_groups/9b6ff45d-4f99-4809-b495-ed1a1d157a03/\", \"task_id\": \"56db9e15-1ed8-403e-bbe1-aafd74427933\", \"call_request_tags\": [\"pulp:repository:acme_corporation_label-staging_label-org_default_label-fedora_label-fedora_17_x86_64_label\", \"pulp:action:delete\"], \"reasons\": [], \"start_time\": null, \"tags\": [\"pulp:repository:acme_corporation_label-staging_label-org_default_label-fedora_label-fedora_17_x86_64_label\", \"pulp:action:delete\"], \"state\": \"waiting\", \"finish_time\": null, \"dependency_failures\": {}, \"schedule_id\": null, \"progress\": {}, \"call_request_group_id\": \"9b6ff45d-4f99-4809-b495-ed1a1d157a03\", \"call_request_id\": \"56db9e15-1ed8-403e-bbe1-aafd74427933\", \"principal_login\": \"admin\", \"response\": \"accepted\", \"result\": null}]"
    http_version: 
  recorded_at: Fri, 05 Jul 2013 18:40:10 GMT
- request: 
    method: post
    uri: https://localhost.localdomain/pulp/api/v2/repositories/
    body: 
      encoding: US-ASCII
      string: "{\"id\":\"acme_corporation_label-staging_label-org_default_label-fedora_label-fedora_17_x86_64_label\",\"display_name\":\"Fedora 17 x86_64\",\"importer_type_id\":\"yum_importer\",\"importer_config\":{},\"distributors\":[{\"distributor_type\":\"yum_distributor\",\"distributor_config\":{\"relative_url\":\"/staging_label/\",\"http\":false,\"https\":true,\"protected\":true},\"auto_publish\":true,\"distributor_id\":\"acme_corporation_label-staging_label-org_default_label-fedora_label-fedora_17_x86_64_label\"}]}"
    headers: 
      Accept: 
      - application/json
      Accept-Encoding: 
      - gzip, deflate
      Content-Type: 
      - application/json
      Authorization: 
      - OAuth oauth_body_hash="2jmj7l5rSw0yVb%2FvlWAYkK%2FYBwk%3D", oauth_consumer_key="katello", oauth_nonce="Y5tiy2FmvfRx5EdALs4tZTItNOBqtnIR6Sf8AJAbsE", oauth_signature="vMdnPB5T87zl3Y%2BimxQzRcjzVxY%3D", oauth_signature_method="HMAC-SHA1", oauth_timestamp="1373049610", oauth_version="1.0"
      Pulp-User: 
      - admin
      Content-Length: 
      - "473"
      User-Agent: 
      - Ruby
  response: 
    status: 
      code: 201
      message: Created
    headers: 
      Date: 
      - Fri, 05 Jul 2013 18:40:10 GMT
      Server: 
      - Apache/2.4.4 (Fedora) OpenSSL/1.0.1c-fips PHP/5.4.9 mod_wsgi/3.4 Python/2.7.3 mod_perl/2.0.7 Perl/v5.16.3
      Location: 
      - acme_corporation_label-staging_label-org_default_label-fedora_label-fedora_17_x86_64_label
      Content-Length: 
      - "406"
      Content-Type: 
      - application/json
    body: 
      encoding: US-ASCII
      string: "{\"scratchpad\": {}, \"display_name\": \"Fedora 17 x86_64\", \"description\": null, \"_ns\": \"repos\", \"notes\": {}, \"content_unit_counts\": {}, \"_id\": {\"$oid\": \"51d7130ae138232bc589a38d\"}, \"id\": \"acme_corporation_label-staging_label-org_default_label-fedora_label-fedora_17_x86_64_label\", \"_href\": \"/pulp/api/v2/repositories/acme_corporation_label-staging_label-org_default_label-fedora_label-fedora_17_x86_64_label/\"}"
    http_version: 
  recorded_at: Fri, 05 Jul 2013 18:40:10 GMT
- request: 
    method: delete
    uri: https://localhost.localdomain/pulp/api/v2/repositories/acme_corporation_label-staging_label-org_default_label-fedora_label-fedora_17_x86_64_label/
    body: 
      encoding: US-ASCII
      string: ""
    headers: 
      Accept: 
      - application/json
      Accept-Encoding: 
      - gzip, deflate
      Content-Type: 
      - application/json
      Authorization: 
      - OAuth oauth_consumer_key="katello", oauth_nonce="BMaYCaD6Osy4CMvrvBbUOyWdxcvnXBXE2W3woFt43E", oauth_signature="%2BSALOMerfnVGbro8MwwJqsdm3cs%3D", oauth_signature_method="HMAC-SHA1", oauth_timestamp="1373049610", oauth_version="1.0"
      Pulp-User: 
      - admin
      User-Agent: 
      - Ruby
  response: 
    status: 
      code: 202
      message: Accepted
    headers: 
      Date: 
      - Fri, 05 Jul 2013 18:40:10 GMT
      Server: 
      - Apache/2.4.4 (Fedora) OpenSSL/1.0.1c-fips PHP/5.4.9 mod_wsgi/3.4 Python/2.7.3 mod_perl/2.0.7 Perl/v5.16.3
      Content-Encoding: 
      - utf-8
      Content-Length: 
      - "852"
      Content-Type: 
      - application/json
    body: 
      encoding: US-ASCII
      string: "[{\"task_group_id\": \"0cd61106-3434-411d-8eee-2b41797448f1\", \"exception\": null, \"traceback\": null, \"_href\": \"/pulp/api/v2/task_groups/0cd61106-3434-411d-8eee-2b41797448f1/\", \"task_id\": \"28d545cf-881b-4b5c-804d-f23d0b017b97\", \"call_request_tags\": [\"pulp:repository:acme_corporation_label-staging_label-org_default_label-fedora_label-fedora_17_x86_64_label\", \"pulp:action:delete\"], \"reasons\": [], \"start_time\": null, \"tags\": [\"pulp:repository:acme_corporation_label-staging_label-org_default_label-fedora_label-fedora_17_x86_64_label\", \"pulp:action:delete\"], \"state\": \"waiting\", \"finish_time\": null, \"dependency_failures\": {}, \"schedule_id\": null, \"progress\": {}, \"call_request_group_id\": \"0cd61106-3434-411d-8eee-2b41797448f1\", \"call_request_id\": \"28d545cf-881b-4b5c-804d-f23d0b017b97\", \"principal_login\": \"admin\", \"response\": \"accepted\", \"result\": null}]"
    http_version: 
  recorded_at: Fri, 05 Jul 2013 18:40:10 GMT
- request: 
    method: post
    uri: https://localhost.localdomain/pulp/api/v2/repositories/
    body: 
      encoding: US-ASCII
      string: "{\"id\":\"2\",\"display_name\":\"Fedora 17 x86_64\",\"importer_type_id\":\"yum_importer\",\"importer_config\":{},\"distributors\":[{\"distributor_type\":\"yum_distributor\",\"distributor_config\":{\"relative_url\":\"/dev_label/\",\"http\":false,\"https\":true,\"protected\":true},\"auto_publish\":true,\"distributor_id\":\"2\"}]}"
    headers: 
      Accept: 
      - application/json
      Accept-Encoding: 
      - gzip, deflate
      Content-Type: 
      - application/json
      Authorization: 
      - OAuth oauth_body_hash="2jmj7l5rSw0yVb%2FvlWAYkK%2FYBwk%3D", oauth_consumer_key="katello", oauth_nonce="tASVLQ3eA3ArgQP8DcvbPCtSI1wmxrEwUHtEGxAyzRw", oauth_signature="0WWmGhfSDfYPXy5L%2BRvIp1ZsD0Y%3D", oauth_signature_method="HMAC-SHA1", oauth_timestamp="1373049610", oauth_version="1.0"
      Pulp-User: 
      - admin
      Content-Length: 
      - "291"
      User-Agent: 
      - Ruby
  response: 
    status: 
      code: 201
      message: Created
    headers: 
      Date: 
      - Fri, 05 Jul 2013 18:40:10 GMT
      Server: 
      - Apache/2.4.4 (Fedora) OpenSSL/1.0.1c-fips PHP/5.4.9 mod_wsgi/3.4 Python/2.7.3 mod_perl/2.0.7 Perl/v5.16.3
      Location: 
      - "2"
      Content-Length: 
      - "228"
      Content-Type: 
      - application/json
    body: 
      encoding: US-ASCII
      string: "{\"scratchpad\": {}, \"display_name\": \"Fedora 17 x86_64\", \"description\": null, \"_ns\": \"repos\", \"notes\": {}, \"content_unit_counts\": {}, \"_id\": {\"$oid\": \"51d7130ae138232bc589a3a0\"}, \"id\": \"2\", \"_href\": \"/pulp/api/v2/repositories/2/\"}"
    http_version: 
  recorded_at: Fri, 05 Jul 2013 18:40:11 GMT
- request: 
    method: post
    uri: https://localhost.localdomain/pulp/api/v2/repositories/2/actions/associate/
    body: 
      encoding: US-ASCII
      string: "{\"source_repo_id\":\"1\",\"criteria\":{\"type_ids\":[\"rpm\"],\"filters\":{},\"fields\":{\"unit\":[\"name\",\"epoch\",\"version\",\"release\",\"arch\",\"checksumtype\",\"checksum\"]}}}"
    headers: 
      Accept: 
      - application/json
      Accept-Encoding: 
      - gzip, deflate
      Content-Type: 
      - application/json
      Authorization: 
      - OAuth oauth_body_hash="2jmj7l5rSw0yVb%2FvlWAYkK%2FYBwk%3D", oauth_consumer_key="katello", oauth_nonce="YLTti5VUf4N3PEQkuS0sum4RBi58PnN7RMsK67vqI", oauth_signature="HkOwGzUW5DB4%2FtgQLwzNwzG0d%2Bs%3D", oauth_signature_method="HMAC-SHA1", oauth_timestamp="1373049611", oauth_version="1.0"
      Pulp-User: 
      - admin
      Content-Length: 
      - "155"
      User-Agent: 
      - Ruby
  response: 
    status: 
      code: 202
      message: Accepted
    headers: 
      Date: 
      - Fri, 05 Jul 2013 18:40:11 GMT
      Server: 
      - Apache/2.4.4 (Fedora) OpenSSL/1.0.1c-fips PHP/5.4.9 mod_wsgi/3.4 Python/2.7.3 mod_perl/2.0.7 Perl/v5.16.3
      Content-Encoding: 
      - utf-8
      Content-Length: 
      - "646"
      Content-Type: 
      - application/json
    body: 
      encoding: US-ASCII
      string: "{\"task_group_id\": null, \"exception\": null, \"traceback\": null, \"_href\": \"/pulp/api/v2/tasks/bcfc2d48-0959-4c64-9efd-67785b96d314/\", \"task_id\": \"bcfc2d48-0959-4c64-9efd-67785b96d314\", \"call_request_tags\": [\"pulp:repository:2\", \"pulp:repository:1\", \"pulp:action:associate\"], \"reasons\": [], \"start_time\": null, \"tags\": [\"pulp:repository:2\", \"pulp:repository:1\", \"pulp:action:associate\"], \"state\": \"waiting\", \"finish_time\": null, \"dependency_failures\": {}, \"schedule_id\": null, \"progress\": {}, \"call_request_group_id\": null, \"call_request_id\": \"bcfc2d48-0959-4c64-9efd-67785b96d314\", \"principal_login\": \"admin\", \"response\": \"accepted\", \"result\": null}"
    http_version: 
  recorded_at: Fri, 05 Jul 2013 18:40:11 GMT
- request: 
    method: post
    uri: https://localhost.localdomain/pulp/api/v2/repositories/2/actions/associate/
    body: 
      encoding: US-ASCII
      string: "{\"source_repo_id\":\"1\",\"criteria\":{\"type_ids\":[\"distribution\"],\"filters\":{}}}"
    headers: 
      Accept: 
      - application/json
      Accept-Encoding: 
      - gzip, deflate
      Content-Type: 
      - application/json
      Authorization: 
      - OAuth oauth_body_hash="2jmj7l5rSw0yVb%2FvlWAYkK%2FYBwk%3D", oauth_consumer_key="katello", oauth_nonce="MtcmbJd42i6ZiAuYUmtXCgYxzv53u8LD53ZVeHzno", oauth_signature="%2FaauPiiDh7asPm8hwMQxS%2BcQWbg%3D", oauth_signature_method="HMAC-SHA1", oauth_timestamp="1373049611", oauth_version="1.0"
      Pulp-User: 
      - admin
      Content-Length: 
      - "76"
      User-Agent: 
      - Ruby
  response: 
    status: 
      code: 202
      message: Accepted
    headers: 
      Date: 
      - Fri, 05 Jul 2013 18:40:11 GMT
      Server: 
      - Apache/2.4.4 (Fedora) OpenSSL/1.0.1c-fips PHP/5.4.9 mod_wsgi/3.4 Python/2.7.3 mod_perl/2.0.7 Perl/v5.16.3
      Content-Encoding: 
      - utf-8
      Content-Length: 
      - "646"
      Content-Type: 
      - application/json
    body: 
      encoding: US-ASCII
      string: "{\"task_group_id\": null, \"exception\": null, \"traceback\": null, \"_href\": \"/pulp/api/v2/tasks/4ac6e871-8a1f-4f12-9923-62f5479e79c2/\", \"task_id\": \"4ac6e871-8a1f-4f12-9923-62f5479e79c2\", \"call_request_tags\": [\"pulp:repository:2\", \"pulp:repository:1\", \"pulp:action:associate\"], \"reasons\": [], \"start_time\": null, \"tags\": [\"pulp:repository:2\", \"pulp:repository:1\", \"pulp:action:associate\"], \"state\": \"waiting\", \"finish_time\": null, \"dependency_failures\": {}, \"schedule_id\": null, \"progress\": {}, \"call_request_group_id\": null, \"call_request_id\": \"4ac6e871-8a1f-4f12-9923-62f5479e79c2\", \"principal_login\": \"admin\", \"response\": \"accepted\", \"result\": null}"
    http_version: 
  recorded_at: Fri, 05 Jul 2013 18:40:11 GMT
- request: 
    method: post
    uri: https://localhost.localdomain/pulp/api/v2/repositories/2/actions/associate/
    body: 
      encoding: US-ASCII
      string: "{\"source_repo_id\":\"1\",\"criteria\":{\"type_ids\":[\"erratum\"],\"filters\":{}},\"override_config\":{\"copy_children\":false}}"
    headers: 
      Accept: 
      - application/json
      Accept-Encoding: 
      - gzip, deflate
      Content-Type: 
      - application/json
      Authorization: 
      - OAuth oauth_body_hash="2jmj7l5rSw0yVb%2FvlWAYkK%2FYBwk%3D", oauth_consumer_key="katello", oauth_nonce="bZZUq577Og70HlLVp9Kn4l7cwupPwJePjnBERMP8", oauth_signature="T7M9%2B9l6%2F5jvq4rNGb5guZ7%2Buj8%3D", oauth_signature_method="HMAC-SHA1", oauth_timestamp="1373049611", oauth_version="1.0"
      Pulp-User: 
      - admin
      Content-Length: 
      - "113"
      User-Agent: 
      - Ruby
  response: 
    status: 
      code: 202
      message: Accepted
    headers: 
      Date: 
      - Fri, 05 Jul 2013 18:40:11 GMT
      Server: 
      - Apache/2.4.4 (Fedora) OpenSSL/1.0.1c-fips PHP/5.4.9 mod_wsgi/3.4 Python/2.7.3 mod_perl/2.0.7 Perl/v5.16.3
      Content-Encoding: 
      - utf-8
      Content-Length: 
      - "646"
      Content-Type: 
      - application/json
    body: 
      encoding: US-ASCII
      string: "{\"task_group_id\": null, \"exception\": null, \"traceback\": null, \"_href\": \"/pulp/api/v2/tasks/3a472e66-2776-4a03-9436-31eebc8fba9d/\", \"task_id\": \"3a472e66-2776-4a03-9436-31eebc8fba9d\", \"call_request_tags\": [\"pulp:repository:2\", \"pulp:repository:1\", \"pulp:action:associate\"], \"reasons\": [], \"start_time\": null, \"tags\": [\"pulp:repository:2\", \"pulp:repository:1\", \"pulp:action:associate\"], \"state\": \"waiting\", \"finish_time\": null, \"dependency_failures\": {}, \"schedule_id\": null, \"progress\": {}, \"call_request_group_id\": null, \"call_request_id\": \"3a472e66-2776-4a03-9436-31eebc8fba9d\", \"principal_login\": \"admin\", \"response\": \"accepted\", \"result\": null}"
    http_version: 
  recorded_at: Fri, 05 Jul 2013 18:40:11 GMT
- request: 
    method: post
    uri: https://localhost.localdomain/pulp/api/v2/repositories/2/actions/associate/
    body: 
      encoding: US-ASCII
      string: "{\"source_repo_id\":\"1\",\"criteria\":{\"type_ids\":[\"package_group\"],\"filters\":{}},\"override_config\":{\"copy_children\":false}}"
    headers: 
      Accept: 
      - application/json
      Accept-Encoding: 
      - gzip, deflate
      Content-Type: 
      - application/json
      Authorization: 
      - OAuth oauth_body_hash="2jmj7l5rSw0yVb%2FvlWAYkK%2FYBwk%3D", oauth_consumer_key="katello", oauth_nonce="kP826BHg7QNhPMJIrGw3omQN8e0Zkz2CEFeKaOUo4", oauth_signature="qSXK6lbnDfW3ywRmoE3Ayz%2BuvGo%3D", oauth_signature_method="HMAC-SHA1", oauth_timestamp="1373049611", oauth_version="1.0"
      Pulp-User: 
      - admin
      Content-Length: 
      - "119"
      User-Agent: 
      - Ruby
  response: 
    status: 
      code: 202
      message: Accepted
    headers: 
      Date: 
      - Fri, 05 Jul 2013 18:40:11 GMT
      Server: 
      - Apache/2.4.4 (Fedora) OpenSSL/1.0.1c-fips PHP/5.4.9 mod_wsgi/3.4 Python/2.7.3 mod_perl/2.0.7 Perl/v5.16.3
      Content-Encoding: 
      - utf-8
      Content-Length: 
      - "646"
      Content-Type: 
      - application/json
    body: 
      encoding: US-ASCII
      string: "{\"task_group_id\": null, \"exception\": null, \"traceback\": null, \"_href\": \"/pulp/api/v2/tasks/2be166c8-d3c9-4060-85e2-cbb411941f12/\", \"task_id\": \"2be166c8-d3c9-4060-85e2-cbb411941f12\", \"call_request_tags\": [\"pulp:repository:2\", \"pulp:repository:1\", \"pulp:action:associate\"], \"reasons\": [], \"start_time\": null, \"tags\": [\"pulp:repository:2\", \"pulp:repository:1\", \"pulp:action:associate\"], \"state\": \"waiting\", \"finish_time\": null, \"dependency_failures\": {}, \"schedule_id\": null, \"progress\": {}, \"call_request_group_id\": null, \"call_request_id\": \"2be166c8-d3c9-4060-85e2-cbb411941f12\", \"principal_login\": \"admin\", \"response\": \"accepted\", \"result\": null}"
    http_version: 
  recorded_at: Fri, 05 Jul 2013 18:40:11 GMT
- request: 
    method: post
    uri: https://localhost.localdomain/pulp/api/v2/repositories/2/actions/associate/
    body: 
      encoding: US-ASCII
      string: "{\"source_repo_id\":\"1\",\"criteria\":{\"type_ids\":[\"yum_repo_metadata_file\"],\"filters\":{}}}"
    headers: 
      Accept: 
      - application/json
      Accept-Encoding: 
      - gzip, deflate
      Content-Type: 
      - application/json
      Authorization: 
      - OAuth oauth_body_hash="2jmj7l5rSw0yVb%2FvlWAYkK%2FYBwk%3D", oauth_consumer_key="katello", oauth_nonce="9NHNayA9iqXnTe80Zn62wZ1qaXH4MZPOfrv3wXRXJkY", oauth_signature="2yOPC0e2FvorGreMxBoFHg7Bt0k%3D", oauth_signature_method="HMAC-SHA1", oauth_timestamp="1373049611", oauth_version="1.0"
      Pulp-User: 
      - admin
      Content-Length: 
      - "86"
      User-Agent: 
      - Ruby
  response: 
    status: 
      code: 202
      message: Accepted
    headers: 
      Date: 
      - Fri, 05 Jul 2013 18:40:11 GMT
      Server: 
      - Apache/2.4.4 (Fedora) OpenSSL/1.0.1c-fips PHP/5.4.9 mod_wsgi/3.4 Python/2.7.3 mod_perl/2.0.7 Perl/v5.16.3
      Content-Encoding: 
      - utf-8
      Content-Length: 
      - "721"
      Content-Type: 
      - application/json
    body: 
      encoding: US-ASCII
      string: "{\"task_group_id\": null, \"exception\": null, \"traceback\": null, \"_href\": \"/pulp/api/v2/tasks/2d9f31b7-d488-4816-a89c-e962bbd8bf1e/\", \"task_id\": \"2d9f31b7-d488-4816-a89c-e962bbd8bf1e\", \"call_request_tags\": [\"pulp:repository:2\", \"pulp:repository:1\", \"pulp:action:associate\"], \"reasons\": [{\"operation\": \"update\", \"resource_type\": \"repository\", \"resource_id\": \"2\"}], \"start_time\": null, \"tags\": [\"pulp:repository:2\", \"pulp:repository:1\", \"pulp:action:associate\"], \"state\": \"waiting\", \"finish_time\": null, \"dependency_failures\": {}, \"schedule_id\": null, \"progress\": {}, \"call_request_group_id\": null, \"call_request_id\": \"2d9f31b7-d488-4816-a89c-e962bbd8bf1e\", \"principal_login\": \"admin\", \"response\": \"postponed\", \"result\": null}"
    http_version: 
  recorded_at: Fri, 05 Jul 2013 18:40:11 GMT
- request: 
    method: delete
    uri: https://localhost.localdomain/pulp/api/v2/repositories/2/
    body: 
      encoding: US-ASCII
      string: ""
    headers: 
      Accept: 
      - application/json
      Accept-Encoding: 
      - gzip, deflate
      Content-Type: 
      - application/json
      Authorization: 
      - OAuth oauth_consumer_key="katello", oauth_nonce="wo3khv5Pqwbm59p8O3fkHXt8qJOiIxPM1T7o5l3cxQ", oauth_signature="6i%2Bq%2BhVePP21kbAU7VtmEh50YtI%3D", oauth_signature_method="HMAC-SHA1", oauth_timestamp="1373049615", oauth_version="1.0"
      Pulp-User: 
      - admin
      User-Agent: 
      - Ruby
  response: 
    status: 
      code: 202
      message: Accepted
    headers: 
      Date: 
      - Fri, 05 Jul 2013 18:40:15 GMT
      Server: 
      - Apache/2.4.4 (Fedora) OpenSSL/1.0.1c-fips PHP/5.4.9 mod_wsgi/3.4 Python/2.7.3 mod_perl/2.0.7 Perl/v5.16.3
      Content-Encoding: 
      - utf-8
      Content-Length: 
      - "674"
      Content-Type: 
      - application/json
    body: 
      encoding: US-ASCII
      string: "[{\"task_group_id\": \"4d0c677c-c284-4158-976e-8519386d588c\", \"exception\": null, \"traceback\": null, \"_href\": \"/pulp/api/v2/task_groups/4d0c677c-c284-4158-976e-8519386d588c/\", \"task_id\": \"8345b937-4ec3-49be-a7fd-bb8a16c3f4ff\", \"call_request_tags\": [\"pulp:repository:2\", \"pulp:action:delete\"], \"reasons\": [], \"start_time\": null, \"tags\": [\"pulp:repository:2\", \"pulp:action:delete\"], \"state\": \"waiting\", \"finish_time\": null, \"dependency_failures\": {}, \"schedule_id\": null, \"progress\": {}, \"call_request_group_id\": \"4d0c677c-c284-4158-976e-8519386d588c\", \"call_request_id\": \"8345b937-4ec3-49be-a7fd-bb8a16c3f4ff\", \"principal_login\": \"admin\", \"response\": \"accepted\", \"result\": null}]"
    http_version: 
  recorded_at: Fri, 05 Jul 2013 18:40:15 GMT
- request: 
    method: delete
    uri: https://localhost.localdomain/pulp/api/v2/repositories/1/
    body: 
      encoding: US-ASCII
      string: ""
    headers: 
      Accept: 
      - application/json
      Accept-Encoding: 
      - gzip, deflate
      Content-Type: 
      - application/json
      Authorization: 
      - OAuth oauth_consumer_key="katello", oauth_nonce="7d2Bg3BUXpawgC98IzzxuCLMVC9DLQl2Prwp1A1g", oauth_signature="hTktAOGhwcaAgzD20MkgoqbMAOg%3D", oauth_signature_method="HMAC-SHA1", oauth_timestamp="1373049615", oauth_version="1.0"
      Pulp-User: 
      - admin
      User-Agent: 
      - Ruby
  response: 
    status: 
      code: 202
      message: Accepted
    headers: 
      Date: 
      - Fri, 05 Jul 2013 18:40:15 GMT
      Server: 
      - Apache/2.4.4 (Fedora) OpenSSL/1.0.1c-fips PHP/5.4.9 mod_wsgi/3.4 Python/2.7.3 mod_perl/2.0.7 Perl/v5.16.3
      Content-Encoding: 
      - utf-8
      Content-Length: 
      - "674"
      Content-Type: 
      - application/json
    body: 
      encoding: US-ASCII
      string: "[{\"task_group_id\": \"7412f9c9-4f0d-4699-b6d0-b6d2db877dee\", \"exception\": null, \"traceback\": null, \"_href\": \"/pulp/api/v2/task_groups/7412f9c9-4f0d-4699-b6d0-b6d2db877dee/\", \"task_id\": \"da39188d-24ee-485e-b9af-c882951509cc\", \"call_request_tags\": [\"pulp:repository:1\", \"pulp:action:delete\"], \"reasons\": [], \"start_time\": null, \"tags\": [\"pulp:repository:1\", \"pulp:action:delete\"], \"state\": \"waiting\", \"finish_time\": null, \"dependency_failures\": {}, \"schedule_id\": null, \"progress\": {}, \"call_request_group_id\": \"7412f9c9-4f0d-4699-b6d0-b6d2db877dee\", \"call_request_id\": \"da39188d-24ee-485e-b9af-c882951509cc\", \"principal_login\": \"admin\", \"response\": \"accepted\", \"result\": null}]"
    http_version: 
  recorded_at: Fri, 05 Jul 2013 18:40:15 GMT
recorded_with: VCR 2.5.0
