--- 
http_interactions: 
- request: 
    method: post
    uri: https://localhost.localdomain/pulp/api/v2/repositories/
    body: 
      encoding: US-ASCII
      string: "{\"id\":\"1\",\"display_name\":\"Fedora 17 x86_64\",\"importer_type_id\":\"yum_importer\",\"importer_config\":{\"ssl_ca_cert\":null,\"ssl_client_cert\":null,\"ssl_client_key\":null,\"feed_url\":\"file:///home/ehelms/workspace/katello/test/fixtures/zoo5\"},\"distributors\":[{\"distributor_type\":\"yum_distributor\",\"distributor_config\":{\"relative_url\":\"/test_path/\",\"http\":false,\"https\":true,\"protected\":true},\"auto_publish\":true,\"distributor_id\":\"1\"}]}"
    headers: 
      Accept: 
      - application/json
      Accept-Encoding: 
      - gzip, deflate
      Content-Type: 
      - application/json
      Authorization: 
      - OAuth oauth_body_hash="2jmj7l5rSw0yVb%2FvlWAYkK%2FYBwk%3D", oauth_consumer_key="katello", oauth_nonce="vYGE97AE3pxhjkuOt0rHkU3sX4OvAZaZXTH9cPz4U", oauth_signature="SpCfOduGySsgGuBJl3f%2BPxJhv74%3D", oauth_signature_method="HMAC-SHA1", oauth_timestamp="1373049615", oauth_version="1.0"
      Pulp-User: 
      - admin
      Content-Length: 
      - "424"
      User-Agent: 
      - Ruby
  response: 
    status: 
      code: 201
      message: Created
    headers: 
      Date: 
      - Fri, 05 Jul 2013 18:40:15 GMT
      Server: 
      - Apache/2.4.4 (Fedora) OpenSSL/1.0.1c-fips PHP/5.4.9 mod_wsgi/3.4 Python/2.7.3 mod_perl/2.0.7 Perl/v5.16.3
      Location: 
      - "1"
      Content-Length: 
      - "228"
      Content-Type: 
      - application/json
    body: 
      encoding: US-ASCII
      string: "{\"scratchpad\": {}, \"display_name\": \"Fedora 17 x86_64\", \"description\": null, \"_ns\": \"repos\", \"notes\": {}, \"content_unit_counts\": {}, \"_id\": {\"$oid\": \"51d7130fe138232bc589a407\"}, \"id\": \"1\", \"_href\": \"/pulp/api/v2/repositories/1/\"}"
    http_version: 
  recorded_at: Fri, 05 Jul 2013 18:40:15 GMT
- request: 
    method: post
    uri: https://localhost.localdomain/pulp/api/v2/repositories/1/actions/sync/
    body: 
      encoding: US-ASCII
      string: "{\"override_config\":{\"num_threads\":4}}"
    headers: 
      Accept: 
      - application/json
      Accept-Encoding: 
      - gzip, deflate
      Content-Type: 
      - application/json
      Authorization: 
      - OAuth oauth_body_hash="2jmj7l5rSw0yVb%2FvlWAYkK%2FYBwk%3D", oauth_consumer_key="katello", oauth_nonce="19ETZ5DoazkrlwuQjhr1gJgrGxEOijNSANs2JB1Cwkg", oauth_signature="8zwWvEN1rfL02jphj49E6pc8sk8%3D", oauth_signature_method="HMAC-SHA1", oauth_timestamp="1373049615", oauth_version="1.0"
      Pulp-User: 
      - admin
      Content-Length: 
      - "37"
      User-Agent: 
      - Ruby
  response: 
    status: 
      code: 202
      message: Accepted
    headers: 
      Date: 
      - Fri, 05 Jul 2013 18:40:15 GMT
      Server: 
      - Apache/2.4.4 (Fedora) OpenSSL/1.0.1c-fips PHP/5.4.9 mod_wsgi/3.4 Python/2.7.3 mod_perl/2.0.7 Perl/v5.16.3
      Content-Encoding: 
      - utf-8
      Content-Length: 
      - "1402"
      Content-Type: 
      - application/json
    body: 
      encoding: US-ASCII
      string: "[{\"task_group_id\": \"a5954f6c-ce92-4283-8ce8-ca51e0bb21d2\", \"exception\": null, \"traceback\": null, \"_href\": \"/pulp/api/v2/task_groups/a5954f6c-ce92-4283-8ce8-ca51e0bb21d2/\", \"task_id\": \"b5bbcb4b-df25-4e3c-8e9c-849bf07fdadd\", \"call_request_tags\": [\"pulp:repository:1\", \"pulp:action:sync\"], \"reasons\": [], \"start_time\": null, \"tags\": [\"pulp:repository:1\", \"pulp:action:sync\"], \"state\": \"waiting\", \"finish_time\": null, \"dependency_failures\": {}, \"schedule_id\": null, \"progress\": {}, \"call_request_group_id\": \"a5954f6c-ce92-4283-8ce8-ca51e0bb21d2\", \"call_request_id\": \"b5bbcb4b-df25-4e3c-8e9c-849bf07fdadd\", \"principal_login\": \"admin\", \"response\": \"accepted\", \"result\": null}, {\"task_group_id\": \"a5954f6c-ce92-4283-8ce8-ca51e0bb21d2\", \"exception\": null, \"traceback\": null, \"_href\": \"/pulp/api/v2/task_groups/a5954f6c-ce92-4283-8ce8-ca51e0bb21d2/\", \"task_id\": \"4912c495-0b6c-4aaf-8c21-403b52dc8975\", \"call_request_tags\": [\"pulp:repository:1\", \"pulp:action:auto_publish\", \"pulp:action:publish\"], \"reasons\": [], \"start_time\": null, \"tags\": [\"pulp:repository:1\", \"pulp:action:auto_publish\", \"pulp:action:publish\"], \"state\": \"waiting\", \"finish_time\": null, \"dependency_failures\": {}, \"schedule_id\": null, \"progress\": {}, \"call_request_group_id\": \"a5954f6c-ce92-4283-8ce8-ca51e0bb21d2\", \"call_request_id\": \"4912c495-0b6c-4aaf-8c21-403b52dc8975\", \"principal_login\": \"admin\", \"response\": \"accepted\", \"result\": null}]"
    http_version: 
  recorded_at: Fri, 05 Jul 2013 18:40:15 GMT
- request: 
    method: post
    uri: https://localhost.localdomain/pulp/api/v2/repositories/
    body: 
      encoding: US-ASCII
      string: "{\"id\":\"acme_corporation_label-staging_label-org_default_label-fedora_label-fedora_17_x86_64_label\",\"display_name\":\"Fedora 17 x86_64\",\"importer_type_id\":\"yum_importer\",\"importer_config\":{},\"distributors\":[{\"distributor_type\":\"yum_distributor\",\"distributor_config\":{\"relative_url\":\"/staging_label/\",\"http\":false,\"https\":true,\"protected\":true},\"auto_publish\":true,\"distributor_id\":\"acme_corporation_label-staging_label-org_default_label-fedora_label-fedora_17_x86_64_label\"}]}"
    headers: 
      Accept: 
      - application/json
      Accept-Encoding: 
      - gzip, deflate
      Content-Type: 
      - application/json
      Authorization: 
      - OAuth oauth_body_hash="2jmj7l5rSw0yVb%2FvlWAYkK%2FYBwk%3D", oauth_consumer_key="katello", oauth_nonce="HFdVJ0rKOhtNGs81vDr6RX9f30DXppokCNF8ppR85g", oauth_signature="dhgQxZoxN9logQ3RqiOMr7FiW0g%3D", oauth_signature_method="HMAC-SHA1", oauth_timestamp="1373049618", oauth_version="1.0"
      Pulp-User: 
      - admin
      Content-Length: 
      - "473"
      User-Agent: 
      - Ruby
  response: 
    status: 
      code: 201
      message: Created
    headers: 
      Date: 
      - Fri, 05 Jul 2013 18:40:18 GMT
      Server: 
      - Apache/2.4.4 (Fedora) OpenSSL/1.0.1c-fips PHP/5.4.9 mod_wsgi/3.4 Python/2.7.3 mod_perl/2.0.7 Perl/v5.16.3
      Location: 
      - acme_corporation_label-staging_label-org_default_label-fedora_label-fedora_17_x86_64_label
      Content-Length: 
      - "406"
      Content-Type: 
      - application/json
    body: 
      encoding: US-ASCII
      string: "{\"scratchpad\": {}, \"display_name\": \"Fedora 17 x86_64\", \"description\": null, \"_ns\": \"repos\", \"notes\": {}, \"content_unit_counts\": {}, \"_id\": {\"$oid\": \"51d71313e138232bc589a447\"}, \"id\": \"acme_corporation_label-staging_label-org_default_label-fedora_label-fedora_17_x86_64_label\", \"_href\": \"/pulp/api/v2/repositories/acme_corporation_label-staging_label-org_default_label-fedora_label-fedora_17_x86_64_label/\"}"
    http_version: 
  recorded_at: Fri, 05 Jul 2013 18:40:19 GMT
- request: 
    method: post
    uri: https://localhost.localdomain/pulp/api/v2/repositories/acme_corporation_label-staging_label-org_default_label-fedora_label-fedora_17_x86_64_label/actions/associate/
    body: 
      encoding: US-ASCII
      string: "{\"source_repo_id\":\"1\",\"criteria\":{\"type_ids\":[\"rpm\"],\"filters\":{},\"fields\":{\"unit\":[\"name\",\"epoch\",\"version\",\"release\",\"arch\",\"checksumtype\",\"checksum\"]}}}"
    headers: 
      Accept: 
      - application/json
      Accept-Encoding: 
      - gzip, deflate
      Content-Type: 
      - application/json
      Authorization: 
      - OAuth oauth_body_hash="2jmj7l5rSw0yVb%2FvlWAYkK%2FYBwk%3D", oauth_consumer_key="katello", oauth_nonce="4H3eRzUt3AAev8gmCjQgOsiylzuoYnzUuwkK2Y7Mxs", oauth_signature="Pw%2FdEtgkc5ojYFmVzqKi5mljoTU%3D", oauth_signature_method="HMAC-SHA1", oauth_timestamp="1373049619", oauth_version="1.0"
      Pulp-User: 
      - admin
      Content-Length: 
      - "155"
      User-Agent: 
      - Ruby
  response: 
    status: 
      code: 202
      message: Accepted
    headers: 
      Date: 
      - Fri, 05 Jul 2013 18:40:19 GMT
      Server: 
      - Apache/2.4.4 (Fedora) OpenSSL/1.0.1c-fips PHP/5.4.9 mod_wsgi/3.4 Python/2.7.3 mod_perl/2.0.7 Perl/v5.16.3
      Content-Encoding: 
      - utf-8
      Content-Length: 
      - "824"
      Content-Type: 
      - application/json
    body: 
      encoding: US-ASCII
      string: "{\"task_group_id\": null, \"exception\": null, \"traceback\": null, \"_href\": \"/pulp/api/v2/tasks/a595402d-2f25-4b7c-a7f3-a6a4c4f7f9ab/\", \"task_id\": \"a595402d-2f25-4b7c-a7f3-a6a4c4f7f9ab\", \"call_request_tags\": [\"pulp:repository:acme_corporation_label-staging_label-org_default_label-fedora_label-fedora_17_x86_64_label\", \"pulp:repository:1\", \"pulp:action:associate\"], \"reasons\": [], \"start_time\": null, \"tags\": [\"pulp:repository:acme_corporation_label-staging_label-org_default_label-fedora_label-fedora_17_x86_64_label\", \"pulp:repository:1\", \"pulp:action:associate\"], \"state\": \"waiting\", \"finish_time\": null, \"dependency_failures\": {}, \"schedule_id\": null, \"progress\": {}, \"call_request_group_id\": null, \"call_request_id\": \"a595402d-2f25-4b7c-a7f3-a6a4c4f7f9ab\", \"principal_login\": \"admin\", \"response\": \"accepted\", \"result\": null}"
    http_version: 
  recorded_at: Fri, 05 Jul 2013 18:40:19 GMT
- request: 
    method: post
    uri: https://localhost.localdomain/pulp/api/v2/repositories/acme_corporation_label-staging_label-org_default_label-fedora_label-fedora_17_x86_64_label/actions/associate/
    body: 
      encoding: US-ASCII
      string: "{\"source_repo_id\":\"1\",\"criteria\":{\"type_ids\":[\"distribution\"],\"filters\":{}}}"
    headers: 
      Accept: 
      - application/json
      Accept-Encoding: 
      - gzip, deflate
      Content-Type: 
      - application/json
      Authorization: 
      - OAuth oauth_body_hash="2jmj7l5rSw0yVb%2FvlWAYkK%2FYBwk%3D", oauth_consumer_key="katello", oauth_nonce="gKrXbgOEeOyVLdFkKGSI7wfoFR8fwIthKME3JbvH9Q", oauth_signature="Gh95KTX4ttwn1FN1Y5kT11ldhpY%3D", oauth_signature_method="HMAC-SHA1", oauth_timestamp="1373049619", oauth_version="1.0"
      Pulp-User: 
      - admin
      Content-Length: 
      - "76"
      User-Agent: 
      - Ruby
  response: 
    status: 
      code: 202
      message: Accepted
    headers: 
      Date: 
      - Fri, 05 Jul 2013 18:40:19 GMT
      Server: 
      - Apache/2.4.4 (Fedora) OpenSSL/1.0.1c-fips PHP/5.4.9 mod_wsgi/3.4 Python/2.7.3 mod_perl/2.0.7 Perl/v5.16.3
      Content-Encoding: 
      - utf-8
      Content-Length: 
      - "988"
      Content-Type: 
      - application/json
    body: 
      encoding: US-ASCII
      string: "{\"task_group_id\": null, \"exception\": null, \"traceback\": null, \"_href\": \"/pulp/api/v2/tasks/9313454c-dc25-46f3-8e42-4cce131c86ec/\", \"task_id\": \"9313454c-dc25-46f3-8e42-4cce131c86ec\", \"call_request_tags\": [\"pulp:repository:acme_corporation_label-staging_label-org_default_label-fedora_label-fedora_17_x86_64_label\", \"pulp:repository:1\", \"pulp:action:associate\"], \"reasons\": [{\"operation\": \"update\", \"resource_type\": \"repository\", \"resource_id\": \"acme_corporation_label-staging_label-org_default_label-fedora_label-fedora_17_x86_64_label\"}], \"start_time\": null, \"tags\": [\"pulp:repository:acme_corporation_label-staging_label-org_default_label-fedora_label-fedora_17_x86_64_label\", \"pulp:repository:1\", \"pulp:action:associate\"], \"state\": \"waiting\", \"finish_time\": null, \"dependency_failures\": {}, \"schedule_id\": null, \"progress\": {}, \"call_request_group_id\": null, \"call_request_id\": \"9313454c-dc25-46f3-8e42-4cce131c86ec\", \"principal_login\": \"admin\", \"response\": \"postponed\", \"result\": null}"
    http_version: 
  recorded_at: Fri, 05 Jul 2013 18:40:19 GMT
- request: 
    method: post
    uri: https://localhost.localdomain/pulp/api/v2/repositories/acme_corporation_label-staging_label-org_default_label-fedora_label-fedora_17_x86_64_label/actions/associate/
    body: 
      encoding: US-ASCII
      string: "{\"source_repo_id\":\"1\",\"criteria\":{\"type_ids\":[\"erratum\"],\"filters\":{}},\"override_config\":{\"copy_children\":false}}"
    headers: 
      Accept: 
      - application/json
      Accept-Encoding: 
      - gzip, deflate
      Content-Type: 
      - application/json
      Authorization: 
      - OAuth oauth_body_hash="2jmj7l5rSw0yVb%2FvlWAYkK%2FYBwk%3D", oauth_consumer_key="katello", oauth_nonce="AXLNvaUP4u8YQVTOHBCFczX9NLuIBAyBPHsUsFQEqdU", oauth_signature="vkJzoAHCE8BwET4b4ffu%2FqHAECk%3D", oauth_signature_method="HMAC-SHA1", oauth_timestamp="1373049619", oauth_version="1.0"
      Pulp-User: 
      - admin
      Content-Length: 
      - "113"
      User-Agent: 
      - Ruby
  response: 
    status: 
      code: 202
      message: Accepted
    headers: 
      Date: 
      - Fri, 05 Jul 2013 18:40:19 GMT
      Server: 
      - Apache/2.4.4 (Fedora) OpenSSL/1.0.1c-fips PHP/5.4.9 mod_wsgi/3.4 Python/2.7.3 mod_perl/2.0.7 Perl/v5.16.3
      Content-Encoding: 
      - utf-8
      Content-Length: 
      - "988"
      Content-Type: 
      - application/json
    body: 
      encoding: US-ASCII
      string: "{\"task_group_id\": null, \"exception\": null, \"traceback\": null, \"_href\": \"/pulp/api/v2/tasks/fee3d168-1767-4d99-936f-a83f196dc878/\", \"task_id\": \"fee3d168-1767-4d99-936f-a83f196dc878\", \"call_request_tags\": [\"pulp:repository:acme_corporation_label-staging_label-org_default_label-fedora_label-fedora_17_x86_64_label\", \"pulp:repository:1\", \"pulp:action:associate\"], \"reasons\": [{\"operation\": \"update\", \"resource_type\": \"repository\", \"resource_id\": \"acme_corporation_label-staging_label-org_default_label-fedora_label-fedora_17_x86_64_label\"}], \"start_time\": null, \"tags\": [\"pulp:repository:acme_corporation_label-staging_label-org_default_label-fedora_label-fedora_17_x86_64_label\", \"pulp:repository:1\", \"pulp:action:associate\"], \"state\": \"waiting\", \"finish_time\": null, \"dependency_failures\": {}, \"schedule_id\": null, \"progress\": {}, \"call_request_group_id\": null, \"call_request_id\": \"fee3d168-1767-4d99-936f-a83f196dc878\", \"principal_login\": \"admin\", \"response\": \"postponed\", \"result\": null}"
    http_version: 
  recorded_at: Fri, 05 Jul 2013 18:40:19 GMT
- request: 
    method: post
    uri: https://localhost.localdomain/pulp/api/v2/repositories/acme_corporation_label-staging_label-org_default_label-fedora_label-fedora_17_x86_64_label/actions/associate/
    body: 
      encoding: US-ASCII
      string: "{\"source_repo_id\":\"1\",\"criteria\":{\"type_ids\":[\"package_group\"],\"filters\":{}},\"override_config\":{\"copy_children\":false}}"
    headers: 
      Accept: 
      - application/json
      Accept-Encoding: 
      - gzip, deflate
      Content-Type: 
      - application/json
      Authorization: 
      - OAuth oauth_body_hash="2jmj7l5rSw0yVb%2FvlWAYkK%2FYBwk%3D", oauth_consumer_key="katello", oauth_nonce="RDmwfCflxKogTtRkSKNPRhXYbTUYJHwqrVVtcFWZk", oauth_signature="LjBOD6EcPK9od3XZzpDbPQxtFzY%3D", oauth_signature_method="HMAC-SHA1", oauth_timestamp="1373049619", oauth_version="1.0"
      Pulp-User: 
      - admin
      Content-Length: 
      - "119"
      User-Agent: 
      - Ruby
  response: 
    status: 
      code: 202
      message: Accepted
    headers: 
      Date: 
      - Fri, 05 Jul 2013 18:40:20 GMT
      Server: 
      - Apache/2.4.4 (Fedora) OpenSSL/1.0.1c-fips PHP/5.4.9 mod_wsgi/3.4 Python/2.7.3 mod_perl/2.0.7 Perl/v5.16.3
      Content-Encoding: 
      - utf-8
      Content-Length: 
      - "988"
      Content-Type: 
      - application/json
    body: 
      encoding: US-ASCII
      string: "{\"task_group_id\": null, \"exception\": null, \"traceback\": null, \"_href\": \"/pulp/api/v2/tasks/9ceb2cc0-090c-4d2e-9e41-ed33df41362f/\", \"task_id\": \"9ceb2cc0-090c-4d2e-9e41-ed33df41362f\", \"call_request_tags\": [\"pulp:repository:acme_corporation_label-staging_label-org_default_label-fedora_label-fedora_17_x86_64_label\", \"pulp:repository:1\", \"pulp:action:associate\"], \"reasons\": [{\"operation\": \"update\", \"resource_type\": \"repository\", \"resource_id\": \"acme_corporation_label-staging_label-org_default_label-fedora_label-fedora_17_x86_64_label\"}], \"start_time\": null, \"tags\": [\"pulp:repository:acme_corporation_label-staging_label-org_default_label-fedora_label-fedora_17_x86_64_label\", \"pulp:repository:1\", \"pulp:action:associate\"], \"state\": \"waiting\", \"finish_time\": null, \"dependency_failures\": {}, \"schedule_id\": null, \"progress\": {}, \"call_request_group_id\": null, \"call_request_id\": \"9ceb2cc0-090c-4d2e-9e41-ed33df41362f\", \"principal_login\": \"admin\", \"response\": \"postponed\", \"result\": null}"
    http_version: 
  recorded_at: Fri, 05 Jul 2013 18:40:20 GMT
- request: 
    method: post
    uri: https://localhost.localdomain/pulp/api/v2/repositories/acme_corporation_label-staging_label-org_default_label-fedora_label-fedora_17_x86_64_label/actions/associate/
    body: 
      encoding: US-ASCII
      string: "{\"source_repo_id\":\"1\",\"criteria\":{\"type_ids\":[\"yum_repo_metadata_file\"],\"filters\":{}}}"
    headers: 
      Accept: 
      - application/json
      Accept-Encoding: 
      - gzip, deflate
      Content-Type: 
      - application/json
      Authorization: 
      - OAuth oauth_body_hash="2jmj7l5rSw0yVb%2FvlWAYkK%2FYBwk%3D", oauth_consumer_key="katello", oauth_nonce="l0ApxTWmcBTNDyTJ9teaFnaTvTfYCfhTUjlG45PhU", oauth_signature="pzyHQR3g7Wc3eRzwP3Rwz5NFMkQ%3D", oauth_signature_method="HMAC-SHA1", oauth_timestamp="1373049620", oauth_version="1.0"
      Pulp-User: 
      - admin
      Content-Length: 
      - "86"
      User-Agent: 
      - Ruby
  response: 
    status: 
      code: 202
      message: Accepted
    headers: 
      Date: 
      - Fri, 05 Jul 2013 18:40:20 GMT
      Server: 
      - Apache/2.4.4 (Fedora) OpenSSL/1.0.1c-fips PHP/5.4.9 mod_wsgi/3.4 Python/2.7.3 mod_perl/2.0.7 Perl/v5.16.3
      Content-Encoding: 
      - utf-8
      Content-Length: 
      - "988"
      Content-Type: 
      - application/json
    body: 
      encoding: US-ASCII
      string: "{\"task_group_id\": null, \"exception\": null, \"traceback\": null, \"_href\": \"/pulp/api/v2/tasks/0ebb1edc-3b46-4a92-90b5-10380e19d3f7/\", \"task_id\": \"0ebb1edc-3b46-4a92-90b5-10380e19d3f7\", \"call_request_tags\": [\"pulp:repository:acme_corporation_label-staging_label-org_default_label-fedora_label-fedora_17_x86_64_label\", \"pulp:repository:1\", \"pulp:action:associate\"], \"reasons\": [{\"operation\": \"update\", \"resource_type\": \"repository\", \"resource_id\": \"acme_corporation_label-staging_label-org_default_label-fedora_label-fedora_17_x86_64_label\"}], \"start_time\": null, \"tags\": [\"pulp:repository:acme_corporation_label-staging_label-org_default_label-fedora_label-fedora_17_x86_64_label\", \"pulp:repository:1\", \"pulp:action:associate\"], \"state\": \"waiting\", \"finish_time\": null, \"dependency_failures\": {}, \"schedule_id\": null, \"progress\": {}, \"call_request_group_id\": null, \"call_request_id\": \"0ebb1edc-3b46-4a92-90b5-10380e19d3f7\", \"principal_login\": \"admin\", \"response\": \"postponed\", \"result\": null}"
    http_version: 
  recorded_at: Fri, 05 Jul 2013 18:40:20 GMT
- request: 
    method: post
    uri: https://localhost.localdomain/pulp/api/v2/repositories/1/search/units/
    body: 
      encoding: US-ASCII
      string: "{\"criteria\":{\"type_ids\":[\"rpm\"],\"filters\":{\"unit\":{\"$and\":[{\"name\":\"elephant\"}]}},\"sort\":{\"unit\":[[\"name\",\"ascending\"],[\"version\",\"descending\"]]}}}"
    headers: 
      Accept: 
      - application/json
      Accept-Encoding: 
      - gzip, deflate
      Content-Type: 
      - application/json
      Authorization: 
      - OAuth oauth_body_hash="2jmj7l5rSw0yVb%2FvlWAYkK%2FYBwk%3D", oauth_consumer_key="katello", oauth_nonce="HUD4vXDcyriIuda0UplZGufOyGdqPwLsG0oMnnKs5xg", oauth_signature="gDVr3lfsQgWKcOc6P1BRong%2BSz4%3D", oauth_signature_method="HMAC-SHA1", oauth_timestamp="1373049623", oauth_version="1.0"
      Pulp-User: 
      - admin
      Content-Length: 
      - "147"
      User-Agent: 
      - Ruby
  response: 
    status: 
      code: 200
      message: OK
    headers: 
      Date: 
      - Fri, 05 Jul 2013 18:40:23 GMT
      Server: 
      - Apache/2.4.4 (Fedora) OpenSSL/1.0.1c-fips PHP/5.4.9 mod_wsgi/3.4 Python/2.7.3 mod_perl/2.0.7 Perl/v5.16.3
      Content-Length: 
      - "2791"
      Content-Type: 
      - application/json
    body: 
      encoding: US-ASCII
      string: "[{\"updated\": \"2013-07-05T22:40:16Z\", \"repo_id\": \"1\", \"created\": \"2013-07-05T22:40:16Z\", \"_ns\": \"repo_content_units\", \"unit_id\": \"07c73d67-749a-4efc-87e3-a4a6600fbd81\", \"unit_type_id\": \"rpm\", \"owner_type\": \"importer\", \"_id\": {\"$oid\": \"51d71310e138232bc589a423\"}, \"id\": \"51d71310e138232bc589a423\", \"owner_id\": \"yum_importer\", \"metadata\": {\"buildhost\": \"dhcp-26-118.brq.redhat.com\", \"_content_type_id\": \"rpm\", \"vendor\": \"\", \"_ns\": \"units_rpm\", \"filename\": \"elephant-0.3-0.8.noarch.rpm\", \"epoch\": \"0\", \"version\": \"0.3\", \"provides\": [[\"elephant\", \"EQ\", [\"0\", \"0.3\", \"0.8\"]]], \"files\": {\"file\": [\"//elephant.txt\"]}, \"repodata\": {\"filelists\": \"\\n<package pkgid=\\\"3e1c70cd1b421328acaf6397cb3d16145306bb95f65d1b095fc31372a0a701f3\\\" name=\\\"elephant\\\" arch=\\\"noarch\\\">\\n    <version epoch=\\\"0\\\" ver=\\\"0.3\\\" rel=\\\"0.8\\\"/>\\n\\n    <file>//elephant.txt</file>\\n</package>\\n\", \"other\": \"\\n<package pkgid=\\\"3e1c70cd1b421328acaf6397cb3d16145306bb95f65d1b095fc31372a0a701f3\\\" name=\\\"elephant\\\" arch=\\\"noarch\\\">\\n    <version epoch=\\\"0\\\" ver=\\\"0.3\\\" rel=\\\"0.8\\\"/>\\n\\n</package>\\n\", \"primary\": \"\\n<package type=\\\"rpm\\\">\\n  <name>elephant</name>\\n  <arch>noarch</arch>\\n  <version epoch=\\\"0\\\" ver=\\\"0.3\\\" rel=\\\"0.8\\\"/>\\n  <checksum type=\\\"sha256\\\" pkgid=\\\"YES\\\">3e1c70cd1b421328acaf6397cb3d16145306bb95f65d1b095fc31372a0a701f3</checksum>\\n  <summary>A dummy package of elephant</summary>\\n  <description>A dummy package of elephant</description>\\n  <packager></packager>\\n  <url>http://tstrachota.fedorapeople.org</url>\\n  <time file=\\\"1321891027\\\" build=\\\"1308257466\\\"/>\\n  <size package=\\\"2244\\\" installed=\\\"42\\\" archive=\\\"296\\\"/>\\n<location href=\\\"elephant-0.3-0.8.noarch.rpm\\\"/>\\n  <format>\\n    <rpm:license>GPLv2</rpm:license>\\n    <rpm:vendor/>\\n    <rpm:group>Internet/Applications</rpm:group>\\n    <rpm:buildhost>dhcp-26-118.brq.redhat.com</rpm:buildhost>\\n    <rpm:sourcerpm>elephant-0.3-0.8.src.rpm</rpm:sourcerpm>\\n    <rpm:header-range start=\\\"280\\\" end=\\\"2028\\\"/>\\n    <rpm:provides>\\n      <rpm:entry name=\\\"elephant\\\" flags=\\\"EQ\\\" epoch=\\\"0\\\" ver=\\\"0.3\\\" rel=\\\"0.8\\\"/>\\n    </rpm:provides>\\n    <rpm:requires>\\n      <rpm:entry name=\\\"/bin/sh\\\" pre=\\\"1\\\"/>\\n    </rpm:requires>\\n  </format>\\n</package>\"}, \"description\": \"A dummy package of elephant\", \"arch\": \"noarch\", \"name\": \"elephant\", \"_storage_path\": \"/var/lib/pulp/content/rpm/.//elephant/0.3/0.8/noarch/3e1c70cd1b421328acaf6397cb3d16145306bb95f65d1b095fc31372a0a701f3/elephant-0.3-0.8.noarch.rpm\", \"checksumtype\": \"sha256\", \"license\": \"GPLv2\", \"changelog\": [], \"checksum\": \"3e1c70cd1b421328acaf6397cb3d16145306bb95f65d1b095fc31372a0a701f3\", \"filelist\": [\"//elephant.txt\"], \"relativepath\": \"elephant-0.3-0.8.noarch.rpm\", \"release\": \"0.8\", \"_id\": \"07c73d67-749a-4efc-87e3-a4a6600fbd81\", \"requires\": [[\"/bin/sh\", null, [null, null, null]]]}}]"
    http_version: 
  recorded_at: Fri, 05 Jul 2013 18:40:23 GMT
- request: 
    method: post
    uri: https://localhost.localdomain/pulp/api/v2/repositories/acme_corporation_label-staging_label-org_default_label-fedora_label-fedora_17_x86_64_label/actions/unassociate/
    body: 
      encoding: US-ASCII
      string: "{\"criteria\":{\"type_ids\":[\"rpm\"],\"filters\":{\"association\":{\"unit_id\":{\"$in\":[null]}}}}}"
    headers: 
      Accept: 
      - application/json
      Accept-Encoding: 
      - gzip, deflate
      Content-Type: 
      - application/json
      Authorization: 
      - OAuth oauth_body_hash="2jmj7l5rSw0yVb%2FvlWAYkK%2FYBwk%3D", oauth_consumer_key="katello", oauth_nonce="MlLEE0cclF39013TwwmCY2sQJJXos50I0lXLmRf5Io", oauth_signature="TmMVxEBux1uRi2vfj3QKhbZwE1g%3D", oauth_signature_method="HMAC-SHA1", oauth_timestamp="1373049623", oauth_version="1.0"
      Pulp-User: 
      - admin
      Content-Length: 
      - "86"
      User-Agent: 
      - Ruby
  response: 
    status: 
      code: 202
      message: Accepted
    headers: 
      Date: 
      - Fri, 05 Jul 2013 18:40:23 GMT
      Server: 
      - Apache/2.4.4 (Fedora) OpenSSL/1.0.1c-fips PHP/5.4.9 mod_wsgi/3.4 Python/2.7.3 mod_perl/2.0.7 Perl/v5.16.3
      Content-Encoding: 
      - utf-8
      Content-Length: 
      - "786"
      Content-Type: 
      - application/json
    body: 
      encoding: US-ASCII
      string: "{\"task_group_id\": null, \"exception\": null, \"traceback\": null, \"_href\": \"/pulp/api/v2/tasks/393aad72-a6f6-4387-9bc7-57cf53da320a/\", \"task_id\": \"393aad72-a6f6-4387-9bc7-57cf53da320a\", \"call_request_tags\": [\"pulp:repository:acme_corporation_label-staging_label-org_default_label-fedora_label-fedora_17_x86_64_label\", \"pulp:action:unassociate\"], \"reasons\": [], \"start_time\": null, \"tags\": [\"pulp:repository:acme_corporation_label-staging_label-org_default_label-fedora_label-fedora_17_x86_64_label\", \"pulp:action:unassociate\"], \"state\": \"waiting\", \"finish_time\": null, \"dependency_failures\": {}, \"schedule_id\": null, \"progress\": {}, \"call_request_group_id\": null, \"call_request_id\": \"393aad72-a6f6-4387-9bc7-57cf53da320a\", \"principal_login\": \"admin\", \"response\": \"accepted\", \"result\": null}"
    http_version: 
  recorded_at: Fri, 05 Jul 2013 18:40:23 GMT
- request: 
    method: post
    uri: https://localhost.localdomain/pulp/api/v2/repositories/acme_corporation_label-staging_label-org_default_label-fedora_label-fedora_17_x86_64_label/actions/unassociate/
    body: 
      encoding: US-ASCII
      string: "{\"criteria\":{\"type_ids\":[\"erratum\"],\"filters\":{\"association\":{\"unit_id\":{\"$in\":[\"RHEA-2010:0002\"]}}}}}"
    headers: 
      Accept: 
      - application/json
      Accept-Encoding: 
      - gzip, deflate
      Content-Type: 
      - application/json
      Authorization: 
      - OAuth oauth_body_hash="2jmj7l5rSw0yVb%2FvlWAYkK%2FYBwk%3D", oauth_consumer_key="katello", oauth_nonce="ldNIoIH7ud8JKL4lRjuAd6UEMtZmnSOLl3hQcdYR0", oauth_signature="chyD3Xnd9kJabfcDqfG8it789Cg%3D", oauth_signature_method="HMAC-SHA1", oauth_timestamp="1373049623", oauth_version="1.0"
      Pulp-User: 
      - admin
      Content-Length: 
      - "102"
      User-Agent: 
      - Ruby
  response: 
    status: 
      code: 202
      message: Accepted
    headers: 
      Date: 
      - Fri, 05 Jul 2013 18:40:23 GMT
      Server: 
      - Apache/2.4.4 (Fedora) OpenSSL/1.0.1c-fips PHP/5.4.9 mod_wsgi/3.4 Python/2.7.3 mod_perl/2.0.7 Perl/v5.16.3
      Content-Encoding: 
      - utf-8
      Content-Length: 
      - "786"
      Content-Type: 
      - application/json
    body: 
      encoding: US-ASCII
      string: "{\"task_group_id\": null, \"exception\": null, \"traceback\": null, \"_href\": \"/pulp/api/v2/tasks/d94ce71e-9a34-488a-a0d0-772cca6b1ec3/\", \"task_id\": \"d94ce71e-9a34-488a-a0d0-772cca6b1ec3\", \"call_request_tags\": [\"pulp:repository:acme_corporation_label-staging_label-org_default_label-fedora_label-fedora_17_x86_64_label\", \"pulp:action:unassociate\"], \"reasons\": [], \"start_time\": null, \"tags\": [\"pulp:repository:acme_corporation_label-staging_label-org_default_label-fedora_label-fedora_17_x86_64_label\", \"pulp:action:unassociate\"], \"state\": \"waiting\", \"finish_time\": null, \"dependency_failures\": {}, \"schedule_id\": null, \"progress\": {}, \"call_request_group_id\": null, \"call_request_id\": \"d94ce71e-9a34-488a-a0d0-772cca6b1ec3\", \"principal_login\": \"admin\", \"response\": \"accepted\", \"result\": null}"
    http_version: 
  recorded_at: Fri, 05 Jul 2013 18:40:23 GMT
- request: 
    method: post
    uri: https://localhost.localdomain/pulp/api/v2/repositories/acme_corporation_label-staging_label-org_default_label-fedora_label-fedora_17_x86_64_label/actions/unassociate/
    body: 
      encoding: US-ASCII
      string: "{\"criteria\":{\"type_ids\":[\"distribution\"],\"filters\":{\"association\":{\"unit_id\":{\"$in\":[\"ks-Test Family-TestVariant-16-x86_64\"]}}}}}"
    headers: 
      Accept: 
      - application/json
      Accept-Encoding: 
      - gzip, deflate
      Content-Type: 
      - application/json
      Authorization: 
      - OAuth oauth_body_hash="2jmj7l5rSw0yVb%2FvlWAYkK%2FYBwk%3D", oauth_consumer_key="katello", oauth_nonce="XiYKmjLKUNJVSgtRjVsnGN1bzY7MwldWgNyyWbiNk", oauth_signature="2t8m7%2F%2BTDG12lgR8fbvffoY2tdw%3D", oauth_signature_method="HMAC-SHA1", oauth_timestamp="1373049623", oauth_version="1.0"
      Pulp-User: 
      - admin
      Content-Length: 
      - "129"
      User-Agent: 
      - Ruby
  response: 
    status: 
      code: 202
      message: Accepted
    headers: 
      Date: 
      - Fri, 05 Jul 2013 18:40:23 GMT
      Server: 
      - Apache/2.4.4 (Fedora) OpenSSL/1.0.1c-fips PHP/5.4.9 mod_wsgi/3.4 Python/2.7.3 mod_perl/2.0.7 Perl/v5.16.3
      Content-Encoding: 
      - utf-8
      Content-Length: 
      - "786"
      Content-Type: 
      - application/json
    body: 
      encoding: US-ASCII
      string: "{\"task_group_id\": null, \"exception\": null, \"traceback\": null, \"_href\": \"/pulp/api/v2/tasks/7367aeb4-4657-49af-8d86-4e6f351132df/\", \"task_id\": \"7367aeb4-4657-49af-8d86-4e6f351132df\", \"call_request_tags\": [\"pulp:repository:acme_corporation_label-staging_label-org_default_label-fedora_label-fedora_17_x86_64_label\", \"pulp:action:unassociate\"], \"reasons\": [], \"start_time\": null, \"tags\": [\"pulp:repository:acme_corporation_label-staging_label-org_default_label-fedora_label-fedora_17_x86_64_label\", \"pulp:action:unassociate\"], \"state\": \"waiting\", \"finish_time\": null, \"dependency_failures\": {}, \"schedule_id\": null, \"progress\": {}, \"call_request_group_id\": null, \"call_request_id\": \"7367aeb4-4657-49af-8d86-4e6f351132df\", \"principal_login\": \"admin\", \"response\": \"accepted\", \"result\": null}"
    http_version: 
  recorded_at: Fri, 05 Jul 2013 18:40:23 GMT
- request: 
    method: delete
    uri: https://localhost.localdomain/pulp/api/v2/repositories/acme_corporation_label-staging_label-org_default_label-fedora_label-fedora_17_x86_64_label/
    body: 
      encoding: US-ASCII
      string: ""
    headers: 
      Accept: 
      - application/json
      Accept-Encoding: 
      - gzip, deflate
      Content-Type: 
      - application/json
      Authorization: 
      - OAuth oauth_consumer_key="katello", oauth_nonce="qGLsbDFh0Vq0sPn4vjJqvevUKyGj5QOhzGmeqr1nFc", oauth_signature="zKrbwXZKrrdwV%2BWYKT6mOKWm3%2FE%3D", oauth_signature_method="HMAC-SHA1", oauth_timestamp="1373049623", oauth_version="1.0"
      Pulp-User: 
      - admin
      User-Agent: 
      - Ruby
  response: 
    status: 
      code: 202
      message: Accepted
    headers: 
      Date: 
      - Fri, 05 Jul 2013 18:40:23 GMT
      Server: 
      - Apache/2.4.4 (Fedora) OpenSSL/1.0.1c-fips PHP/5.4.9 mod_wsgi/3.4 Python/2.7.3 mod_perl/2.0.7 Perl/v5.16.3
      Content-Encoding: 
      - utf-8
      Content-Length: 
      - "852"
      Content-Type: 
      - application/json
    body: 
      encoding: US-ASCII
      string: "[{\"task_group_id\": \"91c640d2-9c19-46d4-af2b-22189e308f77\", \"exception\": null, \"traceback\": null, \"_href\": \"/pulp/api/v2/task_groups/91c640d2-9c19-46d4-af2b-22189e308f77/\", \"task_id\": \"b8ddf671-168d-44a5-8f0e-ed12162c9d12\", \"call_request_tags\": [\"pulp:repository:acme_corporation_label-staging_label-org_default_label-fedora_label-fedora_17_x86_64_label\", \"pulp:action:delete\"], \"reasons\": [], \"start_time\": null, \"tags\": [\"pulp:repository:acme_corporation_label-staging_label-org_default_label-fedora_label-fedora_17_x86_64_label\", \"pulp:action:delete\"], \"state\": \"waiting\", \"finish_time\": null, \"dependency_failures\": {}, \"schedule_id\": null, \"progress\": {}, \"call_request_group_id\": \"91c640d2-9c19-46d4-af2b-22189e308f77\", \"call_request_id\": \"b8ddf671-168d-44a5-8f0e-ed12162c9d12\", \"principal_login\": \"admin\", \"response\": \"accepted\", \"result\": null}]"
    http_version: 
  recorded_at: Fri, 05 Jul 2013 18:40:23 GMT
- request: 
    method: delete
    uri: https://localhost.localdomain/pulp/api/v2/repositories/1/
    body: 
      encoding: US-ASCII
      string: ""
    headers: 
      Accept: 
      - application/json
      Accept-Encoding: 
      - gzip, deflate
      Content-Type: 
      - application/json
      Authorization: 
      - OAuth oauth_consumer_key="katello", oauth_nonce="hbyMEu7dxgk8sqYWMbGKE6c4JT3UwmfOhT1Jf83c0I", oauth_signature="8EEcwjmmu781XEuc7sDDHxH0X8Y%3D", oauth_signature_method="HMAC-SHA1", oauth_timestamp="1373049624", oauth_version="1.0"
      Pulp-User: 
      - admin
      User-Agent: 
      - Ruby
  response: 
    status: 
      code: 202
      message: Accepted
    headers: 
      Date: 
      - Fri, 05 Jul 2013 18:40:24 GMT
      Server: 
      - Apache/2.4.4 (Fedora) OpenSSL/1.0.1c-fips PHP/5.4.9 mod_wsgi/3.4 Python/2.7.3 mod_perl/2.0.7 Perl/v5.16.3
      Content-Encoding: 
      - utf-8
      Content-Length: 
      - "674"
      Content-Type: 
      - application/json
    body: 
      encoding: US-ASCII
      string: "[{\"task_group_id\": \"502d32d3-0677-41ff-a346-4e24aa51f99b\", \"exception\": null, \"traceback\": null, \"_href\": \"/pulp/api/v2/task_groups/502d32d3-0677-41ff-a346-4e24aa51f99b/\", \"task_id\": \"02c08c66-9c7a-46a3-96b8-b0408d1bb7fa\", \"call_request_tags\": [\"pulp:repository:1\", \"pulp:action:delete\"], \"reasons\": [], \"start_time\": null, \"tags\": [\"pulp:repository:1\", \"pulp:action:delete\"], \"state\": \"waiting\", \"finish_time\": null, \"dependency_failures\": {}, \"schedule_id\": null, \"progress\": {}, \"call_request_group_id\": \"502d32d3-0677-41ff-a346-4e24aa51f99b\", \"call_request_id\": \"02c08c66-9c7a-46a3-96b8-b0408d1bb7fa\", \"principal_login\": \"admin\", \"response\": \"accepted\", \"result\": null}]"
    http_version: 
  recorded_at: Fri, 05 Jul 2013 18:40:24 GMT
recorded_with: VCR 2.5.0
