// Jest Snapshot v1, https://goo.gl/fbAQLP

exports[`Enabled Repositories Component should render 1`] = `
<EnabledRepository
  arch="foo"
  contentId={1}
  id={1}
  name="foo"
  productId={1}
  releaseVer="1.1.1"
  releasever=""
  setRepositoryDisabled={[Function]}
  store={
    Object {
      "clearActions": [Function],
      "dispatch": [Function],
      "getActions": [Function],
      "getState": [Function],
      "replaceReducer": [Function],
      "subscribe": [Function],
    }
  }
  type="foo"
/>
`;
