// Jest Snapshot v1, https://goo.gl/fbAQLP

exports[`RepositorySetRepository Component should render 1`] = `
<RepositorySetRepository
  arch="foo"
  contentId={1}
  label="some label"
  productId={1}
  releaseVer="1.1.1"
  releasever=""
  setRepositoryEnabled={[Function]}
  store={
    Object {
      "clearActions": [Function],
      "dispatch": [Function],
      "getActions": [Function],
      "getState": [Function],
      "replaceReducer": [Function],
      "subscribe": [Function],
    }
  }
  type="foo"
/>
`;
