// Jest Snapshot v1, https://goo.gl/fbAQLP

exports[`Task selectors selects if not polling a task 1`] = `false`;

exports[`Task selectors selects if not polling tasks 1`] = `false`;

exports[`Task selectors selects if polling a task 1`] = `true`;

exports[`Task selectors selects if polling tasks 1`] = `true`;
