// Jest Snapshot v1, https://goo.gl/fbAQLP

exports[`subscription detail product page renders correctly 1`] = `
<div>
  <h2>
    Provided Products
  </h2>
  <ul>
    <li>
      Red Hat OpenShift Container Platform
    </li>
    <li>
      Oracle Java for RHEL Server
    </li>
    <li>
      Red Hat OpenShift Enterprise JBoss EAP add-on
    </li>
    <li>
      Red Hat CloudForms Beta
    </li>
    <li>
      Red Hat CloudForms
    </li>
    <li>
      Red Hat OpenShift Enterprise Client Tools
    </li>
    <li>
      Red Hat Enterprise Linux Atomic Host
    </li>
    <li>
      JBoss Enterprise Application Platform
    </li>
    <li>
      Red Hat JBoss AMQ Clients
    </li>
    <li>
      Red Hat Beta
    </li>
    <li>
      Red Hat OpenShift Enterprise Infrastructure
    </li>
    <li>
      Red Hat Enterprise Linux Fast Datapath Beta
    </li>
    <li>
      Red Hat Ansible Engine
    </li>
    <li>
      Red Hat OpenShift Enterprise Application Node
    </li>
    <li>
      Red Hat OpenShift Enterprise JBoss FUSE add-on
    </li>
    <li>
      Red Hat Software Collections Beta for RHEL Server
    </li>
    <li>
      Red Hat Software Collections for RHEL Server
    </li>
    <li>
      Red Hat Enterprise Linux Fast Datapath
    </li>
    <li>
      Red Hat Enterprise Linux Server
    </li>
    <li>
      Red Hat OpenShift Enterprise JBoss A-MQ add-on
    </li>
    <li>
      JBoss Enterprise Web Server
    </li>
    <li>
      Red Hat JBoss Core Services
    </li>
  </ul>
</div>
`;
