// Jest Snapshot v1, https://goo.gl/fbAQLP

exports[`subscription detail enabled product component renders correctly 1`] = `
<div
  className="row"
>
  <div
    className="col-sm-12"
  >
    <div
      className="row"
    >
      <u>
        Red Hat Enterprise Linux 7 Server (RPMs)
      </u>
    </div>
  </div>
  <div
    className="col-sm-3"
  >
    <div
      className="row"
    >
      Content Download URL
    </div>
    <div
      className="row"
    >
      GPG Key URL
    </div>
    <div
      className="row"
    >
      Repo Type
    </div>
    <div
      className="row"
    >
      Enabled?
    </div>
  </div>
  <div
    className="col-sm-9"
  >
    <div
      className="row"
    >
      /content/dist/rhel/server/7/$releasever/$basearch/os
    </div>
    <div
      className="row"
    >
      file:///etc/pki/rpm-gpg/RPM-GPG-KEY-redhat-release
    </div>
    <div
      className="row"
    >
      yum
    </div>
    <div
      className="row"
    >
      no
    </div>
  </div>
</div>
`;
