// Jest Snapshot v1, https://goo.gl/fbAQLP

exports[`Content Table should render and contain appropriate components 1`] = `
<LoadingState
  loading={false}
  loadingText="Loading"
  timeout={300}
>
  <Table
    columns={Array []}
    emptyState={
      Object {
        "header": "No Content found",
      }
    }
    itemCount={2}
    onPaginationChange={[Function]}
    ouiaId="content-table-table"
    pagination={Object {}}
    rows={
      Array [
        Object {
          "dummy_content_id": 1,
          "dummy_content_name": "dummy_name_1",
        },
        Object {
          "dummy_content_id": 2,
          "dummy_content_name": "dummy_name_2",
        },
      ]
    }
  />
</LoadingState>
`;
