// Jest Snapshot v1, https://goo.gl/fbAQLP

exports[`Content page should render and contain appropriate components 1`] = `
<Grid
  bsClass="container-fluid"
  componentClass="div"
  fluid={false}
>
  <Row
    bsClass="row"
    componentClass="div"
  >
    <Col
      bsClass="col"
      componentClass="div"
      sm={12}
    >
      <h1>
        Content Header
      </h1>
    </Col>
  </Row>
  <Row
    bsClass="row"
    componentClass="div"
  >
    <Col
      bsClass="col"
      componentClass="div"
      sm={6}
    >
      <Form
        bsClass="form"
        className="toolbar-pf-actions"
        componentClass="form"
        horizontal={false}
        inline={false}
      >
        <FormGroup
          bsClass="form-group"
          className="toolbar-pf toolbar-pf-filter"
        >
          <SearchBar
            data={
              Object {
                "autocomplete": Object {
                  "apiParams": Object {},
                  "id": "searchBar-content-page-Content Header",
                  "searchQuery": "",
                  "url": "undefined/auto_complete_search",
                  "useKeyShortcuts": true,
                },
                "bookmarks": Object {
                  "canCreate": true,
                  "documentationUrl": "/links/manual/4.1.5Searching",
                  "id": "searchBar-content-page-Content Header",
                  "url": "/api/bookmarks",
                },
                "controller": undefined,
              }
            }
            initialInputValue=""
            initialQuery=""
            name={null}
            onSearch={[Function]}
            onSearchChange={[Function]}
          />
        </FormGroup>
      </Form>
    </Col>
  </Row>
  <Row
    bsClass="row"
    componentClass="div"
  >
    <Col
      bsClass="col"
      componentClass="div"
      sm={12}
    >
      <ContentTable
        content={Object {}}
        onPaginationChange={[Function]}
        tableSchema={Array []}
      />
    </Col>
  </Row>
</Grid>
`;
