// Jest Snapshot v1, https://goo.gl/fbAQLP

exports[`manage manifest modal should render 1`] = `
<ForemanModal
  id="manageManifestModal"
  title="Manage Manifest"
>
  <ForwardRef
    id="manifest-history-tabs"
  >
    <Tab
      eventKey={2}
      title="Manifest History"
    >
      <LoadingState
        loading={false}
        loadingText="Loading"
        timeout={300}
      >
        <Table
          columns={
            Array [
              Object {
                "cell": Object {
                  "formatters": Array [
                    [Function],
                  ],
                },
                "header": Object {
                  "formatters": Array [
                    [Function],
                  ],
                  "label": "Status",
                  "props": Object {
                    "index": 0,
                  },
                },
                "property": "status",
              },
              Object {
                "cell": Object {
                  "formatters": Array [
                    [Function],
                  ],
                },
                "header": Object {
                  "formatters": Array [
                    [Function],
                  ],
                  "label": "Message",
                  "props": Object {
                    "index": 1,
                  },
                },
                "property": "statusMessage",
              },
              Object {
                "cell": Object {
                  "formatters": Array [
                    [Function],
                  ],
                },
                "header": Object {
                  "formatters": Array [
                    [Function],
                  ],
                  "label": "Timestamp",
                  "props": Object {
                    "index": 2,
                  },
                },
                "property": "created",
              },
            ]
          }
          emptyState={
            Object {
              "description": "Import a Manifest using the manifest tab above.",
              "documentation": Object {
                "label": "Learn more about adding Subscription Manifests",
                "url": "http://redhat.com",
              },
              "header": "There is no Manifest History to display.",
            }
          }
          onPaginationChange={[Function]}
          rows={
            Array [
              Object {
                "created": "2018-04-12T18:58:45+0000",
                "status": "SUCCESS",
                "statusMessage": "Default_Organization file imported successfully.",
              },
              Object {
                "created": "2018-04-12T14:28:57+0000",
                "status": "SUCCESS",
                "statusMessage": "Default_Organization file imported successfully.",
              },
              Object {
                "created": "2018-04-11T14:36:43+0000",
                "status": "SUCCESS",
                "statusMessage": "Default_Organization file imported successfully.",
              },
              Object {
                "created": "2018-04-11T04:29:51+0000",
                "status": "SUCCESS",
                "statusMessage": "Default_Organization file imported successfully.",
              },
              Object {
                "created": "2018-04-11T04:26:38+0000",
                "status": "SUCCESS",
                "statusMessage": "Default_Organization file imported successfully.",
              },
              Object {
                "created": "2018-04-11T04:23:05+0000",
                "status": "SUCCESS",
                "statusMessage": "Default_Organization file imported successfully.",
              },
              Object {
                "created": "2018-04-11T04:05:07+0000",
                "status": "SUCCESS",
                "statusMessage": "Default_Organization file imported successfully.",
              },
              Object {
                "created": "2018-04-11T03:29:44+0000",
                "status": "SUCCESS",
                "statusMessage": "Default_Organization file imported successfully.",
              },
              Object {
                "created": "2018-04-10T18:44:38+0000",
                "status": "SUCCESS",
                "statusMessage": "Default_Organization file imported successfully.",
              },
              Object {
                "created": "2018-04-10T18:40:17+0000",
                "status": "SUCCESS",
                "statusMessage": "Default_Organization file imported successfully.",
              },
            ]
          }
        />
      </LoadingState>
    </Tab>
  </ForwardRef>
  <mockConstructor>
    <Button
      active={false}
      block={false}
      bsClass="btn"
      bsStyle="primary"
      disabled={false}
      onClick={[Function]}
    >
      Close
    </Button>
  </mockConstructor>
</ForemanModal>
`;
