// Jest Snapshot v1, https://goo.gl/fbAQLP

exports[`RedHatRepositories page should render <PermissionDenied /> when permissions are missing 1`] = `
<PermissionDenied
  missingPermissions={
    Array [
      "view_organizations",
    ]
  }
  primaryButton={null}
/>
`;

exports[`RedHatRepositories page should render 1`] = `
<Grid
  bsClass="container-fluid"
  componentClass="div"
  fluid={false}
  id="redhatRepositoriesPage"
>
  <h1>
    Red Hat Repositories
  </h1>
  <Row
    bsClass="row"
    className="toolbar-pf"
    componentClass="div"
  >
    <Col
      bsClass="col"
      componentClass="div"
      sm={12}
    >
      <Connect(SearchBar) />
    </Col>
  </Row>
  <Row
    bsClass="row"
    className="row-eq-height"
    componentClass="div"
  >
    <Col
      bsClass="col"
      className="available-repositories-container"
      componentClass="div"
      sm={6}
    >
      <div
        className="available-repositories-header"
      >
        <h2>
          Available Repositories
        </h2>
        <RecommendedRepositorySetsToggler
          className="recommended-repositories-toggler"
          enabled={false}
          help="This shows repositories that are used in a typical setup."
          onChange={[Function]}
        >
          Recommended Repositories
        </RecommendedRepositorySetsToggler>
      </div>
      <LoadingState
        loading={false}
        loadingText="Loading"
        timeout={300}
      >
        <p
          dangerouslySetInnerHTML={
            Object {
              "__html": "No Red Hat products currently exist, please import a manifest <a href=\\"/subscriptions/\\"> here </a> to receive Red Hat content. No repository sets available.",
            }
          }
        />
      </LoadingState>
    </Col>
    <Col
      bsClass="col"
      className="enabled-repositories-container"
      componentClass="div"
      sm={6}
    >
      <h2>
        Enabled Repositories
        <FieldLevelHelp
          buttonClass=""
          content="Only repositories not published in a content view can be disabled. Published repositories must be deleted from the repository details page."
          placement="top"
          rootClose={true}
        />
        <Button
          active={false}
          block={false}
          bsClass="btn"
          bsStyle="default"
          className="pull-right"
          disabled={false}
          onClick={[Function]}
          ouiaId="export-csv-button"
        >
          Export as CSV
        </Button>
      </h2>
      <LoadingState
        loading={false}
        loadingText="Loading"
        timeout={300}
      >
        <ListView
          className=""
        >
          <div
            className="sticky-pagination sticky-pagination-grey"
          >
            <Pagination
              className={null}
              isCompact={true}
              itemCount={0}
              noSidePadding={false}
              onChange={[Function]}
              onPerPageSelect={null}
              onSetPage={null}
              page={1}
              perPage={null}
              updateParamsByUrl={false}
              variant="bottom"
            />
          </div>
        </ListView>
      </LoadingState>
    </Col>
  </Row>
</Grid>
`;
