// Jest Snapshot v1, https://goo.gl/fbAQLP

exports[`Loading State renders properly while loading 1`] = `
<div
  class="loading-state"
>
  <div
    class="spinner spinner-lg"
  />
  <p>
    Loading
  </p>
</div>
`;

exports[`Loading State renders properly while not loading 1`] = `
<p>
  Loading Complete
</p>
`;
