// Jest Snapshot v1, https://goo.gl/fbAQLP

exports[`PaginationRow component rendering renders correctly 1`] = `
<Paginator
  className=""
  dropdownButtonId="pagination-row-dropdown"
  itemCount={52}
  messages={
    Object {
      "currentPage": "Current Page",
      "firstPage": "First Page",
      "lastPage": "Last Page",
      "nextPage": "Next Page",
      "of": "of",
      "perPage": "per page",
      "previousPage": "Previous Page",
    }
  }
  onChange={[Function]}
  onPageSet={[Function]}
  onPerPageSelect={[Function]}
  pagination={
    Object {
      "page": 2,
      "perPage": 5,
      "perPageOptions": Array [
        5,
        10,
        25,
      ],
    }
  }
  viewType="list"
/>
`;
