// Jest Snapshot v1, https://goo.gl/fbAQLP

exports[`subscriptions page should render select org page 1`] = `
<CheckOrg>
  <Header
    title="Select Organization"
  >
    <HelmetWrapper
      defer={true}
      encodeSpecialCharacters={true}
    >
      <SideEffect(NullComponent)
        defer={true}
        encodeSpecialCharacters={true}
        title="Select Organization"
        titleAttributes={Object {}}
      >
        <NullComponent
          defer={true}
          encodeSpecialCharacters={true}
          title="Select Organization"
          titleAttributes={Object {}}
        />
      </SideEffect(NullComponent)>
    </HelmetWrapper>
  </Header>
  <Connect(withRouter(SetOrganization))
    redirectPath="/test"
  />
</CheckOrg>
`;

exports[`subscriptions page should render the wrapped component 1`] = `
<CheckOrg>
  <WrappedComponent>
    <div>
       Wrapped! 
    </div>
  </WrappedComponent>
</CheckOrg>
`;
