// Jest Snapshot v1, https://goo.gl/fbAQLP

exports[`Content Details Info should render and contain appropriate components 1`] = `
<Table
  bordered={false}
  bsClass="table"
  condensed={false}
  hover={false}
  ouiaId="content-details-info-table"
  responsive={false}
  striped={false}
>
  <tbody>
    <tr
      key="dummy_name"
    >
      <td>
        <b>
          Name
        </b>
      </td>
      <td>
        dummy name
      </td>
    </tr>
    <tr
      key="dummy_details_field"
    >
      <td>
        <b>
          Details Field
        </b>
      </td>
      <td>
        dummy details
      </td>
    </tr>
  </tbody>
</Table>
`;
