// Jest Snapshot v1, https://goo.gl/fbAQLP

exports[`Module stream detail info component rendering renders with module stream info 1`] = `
<Table
  bordered={false}
  bsClass="table"
  condensed={false}
  hover={false}
  ouiaId="content-details-info-table"
  responsive={false}
  striped={false}
>
  <tbody>
    <tr
      key="name"
    >
      <td>
        <b>
          Name
        </b>
      </td>
      <td>
        avocado
      </td>
    </tr>
    <tr
      key="summary"
    >
      <td>
        <b>
          Summary
        </b>
      </td>
      <td>
        Framework with tools and libraries for Automated Testing
      </td>
    </tr>
    <tr
      key="description"
    >
      <td>
        <b>
          Description
        </b>
      </td>
      <td>
        Avocado is a set of tools and libraries (what people call these days a framework) to perform automated testing.
      </td>
    </tr>
    <tr
      key="stream"
    >
      <td>
        <b>
          Stream
        </b>
      </td>
      <td>
        latest
      </td>
    </tr>
    <tr
      key="version"
    >
      <td>
        <b>
          Version
        </b>
      </td>
      <td>
        20180816135607
      </td>
    </tr>
    <tr
      key="arch"
    >
      <td>
        <b>
          Arch
        </b>
      </td>
      <td>
        x86_64
      </td>
    </tr>
    <tr
      key="context"
    >
      <td>
        <b>
          Context
        </b>
      </td>
      <td>
        a5b0195c
      </td>
    </tr>
    <tr
      key="uuid"
    >
      <td>
        <b>
          UUID
        </b>
      </td>
      <td>
        8ae7f190-0a48-41a2-93e0-7bc3e4734355
      </td>
    </tr>
  </tbody>
</Table>
`;
