// Jest Snapshot v1, https://goo.gl/fbAQLP

exports[`Module stream detail artifacts component rendering renders with artifacts 1`] = `
<div>
  <ul>
    <li
      key="208"
    >
      python3-avocado-plugins-varianter-yaml-to-mux-0:63.0-2.module_2037+1b0ad681.noarch
    </li>
    <li
      key="207"
    >
      python3-avocado-plugins-varianter-pict-0:63.0-2.module_2037+1b0ad681.noarch
    </li>
  </ul>
</div>
`;
